--------- beginning of main
--------- beginning of system
02-20 19:37:20.286 E/mcu_services( 5519): MCU2APP : [ff fe fd 03 01 29 6f 47 ff ]
02-20 19:37:22.275 E/mcu_services( 5519): MCU2APP : [ff fe fd 03 01 29 6f 47 ff ]
02-20 19:37:23.761 E/mcu_services( 5519): RPC_RequestMcuInfoChangedListener - packageName: com.android.fmradio.ext
02-20 19:37:23.761 E/mcu_services( 5519): getReceiver - start - mReceivers.size: 3
02-20 19:37:23.761 E/mcu_services( 5519): create Receiver obj - mUid: 1000 - mPid: 9603 - mPackageName: com.android.fmradio.ext - mListener: android.qf.mcu.IMcuListener$Stub$Proxy@2c9d5c0 - mKey: android.os.BinderProxy@5103b43
02-20 19:37:23.761 E/mcu_services( 5519): Receiver - create obj: com.qf.framework.mcu.McuManagerService$Receiver@5103b43
02-20 19:37:23.762 E/mcu_services( 5519): getReceiver - end - mReceivers.size: 4
02-20 19:37:23.763 D/TunerManagerForExt( 9603): FMRadio main (TunerManagerForExt.java:367) onRadioArea: radioArea: 1
02-20 19:37:23.764 E/mcu_services( 5519): APP2MCU - writeToUartNormal : [ff fd fe 05 01 a0 0a 01 00 aa ff ]
02-20 19:37:23.775 E/mcu_services( 5519): APP2MCU - writeToUartNormal : [ff fd fe 30 01 a1 00 22 38 24 72 22 2e 00 00 00 23 aa 23 32 26 52 29 72 2a 26 22 56 00 00 00 00 00 00 00 00 00 00 00 00 00 00 00 00 00 00 00 00 00 00 00 00 2f ff ]
02-20 19:37:23.778 E/mcu_services( 5519): MCU2APP : [ff fe fd 0c 01 b2 22 2e 2a 30 02 0a 06 54 05 09 f3 ff ]
02-20 19:37:23.779 E/mcu_services( 5519): sendAckSuccess : [ff fd fe 02 02 b2 b0 ff ]
02-20 19:37:23.779 E/mcu_services( 5519): APP2MCU - writeToUart: [ff fd fe 02 02 b2 b0 ff ]
02-20 19:37:23.779 E/mcu_services( 5519): APP2MCU - writeToUartNormal : [ff fd fe 30 01 a1 08 04 f5 02 0a 00 00 00 01 00 02 0a 02 5b 03 e7 05 7c 06 54 02 0a 02 0a 02 5b 03 e7 05 7c 06 54 02 0a 00 00 00 00 00 00 00 00 00 00 00 00 50 ff ]
02-20 19:37:23.786 E/mcu_services( 5519): MCU2APP : [ff fe fd 03 02 a1 00 a3 ff ]
02-20 19:37:23.793 D/TunerManagerForExt( 9603): FMRadio main (TunerManagerForExt.java:367) onRadioArea: radioArea: 1
02-20 19:37:23.793 E/mcu_services( 5519): APP2MCU - writeToUartNormal : [ff fd fe 05 01 a0 0a 01 00 aa ff ]
02-20 19:37:23.796 E/mcu_services( 5519): MCU2APP : [ff fe fd 03 02 a1 08 ab ff ]
02-20 19:37:23.805 D/TunerPresenter( 9603): handleTunerRawData: b2 22 2e 2a 30 2 a 6 54 5 9 
02-20 19:37:23.806 D/FmService( 9603): FMRadio main (FmService.java:777) onCreate: ---->>onCreate() 
02-20 19:37:23.808 D/FmService( 9603): FMRadio main (FmService.java:842) onStartCommand: ---->>onStartCommand() action: fmradio.enter
02-20 19:37:23.809 D/FmService( 9603): FMRadio main (FmService.java:225) setForceUse: --->>setForceUseSpeaker() isSpeaker: false
02-20 19:37:23.868 E/mcu_services( 5519): MCU2APP : [ff fe fd 12 01 b1 00 00 22 38 23 aa 23 32 26 52 29 72 2a 26 22 56 65 ff ]
02-20 19:37:23.877 D/FmService( 9603): FMRadio main (FmService.java:303) powerUpAsync: ---->>powerUpAsync() frequency: 87.6
02-20 19:37:23.878 D/FmService( 9603): FMRadio main (FmService.java:1049) requestAudioFocus: ---->>requestAudioFocus() mIsAudioFocusHeld: false
02-20 19:37:23.878 D/FmService( 9603): FMRadio FmRadioServiceThread (FmService.java:1711) handlePowerUp: ----->>handlePowerUp() 
02-20 19:37:23.878 D/FmService( 9603): FMRadio FmRadioServiceThread (FmService.java:317) powerUp: ---->>powerUp() frequency: 87.6 mPowerStatus: 2
02-20 19:37:23.878 D/FmService( 9603): FMRadio FmRadioServiceThread (FmService.java:612) setMute: --->>setMute() mute: true
02-20 19:37:23.878 D/FmService( 9603): FMRadio FmRadioServiceThread (FmService.java:1813) setVolume: setVolume(0), new volume=0, max_fm_volume=9, mIsDeviceOpen=true
02-20 19:37:23.878 D/FmService( 9603): FMRadio FmRadioServiceThread (FmService.java:1766) firstPlaying: ---->>firstPlaying()  firstPlaying: 87.6
02-20 19:37:23.879 D/TunerManagerForExt( 9603): FMRadio FmRadioServiceThread (TunerManagerForExt.java:385) onTune: mBand: 0 - freq: 8760
02-20 19:37:23.879 E/mcu_services( 5519): APP2MCU - writeToUartNormal : [ff fd fe 05 01 a0 00 22 38 bb ff ]
02-20 19:37:23.880 D/FmService( 9603): FMRadio FmRadioServiceThread (FmService.java:344) playFrequency: ---->>playFrequency() frequency: 87.6
02-20 19:37:23.880 D/FmService( 9603): FMRadio FmRadioServiceThread (FmService.java:901) enableFmAudio: --->>enableFmAudio() enable: true mAudioPatch: null
02-20 19:37:23.880 D/FmService( 9603): FMRadio FmRadioServiceThread (FmService.java:904) enableFmAudio: enableFmAudio, current not available return.mIsAudioFocusHeld:false
02-20 19:37:23.880 D/FmService( 9603): FMRadio FmRadioServiceThread (FmService.java:612) setMute: --->>setMute() mute: false
02-20 19:37:23.881 D/FmService( 9603): FMRadio FmRadioServiceThread (FmService.java:617) setMute: ---->>setMute()  volume: 9
02-20 19:37:23.881 D/FmService( 9603): FMRadio FmRadioServiceThread (FmService.java:1813) setVolume: setVolume(9), new volume=9, max_fm_volume=9, mIsDeviceOpen=true
02-20 19:37:23.886 E/McuManager( 4141): call RPC_SetChannel(2) from 4141
02-20 19:37:23.887 E/mcu_services( 5519): RPC_SetChannel - mode: 2 fromWhatpid=4141
02-20 19:37:23.887 E/mcu_services( 5519): audio channel change to MPU, current_audio_source=nothing
02-20 19:37:23.887 E/mcu_services( 5519): setVolType - oldVolType: media_type - newVolType: radio_type - mode: 2 isCallStart=false
02-20 19:37:23.888 E/mcu_services( 5519): RPC_SetChannel - type: radio_type - volume: 6
02-20 19:37:23.888 E/mcu_services( 5519): APP2MCU - writeToUartNormal : [ff fd fe 04 01 84 02 06 81 ff ]
02-20 19:37:23.891 D/FmService( 9603): FMRadio main (FmService.java:1067) requestAudioFocus: ---->>requestAudioFocus() audioFocus: 1
02-20 19:37:23.891 D/FmService( 9603): FMRadio main (FmService.java:1015) headSetActive: ---->>onMediaButtonEvent()
02-20 19:37:23.894 D/FmService( 9603): FMRadio main (FmService.java:978) headSetImplApi23: ---->>onMediaButtonEvent()  headSetImplApi23 - mMediaSession: android.media.session.MediaSession@16013b1
02-20 19:37:23.895 D/FmService( 9603): FMRadio main (FmService.java:971) setMediaButtonListener: headsetListen: com.android.fmradio.FmMainActivity$6@81ea417
02-20 19:37:23.898 D/TunerPresenter( 9603): handleTunerRawData: b1 0 0 22 38 23 aa 23 32 26 52 29 72 2a 26 22 56 
02-20 19:37:23.899 D/TunerManagerForExt( 9603): FMRadio main (TunerManagerForExt.java:147) onTunerPresetListChanged:  - mBand: 0 - mPresetIndex: 0 - mFrequency: 8760 - index: 0 - preset: 9130 - index: 1 - preset: 9010 - index: 2 - preset: 9810 - index: 3 - preset: 10610 - index: 4 - preset: 10790 - index: 5 - preset: 8790
02-20 19:37:23.910 E/mcu_services( 5519): APP2MCU - writeToUart: [ff fd fe 07 01 40 2e c4 01 05 35 9a ff ]
02-20 19:37:24.061 E/mcu_services( 5519): APP2MCU - writeToUart: [ff fd fe 08 01 40 2e c0 02 01 01 3b 96 ff ]
02-20 19:37:24.423 E/mcu_services( 5519): APP2MCU - writeToUart: [ff fd fe 0a 01 40 2e c2 04 01 38 22 00 de 6c ff ]
02-20 19:37:24.558 E/mcu_services( 5519): MCU2APP : [ff fe fd 12 01 b1 00 00 22 38 23 aa 23 32 26 52 29 72 2a 26 22 56 65 ff ]
02-20 19:37:24.559 E/mcu_services( 5519): MCU2APP : [ff fe fd 03 01 b0 40 f1 ff ]
02-20 19:37:24.559 E/mcu_services( 5519): MCU2APP : [ff fe fd 03 01 b3 0c be ff ]
02-20 19:37:24.559 E/mcu_services( 5519): MCU2APP : [ff fe fd 03 02 84 02 84 ff ]
02-20 19:37:24.559 E/mcu_services( 5519): sendAckSuccess : [ff fd fe 02 02 b3 b1 ff ]
02-20 19:37:24.559 E/mcu_services( 5519): APP2MCU - writeToUart: [ff fd fe 02 02 b3 b1 ff ]
02-20 19:37:24.560 D/TunerPresenter( 9603): handleTunerRawData: b1 0 0 22 38 23 aa 23 32 26 52 29 72 2a 26 22 56 
02-20 19:37:24.560 D/TunerManagerForExt( 9603): FMRadio main (TunerManagerForExt.java:147) onTunerPresetListChanged:  - mBand: 0 - mPresetIndex: 0 - mFrequency: 8760 - index: 0 - preset: 9130 - index: 1 - preset: 9010 - index: 2 - preset: 9810 - index: 3 - preset: 10610 - index: 4 - preset: 10790 - index: 5 - preset: 8790
02-20 19:37:24.568 D/TunerPresenter( 9603): handleTunerRawData: b0 40 
02-20 19:37:24.568 D/TunerManagerForExt( 9603): FMRadio main (TunerManagerForExt.java:108) onTunerInfoChanged: onTunerInfoChanged - flag: 64 - asFlag: 0 - psFlag: 0 - scanFlag: 0 - seekFlag: 0 - mStFlag: 0 - mLocFlag: 0 - mIsSearching: false - mTempSearching: false
02-20 19:37:24.568 D/TunerManagerForExt( 9603): FMRadio main (TunerManagerForExt.java:118) onTunerInfoChanged: mIsSearching: false - mTempSearching: false - asFlag: 0 - seekFlag: 0
02-20 19:37:24.570 D/TunerPresenter( 9603): handleTunerRawData: b3 c 
02-20 19:37:24.579 D/TunerManagerForExt( 9603): FMRadio main (TunerManagerForExt.java:174) onTuneRdsInfo: onTuneRdsInfo - flag: 12 - mRdsAFSwitch: 0 - mRdsTASwitch: 0
02-20 19:37:24.748 E/mcu_services( 5519): MCU2APP : [ff fe fd 12 01 b1 00 00 22 38 23 aa 23 32 26 52 29 72 2a 26 22 56 65 ff ]
02-20 19:37:24.749 E/mcu_services( 5519): MCU2APP : [ff fe fd 03 01 b0 40 f1 ff ]
02-20 19:37:24.749 E/mcu_services( 5519): MCU2APP : [ff fe fd 03 01 b3 0c be ff ]
02-20 19:37:24.749 E/mcu_services( 5519): sendAckSuccess : [ff fd fe 02 02 b3 b1 ff ]
02-20 19:37:24.749 E/mcu_services( 5519): APP2MCU - writeToUart: [ff fd fe 02 02 b3 b1 ff ]
02-20 19:37:24.750 D/TunerPresenter( 9603): handleTunerRawData: b1 0 0 22 38 23 aa 23 32 26 52 29 72 2a 26 22 56 
02-20 19:37:24.750 D/TunerManagerForExt( 9603): FMRadio main (TunerManagerForExt.java:147) onTunerPresetListChanged:  - mBand: 0 - mPresetIndex: 0 - mFrequency: 8760 - index: 0 - preset: 9130 - index: 1 - preset: 9010 - index: 2 - preset: 9810 - index: 3 - preset: 10610 - index: 4 - preset: 10790 - index: 5 - preset: 8790
02-20 19:37:24.760 D/TunerPresenter( 9603): handleTunerRawData: b0 40 
02-20 19:37:24.760 D/TunerManagerForExt( 9603): FMRadio main (TunerManagerForExt.java:108) onTunerInfoChanged: onTunerInfoChanged - flag: 64 - asFlag: 0 - psFlag: 0 - scanFlag: 0 - seekFlag: 0 - mStFlag: 0 - mLocFlag: 0 - mIsSearching: false - mTempSearching: false
02-20 19:37:24.760 D/TunerManagerForExt( 9603): FMRadio main (TunerManagerForExt.java:118) onTunerInfoChanged: mIsSearching: false - mTempSearching: false - asFlag: 0 - seekFlag: 0
02-20 19:37:24.760 D/TunerPresenter( 9603): handleTunerRawData: b3 c 
02-20 19:37:24.765 D/TunerManagerForExt( 9603): FMRadio main (TunerManagerForExt.java:174) onTuneRdsInfo: onTuneRdsInfo - flag: 12 - mRdsAFSwitch: 0 - mRdsTASwitch: 0
02-20 19:37:24.912 E/mcu_services( 5519): MCU2APP : [ff fe fd 12 01 b1 00 00 22 38 23 aa 23 32 26 52 29 72 2a 26 22 56 65 ff ]
02-20 19:37:24.912 E/mcu_services( 5519): MCU2APP : [ff fe fd 03 01 b0 40 f1 ff ]
02-20 19:37:24.914 D/TunerPresenter( 9603): handleTunerRawData: b1 0 0 22 38 23 aa 23 32 26 52 29 72 2a 26 22 56 
02-20 19:37:24.914 D/TunerManagerForExt( 9603): FMRadio main (TunerManagerForExt.java:147) onTunerPresetListChanged:  - mBand: 0 - mPresetIndex: 0 - mFrequency: 8760 - index: 0 - preset: 9130 - index: 1 - preset: 9010 - index: 2 - preset: 9810 - index: 3 - preset: 10610 - index: 4 - preset: 10790 - index: 5 - preset: 8790
02-20 19:37:24.921 D/TunerPresenter( 9603): handleTunerRawData: b0 40 
02-20 19:37:24.921 D/TunerManagerForExt( 9603): FMRadio main (TunerManagerForExt.java:108) onTunerInfoChanged: onTunerInfoChanged - flag: 64 - asFlag: 0 - psFlag: 0 - scanFlag: 0 - seekFlag: 0 - mStFlag: 0 - mLocFlag: 0 - mIsSearching: false - mTempSearching: false
02-20 19:37:24.921 D/TunerManagerForExt( 9603): FMRadio main (TunerManagerForExt.java:118) onTunerInfoChanged: mIsSearching: false - mTempSearching: false - asFlag: 0 - seekFlag: 0
02-20 19:37:25.208 E/mcu_services( 5519): MCU2APP : [ff fe fd 03 01 29 6f 47 ff ]
02-20 19:37:25.308 E/mcu_services( 5519): MCU2APP : [ff fe fd 03 01 b0 50 e1 ff ]
02-20 19:37:25.310 D/TunerPresenter( 9603): handleTunerRawData: b0 50 
02-20 19:37:25.310 D/TunerManagerForExt( 9603): FMRadio main (TunerManagerForExt.java:108) onTunerInfoChanged: onTunerInfoChanged - flag: 80 - asFlag: 0 - psFlag: 0 - scanFlag: 0 - seekFlag: 0 - mStFlag: 1 - mLocFlag: 0 - mIsSearching: false - mTempSearching: false
02-20 19:37:25.310 D/TunerManagerForExt( 9603): FMRadio main (TunerManagerForExt.java:118) onTunerInfoChanged: mIsSearching: false - mTempSearching: false - asFlag: 0 - seekFlag: 0
02-20 19:37:25.449 E/mcu_services( 5519): APP2MCU - writeToUart: [ff fd fe 0a 01 40 2e c2 04 01 38 22 00 de 6c ff ]
02-20 19:37:25.559 E/mcu_services( 5519): MCU2APP : [ff fe fd 03 01 b4 05 b0 ff ]
02-20 19:37:25.560 E/mcu_services( 5519): MCU2APP : [ff fe fd 04 01 b5 00 0b bf ff ]
02-20 19:37:25.560 E/mcu_services( 5519): sendAckSuccess : [ff fd fe 02 02 b4 b6 ff ]
02-20 19:37:25.560 E/mcu_services( 5519): APP2MCU - writeToUart: [ff fd fe 02 02 b4 b6 ff ]
02-20 19:37:25.560 E/mcu_services( 5519): sendAckSuccess : [ff fd fe 02 02 b5 b7 ff ]
02-20 19:37:25.560 E/mcu_services( 5519): APP2MCU - writeToUart: [ff fd fe 02 02 b5 b7 ff ]
02-20 19:37:25.561 D/TunerPresenter( 9603): handleTunerRawData: b4 5 
02-20 19:37:25.561 D/TunerManagerForExt( 9603): FMRadio main (TunerManagerForExt.java:195) onTuneRdsIndicateInfo: onTuneRdsIndicateInfo - flag: 5 - mRdsSwitch: 1
02-20 19:37:25.562 D/TunerPresenter( 9603): handleTunerRawData: b5 0 b 
02-20 19:37:25.563 D/TunerManagerForExt( 9603): FMRadio main (TunerManagerForExt.java:220) onTuneRdsPtyTypeInfo: onTuneRdsPtyTypeInfo - mRdsPtyType: 0
02-20 19:37:27.198 E/mcu_services( 5519): MCU2APP : [ff fe fd 03 01 29 6f 47 ff ]
02-20 19:37:28.253 D/FmService( 9603): FMRadio main (FmService.java:1049) requestAudioFocus: ---->>requestAudioFocus() mIsAudioFocusHeld: true
02-20 19:37:28.254 E/mcu_services( 5519): APP2MCU - writeToUartNormal : [ff fd fe 05 01 a0 07 00 00 a6 ff ]
02-20 19:37:28.291 E/mcu_services( 5519): MCU2APP : [ff fe fd 03 01 b0 70 c1 ff ]
02-20 19:37:28.293 D/TunerPresenter( 9603): handleTunerRawData: b0 70 
02-20 19:37:28.294 D/TunerManagerForExt( 9603): FMRadio main (TunerManagerForExt.java:108) onTunerInfoChanged: onTunerInfoChanged - flag: 112 - asFlag: 0 - psFlag: 0 - scanFlag: 0 - seekFlag: 0 - mStFlag: 1 - mLocFlag: 1 - mIsSearching: false - mTempSearching: false
02-20 19:37:28.294 D/TunerManagerForExt( 9603): FMRadio main (TunerManagerForExt.java:118) onTunerInfoChanged: mIsSearching: false - mTempSearching: false - asFlag: 0 - seekFlag: 0
02-20 19:37:29.187 E/mcu_services( 5519): MCU2APP : [ff fe fd 03 01 29 6f 47 ff ]
02-20 19:37:30.546 D/FmService( 9603): FMRadio main (FmService.java:1049) requestAudioFocus: ---->>requestAudioFocus() mIsAudioFocusHeld: true
02-20 19:37:30.547 E/mcu_services( 5519): APP2MCU - writeToUartNormal : [ff fd fe 05 01 a0 07 01 00 a7 ff ]
02-20 19:37:30.579 E/mcu_services( 5519): MCU2APP : [ff fe fd 03 01 b0 50 e1 ff ]
02-20 19:37:30.581 D/TunerPresenter( 9603): handleTunerRawData: b0 50 
02-20 19:37:30.582 D/TunerManagerForExt( 9603): FMRadio main (TunerManagerForExt.java:108) onTunerInfoChanged: onTunerInfoChanged - flag: 80 - asFlag: 0 - psFlag: 0 - scanFlag: 0 - seekFlag: 0 - mStFlag: 1 - mLocFlag: 0 - mIsSearching: false - mTempSearching: false
02-20 19:37:30.582 D/TunerManagerForExt( 9603): FMRadio main (TunerManagerForExt.java:118) onTunerInfoChanged: mIsSearching: false - mTempSearching: false - asFlag: 0 - seekFlag: 0
02-20 19:37:31.175 E/mcu_services( 5519): MCU2APP : [ff fe fd 03 01 29 6f 47 ff ]
02-20 19:37:32.365 D/FmService( 9603): FMRadio main (FmService.java:1049) requestAudioFocus: ---->>requestAudioFocus() mIsAudioFocusHeld: true
02-20 19:37:32.366 E/mcu_services( 5519): APP2MCU - writeToUartNormal : [ff fd fe 05 01 a0 07 00 00 a6 ff ]
02-20 19:37:32.468 E/mcu_services( 5519): MCU2APP : [ff fe fd 03 01 b0 70 c1 ff ]
02-20 19:37:32.471 D/TunerPresenter( 9603): handleTunerRawData: b0 70 
02-20 19:37:32.471 D/TunerManagerForExt( 9603): FMRadio main (TunerManagerForExt.java:108) onTunerInfoChanged: onTunerInfoChanged - flag: 112 - asFlag: 0 - psFlag: 0 - scanFlag: 0 - seekFlag: 0 - mStFlag: 1 - mLocFlag: 1 - mIsSearching: false - mTempSearching: false
02-20 19:37:32.472 D/TunerManagerForExt( 9603): FMRadio main (TunerManagerForExt.java:118) onTunerInfoChanged: mIsSearching: false - mTempSearching: false - asFlag: 0 - seekFlag: 0
02-20 19:37:33.164 E/mcu_services( 5519): MCU2APP : [ff fe fd 03 01 29 6f 47 ff ]
02-20 19:37:34.057 D/FmService( 9603): FMRadio main (FmService.java:1049) requestAudioFocus: ---->>requestAudioFocus() mIsAudioFocusHeld: true
02-20 19:37:34.059 E/mcu_services( 5519): APP2MCU - writeToUartNormal : [ff fd fe 05 01 a0 07 01 00 a7 ff ]
02-20 19:37:34.159 E/mcu_services( 5519): MCU2APP : [ff fe fd 03 01 b0 50 e1 ff ]
02-20 19:37:34.161 D/TunerPresenter( 9603): handleTunerRawData: b0 50 
02-20 19:37:34.162 D/TunerManagerForExt( 9603): FMRadio main (TunerManagerForExt.java:108) onTunerInfoChanged: onTunerInfoChanged - flag: 80 - asFlag: 0 - psFlag: 0 - scanFlag: 0 - seekFlag: 0 - mStFlag: 1 - mLocFlag: 0 - mIsSearching: false - mTempSearching: false
02-20 19:37:34.162 D/TunerManagerForExt( 9603): FMRadio main (TunerManagerForExt.java:118) onTunerInfoChanged: mIsSearching: false - mTempSearching: false - asFlag: 0 - seekFlag: 0
02-20 19:37:35.153 E/mcu_services( 5519): MCU2APP : [ff fe fd 03 01 29 6f 47 ff ]
02-20 19:37:35.973 D/FmService( 9603): FMRadio main (FmService.java:364) powerDownAsync: ---->>powerDownAsync()
02-20 19:37:35.973 D/FmService( 9603): FMRadio FmRadioServiceThread (FmService.java:1697) handlePowerDown: --->>handlePowerDown() 
02-20 19:37:35.974 D/FmService( 9603): FMRadio FmRadioServiceThread (FmService.java:382) powerDown: ---->>powerDown()  mPowerStatus: 0
02-20 19:37:35.974 D/FmService( 9603): FMRadio FmRadioServiceThread (FmService.java:612) setMute: --->>setMute() mute: true
02-20 19:37:35.974 D/FmService( 9603): FMRadio FmRadioServiceThread (FmService.java:1813) setVolume: setVolume(0), new volume=0, max_fm_volume=9, mIsDeviceOpen=true
02-20 19:37:35.974 D/FmService( 9603): FMRadio FmRadioServiceThread (FmService.java:901) enableFmAudio: --->>enableFmAudio() enable: false mAudioPatch: null
02-20 19:37:35.975 D/FmService( 9603): FMRadio FmRadioServiceThread (FmService.java:243) stopRender: ---->>stopRender()
02-20 19:37:35.986 D/FmService( 9603): FMRadio main (FmService.java:842) onStartCommand: ---->>onStartCommand() action: fmradio.exit
02-20 19:37:35.986 D/FmService( 9603): FMRadio main (FmService.java:602) setMute: setMute, FM is not powered up
02-20 19:37:35.988 D/FmService( 9603): FMRadio main (FmService.java:1082) abandonAudioFocus: ---->>abandonAudioFocus() 
02-20 19:37:35.992 E/McuManager( 4141): call RPC_SetChannel(4) from 4141
02-20 19:37:35.992 E/mcu_services( 5519): RPC_SetChannel - mode: 4 fromWhatpid=4141
02-20 19:37:35.993 E/mcu_services( 5519): audio channel change to MPU, current_audio_source=nothing
02-20 19:37:35.993 E/mcu_services( 5519): setVolType - oldVolType: radio_type - newVolType: media_type - mode: 4 isCallStart=false
02-20 19:37:35.994 E/mcu_services( 5519): RPC_SetChannel - type: media_type - volume: 12
02-20 19:37:35.994 E/mcu_services( 5519): APP2MCU - writeToUartNormal : [ff fd fe 04 01 84 04 0c 8d ff ]
02-20 19:37:35.996 D/FmService( 9603): FMRadio main (FmService.java:812) exitFm: ---->>exitFm() mIsNativeScanning：false mIsNativeSeeking: false
02-20 19:37:35.996 D/FmService( 9603): FMRadio main (FmService.java:822) exitFm: ---->>exitFm() MSGID_FM_EXIT
02-20 19:37:35.997 D/FmService( 9603): FMRadio FmRadioServiceThread (FmService.java:1503) handleMessage: ---->>handleMessage() MSGID_FM_EXIT
02-20 19:37:35.997 D/FmService( 9603): FMRadio FmRadioServiceThread (FmService.java:382) powerDown: ---->>powerDown()  mPowerStatus: 2
02-20 19:37:35.997 D/FmService( 9603): FMRadio FmRadioServiceThread (FmService.java:275) closeDevice: --11111-->>closeDevice() mIsDeviceOpen: true
02-20 19:37:35.997 D/FmService( 9603): FMRadio FmRadioServiceThread (FmService.java:278) closeDevice: --2222-->>closeDevice() isDeviceClose: true
02-20 19:37:36.008 E/mcu_services( 5519): MCU2APP : [ff fe fd 03 02 84 04 82 ff ]
02-20 19:37:36.030 E/mcu_services( 5519): APP2MCU - writeToUart: [ff fd fe 07 01 40 2e c4 01 0b 2f 8e ff ]
02-20 19:37:36.061 E/mcu_services( 5519): APP2MCU - writeToUart: [ff fd fe 08 01 40 2e c0 02 0c 30 01 90 ff ]
02-20 19:37:37.192 E/mcu_services( 5519): MCU2APP : [ff fe fd 03 01 29 6f 47 ff ]
