Initialized native services in: C:\Users\jaime\.gradle\native
Initialized jansi services in: C:\Users\jaime\.gradle\native
To honour the JVM settings for this build a single-use Daemon process will be forked. For more on this, please refer to https://docs.gradle.org/9.1.0/userguide/gradle_daemon.html#sec:disabling_the_daemon in the Gradle documentation.
Received JVM installation metadata from 'C:\Program Files\Android\Android Studio\jbr': {JAVA_HOME=C:\Program Files\Android\Android Studio\jbr, JAVA_VERSION=21.0.8, JAVA_VENDOR=JetBrains s.r.o., RUNTIME_NAME=OpenJDK Runtime Environment, RUNTIME_VERSION=21.0.8+-14196175-b1038.72, VM_NAME=OpenJDK 64-Bit Server VM, VM_VERSION=21.0.8+-14196175-b1038.72, VM_VENDOR=JetBrains s.r.o., OS_ARCH=amd64}
Starting process 'Gradle build daemon'. Working directory: C:\Users\jaime\.gradle\daemon\9.1.0 Command: C:\Program Files\Android\Android Studio\jbr\bin\java.exe --add-opens=java.base/java.lang=ALL-UNNAMED --add-opens=java.base/java.lang.invoke=ALL-UNNAMED --add-opens=java.base/java.util=ALL-UNNAMED --add-opens=java.prefs/java.util.prefs=ALL-UNNAMED --add-exports=jdk.compiler/com.sun.tools.javac.api=ALL-UNNAMED --add-exports=jdk.compiler/com.sun.tools.javac.util=ALL-UNNAMED --add-opens=java.base/java.util=ALL-UNNAMED --add-opens=java.prefs/java.util.prefs=ALL-UNNAMED --add-opens=java.base/java.nio.charset=ALL-UNNAMED --add-opens=java.base/java.net=ALL-UNNAMED --add-opens=java.base/java.util.concurrent=ALL-UNNAMED --add-opens=java.base/java.util.concurrent.atomic=ALL-UNNAMED --add-opens=java.xml/javax.xml.namespace=ALL-UNNAMED --add-opens=java.base/java.time=ALL-UNNAMED -Xmx2048m -Dfile.encoding=UTF-8 -Duser.country=ES -Duser.language=es -Duser.variant -cp C:\Users\jaime\.gradle\wrapper\dists\gradle-9.1.0-bin\9agqghryom9wkf8r80qlhnts3\gradle-9.1.0\lib\gradle-daemon-main-9.1.0.jar -javaagent:C:\Users\jaime\.gradle\wrapper\dists\gradle-9.1.0-bin\9agqghryom9wkf8r80qlhnts3\gradle-9.1.0\lib\agents\gradle-instrumentation-agent-9.1.0.jar org.gradle.launcher.daemon.bootstrap.GradleDaemon 9.1.0
Successfully started process 'Gradle build daemon'
An attempt to start the daemon took 3.683 secs.
The client will now receive all logging from the daemon (pid: 31964). The daemon log file: C:\Users\jaime\.gradle\daemon\9.1.0\daemon-31964.out.log
Daemon will be stopped at the end of the build 
Using 12 worker leases.
Received JVM installation metadata from 'C:\Program Files\Android\Android Studio\jbr': {JAVA_HOME=C:\Program Files\Android\Android Studio\jbr, JAVA_VERSION=21.0.8, JAVA_VENDOR=JetBrains s.r.o., RUNTIME_NAME=OpenJDK Runtime Environment, RUNTIME_VERSION=21.0.8+-14196175-b1038.72, VM_NAME=OpenJDK 64-Bit Server VM, VM_VERSION=21.0.8+-14196175-b1038.72, VM_VENDOR=JetBrains s.r.o., OS_ARCH=amd64}
Watching the file system is configured to be enabled if available
Now considering [D:\@MIS PROYECTOS\OpenRadioFM] as hierarchies to watch
File system watching is active
Starting Build
Settings evaluated using settings file 'D:\@MIS PROYECTOS\OpenRadioFM\settings.gradle.kts'.
Projects loaded. Root project using build file 'D:\@MIS PROYECTOS\OpenRadioFM\build.gradle.kts'.
Included projects: [root project 'RadioPoC', project ':app']

> Configure project :
Evaluating root project 'RadioPoC' using build file 'D:\@MIS PROYECTOS\OpenRadioFM\build.gradle.kts'.
Resolved plugin [id: 'com.android.application', version: '9.0.0', apply: false]
Resolved plugin [id: 'org.jetbrains.kotlin.android', version: '2.2.10', apply: false]
Resolved plugin [id: 'org.jetbrains.kotlin.plugin.compose', version: '2.2.10', apply: false]

> Configure project :app
Evaluating project ':app' using build file 'D:\@MIS PROYECTOS\OpenRadioFM\app\build.gradle.kts'.
Resolved plugin [id: 'com.android.application', version: '9.0.0']
Resolved plugin [id: 'org.jetbrains.kotlin.android', version: '2.2.10']
Resolved plugin [id: 'org.jetbrains.kotlin.plugin.compose', version: '2.2.10']
WARNING: The option setting 'android.usesSdkInManifest.disallowed=false' is deprecated.
The current default is 'true'.
It will be removed in version 10.0 of the Android Gradle plugin.
WARNING: The option setting 'android.sdk.defaultTargetSdkToCompileSdkIfUnset=false' is deprecated.
The current default is 'true'.
It will be removed in version 10.0 of the Android Gradle plugin.
WARNING: The option setting 'android.enableAppCompileTimeRClass=false' is deprecated.
The current default is 'true'.
It will be removed in version 10.0 of the Android Gradle plugin.
WARNING: The option setting 'android.builtInKotlin=false' is deprecated.
The current default is 'true'.
It will be removed in version 10.0 of the Android Gradle plugin.
WARNING: The option setting 'android.newDsl=false' is deprecated.
The current default is 'true'.
It will be removed in version 10.0 of the Android Gradle plugin.
WARNING: The option setting 'android.r8.optimizedResourceShrinking=false' is deprecated.
The current default is 'true'.
It will be removed in version 10.0 of the Android Gradle plugin.
WARNING: The option setting 'android.defaults.buildfeatures.resvalues=true' is deprecated.
The current default is 'false'.
It will be removed in version 10.0 of the Android Gradle plugin.
Using default execution profile
Build 3a0d23c7-b64d-45ac-8655-53e9a2e8f987 is started
Using Kotlin Gradle Plugin gradle813 variant
WARNING: The property android.dependency.excludeLibraryComponentsFromConstraints improves project import performance for very large projects. It should be enabled to improve performance.
To suppress this warning, add android.generateSyncIssueWhenLibraryConstraintsAreEnabled=false to gradle.properties
WARNING: The property android.dependency.excludeLibraryComponentsFromConstraints improves project import performance for very large projects. It should be enabled to improve performance.
To suppress this warning, add android.generateSyncIssueWhenLibraryConstraintsAreEnabled=false to gradle.properties
WARNING: The property android.dependency.excludeLibraryComponentsFromConstraints improves project import performance for very large projects. It should be enabled to improve performance.
To suppress this warning, add android.generateSyncIssueWhenLibraryConstraintsAreEnabled=false to gradle.properties
WARNING: The property android.dependency.excludeLibraryComponentsFromConstraints improves project import performance for very large projects. It should be enabled to improve performance.
To suppress this warning, add android.generateSyncIssueWhenLibraryConstraintsAreEnabled=false to gradle.properties
Detected Android Gradle Plugin compose compiler configuration
Detected Android Gradle Plugin compose compiler configuration
Detected Android Gradle Plugin compose compiler configuration
Detected Android Gradle Plugin compose compiler configuration
All projects evaluated.
Task name matched 'assembleDebug'
Selected primary task 'assembleDebug' from project :
Adding -Xuse-inline-scopes-numbers Kotlin compiler flag for task :app:compileDebugKotlin
Tasks to be executed: [task ':app:preBuild', task ':app:preDebugBuild', task ':app:mergeDebugNativeDebugMetadata', task ':app:compileDebugAidl', task ':app:checkKotlinGradlePluginConfigurationErrors', task ':app:checkDebugAarMetadata', task ':app:processDebugNavigationResources', task ':app:compileDebugNavigationResources', task ':app:generateDebugResValues', task ':app:mapDebugSourceSetPaths', task ':app:generateDebugResources', task ':app:mergeDebugResources', task ':app:packageDebugResources', task ':app:parseDebugLocalResources', task ':app:createDebugCompatibleScreenManifests', task ':app:extractDeepLinksDebug', task ':app:processDebugMainManifest', task ':app:processDebugManifest', task ':app:processDebugManifestForPackage', task ':app:processDebugResources', task ':app:compileDebugKotlin', task ':app:javaPreCompileDebug', task ':app:compileDebugJavaWithJavac', task ':app:generateDebugAssets', task ':app:mergeDebugAssets', task ':app:compressDebugAssets', task ':app:desugarDebugFileDependencies', task ':app:dexBuilderDebug', task ':app:mergeDebugGlobalSynthetics', task ':app:processDebugJavaRes', task ':app:mergeDebugJavaResource', task ':app:checkDebugDuplicateClasses', task ':app:mergeExtDexDebug', task ':app:mergeLibDexDebug', task ':app:mergeProjectDexDebug', task ':app:mergeDebugJniLibFolders', task ':app:mergeDebugNativeLibs', task ':app:stripDebugDebugSymbols', task ':app:validateSigningDebug', task ':app:writeDebugAppMetadata', task ':app:writeDebugSigningConfigVersions', task ':app:packageDebug', task ':app:createDebugApkListingFileRedirect', task ':app:assembleDebug']
Tasks that were excluded: []
Resolve mutations for :app:preBuild (Thread[#92,Execution worker,5,main]) started.
:app:preBuild (Thread[#92,Execution worker,5,main]) started.

> Task :app:preBuild UP-TO-DATE
Skipping task ':app:preBuild' as it has no actions.
Resolve mutations for :app:preDebugBuild (Thread[#92,Execution worker,5,main]) started.
:app:preDebugBuild (Thread[#92,Execution worker,5,main]) started.

> Task :app:preDebugBuild UP-TO-DATE
Skipping task ':app:preDebugBuild' as it has no actions.
Resolve mutations for :app:mergeDebugNativeDebugMetadata (Thread[#92,Execution worker,5,main]) started.
:app:mergeDebugNativeDebugMetadata (Thread[#92,Execution worker,5,main]) started.

> Task :app:mergeDebugNativeDebugMetadata NO-SOURCE
Skipping task ':app:mergeDebugNativeDebugMetadata' as it has no source files and no previous output files.
Resolve mutations for :app:compileDebugAidl (Thread[#92,Execution worker,5,main]) started.
:app:compileDebugAidl (Thread[#92,Execution worker,5,main]) started.

> Task :app:compileDebugAidl UP-TO-DATE
Caching disabled for task ':app:compileDebugAidl' because:
  Build cache is disabled
Skipping task ':app:compileDebugAidl' as it is up-to-date.
Resolve mutations for :app:checkKotlinGradlePluginConfigurationErrors (Thread[#92,Execution worker,5,main]) started.
:app:checkKotlinGradlePluginConfigurationErrors (Thread[#92,Execution worker,5,main]) started.

> Task :app:checkKotlinGradlePluginConfigurationErrors SKIPPED
Skipping task ':app:checkKotlinGradlePluginConfigurationErrors' as task onlyIf 'errorDiagnostics are present' is false.
Resolve mutations for :app:checkDebugAarMetadata (Thread[#92,Execution worker,5,main]) started.
:app:checkDebugAarMetadata (Thread[#92,Execution worker,5,main]) started.

> Task :app:checkDebugAarMetadata UP-TO-DATE
Caching disabled for task ':app:checkDebugAarMetadata' because:
  Build cache is disabled
  Caching has been disabled for the task
Skipping task ':app:checkDebugAarMetadata' as it is up-to-date.
Resolve mutations for :app:processDebugNavigationResources (Thread[#92,Execution worker,5,main]) started.
:app:processDebugNavigationResources (Thread[#92,Execution worker,5,main]) started.

> Task :app:processDebugNavigationResources UP-TO-DATE
Caching disabled for task ':app:processDebugNavigationResources' because:
  Build cache is disabled
Skipping task ':app:processDebugNavigationResources' as it is up-to-date.
Resolve mutations for :app:compileDebugNavigationResources (Thread[#92,Execution worker,5,main]) started.
:app:compileDebugNavigationResources (Thread[#92,Execution worker,5,main]) started.

> Task :app:compileDebugNavigationResources UP-TO-DATE
Caching disabled for task ':app:compileDebugNavigationResources' because:
  Build cache is disabled
Skipping task ':app:compileDebugNavigationResources' as it is up-to-date.
Resolve mutations for :app:generateDebugResValues (Thread[#92,Execution worker,5,main]) started.
:app:generateDebugResValues (Thread[#92,Execution worker,5,main]) started.

> Task :app:generateDebugResValues UP-TO-DATE
Caching disabled for task ':app:generateDebugResValues' because:
  Build cache is disabled
Skipping task ':app:generateDebugResValues' as it is up-to-date.
Resolve mutations for :app:mapDebugSourceSetPaths (Thread[#92,Execution worker,5,main]) started.
:app:mapDebugSourceSetPaths (Thread[#92,Execution worker,5,main]) started.

> Task :app:mapDebugSourceSetPaths UP-TO-DATE
Caching disabled for task ':app:mapDebugSourceSetPaths' because:
  Build cache is disabled
  Caching has been disabled for the task
Skipping task ':app:mapDebugSourceSetPaths' as it is up-to-date.
Resolve mutations for :app:generateDebugResources (Thread[#92,Execution worker,5,main]) started.
:app:generateDebugResources (Thread[#92,Execution worker,5,main]) started.

> Task :app:generateDebugResources UP-TO-DATE
Caching disabled for task ':app:generateDebugResources' because:
  Build cache is disabled
Skipping task ':app:generateDebugResources' as it is up-to-date.
Resolve mutations for :app:mergeDebugResources (Thread[#92,Execution worker,5,main]) started.
:app:mergeDebugResources (Thread[#92,Execution worker,5,main]) started.

> Task :app:mergeDebugResources UP-TO-DATE
Caching disabled for task ':app:mergeDebugResources' because:
  Build cache is disabled
Skipping task ':app:mergeDebugResources' as it is up-to-date.
Resolve mutations for :app:packageDebugResources (Thread[#92,Execution worker,5,main]) started.
:app:packageDebugResources (Thread[#92,Execution worker,5,main]) started.

> Task :app:packageDebugResources UP-TO-DATE
Caching disabled for task ':app:packageDebugResources' because:
  Build cache is disabled
Skipping task ':app:packageDebugResources' as it is up-to-date.
Resolve mutations for :app:parseDebugLocalResources (Thread[#92,Execution worker,5,main]) started.
:app:parseDebugLocalResources (Thread[#92,Execution worker,5,main]) started.

> Task :app:parseDebugLocalResources UP-TO-DATE
Caching disabled for task ':app:parseDebugLocalResources' because:
  Build cache is disabled
Skipping task ':app:parseDebugLocalResources' as it is up-to-date.
Resolve mutations for :app:createDebugCompatibleScreenManifests (Thread[#92,Execution worker,5,main]) started.
:app:createDebugCompatibleScreenManifests (Thread[#92,Execution worker,5,main]) started.

> Task :app:createDebugCompatibleScreenManifests UP-TO-DATE
Caching disabled for task ':app:createDebugCompatibleScreenManifests' because:
  Build cache is disabled
  Caching has been disabled for the task
Skipping task ':app:createDebugCompatibleScreenManifests' as it is up-to-date.
Resolve mutations for :app:extractDeepLinksDebug (Thread[#92,Execution worker,5,main]) started.
:app:extractDeepLinksDebug (Thread[#92,Execution worker,5,main]) started.

> Task :app:extractDeepLinksDebug UP-TO-DATE
Caching disabled for task ':app:extractDeepLinksDebug' because:
  Build cache is disabled
Skipping task ':app:extractDeepLinksDebug' as it is up-to-date.
Resolve mutations for :app:processDebugMainManifest (Thread[#92,Execution worker,5,main]) started.
:app:processDebugMainManifest (Thread[#92,Execution worker,5,main]) started.

> Task :app:processDebugMainManifest UP-TO-DATE
Caching disabled for task ':app:processDebugMainManifest' because:
  Build cache is disabled
Skipping task ':app:processDebugMainManifest' as it is up-to-date.
Resolve mutations for :app:processDebugManifest (Thread[#92,Execution worker,5,main]) started.
:app:processDebugManifest (Thread[#92,Execution worker,5,main]) started.

> Task :app:processDebugManifest UP-TO-DATE
Caching disabled for task ':app:processDebugManifest' because:
  Build cache is disabled
Skipping task ':app:processDebugManifest' as it is up-to-date.
Resolve mutations for :app:processDebugManifestForPackage (Thread[#92,Execution worker,5,main]) started.
:app:processDebugManifestForPackage (Thread[#92,Execution worker,5,main]) started.

> Task :app:processDebugManifestForPackage UP-TO-DATE
Custom actions are attached to task ':app:processDebugManifestForPackage'.
Caching disabled for task ':app:processDebugManifestForPackage' because:
  Build cache is disabled
Skipping task ':app:processDebugManifestForPackage' as it is up-to-date.
Resolve mutations for :app:processDebugResources (Thread[#92,Execution worker,5,main]) started.
:app:processDebugResources (Thread[#92,Execution worker,5,main]) started.

> Task :app:processDebugResources UP-TO-DATE
Caching disabled for task ':app:processDebugResources' because:
  Build cache is disabled
Skipping task ':app:processDebugResources' as it is up-to-date.
Resolve mutations for :app:compileDebugKotlin (Thread[#92,Execution worker,5,main]) started.
:app:compileDebugKotlin (Thread[#92,Execution worker,5,main]) started.

> Task :app:compileDebugKotlin NO-SOURCE
Skipping task ':app:compileDebugKotlin' as it has no source files and no previous output files.
Resolve mutations for :app:javaPreCompileDebug (Thread[#92,Execution worker,5,main]) started.
:app:javaPreCompileDebug (Thread[#92,Execution worker,5,main]) started.

> Task :app:javaPreCompileDebug UP-TO-DATE
Caching disabled for task ':app:javaPreCompileDebug' because:
  Build cache is disabled
Skipping task ':app:javaPreCompileDebug' as it is up-to-date.
Resolve mutations for :app:compileDebugJavaWithJavac (Thread[#92,Execution worker,5,main]) started.
:app:compileDebugJavaWithJavac (Thread[#92,Execution worker,5,main]) started.

> Task :app:compileDebugJavaWithJavac FAILED
Custom actions are attached to task ':app:compileDebugJavaWithJavac'.
Caching disabled for task ':app:compileDebugJavaWithJavac' because:
  Build cache is disabled
Task ':app:compileDebugJavaWithJavac' is not up-to-date because:
  Input property 'classpath' file D:\@MIS PROYECTOS\OpenRadioFM\app\build\intermediates\compile_and_runtime_r_class_jar\debug\processDebugResources\R.jar has changed.
  Input property 'stableSources' file D:\@MIS PROYECTOS\OpenRadioFM\app\src\main\java\com\example\openradiofm\ui\main\MainActivity.java has changed.
Compilation mode: in-process compilation
Created classpath snapshot for incremental compilation in 0.112 secs.
file or directory 'D:\@MIS PROYECTOS\OpenRadioFM\app\src\debug\java', not found
Compiling with toolchain 'C:\Program Files\Android\Android Studio\jbr'.
file or directory 'D:\@MIS PROYECTOS\OpenRadioFM\app\src\debug\java', not found
Compiling with JDK Java compiler API.
D:\@MIS PROYECTOS\OpenRadioFM\app\src\main\java\com\example\openradiofm\ui\main\MainActivity.java:1205: error: cannot find symbol
        if (tvBackgroundStatus != null) {
            ^
  symbol:   variable tvBackgroundStatus
  location: class MainActivity
D:\@MIS PROYECTOS\OpenRadioFM\app\src\main\java\com\example\openradiofm\ui\main\MainActivity.java:1208: error: cannot find symbol
            if (bgIdx >= 0 && bgIdx < modes.length) tvBackgroundStatus.setText(modes[bgIdx]);
                                                    ^
  symbol:   variable tvBackgroundStatus
  location: class MainActivity
D:\@MIS PROYECTOS\OpenRadioFM\app\src\main\java\com\example\openradiofm\ui\main\MainActivity.java:1261: error: cannot find symbol
        cardBackground.setOnClickListener(v -> showBackgroundSelector(dialog, tvBackgroundStatus));
                                                                              ^
  symbol:   variable tvBackgroundStatus
  location: class MainActivity
Note: D:\@MIS PROYECTOS\OpenRadioFM\app\src\main\java\com\example\openradiofm\ui\main\MainActivity.java uses or overrides a deprecated API.
Note: Recompile with -Xlint:deprecation for details.
3 errors
Incremental compilation of 10 classes completed in 1.721 secs.
Build 3a0d23c7-b64d-45ac-8655-53e9a2e8f987 is closed

[Incubating] Problems report is available at: file:///D:/@MIS%20PROYECTOS/OpenRadioFM/build/reports/problems/problems-report.html

FAILURE: Build failed with an exception.

* What went wrong:
Execution failed for task ':app:compileDebugJavaWithJavac'.
> Compilation failed; see the compiler output below.
  Note: D:\@MIS PROYECTOS\OpenRadioFM\app\src\main\java\com\example\openradiofm\ui\main\MainActivity.java uses or overrides a deprecated API.
  Note: Recompile with -Xlint:deprecation for details.
  D:\@MIS PROYECTOS\OpenRadioFM\app\src\main\java\com\example\openradiofm\ui\main\MainActivity.java:1205: error: cannot find symbol
          if (tvBackgroundStatus != null) {
              ^
    symbol:   variable tvBackgroundStatus
    location: class MainActivity
  D:\@MIS PROYECTOS\OpenRadioFM\app\src\main\java\com\example\openradiofm\ui\main\MainActivity.java:1208: error: cannot find symbol
              if (bgIdx >= 0 && bgIdx < modes.length) tvBackgroundStatus.setText(modes[bgIdx]);
                                                      ^
    symbol:   variable tvBackgroundStatus
    location: class MainActivity
  D:\@MIS PROYECTOS\OpenRadioFM\app\src\main\java\com\example\openradiofm\ui\main\MainActivity.java:1261: error: cannot find symbol
          cardBackground.setOnClickListener(v -> showBackgroundSelector(dialog, tvBackgroundStatus));
                                                                                ^
    symbol:   variable tvBackgroundStatus
    location: class MainActivity
  3 errors

* Try:
> Check your code and dependencies to fix the compilation error(s)
> Run with --scan to generate a Build Scan (Powered by Develocity).

BUILD FAILED in 16s
18 actionable tasks: 1 executed, 17 up-to-date
Watched directory hierarchies: [D:\@MIS PROYECTOS\OpenRadioFM]
