
> Configure project :app
WARNING: The option setting 'android.usesSdkInManifest.disallowed=false' is deprecated.
The current default is 'true'.
It will be removed in version 10.0 of the Android Gradle plugin.
WARNING: The option setting 'android.sdk.defaultTargetSdkToCompileSdkIfUnset=false' is deprecated.
The current default is 'true'.
It will be removed in version 10.0 of the Android Gradle plugin.
WARNING: The option setting 'android.enableAppCompileTimeRClass=false' is deprecated.
The current default is 'true'.
It will be removed in version 10.0 of the Android Gradle plugin.
WARNING: The option setting 'android.builtInKotlin=false' is deprecated.
The current default is 'true'.
It will be removed in version 10.0 of the Android Gradle plugin.
WARNING: The option setting 'android.newDsl=false' is deprecated.
The current default is 'true'.
It will be removed in version 10.0 of the Android Gradle plugin.
WARNING: The option setting 'android.r8.optimizedResourceShrinking=false' is deprecated.
The current default is 'true'.
It will be removed in version 10.0 of the Android Gradle plugin.
WARNING: The option setting 'android.defaults.buildfeatures.resvalues=true' is deprecated.
The current default is 'false'.
It will be removed in version 10.0 of the Android Gradle plugin.
WARNING: The property android.dependency.excludeLibraryComponentsFromConstraints improves project import performance for very large projects. It should be enabled to improve performance.
To suppress this warning, add android.generateSyncIssueWhenLibraryConstraintsAreEnabled=false to gradle.properties
WARNING: The property android.dependency.excludeLibraryComponentsFromConstraints improves project import performance for very large projects. It should be enabled to improve performance.
To suppress this warning, add android.generateSyncIssueWhenLibraryConstraintsAreEnabled=false to gradle.properties
WARNING: The property android.dependency.excludeLibraryComponentsFromConstraints improves project import performance for very large projects. It should be enabled to improve performance.
To suppress this warning, add android.generateSyncIssueWhenLibraryConstraintsAreEnabled=false to gradle.properties
WARNING: The property android.dependency.excludeLibraryComponentsFromConstraints improves project import performance for very large projects. It should be enabled to improve performance.
To suppress this warning, add android.generateSyncIssueWhenLibraryConstraintsAreEnabled=false to gradle.properties

> Task :app:preBuild UP-TO-DATE
> Task :app:preDebugBuild UP-TO-DATE
> Task :app:mergeDebugNativeDebugMetadata NO-SOURCE
> Task :app:compileDebugAidl UP-TO-DATE
> Task :app:checkKotlinGradlePluginConfigurationErrors SKIPPED
> Task :app:checkDebugAarMetadata UP-TO-DATE
> Task :app:processDebugNavigationResources UP-TO-DATE
> Task :app:compileDebugNavigationResources UP-TO-DATE
> Task :app:generateDebugResValues UP-TO-DATE
> Task :app:mapDebugSourceSetPaths UP-TO-DATE
> Task :app:generateDebugResources UP-TO-DATE
> Task :app:mergeDebugResources UP-TO-DATE
> Task :app:packageDebugResources UP-TO-DATE
> Task :app:parseDebugLocalResources UP-TO-DATE
> Task :app:createDebugCompatibleScreenManifests UP-TO-DATE
> Task :app:extractDeepLinksDebug UP-TO-DATE
> Task :app:processDebugMainManifest UP-TO-DATE
> Task :app:processDebugManifest UP-TO-DATE
> Task :app:processDebugManifestForPackage UP-TO-DATE
> Task :app:processDebugResources UP-TO-DATE
> Task :app:compileDebugKotlin NO-SOURCE
> Task :app:javaPreCompileDebug UP-TO-DATE

> Task :app:compileDebugJavaWithJavac FAILED
D:\@MIS PROYECTOS\OpenRadioFM\app\src\main\java\com\example\openradiofm\ui\main\MainActivity.java:1350: error: no suitable method found for setText(Locale,String)
             tvFrequency.setText(java.util.Locale.US, String.format("%.2f", freq / 1000.0f));
                        ^
    method TextView.setText(CharSequence,BufferType) is not applicable
      (argument mismatch; Locale cannot be converted to CharSequence)
    method TextView.setText(int,BufferType) is not applicable
      (argument mismatch; Locale cannot be converted to int)
D:\@MIS PROYECTOS\OpenRadioFM\app\src\main\java\com\example\openradiofm\ui\main\MainActivity.java:1354: error: cannot find symbol
             boolean isNight = mPrefs.getBoolean("pref_night_mode_auto", false) && isNightTime();
                                                                                   ^
  symbol:   method isNightTime()
  location: class MainActivity
Note: D:\@MIS PROYECTOS\OpenRadioFM\app\src\main\java\com\example\openradiofm\ui\main\MainActivity.java uses or overrides a deprecated API.
Note: Recompile with -Xlint:deprecation for details.
Note: Some messages have been simplified; recompile with -Xdiags:verbose to get full output
2 errors

[Incubating] Problems report is available at: file:///D:/@MIS%20PROYECTOS/OpenRadioFM/build/reports/problems/problems-report.html

FAILURE: Build failed with an exception.

* What went wrong:
Execution failed for task ':app:compileDebugJavaWithJavac'.
> Compilation failed; see the compiler output below.
  Note: D:\@MIS PROYECTOS\OpenRadioFM\app\src\main\java\com\example\openradiofm\ui\main\MainActivity.java uses or overrides a deprecated API.
  D:\@MIS PROYECTOS\OpenRadioFM\app\src\main\java\com\example\openradiofm\ui\main\MainActivity.java:1350: error: no suitable method found for setText(Locale,String)
               tvFrequency.setText(java.util.Locale.US, String.format("%.2f", freq / 1000.0f));
                          ^
      method TextView.setText(CharSequence,BufferType) is not applicable
        (argument mismatch; Locale cannot be converted to CharSequence)
      method TextView.setText(int,BufferType) is not applicable
        (argument mismatch; Locale cannot be converted to int)
  Note: Recompile with -Xlint:deprecation for details.
  Note: Some messages have been simplified; recompile with -Xdiags:verbose to get full output
  D:\@MIS PROYECTOS\OpenRadioFM\app\src\main\java\com\example\openradiofm\ui\main\MainActivity.java:1354: error: cannot find symbol
               boolean isNight = mPrefs.getBoolean("pref_night_mode_auto", false) && isNightTime();
                                                                                     ^
    symbol:   method isNightTime()
    location: class MainActivity
  2 errors

* Try:
> Check your code and dependencies to fix the compilation error(s)
> Run with --scan to generate a Build Scan (Powered by Develocity).

BUILD FAILED in 2s
18 actionable tasks: 1 executed, 17 up-to-date
