--------- beginning of crash
01-26 11:07:20.703  1425  1856 E AndroidRuntime: FATAL EXCEPTION: WM.task-1
01-26 11:07:20.703  1425  1856 E AndroidRuntime: Process: com.spotify.music, PID: 1425
01-26 11:07:20.703  1425  1856 E AndroidRuntime: java.lang.IllegalStateException: The file system on the device is in a bad state. WorkManager cannot access the app's internal data store.
01-26 11:07:20.703  1425  1856 E AndroidRuntime: 	at p.duq.run(SourceFile:106)
01-26 11:07:20.703  1425  1856 E AndroidRuntime: 	at p.ib50.run(SourceFile:261)
01-26 11:07:20.703  1425  1856 E AndroidRuntime: 	at java.util.concurrent.ThreadPoolExecutor.runWorker(ThreadPoolExecutor.java:1167)
01-26 11:07:20.703  1425  1856 E AndroidRuntime: 	at java.util.concurrent.ThreadPoolExecutor$Worker.run(ThreadPoolExecutor.java:641)
01-26 11:07:20.703  1425  1856 E AndroidRuntime: 	at java.lang.Thread.run(Thread.java:764)
01-26 11:07:20.703  1425  1856 E AndroidRuntime: Caused by: android.database.sqlite.SQLiteCantOpenDatabaseException: unknown error (code 14 SQLITE_CANTOPEN): Could not open database
01-26 11:07:20.703  1425  1856 E AndroidRuntime: 	at android.database.sqlite.SQLiteConnection.nativeOpen(Native Method)
01-26 11:07:20.703  1425  1856 E AndroidRuntime: 	at android.database.sqlite.SQLiteConnection.open(SQLiteConnection.java:211)
01-26 11:07:20.703  1425  1856 E AndroidRuntime: 	at android.database.sqlite.SQLiteConnection.open(SQLiteConnection.java:195)
01-26 11:07:20.703  1425  1856 E AndroidRuntime: 	at android.database.sqlite.SQLiteConnectionPool.openConnectionLocked(SQLiteConnectionPool.java:503)
01-26 11:07:20.703  1425  1856 E AndroidRuntime: 	at android.database.sqlite.SQLiteConnectionPool.open(SQLiteConnectionPool.java:204)
01-26 11:07:20.703  1425  1856 E AndroidRuntime: 	at android.database.sqlite.SQLiteConnectionPool.open(SQLiteConnectionPool.java:196)
01-26 11:07:20.703  1425  1856 E AndroidRuntime: 	at android.database.sqlite.SQLiteDatabase.openInner(SQLiteDatabase.java:880)
01-26 11:07:20.703  1425  1856 E AndroidRuntime: 	at android.database.sqlite.SQLiteDatabase.open(SQLiteDatabase.java:865)
01-26 11:07:20.703  1425  1856 E AndroidRuntime: 	at android.database.sqlite.SQLiteDatabase.openDatabase(SQLiteDatabase.java:739)
01-26 11:07:20.703  1425  1856 E AndroidRuntime: 	at android.database.sqlite.SQLiteDatabase.openDatabase(SQLiteDatabase.java:729)
01-26 11:07:20.703  1425  1856 E AndroidRuntime: 	at android.database.sqlite.SQLiteOpenHelper.getDatabaseLocked(SQLiteOpenHelper.java:355)
01-26 11:07:20.703  1425  1856 E AndroidRuntime: 	at android.database.sqlite.SQLiteOpenHelper.getWritableDatabase(SQLiteOpenHelper.java:298)
01-26 11:07:20.703  1425  1856 E AndroidRuntime: 	at p.n1r.e(SourceFile:115)
01-26 11:07:20.703  1425  1856 E AndroidRuntime: 	at p.n1r.a(SourceFile:24)
01-26 11:07:20.703  1425  1856 E AndroidRuntime: 	at p.o1r.getWritableDatabase(SourceFile:10)
01-26 11:07:20.703  1425  1856 E AndroidRuntime: 	at p.mse0.b(SourceFile:5)
01-26 11:07:20.703  1425  1856 E AndroidRuntime: 	at p.duq.a(SourceFile:42)
01-26 11:07:20.703  1425  1856 E AndroidRuntime: 	at p.duq.run(SourceFile:54)
01-26 11:07:20.703  1425  1856 E AndroidRuntime: 	... 4 more
01-26 11:07:21.487  1436  1436 E AndroidRuntime: FATAL EXCEPTION: main
01-26 11:07:21.487  1436  1436 E AndroidRuntime: Process: com.streema.simpleradio, PID: 1436
01-26 11:07:21.487  1436  1436 E AndroidRuntime: java.lang.RuntimeException: Unable to create application com.streema.simpleradio.SimpleRadioApplication: android.database.sqlite.SQLiteCantOpenDatabaseException: unknown error (code 14 SQLITE_CANTOPEN): Could not open database
01-26 11:07:21.487  1436  1436 E AndroidRuntime: 	at android.app.ActivityThread.handleBindApplication(ActivityThread.java:5907)
01-26 11:07:21.487  1436  1436 E AndroidRuntime: 	at android.app.ActivityThread.access$1200(ActivityThread.java:206)
01-26 11:07:21.487  1436  1436 E AndroidRuntime: 	at android.app.ActivityThread$H.handleMessage(ActivityThread.java:1678)
01-26 11:07:21.487  1436  1436 E AndroidRuntime: 	at android.os.Handler.dispatchMessage(Handler.java:106)
01-26 11:07:21.487  1436  1436 E AndroidRuntime: 	at android.os.Looper.loop(Looper.java:193)
01-26 11:07:21.487  1436  1436 E AndroidRuntime: 	at android.app.ActivityThread.main(ActivityThread.java:6702)
01-26 11:07:21.487  1436  1436 E AndroidRuntime: 	at java.lang.reflect.Method.invoke(Native Method)
01-26 11:07:21.487  1436  1436 E AndroidRuntime: 	at com.android.internal.os.RuntimeInit$MethodAndArgsCaller.run(RuntimeInit.java:493)
01-26 11:07:21.487  1436  1436 E AndroidRuntime: 	at com.android.internal.os.ZygoteInit.main(ZygoteInit.java:911)
01-26 11:07:21.487  1436  1436 E AndroidRuntime: Caused by: android.database.sqlite.SQLiteCantOpenDatabaseException: unknown error (code 14 SQLITE_CANTOPEN): Could not open database
01-26 11:07:21.487  1436  1436 E AndroidRuntime: 	at android.database.sqlite.SQLiteConnection.nativeOpen(Native Method)
01-26 11:07:21.487  1436  1436 E AndroidRuntime: 	at android.database.sqlite.SQLiteConnection.open(SQLiteConnection.java:211)
01-26 11:07:21.487  1436  1436 E AndroidRuntime: 	at android.database.sqlite.SQLiteConnection.open(SQLiteConnection.java:195)
01-26 11:07:21.487  1436  1436 E AndroidRuntime: 	at android.database.sqlite.SQLiteConnectionPool.openConnectionLocked(SQLiteConnectionPool.java:503)
01-26 11:07:21.487  1436  1436 E AndroidRuntime: 	at android.database.sqlite.SQLiteConnectionPool.open(SQLiteConnectionPool.java:204)
01-26 11:07:21.487  1436  1436 E AndroidRuntime: 	at android.database.sqlite.SQLiteConnectionPool.open(SQLiteConnectionPool.java:196)
01-26 11:07:21.487  1436  1436 E AndroidRuntime: 	at android.database.sqlite.SQLiteDatabase.openInner(SQLiteDatabase.java:880)
01-26 11:07:21.487  1436  1436 E AndroidRuntime: 	at android.database.sqlite.SQLiteDatabase.open(SQLiteDatabase.java:865)
01-26 11:07:21.487  1436  1436 E AndroidRuntime: 	at android.database.sqlite.SQLiteDatabase.openDatabase(SQLiteDatabase.java:739)
01-26 11:07:21.487  1436  1436 E AndroidRuntime: 	at android.database.sqlite.SQLiteDatabase.openDatabase(SQLiteDatabase.java:729)
01-26 11:07:21.487  1436  1436 E AndroidRuntime: 	at android.database.sqlite.SQLiteOpenHelper.getDatabaseLocked(SQLiteOpenHelper.java:355)
01-26 11:07:21.487  1436  1436 E AndroidRuntime: 	at android.database.sqlite.SQLiteOpenHelper.getWritableDatabase(SQLiteOpenHelper.java:298)
01-26 11:07:21.487  1436  1436 E AndroidRuntime: 	at com.streema.simpleradio.database.SimpleRadioDatabaseHelper.<init>(Unknown Source:18)
01-26 11:07:21.487  1436  1436 E AndroidRuntime: 	at com.streema.simpleradio.i1.e(Unknown Source:4)
01-26 11:07:21.487  1436  1436 E AndroidRuntime: 	at com.streema.simpleradio.n1.c(Unknown Source:0)
01-26 11:07:21.487  1436  1436 E AndroidRuntime: 	at com.streema.simpleradio.n1.b(Unknown Source:2)
01-26 11:07:21.487  1436  1436 E AndroidRuntime: 	at com.streema.simpleradio.n1.get(Unknown Source:0)
01-26 11:07:21.487  1436  1436 E AndroidRuntime: 	at ua.b.a(Unknown Source:9)
01-26 11:07:21.487  1436  1436 E AndroidRuntime: 	at ua.b.get(Unknown Source:6)
01-26 11:07:21.487  1436  1436 E AndroidRuntime: 	at com.streema.simpleradio.g$b.g0(Unknown Source:4)
01-26 11:07:21.487  1436  1436 E AndroidRuntime: 	at com.streema.simpleradio.g$b.d1(Unknown Source:0)
01-26 11:07:21.487  1436  1436 E AndroidRuntime: 	at com.streema.simpleradio.g$b.C(Unknown Source:0)
01-26 11:07:21.487  1436  1436 E AndroidRuntime: 	at com.streema.simpleradio.analytics.b.<init>(Unknown Source:21)
01-26 11:07:21.487  1436  1436 E AndroidRuntime: 	at com.streema.simpleradio.i1.k(Unknown Source:4)
01-26 11:07:21.487  1436  1436 E AndroidRuntime: 	at com.streema.simpleradio.t1.c(Unknown Source:0)
01-26 11:07:21.487  1436  1436 E AndroidRuntime: 	at com.streema.simpleradio.t1.b(Unknown Source:2)
01-26 11:07:21.487  1436  1436 E AndroidRuntime: 	at com.streema.simpleradio.t1.get(Unknown Source:0)
01-26 11:07:21.487  1436  1436 E AndroidRuntime: 	at ua.b.a(Unknown Source:9)
01-26 11:07:21.487  1436  1436 E AndroidRuntime: 	at ua.b.get(Unknown Source:6)
01-26 11:07:21.487  1436  1436 E AndroidRuntime: 	at com.streema.simpleradio.g$b.e1(Unknown Source:2)
01-26 11:07:21.487  1436  1436 E AndroidRuntime: 	at com.streema.simpleradio.g$b.s(Unknown Source:0)
01-26 11:07:21.487  1436  1436 E AndroidRuntime: 	at com.streema.simpleradio.SimpleRadioApplication.safedk_SimpleRadioApplication_onCreate_9a06299d9e511ccb0e7b29a3b3bc1bec(Unknown Source:26)
01-26 11:07:21.487  1436  1436 E AndroidRuntime: 	at com.streema.simpleradio.SimpleRadioApplication.onCreate(Unknown Source:8)
01-26 11:07:21.487  1436  1436 E AndroidRuntime: 	at android.app.Instrumentation.callApplicationOnCreate(Instrumentation.java:1154)
01-26 11:07:21.487  1436  1436 E AndroidRuntime: 	at android.app.ActivityThread.handleBindApplication(ActivityThread.java:5902)
01-26 11:07:21.487  1436  1436 E AndroidRuntime: 	... 8 more
01-26 11:15:24.129 15356 15356 E AndroidRuntime: FATAL EXCEPTION: main
01-26 11:15:24.129 15356 15356 E AndroidRuntime: Process: com.example.openradiofm, PID: 15356
01-26 11:15:24.129 15356 15356 E AndroidRuntime: java.lang.RuntimeException: Unable to start activity ComponentInfo{com.example.openradiofm/com.example.openradiofm.ui.main.MainActivity}: android.view.InflateException: Binary XML file line #238: Binary XML file line #238: Error inflating class androidx.appcompat.widget.AppCompatButton
01-26 11:15:24.129 15356 15356 E AndroidRuntime: 	at android.app.ActivityThread.performLaunchActivity(ActivityThread.java:2944)
01-26 11:15:24.129 15356 15356 E AndroidRuntime: 	at android.app.ActivityThread.handleLaunchActivity(ActivityThread.java:3079)
01-26 11:15:24.129 15356 15356 E AndroidRuntime: 	at android.app.servertransaction.LaunchActivityItem.execute(LaunchActivityItem.java:78)
01-26 11:15:24.129 15356 15356 E AndroidRuntime: 	at android.app.servertransaction.TransactionExecutor.executeCallbacks(TransactionExecutor.java:108)
01-26 11:15:24.129 15356 15356 E AndroidRuntime: 	at android.app.servertransaction.TransactionExecutor.execute(TransactionExecutor.java:68)
01-26 11:15:24.129 15356 15356 E AndroidRuntime: 	at android.app.ActivityThread$H.handleMessage(ActivityThread.java:1836)
01-26 11:15:24.129 15356 15356 E AndroidRuntime: 	at android.os.Handler.dispatchMessage(Handler.java:106)
01-26 11:15:24.129 15356 15356 E AndroidRuntime: 	at android.os.Looper.loop(Looper.java:193)
01-26 11:15:24.129 15356 15356 E AndroidRuntime: 	at android.app.ActivityThread.main(ActivityThread.java:6702)
01-26 11:15:24.129 15356 15356 E AndroidRuntime: 	at java.lang.reflect.Method.invoke(Native Method)
01-26 11:15:24.129 15356 15356 E AndroidRuntime: 	at com.android.internal.os.RuntimeInit$MethodAndArgsCaller.run(RuntimeInit.java:493)
01-26 11:15:24.129 15356 15356 E AndroidRuntime: 	at com.android.internal.os.ZygoteInit.main(ZygoteInit.java:911)
01-26 11:15:24.129 15356 15356 E AndroidRuntime: Caused by: android.view.InflateException: Binary XML file line #238: Binary XML file line #238: Error inflating class androidx.appcompat.widget.AppCompatButton
01-26 11:15:24.129 15356 15356 E AndroidRuntime: Caused by: android.view.InflateException: Binary XML file line #238: Error inflating class androidx.appcompat.widget.AppCompatButton
01-26 11:15:24.129 15356 15356 E AndroidRuntime: Caused by: java.lang.ClassNotFoundException: Didn't find class "androidx.appcompat.widget.AppCompatButton" on path: DexPathList[[zip file "/data/app/com.example.openradiofm-mKBFagwixt9PauS-czaaVQ==/base.apk"],nativeLibraryDirectories=[/data/app/com.example.openradiofm-mKBFagwixt9PauS-czaaVQ==/lib/arm, /data/app/com.example.openradiofm-mKBFagwixt9PauS-czaaVQ==/base.apk!/lib/armeabi-v7a, /system/lib]]
01-26 11:15:24.129 15356 15356 E AndroidRuntime: 	at dalvik.system.BaseDexClassLoader.findClass(BaseDexClassLoader.java:134)
01-26 11:15:24.129 15356 15356 E AndroidRuntime: 	at java.lang.ClassLoader.loadClass(ClassLoader.java:379)
01-26 11:15:24.129 15356 15356 E AndroidRuntime: 	at java.lang.ClassLoader.loadClass(ClassLoader.java:312)
01-26 11:15:24.129 15356 15356 E AndroidRuntime: 	at android.view.LayoutInflater.createView(LayoutInflater.java:606)
01-26 11:15:24.129 15356 15356 E AndroidRuntime: 	at android.view.LayoutInflater.createViewFromTag(LayoutInflater.java:807)
01-26 11:15:24.129 15356 15356 E AndroidRuntime: 	at android.view.LayoutInflater.createViewFromTag(LayoutInflater.java:730)
01-26 11:15:24.129 15356 15356 E AndroidRuntime: 	at android.view.LayoutInflater.rInflate(LayoutInflater.java:880)
01-26 11:15:24.129 15356 15356 E AndroidRuntime: 	at android.view.LayoutInflater.rInflateChildren(LayoutInflater.java:841)
01-26 11:15:24.129 15356 15356 E AndroidRuntime: 	at android.view.LayoutInflater.rInflate(LayoutInflater.java:883)
01-26 11:15:24.129 15356 15356 E AndroidRuntime: 	at android.view.LayoutInflater.rInflateChildren(LayoutInflater.java:841)
01-26 11:15:24.129 15356 15356 E AndroidRuntime: 	at android.view.LayoutInflater.rInflate(LayoutInflater.java:883)
01-26 11:15:24.129 15356 15356 E AndroidRuntime: 	at android.view.LayoutInflater.rInflateChildren(LayoutInflater.java:841)
01-26 11:15:24.129 15356 15356 E AndroidRuntime: 	at android.view.LayoutInflater.inflate(LayoutInflater.java:515)
01-26 11:15:24.129 15356 15356 E AndroidRuntime: 	at android.view.LayoutInflater.inflate(LayoutInflater.java:423)
01-26 11:15:24.129 15356 15356 E AndroidRuntime: 	at android.view.LayoutInflater.inflate(LayoutInflater.java:374)
01-26 11:15:24.129 15356 15356 E AndroidRuntime: 	at com.android.internal.policy.PhoneWindow.setContentView(PhoneWindow.java:420)
01-26 11:15:24.129 15356 15356 E AndroidRuntime: 	at android.app.Activity.setContentView(Activity.java:2772)
01-26 11:15:24.129 15356 15356 E AndroidRuntime: 	at com.example.openradiofm.ui.main.MainActivity.onCreate(MainActivity.java:117)
01-26 11:15:24.129 15356 15356 E AndroidRuntime: 	at android.app.Activity.performCreate(Activity.java:7137)
01-26 11:15:24.129 15356 15356 E AndroidRuntime: 	at android.app.Activity.performCreate(Activity.java:7128)
01-26 11:15:24.129 15356 15356 E AndroidRuntime: 	at android.app.Instrumentation.callActivityOnCreate(Instrumentation.java:1271)
01-26 11:15:24.129 15356 15356 E AndroidRuntime: 	at android.app.ActivityThread.performLaunchActivity(ActivityThread.java:2924)
01-26 11:15:24.129 15356 15356 E AndroidRuntime: 	at android.app.ActivityThread.handleLaunchActivity(ActivityThread.java:3079)
01-26 11:15:24.129 15356 15356 E AndroidRuntime: 	at android.app.servertransaction.LaunchActivityItem.execute(LaunchActivityItem.java:78)
01-26 11:15:24.129 15356 15356 E AndroidRuntime: 	at android.app.servertransaction.TransactionExecutor.executeCallbacks(TransactionExecutor.java:108)
01-26 11:15:24.129 15356 15356 E AndroidRuntime: 	at android.app.servertransaction.TransactionExecutor.execute(TransactionExecutor.java:68)
01-26 11:15:24.129 15356 15356 E AndroidRuntime: 	at android.app.ActivityThread$H.handleMessage(ActivityThread.java:1836)
01-26 11:15:24.129 15356 15356 E AndroidRuntime: 	at android.os.Handler.dispatchMessage(Handler.java:106)
01-26 11:15:24.129 15356 15356 E AndroidRuntime: 	at android.os.Looper.loop(Looper.java:193)
01-26 11:15:24.130 15356 15356 E AndroidRuntime: 	at android.app.ActivityThread.main(ActivityThread.java:6702)
01-26 11:15:24.130 15356 15356 E AndroidRuntime: 	at java.lang.reflect.Method.invoke(Native Method)
01-26 11:15:24.130 15356 15356 E AndroidRuntime: 	at com.android.internal.os.RuntimeInit$MethodAndArgsCaller.run(RuntimeInit.java:493)
01-26 11:15:24.130 15356 15356 E AndroidRuntime: 	at com.android.internal.os.ZygoteInit.main(ZygoteInit.java:911)
01-26 11:15:26.222 15320 15320 E AndroidRuntime: FATAL EXCEPTION: main
01-26 11:15:26.222 15320 15320 E AndroidRuntime: Process: com.streema.simpleradio, PID: 15320
01-26 11:15:26.222 15320 15320 E AndroidRuntime: java.lang.RuntimeException: Unable to create application com.streema.simpleradio.SimpleRadioApplication: android.database.sqlite.SQLiteCantOpenDatabaseException: unknown error (code 14 SQLITE_CANTOPEN): Could not open database
01-26 11:15:26.222 15320 15320 E AndroidRuntime: 	at android.app.ActivityThread.handleBindApplication(ActivityThread.java:5907)
01-26 11:15:26.222 15320 15320 E AndroidRuntime: 	at android.app.ActivityThread.access$1200(ActivityThread.java:206)
01-26 11:15:26.222 15320 15320 E AndroidRuntime: 	at android.app.ActivityThread$H.handleMessage(ActivityThread.java:1678)
01-26 11:15:26.222 15320 15320 E AndroidRuntime: 	at android.os.Handler.dispatchMessage(Handler.java:106)
01-26 11:15:26.222 15320 15320 E AndroidRuntime: 	at android.os.Looper.loop(Looper.java:193)
01-26 11:15:26.222 15320 15320 E AndroidRuntime: 	at android.app.ActivityThread.main(ActivityThread.java:6702)
01-26 11:15:26.222 15320 15320 E AndroidRuntime: 	at java.lang.reflect.Method.invoke(Native Method)
01-26 11:15:26.222 15320 15320 E AndroidRuntime: 	at com.android.internal.os.RuntimeInit$MethodAndArgsCaller.run(RuntimeInit.java:493)
01-26 11:15:26.222 15320 15320 E AndroidRuntime: 	at com.android.internal.os.ZygoteInit.main(ZygoteInit.java:911)
01-26 11:15:26.222 15320 15320 E AndroidRuntime: Caused by: android.database.sqlite.SQLiteCantOpenDatabaseException: unknown error (code 14 SQLITE_CANTOPEN): Could not open database
01-26 11:15:26.222 15320 15320 E AndroidRuntime: 	at android.database.sqlite.SQLiteConnection.nativeOpen(Native Method)
01-26 11:15:26.222 15320 15320 E AndroidRuntime: 	at android.database.sqlite.SQLiteConnection.open(SQLiteConnection.java:211)
01-26 11:15:26.222 15320 15320 E AndroidRuntime: 	at android.database.sqlite.SQLiteConnection.open(SQLiteConnection.java:195)
01-26 11:15:26.222 15320 15320 E AndroidRuntime: 	at android.database.sqlite.SQLiteConnectionPool.openConnectionLocked(SQLiteConnectionPool.java:503)
01-26 11:15:26.222 15320 15320 E AndroidRuntime: 	at android.database.sqlite.SQLiteConnectionPool.open(SQLiteConnectionPool.java:204)
01-26 11:15:26.222 15320 15320 E AndroidRuntime: 	at android.database.sqlite.SQLiteConnectionPool.open(SQLiteConnectionPool.java:196)
01-26 11:15:26.222 15320 15320 E AndroidRuntime: 	at android.database.sqlite.SQLiteDatabase.openInner(SQLiteDatabase.java:880)
01-26 11:15:26.222 15320 15320 E AndroidRuntime: 	at android.database.sqlite.SQLiteDatabase.open(SQLiteDatabase.java:865)
01-26 11:15:26.222 15320 15320 E AndroidRuntime: 	at android.database.sqlite.SQLiteDatabase.openDatabase(SQLiteDatabase.java:739)
01-26 11:15:26.222 15320 15320 E AndroidRuntime: 	at android.database.sqlite.SQLiteDatabase.openDatabase(SQLiteDatabase.java:729)
01-26 11:15:26.222 15320 15320 E AndroidRuntime: 	at android.database.sqlite.SQLiteOpenHelper.getDatabaseLocked(SQLiteOpenHelper.java:355)
01-26 11:15:26.222 15320 15320 E AndroidRuntime: 	at android.database.sqlite.SQLiteOpenHelper.getWritableDatabase(SQLiteOpenHelper.java:298)
01-26 11:15:26.222 15320 15320 E AndroidRuntime: 	at com.streema.simpleradio.database.SimpleRadioDatabaseHelper.<init>(Unknown Source:18)
01-26 11:15:26.222 15320 15320 E AndroidRuntime: 	at com.streema.simpleradio.i1.e(Unknown Source:4)
01-26 11:15:26.222 15320 15320 E AndroidRuntime: 	at com.streema.simpleradio.n1.c(Unknown Source:0)
01-26 11:15:26.222 15320 15320 E AndroidRuntime: 	at com.streema.simpleradio.n1.b(Unknown Source:2)
01-26 11:15:26.222 15320 15320 E AndroidRuntime: 	at com.streema.simpleradio.n1.get(Unknown Source:0)
01-26 11:15:26.222 15320 15320 E AndroidRuntime: 	at ua.b.a(Unknown Source:9)
01-26 11:15:26.222 15320 15320 E AndroidRuntime: 	at ua.b.get(Unknown Source:6)
01-26 11:15:26.222 15320 15320 E AndroidRuntime: 	at com.streema.simpleradio.g$b.g0(Unknown Source:4)
01-26 11:15:26.222 15320 15320 E AndroidRuntime: 	at com.streema.simpleradio.g$b.d1(Unknown Source:0)
01-26 11:15:26.222 15320 15320 E AndroidRuntime: 	at com.streema.simpleradio.g$b.C(Unknown Source:0)
01-26 11:15:26.222 15320 15320 E AndroidRuntime: 	at com.streema.simpleradio.analytics.b.<init>(Unknown Source:21)
01-26 11:15:26.222 15320 15320 E AndroidRuntime: 	at com.streema.simpleradio.i1.k(Unknown Source:4)
01-26 11:15:26.222 15320 15320 E AndroidRuntime: 	at com.streema.simpleradio.t1.c(Unknown Source:0)
01-26 11:15:26.222 15320 15320 E AndroidRuntime: 	at com.streema.simpleradio.t1.b(Unknown Source:2)
01-26 11:15:26.222 15320 15320 E AndroidRuntime: 	at com.streema.simpleradio.t1.get(Unknown Source:0)
01-26 11:15:26.222 15320 15320 E AndroidRuntime: 	at ua.b.a(Unknown Source:9)
01-26 11:15:26.222 15320 15320 E AndroidRuntime: 	at ua.b.get(Unknown Source:6)
01-26 11:15:26.222 15320 15320 E AndroidRuntime: 	at com.streema.simpleradio.g$b.e1(Unknown Source:2)
01-26 11:15:26.222 15320 15320 E AndroidRuntime: 	at com.streema.simpleradio.g$b.s(Unknown Source:0)
01-26 11:15:26.222 15320 15320 E AndroidRuntime: 	at com.streema.simpleradio.SimpleRadioApplication.safedk_SimpleRadioApplication_onCreate_9a06299d9e511ccb0e7b29a3b3bc1bec(Unknown Source:26)
01-26 11:15:26.222 15320 15320 E AndroidRuntime: 	at com.streema.simpleradio.SimpleRadioApplication.onCreate(Unknown Source:8)
01-26 11:15:26.222 15320 15320 E AndroidRuntime: 	at android.app.Instrumentation.callApplicationOnCreate(Instrumentation.java:1154)
01-26 11:15:26.222 15320 15320 E AndroidRuntime: 	at android.app.ActivityThread.handleBindApplication(ActivityThread.java:5902)
01-26 11:15:26.222 15320 15320 E AndroidRuntime: 	... 8 more
01-26 11:15:27.140 15300 15662 E AndroidRuntime: FATAL EXCEPTION: WM.task-1
01-26 11:15:27.140 15300 15662 E AndroidRuntime: Process: com.spotify.music, PID: 15300
01-26 11:15:27.140 15300 15662 E AndroidRuntime: java.lang.IllegalStateException: The file system on the device is in a bad state. WorkManager cannot access the app's internal data store.
01-26 11:15:27.140 15300 15662 E AndroidRuntime: 	at p.duq.run(SourceFile:106)
01-26 11:15:27.140 15300 15662 E AndroidRuntime: 	at p.ib50.run(SourceFile:261)
01-26 11:15:27.140 15300 15662 E AndroidRuntime: 	at java.util.concurrent.ThreadPoolExecutor.runWorker(ThreadPoolExecutor.java:1167)
01-26 11:15:27.140 15300 15662 E AndroidRuntime: 	at java.util.concurrent.ThreadPoolExecutor$Worker.run(ThreadPoolExecutor.java:641)
01-26 11:15:27.140 15300 15662 E AndroidRuntime: 	at java.lang.Thread.run(Thread.java:764)
01-26 11:15:27.140 15300 15662 E AndroidRuntime: Caused by: android.database.sqlite.SQLiteCantOpenDatabaseException: unknown error (code 14 SQLITE_CANTOPEN): Could not open database
01-26 11:15:27.140 15300 15662 E AndroidRuntime: 	at android.database.sqlite.SQLiteConnection.nativeOpen(Native Method)
01-26 11:15:27.140 15300 15662 E AndroidRuntime: 	at android.database.sqlite.SQLiteConnection.open(SQLiteConnection.java:211)
01-26 11:15:27.140 15300 15662 E AndroidRuntime: 	at android.database.sqlite.SQLiteConnection.open(SQLiteConnection.java:195)
01-26 11:15:27.140 15300 15662 E AndroidRuntime: 	at android.database.sqlite.SQLiteConnectionPool.openConnectionLocked(SQLiteConnectionPool.java:503)
01-26 11:15:27.140 15300 15662 E AndroidRuntime: 	at android.database.sqlite.SQLiteConnectionPool.open(SQLiteConnectionPool.java:204)
01-26 11:15:27.140 15300 15662 E AndroidRuntime: 	at android.database.sqlite.SQLiteConnectionPool.open(SQLiteConnectionPool.java:196)
01-26 11:15:27.140 15300 15662 E AndroidRuntime: 	at android.database.sqlite.SQLiteDatabase.openInner(SQLiteDatabase.java:880)
01-26 11:15:27.140 15300 15662 E AndroidRuntime: 	at android.database.sqlite.SQLiteDatabase.open(SQLiteDatabase.java:865)
01-26 11:15:27.140 15300 15662 E AndroidRuntime: 	at android.database.sqlite.SQLiteDatabase.openDatabase(SQLiteDatabase.java:739)
01-26 11:15:27.140 15300 15662 E AndroidRuntime: 	at android.database.sqlite.SQLiteDatabase.openDatabase(SQLiteDatabase.java:729)
01-26 11:15:27.140 15300 15662 E AndroidRuntime: 	at android.database.sqlite.SQLiteOpenHelper.getDatabaseLocked(SQLiteOpenHelper.java:355)
01-26 11:15:27.140 15300 15662 E AndroidRuntime: 	at android.database.sqlite.SQLiteOpenHelper.getWritableDatabase(SQLiteOpenHelper.java:298)
01-26 11:15:27.140 15300 15662 E AndroidRuntime: 	at p.n1r.e(SourceFile:115)
01-26 11:15:27.140 15300 15662 E AndroidRuntime: 	at p.n1r.a(SourceFile:24)
01-26 11:15:27.140 15300 15662 E AndroidRuntime: 	at p.o1r.getWritableDatabase(SourceFile:10)
01-26 11:15:27.140 15300 15662 E AndroidRuntime: 	at p.mse0.b(SourceFile:5)
01-26 11:15:27.140 15300 15662 E AndroidRuntime: 	at p.duq.a(SourceFile:42)
01-26 11:15:27.140 15300 15662 E AndroidRuntime: 	at p.duq.run(SourceFile:54)
01-26 11:15:27.140 15300 15662 E AndroidRuntime: 	... 4 more
--------- beginning of system
01-26 11:17:08.491   615   649 I ActivityManager: Start proc 18431:com.zjinnova.zlink/u0a115 for service com.zjinnova.zlink/com.zjinnova.android.zlink.features.service.DaemonService
01-26 11:17:08.635   615  2085 D DisplayManagerService: Display listener for pid 18431 died.
01-26 11:17:08.636   615  2411 I ActivityManager: Process com.zjinnova.zlink (pid 18431) has died: fore SVC 
01-26 11:17:08.636   615  2411 W ActivityManager: Canceling start item Intent { act=zjinnova.android.intent.action.ZLINK_SERVICE } in service ComponentInfo{com.zjinnova.zlink/com.zjinnova.android.zlink.features.service.DaemonService}
01-26 11:17:08.636   615  2411 W ActivityManager: Scheduling restart of crashed service com.zjinnova.zlink/com.zjinnova.android.zlink.features.service.DaemonService in 1000ms
01-26 11:17:09.648   615   649 I ActivityManager: Start proc 18451:com.zjinnova.zlink/u0a115 for service com.zjinnova.zlink/com.zjinnova.android.zlink.features.service.DaemonService
01-26 11:17:09.792   615  1879 D DisplayManagerService: Display listener for pid 18451 died.
01-26 11:17:09.792   615  2411 I ActivityManager: Process com.zjinnova.zlink (pid 18451) has died: fore SVC 
01-26 11:17:09.792   615  2411 W ActivityManager: Scheduling restart of crashed service com.zjinnova.zlink/com.zjinnova.android.zlink.features.service.DaemonService in 4000ms
01-26 11:17:10.652   615   649 I ActivityManager: Start proc 18481:com.zjinnova.zlink/u0a115 for service com.zjinnova.zlink/com.zjinnova.android.zlink.features.service.DaemonService
01-26 11:17:10.822   615  2085 D DisplayManagerService: Display listener for pid 18481 died.
01-26 11:17:10.822   615  2411 I ActivityManager: Process com.zjinnova.zlink (pid 18481) has died: fore SVC 
01-26 11:17:10.822   615  2411 W ActivityManager: Canceling start item Intent { act=zjinnova.android.intent.action.ZLINK_SERVICE } in service ComponentInfo{com.zjinnova.zlink/com.zjinnova.android.zlink.features.service.DaemonService}
01-26 11:17:10.823   615  2411 W ActivityManager: Scheduling restart of crashed service com.zjinnova.zlink/com.zjinnova.android.zlink.features.service.DaemonService in 1000ms
01-26 11:17:11.835   615   649 I ActivityManager: Start proc 18498:com.zjinnova.zlink/u0a115 for service com.zjinnova.zlink/com.zjinnova.android.zlink.features.service.DaemonService
01-26 11:17:11.978   615  1879 D DisplayManagerService: Display listener for pid 18498 died.
01-26 11:17:11.979   615  2411 I ActivityManager: Process com.zjinnova.zlink (pid 18498) has died: fore SVC 
01-26 11:17:11.979   615  2411 W ActivityManager: Scheduling restart of crashed service com.zjinnova.zlink/com.zjinnova.android.zlink.features.service.DaemonService in 4000ms
01-26 11:17:12.806   615   649 I ActivityManager: Start proc 18537:com.zjinnova.zlink/u0a115 for service com.zjinnova.zlink/com.zjinnova.android.zlink.features.service.DaemonService
01-26 11:17:12.965   615 16889 D DisplayManagerService: Display listener for pid 18537 died.
01-26 11:17:12.965   615  2411 I ActivityManager: Process com.zjinnova.zlink (pid 18537) has died: fore SVC 
01-26 11:17:12.965   615  2411 W ActivityManager: Canceling start item Intent { act=zjinnova.android.intent.action.ZLINK_SERVICE } in service ComponentInfo{com.zjinnova.zlink/com.zjinnova.android.zlink.features.service.DaemonService}
01-26 11:17:12.965   615  2411 W ActivityManager: Scheduling restart of crashed service com.zjinnova.zlink/com.zjinnova.android.zlink.features.service.DaemonService in 1000ms
01-26 11:17:13.981   615   649 I ActivityManager: Start proc 18553:com.zjinnova.zlink/u0a115 for service com.zjinnova.zlink/com.zjinnova.android.zlink.features.service.DaemonService
01-26 11:17:14.112   615  1976 D DisplayManagerService: Display listener for pid 18553 died.
01-26 11:17:14.112   615  2411 I ActivityManager: Process com.zjinnova.zlink (pid 18553) has died: fore SVC 
01-26 11:17:14.112   615  2411 W ActivityManager: Scheduling restart of crashed service com.zjinnova.zlink/com.zjinnova.android.zlink.features.service.DaemonService in 4000ms
01-26 11:17:14.946   615   649 I ActivityManager: Start proc 18581:com.zjinnova.zlink/u0a115 for service com.zjinnova.zlink/com.zjinnova.android.zlink.features.service.DaemonService
01-26 11:17:15.106   615 16889 D DisplayManagerService: Display listener for pid 18581 died.
01-26 11:17:15.106   615  2411 I ActivityManager: Process com.zjinnova.zlink (pid 18581) has died: fore SVC 
01-26 11:17:15.106   615  2411 W ActivityManager: Canceling start item Intent { act=zjinnova.android.intent.action.ZLINK_SERVICE } in service ComponentInfo{com.zjinnova.zlink/com.zjinnova.android.zlink.features.service.DaemonService}
01-26 11:17:15.106   615  2411 W ActivityManager: Scheduling restart of crashed service com.zjinnova.zlink/com.zjinnova.android.zlink.features.service.DaemonService in 1000ms
01-26 11:17:16.120   615   649 I ActivityManager: Start proc 18601:com.zjinnova.zlink/u0a115 for service com.zjinnova.zlink/com.zjinnova.android.zlink.features.service.DaemonService
01-26 11:17:16.298   615  2411 D DisplayManagerService: Display listener for pid 18601 died.
01-26 11:17:16.298   615  1879 I ActivityManager: Process com.zjinnova.zlink (pid 18601) has died: fore SVC 
01-26 11:17:16.299   615  1879 W ActivityManager: Scheduling restart of crashed service com.zjinnova.zlink/com.zjinnova.android.zlink.features.service.DaemonService in 4000ms
01-26 11:17:17.093   615   649 I ActivityManager: Start proc 18629:com.zjinnova.zlink/u0a115 for service com.zjinnova.zlink/com.zjinnova.android.zlink.features.service.DaemonService
01-26 11:17:17.215   615  2085 D DisplayManagerService: Display listener for pid 18629 died.
01-26 11:17:17.215   615  1879 I ActivityManager: Process com.zjinnova.zlink (pid 18629) has died: fore SVC 
01-26 11:17:17.215   615  1879 W ActivityManager: Canceling start item Intent { act=zjinnova.android.intent.action.ZLINK_SERVICE } in service ComponentInfo{com.zjinnova.zlink/com.zjinnova.android.zlink.features.service.DaemonService}
01-26 11:17:17.215   615  1879 W ActivityManager: Scheduling restart of crashed service com.zjinnova.zlink/com.zjinnova.android.zlink.features.service.DaemonService in 1000ms
01-26 11:17:18.227   615   649 I ActivityManager: Start proc 18650:com.zjinnova.zlink/u0a115 for service com.zjinnova.zlink/com.zjinnova.android.zlink.features.service.DaemonService
01-26 11:17:18.348   615  1879 D DisplayManagerService: Display listener for pid 18650 died.
01-26 11:17:18.349   615  2411 I ActivityManager: Process com.zjinnova.zlink (pid 18650) has died: fore SVC 
01-26 11:17:18.349   615  2411 W ActivityManager: Scheduling restart of crashed service com.zjinnova.zlink/com.zjinnova.android.zlink.features.service.DaemonService in 4000ms
01-26 11:17:18.780   615   646 W BroadcastQueue: Background execution not allowed: receiving Intent { act=android.bluetooth.adapter.action.CONNECTION_STATE_CHANGED flg=0x4000010 (has extras) } to com.google.android.gms/.chimera.GmsIntentOperationService$PersistentTrustedReceiver
01-26 11:17:19.333   615   649 I ActivityManager: Start proc 18679:com.zjinnova.zlink/u0a115 for service com.zjinnova.zlink/com.zjinnova.android.zlink.features.service.DaemonService
01-26 11:17:19.495   615  2411 D DisplayManagerService: Display listener for pid 18679 died.
01-26 11:17:19.495   615 16889 I ActivityManager: Process com.zjinnova.zlink (pid 18679) has died: fore SVC 
01-26 11:17:19.496   615 16889 W ActivityManager: Canceling start item Intent { act=zjinnova.android.intent.action.ZLINK_SERVICE } in service ComponentInfo{com.zjinnova.zlink/com.zjinnova.android.zlink.features.service.DaemonService}
01-26 11:17:19.496   615 16889 W ActivityManager: Scheduling restart of crashed service com.zjinnova.zlink/com.zjinnova.android.zlink.features.service.DaemonService in 1000ms
01-26 11:17:20.508   615   649 I ActivityManager: Start proc 18697:com.zjinnova.zlink/u0a115 for service com.zjinnova.zlink/com.zjinnova.android.zlink.features.service.DaemonService
01-26 11:17:20.652   615  1879 D DisplayManagerService: Display listener for pid 18697 died.
01-26 11:17:20.652   615 16889 I ActivityManager: Process com.zjinnova.zlink (pid 18697) has died: fore SVC 
01-26 11:17:20.652   615 16889 W ActivityManager: Scheduling restart of crashed service com.zjinnova.zlink/com.zjinnova.android.zlink.features.service.DaemonService in 4000ms
01-26 11:17:21.510   615   649 I ActivityManager: Start proc 18728:com.zjinnova.zlink/u0a115 for service com.zjinnova.zlink/com.zjinnova.android.zlink.features.service.DaemonService
01-26 11:17:21.645   615 16889 D DisplayManagerService: Display listener for pid 18728 died.
01-26 11:17:21.646   615  2411 I ActivityManager: Process com.zjinnova.zlink (pid 18728) has died: fore SVC 
01-26 11:17:21.646   615  2411 W ActivityManager: Canceling start item Intent { act=zjinnova.android.intent.action.ZLINK_SERVICE } in service ComponentInfo{com.zjinnova.zlink/com.zjinnova.android.zlink.features.service.DaemonService}
01-26 11:17:21.646   615  2411 W ActivityManager: Scheduling restart of crashed service com.zjinnova.zlink/com.zjinnova.android.zlink.features.service.DaemonService in 1000ms
01-26 11:17:22.659   615   649 I ActivityManager: Start proc 18745:com.zjinnova.zlink/u0a115 for service com.zjinnova.zlink/com.zjinnova.android.zlink.features.service.DaemonService
01-26 11:17:22.805   615  2411 D DisplayManagerService: Display listener for pid 18745 died.
01-26 11:17:22.805   615  1879 I ActivityManager: Process com.zjinnova.zlink (pid 18745) has died: fore SVC 
01-26 11:17:22.806   615  1879 W ActivityManager: Scheduling restart of crashed service com.zjinnova.zlink/com.zjinnova.android.zlink.features.service.DaemonService in 4000ms
01-26 11:17:23.676   615   649 I ActivityManager: Start proc 18772:com.zjinnova.zlink/u0a115 for service com.zjinnova.zlink/com.zjinnova.android.zlink.features.service.DaemonService
01-26 11:17:23.828   615 16889 D DisplayManagerService: Display listener for pid 18772 died.
01-26 11:17:23.829   615  1879 I ActivityManager: Process com.zjinnova.zlink (pid 18772) has died: fore SVC 
01-26 11:17:23.829   615  1879 W ActivityManager: Canceling start item Intent { act=zjinnova.android.intent.action.ZLINK_SERVICE } in service ComponentInfo{com.zjinnova.zlink/com.zjinnova.android.zlink.features.service.DaemonService}
01-26 11:17:23.829   615  1879 W ActivityManager: Scheduling restart of crashed service com.zjinnova.zlink/com.zjinnova.android.zlink.features.service.DaemonService in 1000ms
01-26 11:17:24.840   615   649 I ActivityManager: Start proc 18793:com.zjinnova.zlink/u0a115 for service com.zjinnova.zlink/com.zjinnova.android.zlink.features.service.DaemonService
01-26 11:17:24.995   615  2411 D DisplayManagerService: Display listener for pid 18793 died.
01-26 11:17:24.995   615  1879 I ActivityManager: Process com.zjinnova.zlink (pid 18793) has died: fore SVC 
01-26 11:17:24.996   615  1879 W ActivityManager: Scheduling restart of crashed service com.zjinnova.zlink/com.zjinnova.android.zlink.features.service.DaemonService in 4000ms
01-26 11:17:25.836   615   649 I ActivityManager: Start proc 18820:com.zjinnova.zlink/u0a115 for service com.zjinnova.zlink/com.zjinnova.android.zlink.features.service.DaemonService
01-26 11:17:26.005   615  2411 D DisplayManagerService: Display listener for pid 18820 died.
01-26 11:17:26.005   615  1879 I ActivityManager: Process com.zjinnova.zlink (pid 18820) has died: fore SVC 
01-26 11:17:26.005   615  1879 W ActivityManager: Canceling start item Intent { act=zjinnova.android.intent.action.ZLINK_SERVICE } in service ComponentInfo{com.zjinnova.zlink/com.zjinnova.android.zlink.features.service.DaemonService}
01-26 11:17:26.005   615  1879 W ActivityManager: Scheduling restart of crashed service com.zjinnova.zlink/com.zjinnova.android.zlink.features.service.DaemonService in 1000ms
01-26 11:17:26.450  1152  1152 E BluetoothTetheringNetworkFactory: attempted to stop reverse tether with nothing tethered
01-26 11:17:27.018   615   649 I ActivityManager: Start proc 18839:com.zjinnova.zlink/u0a115 for service com.zjinnova.zlink/com.zjinnova.android.zlink.features.service.DaemonService
01-26 11:17:27.175   615  1879 D DisplayManagerService: Display listener for pid 18839 died.
01-26 11:17:27.175   615   902 I ActivityManager: Process com.zjinnova.zlink (pid 18839) has died: fore SVC 
01-26 11:17:27.175   615   902 W ActivityManager: Scheduling restart of crashed service com.zjinnova.zlink/com.zjinnova.android.zlink.features.service.DaemonService in 4000ms
01-26 11:17:27.976   615   649 I ActivityManager: Start proc 18870:com.zjinnova.zlink/u0a115 for service com.zjinnova.zlink/com.zjinnova.android.zlink.features.service.DaemonService
01-26 11:17:28.132   615  1879 D DisplayManagerService: Display listener for pid 18870 died.
01-26 11:17:28.133   615  1879 I ActivityManager: Process com.zjinnova.zlink (pid 18870) has died: fore SVC 
01-26 11:17:28.133   615  1879 W ActivityManager: Canceling start item Intent { act=zjinnova.android.intent.action.ZLINK_SERVICE } in service ComponentInfo{com.zjinnova.zlink/com.zjinnova.android.zlink.features.service.DaemonService}
01-26 11:17:28.133   615  1879 W ActivityManager: Scheduling restart of crashed service com.zjinnova.zlink/com.zjinnova.android.zlink.features.service.DaemonService in 1000ms
01-26 11:17:28.883   615   646 W BroadcastQueue: Background execution not allowed: receiving Intent { act=android.bluetooth.adapter.action.CONNECTION_STATE_CHANGED flg=0x4000010 (has extras) } to com.google.android.gms/.chimera.GmsIntentOperationService$PersistentTrustedReceiver
01-26 11:17:29.145   615   649 I ActivityManager: Start proc 18887:com.zjinnova.zlink/u0a115 for service com.zjinnova.zlink/com.zjinnova.android.zlink.features.service.DaemonService
01-26 11:17:29.335   615  1879 D DisplayManagerService: Display listener for pid 18887 died.
01-26 11:17:29.336   615  1879 I ActivityManager: Process com.zjinnova.zlink (pid 18887) has died: fore SVC 
01-26 11:17:29.336   615  1879 W ActivityManager: Scheduling restart of crashed service com.zjinnova.zlink/com.zjinnova.android.zlink.features.service.DaemonService in 4000ms
01-26 11:17:30.132   615   649 I ActivityManager: Start proc 18917:com.zjinnova.zlink/u0a115 for service com.zjinnova.zlink/com.zjinnova.android.zlink.features.service.DaemonService
01-26 11:17:30.242   615  1976 D DisplayManagerService: Display listener for pid 18917 died.
01-26 11:17:30.242   615 16889 I ActivityManager: Process com.zjinnova.zlink (pid 18917) has died: fore SVC 
01-26 11:17:30.243   615 16889 W ActivityManager: Canceling start item Intent { act=zjinnova.android.intent.action.ZLINK_SERVICE } in service ComponentInfo{com.zjinnova.zlink/com.zjinnova.android.zlink.features.service.DaemonService}
01-26 11:17:30.243   615 16889 W ActivityManager: Scheduling restart of crashed service com.zjinnova.zlink/com.zjinnova.android.zlink.features.service.DaemonService in 1000ms
01-26 11:17:31.255   615   649 I ActivityManager: Start proc 18935:com.zjinnova.zlink/u0a115 for service com.zjinnova.zlink/com.zjinnova.android.zlink.features.service.DaemonService
01-26 11:17:31.405   615 16889 D DisplayManagerService: Display listener for pid 18935 died.
01-26 11:17:31.406   615 16889 I ActivityManager: Process com.zjinnova.zlink (pid 18935) has died: fore SVC 
01-26 11:17:31.406   615 16889 W ActivityManager: Scheduling restart of crashed service com.zjinnova.zlink/com.zjinnova.android.zlink.features.service.DaemonService in 4000ms
01-26 11:17:32.358   615   649 I ActivityManager: Start proc 18964:com.zjinnova.zlink/u0a115 for service com.zjinnova.zlink/com.zjinnova.android.zlink.features.service.DaemonService
01-26 11:17:32.502   615 16889 D DisplayManagerService: Display listener for pid 18964 died.
01-26 11:17:32.502   615  1976 I ActivityManager: Process com.zjinnova.zlink (pid 18964) has died: fore SVC 
01-26 11:17:32.502   615  1976 W ActivityManager: Canceling start item Intent { act=zjinnova.android.intent.action.ZLINK_SERVICE } in service ComponentInfo{com.zjinnova.zlink/com.zjinnova.android.zlink.features.service.DaemonService}
01-26 11:17:32.502   615  1976 W ActivityManager: Scheduling restart of crashed service com.zjinnova.zlink/com.zjinnova.android.zlink.features.service.DaemonService in 1000ms
01-26 11:17:33.514   615   649 I ActivityManager: Start proc 18980:com.zjinnova.zlink/u0a115 for service com.zjinnova.zlink/com.zjinnova.android.zlink.features.service.DaemonService
01-26 11:17:33.632   615 16889 D DisplayManagerService: Display listener for pid 18980 died.
01-26 11:17:33.632   615  1976 I ActivityManager: Process com.zjinnova.zlink (pid 18980) has died: fore SVC 
01-26 11:17:33.632   615  1976 W ActivityManager: Scheduling restart of crashed service com.zjinnova.zlink/com.zjinnova.android.zlink.features.service.DaemonService in 4000ms
01-26 11:17:34.138   615   646 W BroadcastQueue: Background execution not allowed: receiving Intent { act=android.bluetooth.adapter.action.CONNECTION_STATE_CHANGED flg=0x4000010 (has extras) } to com.google.android.gms/.chimera.GmsIntentOperationService$PersistentTrustedReceiver
01-26 11:17:34.512   615   649 I ActivityManager: Start proc 19011:com.zjinnova.zlink/u0a115 for service com.zjinnova.zlink/com.zjinnova.android.zlink.features.service.DaemonService
01-26 11:17:34.672   615 16889 D DisplayManagerService: Display listener for pid 19011 died.
01-26 11:17:34.672   615   902 I ActivityManager: Process com.zjinnova.zlink (pid 19011) has died: fore SVC 
01-26 11:17:34.672   615   902 W ActivityManager: Canceling start item Intent { act=zjinnova.android.intent.action.ZLINK_SERVICE } in service ComponentInfo{com.zjinnova.zlink/com.zjinnova.android.zlink.features.service.DaemonService}
01-26 11:17:34.672   615   902 W ActivityManager: Scheduling restart of crashed service com.zjinnova.zlink/com.zjinnova.android.zlink.features.service.DaemonService in 1000ms
01-26 11:17:35.689   615   649 I ActivityManager: Start proc 19027:com.zjinnova.zlink/u0a115 for service com.zjinnova.zlink/com.zjinnova.android.zlink.features.service.DaemonService
01-26 11:17:35.835   615  1879 D DisplayManagerService: Display listener for pid 19027 died.
01-26 11:17:35.835   615   902 I ActivityManager: Process com.zjinnova.zlink (pid 19027) has died: fore SVC 
01-26 11:17:35.835   615   902 W ActivityManager: Scheduling restart of crashed service com.zjinnova.zlink/com.zjinnova.android.zlink.features.service.DaemonService in 4000ms
01-26 11:17:36.654   615   649 I ActivityManager: Start proc 19055:com.zjinnova.zlink/u0a115 for service com.zjinnova.zlink/com.zjinnova.android.zlink.features.service.DaemonService
01-26 11:17:36.818   615  1879 D DisplayManagerService: Display listener for pid 19055 died.
01-26 11:17:36.819   615  1879 I ActivityManager: Process com.zjinnova.zlink (pid 19055) has died: fore SVC 
01-26 11:17:36.819   615  1879 W ActivityManager: Canceling start item Intent { act=zjinnova.android.intent.action.ZLINK_SERVICE } in service ComponentInfo{com.zjinnova.zlink/com.zjinnova.android.zlink.features.service.DaemonService}
01-26 11:17:36.819   615  1879 W ActivityManager: Scheduling restart of crashed service com.zjinnova.zlink/com.zjinnova.android.zlink.features.service.DaemonService in 1000ms
01-26 11:17:37.833   615   649 I ActivityManager: Start proc 19075:com.zjinnova.zlink/u0a115 for service com.zjinnova.zlink/com.zjinnova.android.zlink.features.service.DaemonService
01-26 11:17:38.012   615  1879 D DisplayManagerService: Display listener for pid 19075 died.
01-26 11:17:38.012   615  2085 I ActivityManager: Process com.zjinnova.zlink (pid 19075) has died: fore SVC 
01-26 11:17:38.012   615  2085 W ActivityManager: Scheduling restart of crashed service com.zjinnova.zlink/com.zjinnova.android.zlink.features.service.DaemonService in 4000ms
01-26 11:17:38.798   615   649 I ActivityManager: Start proc 19103:com.zjinnova.zlink/u0a115 for service com.zjinnova.zlink/com.zjinnova.android.zlink.features.service.DaemonService
01-26 11:17:38.905   615  2085 D DisplayManagerService: Display listener for pid 19103 died.
01-26 11:17:38.905   615   902 I ActivityManager: Process com.zjinnova.zlink (pid 19103) has died: fore SVC 
01-26 11:17:38.905   615   902 W ActivityManager: Canceling start item Intent { act=zjinnova.android.intent.action.ZLINK_SERVICE } in service ComponentInfo{com.zjinnova.zlink/com.zjinnova.android.zlink.features.service.DaemonService}
01-26 11:17:38.905   615   902 W ActivityManager: Scheduling restart of crashed service com.zjinnova.zlink/com.zjinnova.android.zlink.features.service.DaemonService in 1000ms
01-26 11:17:39.917   615   649 I ActivityManager: Start proc 19119:com.zjinnova.zlink/u0a115 for service com.zjinnova.zlink/com.zjinnova.android.zlink.features.service.DaemonService
01-26 11:17:40.058   615   902 D DisplayManagerService: Display listener for pid 19119 died.
01-26 11:17:40.059   615  2085 I ActivityManager: Process com.zjinnova.zlink (pid 19119) has died: fore SVC 
01-26 11:17:40.059   615  2085 W ActivityManager: Scheduling restart of crashed service com.zjinnova.zlink/com.zjinnova.android.zlink.features.service.DaemonService in 4000ms
01-26 11:17:41.010   615   649 I ActivityManager: Start proc 19151:com.zjinnova.zlink/u0a115 for service com.zjinnova.zlink/com.zjinnova.android.zlink.features.service.DaemonService
01-26 11:17:41.158   615  2411 D DisplayManagerService: Display listener for pid 19151 died.
01-26 11:17:41.159   615  2085 I ActivityManager: Process com.zjinnova.zlink (pid 19151) has died: fore SVC 
01-26 11:17:41.159   615  2085 W ActivityManager: Canceling start item Intent { act=zjinnova.android.intent.action.ZLINK_SERVICE } in service ComponentInfo{com.zjinnova.zlink/com.zjinnova.android.zlink.features.service.DaemonService}
01-26 11:17:41.159   615  2085 W ActivityManager: Scheduling restart of crashed service com.zjinnova.zlink/com.zjinnova.android.zlink.features.service.DaemonService in 1000ms
01-26 11:17:42.177   615   649 I ActivityManager: Start proc 19167:com.zjinnova.zlink/u0a115 for service com.zjinnova.zlink/com.zjinnova.android.zlink.features.service.DaemonService
01-26 11:17:42.282   615  2085 D DisplayManagerService: Display listener for pid 19167 died.
01-26 11:17:42.282   615  1976 I ActivityManager: Process com.zjinnova.zlink (pid 19167) has died: fore SVC 
01-26 11:17:42.282   615  1976 W ActivityManager: Scheduling restart of crashed service com.zjinnova.zlink/com.zjinnova.android.zlink.features.service.DaemonService in 4000ms
01-26 11:17:43.213   615   649 I ActivityManager: Start proc 19199:com.zjinnova.zlink/u0a115 for service com.zjinnova.zlink/com.zjinnova.android.zlink.features.service.DaemonService
01-26 11:17:43.352   615  2085 D DisplayManagerService: Display listener for pid 19199 died.
01-26 11:17:43.352   615  1976 I ActivityManager: Process com.zjinnova.zlink (pid 19199) has died: fore SVC 
01-26 11:17:43.352   615  1976 W ActivityManager: Canceling start item Intent { act=zjinnova.android.intent.action.ZLINK_SERVICE } in service ComponentInfo{com.zjinnova.zlink/com.zjinnova.android.zlink.features.service.DaemonService}
01-26 11:17:43.352   615  1976 W ActivityManager: Scheduling restart of crashed service com.zjinnova.zlink/com.zjinnova.android.zlink.features.service.DaemonService in 1000ms
01-26 11:17:44.365   615   649 I ActivityManager: Start proc 19216:com.zjinnova.zlink/u0a115 for service com.zjinnova.zlink/com.zjinnova.android.zlink.features.service.DaemonService
01-26 11:17:44.502   615  1976 D DisplayManagerService: Display listener for pid 19216 died.
01-26 11:17:44.502   615  2411 I ActivityManager: Process com.zjinnova.zlink (pid 19216) has died: fore SVC 
01-26 11:17:44.502   615  2411 W ActivityManager: Scheduling restart of crashed service com.zjinnova.zlink/com.zjinnova.android.zlink.features.service.DaemonService in 4000ms
01-26 11:17:44.554  1159 19232 E SchedPolicy: set_timerslack_ns write failed: Operation not permitted
01-26 11:17:45.374   615   649 I ActivityManager: Start proc 19244:com.zjinnova.zlink/u0a115 for service com.zjinnova.zlink/com.zjinnova.android.zlink.features.service.DaemonService
01-26 11:17:45.562   615  2411 D DisplayManagerService: Display listener for pid 19244 died.
01-26 11:17:45.562   615  1879 I ActivityManager: Process com.zjinnova.zlink (pid 19244) has died: fore SVC 
01-26 11:17:45.563   615  1879 W ActivityManager: Canceling start item Intent { act=zjinnova.android.intent.action.ZLINK_SERVICE } in service ComponentInfo{com.zjinnova.zlink/com.zjinnova.android.zlink.features.service.DaemonService}
01-26 11:17:45.563   615  1879 W ActivityManager: Scheduling restart of crashed service com.zjinnova.zlink/com.zjinnova.android.zlink.features.service.DaemonService in 1000ms
01-26 11:17:46.576   615   649 I ActivityManager: Start proc 19265:com.zjinnova.zlink/u0a115 for service com.zjinnova.zlink/com.zjinnova.android.zlink.features.service.DaemonService
01-26 11:17:46.698   615  1879 D DisplayManagerService: Display listener for pid 19265 died.
01-26 11:17:46.698   615  2411 I ActivityManager: Process com.zjinnova.zlink (pid 19265) has died: fore SVC 
