01-27 17:46:29.315 18342 18342 W System.err: 	at android.app.Instrumentation.newApplication(Instrumentation.java:1121)
01-27 17:46:29.315 18342 18342 W System.err: 	at android.app.LoadedApk.makeApplication(LoadedApk.java:1064)
01-27 17:46:29.315 18342 18342 W System.err: 	at android.app.ActivityThread.handleBindApplication(ActivityThread.java:5873)
01-27 17:46:29.315 18342 18342 W System.err: 	at android.app.ActivityThread.access$1200(ActivityThread.java:206)
01-27 17:46:29.315 18342 18342 W System.err: 	at android.app.ActivityThread$H.handleMessage(ActivityThread.java:1678)
01-27 17:46:29.315 18342 18342 W System.err: 	at android.os.Handler.dispatchMessage(Handler.java:106)
01-27 17:46:29.315 18342 18342 W System.err: 	at android.os.Looper.loop(Looper.java:193)
01-27 17:46:29.315 18342 18342 W System.err: 	at android.app.ActivityThread.main(ActivityThread.java:6702)
01-27 17:46:29.315 18342 18342 W System.err: 	at java.lang.reflect.Method.invoke(Native Method)
01-27 17:46:29.315 18342 18342 W System.err: 	at com.android.internal.os.RuntimeInit$MethodAndArgsCaller.run(RuntimeInit.java:493)
01-27 17:46:29.315 18342 18342 W System.err: 	at com.android.internal.os.ZygoteInit.main(ZygoteInit.java:911)
01-27 17:46:29.316 18342 18342 W System.err: Caused by: android.system.ErrnoException: open failed: EACCES (Permission denied)
01-27 17:46:29.316 18342 18342 W System.err: 	at libcore.io.Linux.open(Native Method)
01-27 17:46:29.316 18342 18342 W System.err: 	at libcore.io.BlockGuardOs.open(BlockGuardOs.java:210)
01-27 17:46:29.316 18342 18342 W System.err: 	at libcore.io.IoBridge.open(IoBridge.java:471)
01-27 17:46:29.316 18342 18342 W System.err: 	... 17 more
01-27 17:46:29.316 18342 18342 W System.err: java.io.FileNotFoundException: /data/user/0/com.zjinnova.zlink/files/prodexdir/tosversion (Permission denied)
01-27 17:46:29.317 18342 18342 W System.err: 	at java.io.FileOutputStream.open0(Native Method)
01-27 17:46:29.317 18342 18342 W System.err: 	at java.io.FileOutputStream.open(FileOutputStream.java:308)
01-27 17:46:29.317 18342 18342 W System.err: 	at java.io.FileOutputStream.<init>(FileOutputStream.java:238)
01-27 17:46:29.317 18342 18342 W System.err: 	at java.io.FileOutputStream.<init>(FileOutputStream.java:180)
01-27 17:46:29.317 18342 18342 W System.err: 	at com.wrapper.proxyapplication.Util.UnzipFile(Util.java:205)
01-27 17:46:29.317 18342 18342 W System.err: 	at com.wrapper.proxyapplication.Util.PrepareSecurefiles(Util.java:554)
01-27 17:46:29.317 18342 18342 W System.err: 	at com.zjinnova.zlink.MyWrapperProxyApplication.initProxyApplication(MyWrapperProxyApplication.java:33)
01-27 17:46:29.317 18342 18342 W System.err: 	at com.wrapper.proxyapplication.WrapperProxyApplication.attachBaseContext(WrapperProxyApplication.java:459)
01-27 17:46:29.317 18342 18342 W System.err: 	at android.app.Application.attach(Application.java:212)
01-27 17:46:29.317 18342 18342 W System.err: 	at android.app.Instrumentation.newApplication(Instrumentation.java:1121)
01-27 17:46:29.317 18342 18342 W System.err: 	at android.app.LoadedApk.makeApplication(LoadedApk.java:1064)
01-27 17:46:29.317 18342 18342 W System.err: 	at android.app.ActivityThread.handleBindApplication(ActivityThread.java:5873)
01-27 17:46:29.317 18342 18342 W System.err: 	at android.app.ActivityThread.access$1200(ActivityThread.java:206)
01-27 17:46:29.317 18342 18342 W System.err: 	at android.app.ActivityThread$H.handleMessage(ActivityThread.java:1678)
01-27 17:46:29.317 18342 18342 W System.err: 	at android.os.Handler.dispatchMessage(Handler.java:106)
01-27 17:46:29.317 18342 18342 W System.err: 	at android.os.Looper.loop(Looper.java:193)
01-27 17:46:29.317 18342 18342 W System.err: 	at android.app.ActivityThread.main(ActivityThread.java:6702)
01-27 17:46:29.317 18342 18342 W System.err: 	at java.lang.reflect.Method.invoke(Native Method)
01-27 17:46:29.317 18342 18342 W System.err: 	at com.android.internal.os.RuntimeInit$MethodAndArgsCaller.run(RuntimeInit.java:493)
01-27 17:46:29.317 18342 18342 W System.err: 	at com.android.internal.os.ZygoteInit.main(ZygoteInit.java:911)
01-27 17:46:29.412   614  1861 D DisplayManagerService: Display listener for pid 18342 died.
01-27 17:46:29.412   614  1450 I ActivityManager: Process com.zjinnova.zlink (pid 18342) has died: fore SVC 
01-27 17:46:29.413   614  1450 W ActivityManager: Canceling start item Intent { act=zjinnova.android.intent.action.ZLINK_SERVICE } in service ComponentInfo{com.zjinnova.zlink/com.zjinnova.android.zlink.features.service.DaemonService}
01-27 17:46:29.413   614   649 W libprocessgroup: kill(-18342, 9) failed: No such process
01-27 17:46:29.413   614  1450 W ActivityManager: Scheduling restart of crashed service com.zjinnova.zlink/com.zjinnova.android.zlink.features.service.DaemonService in 1000ms
01-27 17:46:29.413   614   649 I libprocessgroup: Successfully killed process cgroup uid 10115 pid 18342 in 0ms
01-27 17:46:29.415   614   614 I SourceService: Activity DIED(), com.zjinnova.zlink | com.zjinnova.zlink
01-27 17:46:29.579   454  1178 D pseudo  : mtk_gps_sys_nmea_output_to_mnld: received 467 bytes:
01-27 17:46:29.580   454  1178 D pseudo  : mtk_gps_sys_nmea_output_to_app: len:467, [NMEA]$GPGGA,164630.08...
01-27 17:46:29.580   454  1178 D         : mtk_gps_sys_gps_mnl_callback: msg:0
01-27 17:46:29.580   454  1178 D         : send_active_notify: send clean nmea timer cmd!
01-27 17:46:29.580   454  1178 D         : mtk_gps_sys_gps_mnl_callback: MTK_GPS_MSG_FIX_READY,GET_RTC_FAIL
01-27 17:46:29.580   454  1178 D pseudo  : mtk_gps_sys_nmea_output_to_app: len:46, [vAGPS_Auto_Req]:g_FirstDbtt:0,u2BitMap:0x12f
01-27 17:46:29.581   454   543 D         : gps_control_thread: gps_control_thread wait
01-27 17:46:29.583   614  3838 I GnssLocationProvider: WakeLock acquired by sendMessage(REPORT_SV_STATUS, 0, com.android.server.location.GnssLocationProvider$SvStatusInfo@12c7e4a)
01-27 17:46:29.583   614   880 I GnssLocationProvider: WakeLock released by handleMessage(REPORT_SV_STATUS, 0, com.android.server.location.GnssLocationProvider$SvStatusInfo@12c7e4a)
01-27 17:46:29.695   342  1232 D [BT]    : mtk_bt_op: BT_VND_OP_LPM_WAKE_SET_STATE
01-27 17:46:30.353   383  1137 D BufferQueueProducer: [altergames.carlauncher/altergames.carlauncher.MainActivity#0](this:0xa8010000,id:140,api:1,p:1327,c:383) queueBuffer: fps=1.67 dur=1196.91 max=989.29 min=207.62
01-27 17:46:30.359   383   383 D SurfaceFlinger: [Built-in Screen (type:0)] fps:1.687894,dur:1184.91,max:976.24,min:208.67
01-27 17:46:30.425   614   648 I ActivityManager: Start proc 18363:com.zjinnova.zlink/u0a115 for service com.zjinnova.zlink/com.zjinnova.android.zlink.features.service.DaemonService
01-27 17:46:30.436 18363 18363 E .zjinnova.zlin: Not starting debugger since process cannot load the jdwp agent.
01-27 17:46:30.471 18363 18363 I .zjinnova.zlin: The ClassLoaderContext is a special shared library.
01-27 17:46:30.477 18363 18363 W .zjinnova.zlin: JIT profile information will not be recorded: profile file does not exits.
01-27 17:46:30.492 18363 18363 W System.err: java.io.FileNotFoundException: /data/user/0/com.zjinnova.zlink/files/prodexdir/tosversion: open failed: EACCES (Permission denied)
01-27 17:46:30.492 18363 18363 W System.err: 	at libcore.io.IoBridge.open(IoBridge.java:485)
01-27 17:46:30.492 18363 18363 W System.err: 	at java.io.RandomAccessFile.<init>(RandomAccessFile.java:288)
01-27 17:46:30.492 18363 18363 W System.err: 	at java.io.RandomAccessFile.<init>(RandomAccessFile.java:151)
01-27 17:46:30.492 18363 18363 W System.err: 	at com.wrapper.proxyapplication.Util.PrepareSecurefiles(Util.java:362)
01-27 17:46:30.492 18363 18363 W System.err: 	at com.zjinnova.zlink.MyWrapperProxyApplication.initProxyApplication(MyWrapperProxyApplication.java:33)
01-27 17:46:30.492 18363 18363 W System.err: 	at com.wrapper.proxyapplication.WrapperProxyApplication.attachBaseContext(WrapperProxyApplication.java:459)
01-27 17:46:30.492 18363 18363 W System.err: 	at android.app.Application.attach(Application.java:212)
01-27 17:46:30.492 18363 18363 W System.err: 	at android.app.Instrumentation.newApplication(Instrumentation.java:1121)
01-27 17:46:30.492 18363 18363 W System.err: 	at android.app.LoadedApk.makeApplication(LoadedApk.java:1064)
01-27 17:46:30.493 18363 18363 W System.err: 	at android.app.ActivityThread.handleBindApplication(ActivityThread.java:5873)
01-27 17:46:30.493 18363 18363 W System.err: 	at android.app.ActivityThread.access$1200(ActivityThread.java:206)
01-27 17:46:30.493 18363 18363 W System.err: 	at android.app.ActivityThread$H.handleMessage(ActivityThread.java:1678)
01-27 17:46:30.493 18363 18363 W System.err: 	at android.os.Handler.dispatchMessage(Handler.java:106)
01-27 17:46:30.493 18363 18363 W System.err: 	at android.os.Looper.loop(Looper.java:193)
01-27 17:46:30.493 18363 18363 W System.err: 	at android.app.ActivityThread.main(ActivityThread.java:6702)
01-27 17:46:30.493 18363 18363 W System.err: 	at java.lang.reflect.Method.invoke(Native Method)
01-27 17:46:30.493 18363 18363 W System.err: 	at com.android.internal.os.RuntimeInit$MethodAndArgsCaller.run(RuntimeInit.java:493)
01-27 17:46:30.493 18363 18363 W System.err: 	at com.android.internal.os.ZygoteInit.main(ZygoteInit.java:911)
01-27 17:46:30.493 18363 18363 W System.err: Caused by: android.system.ErrnoException: open failed: EACCES (Permission denied)
01-27 17:46:30.493 18363 18363 W System.err: 	at libcore.io.Linux.open(Native Method)
01-27 17:46:30.493 18363 18363 W System.err: 	at libcore.io.BlockGuardOs.open(BlockGuardOs.java:210)
01-27 17:46:30.493 18363 18363 W System.err: 	at libcore.io.IoBridge.open(IoBridge.java:471)
01-27 17:46:30.493 18363 18363 W System.err: 	... 17 more
01-27 17:46:30.494 18363 18363 W System.err: java.io.FileNotFoundException: /data/user/0/com.zjinnova.zlink/files/prodexdir/tosversion (Permission denied)
01-27 17:46:30.494 18363 18363 W System.err: 	at java.io.FileOutputStream.open0(Native Method)
01-27 17:46:30.494 18363 18363 W System.err: 	at java.io.FileOutputStream.open(FileOutputStream.java:308)
01-27 17:46:30.494 18363 18363 W System.err: 	at java.io.FileOutputStream.<init>(FileOutputStream.java:238)
01-27 17:46:30.494 18363 18363 W System.err: 	at java.io.FileOutputStream.<init>(FileOutputStream.java:180)
01-27 17:46:30.494 18363 18363 W System.err: 	at com.wrapper.proxyapplication.Util.UnzipFile(Util.java:205)
01-27 17:46:30.494 18363 18363 W System.err: 	at com.wrapper.proxyapplication.Util.PrepareSecurefiles(Util.java:554)
01-27 17:46:30.494 18363 18363 W System.err: 	at com.zjinnova.zlink.MyWrapperProxyApplication.initProxyApplication(MyWrapperProxyApplication.java:33)
01-27 17:46:30.494 18363 18363 W System.err: 	at com.wrapper.proxyapplication.WrapperProxyApplication.attachBaseContext(WrapperProxyApplication.java:459)
01-27 17:46:30.494 18363 18363 W System.err: 	at android.app.Application.attach(Application.java:212)
01-27 17:46:30.494 18363 18363 W System.err: 	at android.app.Instrumentation.newApplication(Instrumentation.java:1121)
01-27 17:46:30.494 18363 18363 W System.err: 	at android.app.LoadedApk.makeApplication(LoadedApk.java:1064)
01-27 17:46:30.494 18363 18363 W System.err: 	at android.app.ActivityThread.handleBindApplication(ActivityThread.java:5873)
01-27 17:46:30.494 18363 18363 W System.err: 	at android.app.ActivityThread.access$1200(ActivityThread.java:206)
01-27 17:46:30.494 18363 18363 W System.err: 	at android.app.ActivityThread$H.handleMessage(ActivityThread.java:1678)
01-27 17:46:30.495 18363 18363 W System.err: 	at android.os.Handler.dispatchMessage(Handler.java:106)
01-27 17:46:30.495 18363 18363 W System.err: 	at android.os.Looper.loop(Looper.java:193)
01-27 17:46:30.495 18363 18363 W System.err: 	at android.app.ActivityThread.main(ActivityThread.java:6702)
01-27 17:46:30.495 18363 18363 W System.err: 	at java.lang.reflect.Method.invoke(Native Method)
01-27 17:46:30.495 18363 18363 W System.err: 	at com.android.internal.os.RuntimeInit$MethodAndArgsCaller.run(RuntimeInit.java:493)
01-27 17:46:30.495 18363 18363 W System.err: 	at com.android.internal.os.ZygoteInit.main(ZygoteInit.java:911)
01-27 17:46:30.569   614  1450 D DisplayManagerService: Display listener for pid 18363 died.
01-27 17:46:30.569   614  1455 I ActivityManager: Process com.zjinnova.zlink (pid 18363) has died: fore SVC 
01-27 17:46:30.569   614  1455 W ActivityManager: Scheduling restart of crashed service com.zjinnova.zlink/com.zjinnova.android.zlink.features.service.DaemonService in 4000ms
01-27 17:46:30.570   614   649 W libprocessgroup: kill(-18363, 9) failed: No such process
01-27 17:46:30.571   614   649 I libprocessgroup: Successfully killed process cgroup uid 10115 pid 18363 in 0ms
01-27 17:46:30.571   614   614 I SourceService: Activity DIED(), com.zjinnova.zlink | com.zjinnova.zlink
01-27 17:46:30.579   454  1178 D pseudo  : mtk_gps_sys_nmea_output_to_mnld: received 467 bytes:
01-27 17:46:30.580   454  1178 D pseudo  : mtk_gps_sys_nmea_output_to_app: len:467, [NMEA]$GPGGA,164631.08...
01-27 17:46:30.581   454  1178 D         : mtk_gps_sys_gps_mnl_callback: msg:0
01-27 17:46:30.581   454  1178 D         : send_active_notify: send clean nmea timer cmd!
01-27 17:46:30.581   454   543 D         : gps_control_thread: gps_control_thread wait
01-27 17:46:30.581   454  1178 D         : mtk_gps_sys_gps_mnl_callback: MTK_GPS_MSG_FIX_READY,GET_RTC_FAIL
01-27 17:46:30.581   454  1178 D pseudo  : mtk_gps_sys_nmea_output_to_app: len:46, [vAGPS_Auto_Req]:g_FirstDbtt:0,u2BitMap:0x12f
01-27 17:46:30.583   614  3838 I GnssLocationProvider: WakeLock acquired by sendMessage(REPORT_SV_STATUS, 0, com.android.server.location.GnssLocationProvider$SvStatusInfo@5a881bb)
01-27 17:46:30.583   614   880 I GnssLocationProvider: WakeLock released by handleMessage(REPORT_SV_STATUS, 0, com.android.server.location.GnssLocationProvider$SvStatusInfo@5a881bb)
01-27 17:46:30.772   448   574 I teststub: Free memory 792MBytes.
01-27 17:46:31.130   614   859 D AES     : AEEIOCTL_GET/SET_SF_STATE IOCTL ERROR: open /dev/RT_Monitor failed.
01-27 17:46:31.130   614   859 D AES     : RT Monitor ERROR: open /dev/RT_Monitor failed.
01-27 17:46:31.256 18380 18380 W ps      : type=1400 audit(0.0:11574): avc: denied { getattr } for path="/dev/console" dev="tmpfs" ino=10322 scontext=u:r:z-link:s0 tcontext=u:object_r:console_device:s0 tclass=chr_file permissive=0
01-27 17:46:31.256 18380 18380 I chatty  : uid=0(root) ps identical 1 line
01-27 17:46:31.256 18380 18380 W ps      : type=1400 audit(0.0:11576): avc: denied { getattr } for path="/dev/console" dev="tmpfs" ino=10322 scontext=u:r:z-link:s0 tcontext=u:object_r:console_device:s0 tclass=chr_file permissive=0
01-27 17:46:31.256 18380 18380 W ps      : type=1400 audit(0.0:11577): avc: denied { read } for name="drivers" dev="proc" ino=4026531853 scontext=u:r:z-link:s0 tcontext=u:object_r:proc_tty_drivers:s0 tclass=file permissive=0
01-27 17:46:31.289 18380 18380 W ps      : type=1400 audit(0.0:11578): avc: denied { getattr } for path="/dev/pts/1" dev="devpts" ino=4 scontext=u:r:z-link:s0 tcontext=u:object_r:devpts:s0 tclass=chr_file permissive=0
01-27 17:46:31.307   614   732 E WifiVendorHal: getWifiLinkLayerStats(l.937) failed {.code = ERROR_NOT_SUPPORTED, .description = }
01-27 17:46:31.329   776   784 D btopt   : zlink wake_up_apk_server: cmd = 'export PATH=$PATH:/system/bin/;am start-service -a "zjinnova.android.intent.action.ZLINK_SERVICE" &'
01-27 17:46:31.409   614   648 I ActivityManager: Start proc 18390:com.zjinnova.zlink/u0a115 for service com.zjinnova.zlink/com.zjinnova.android.zlink.features.service.DaemonService
01-27 17:46:31.423 18390 18390 E .zjinnova.zlin: Not starting debugger since process cannot load the jdwp agent.
01-27 17:46:31.460 18390 18390 I .zjinnova.zlin: The ClassLoaderContext is a special shared library.
01-27 17:46:31.466 18390 18390 W .zjinnova.zlin: JIT profile information will not be recorded: profile file does not exits.
01-27 17:46:31.481 18390 18390 W System.err: java.io.FileNotFoundException: /data/user/0/com.zjinnova.zlink/files/prodexdir/tosversion: open failed: EACCES (Permission denied)
01-27 17:46:31.481 18390 18390 W System.err: 	at libcore.io.IoBridge.open(IoBridge.java:485)
01-27 17:46:31.481 18390 18390 W System.err: 	at java.io.RandomAccessFile.<init>(RandomAccessFile.java:288)
01-27 17:46:31.482 18390 18390 W System.err: 	at java.io.RandomAccessFile.<init>(RandomAccessFile.java:151)
01-27 17:46:31.482 18390 18390 W System.err: 	at com.wrapper.proxyapplication.Util.PrepareSecurefiles(Util.java:362)
01-27 17:46:31.482 18390 18390 W System.err: 	at com.zjinnova.zlink.MyWrapperProxyApplication.initProxyApplication(MyWrapperProxyApplication.java:33)
01-27 17:46:31.482 18390 18390 W System.err: 	at com.wrapper.proxyapplication.WrapperProxyApplication.attachBaseContext(WrapperProxyApplication.java:459)
01-27 17:46:31.482 18390 18390 W System.err: 	at android.app.Application.attach(Application.java:212)
01-27 17:46:31.482 18390 18390 W System.err: 	at android.app.Instrumentation.newApplication(Instrumentation.java:1121)
01-27 17:46:31.482 18390 18390 W System.err: 	at android.app.LoadedApk.makeApplication(LoadedApk.java:1064)
01-27 17:46:31.482 18390 18390 W System.err: 	at android.app.ActivityThread.handleBindApplication(ActivityThread.java:5873)
01-27 17:46:31.482 18390 18390 W System.err: 	at android.app.ActivityThread.access$1200(ActivityThread.java:206)
01-27 17:46:31.482 18390 18390 W System.err: 	at android.app.ActivityThread$H.handleMessage(ActivityThread.java:1678)
01-27 17:46:31.482 18390 18390 W System.err: 	at android.os.Handler.dispatchMessage(Handler.java:106)
01-27 17:46:31.482 18390 18390 W System.err: 	at android.os.Looper.loop(Looper.java:193)
01-27 17:46:31.482 18390 18390 W System.err: 	at android.app.ActivityThread.main(ActivityThread.java:6702)
01-27 17:46:31.482 18390 18390 W System.err: 	at java.lang.reflect.Method.invoke(Native Method)
01-27 17:46:31.482 18390 18390 W System.err: 	at com.android.internal.os.RuntimeInit$MethodAndArgsCaller.run(RuntimeInit.java:493)
01-27 17:46:31.482 18390 18390 W System.err: 	at com.android.internal.os.ZygoteInit.main(ZygoteInit.java:911)
01-27 17:46:31.482 18390 18390 W System.err: Caused by: android.system.ErrnoException: open failed: EACCES (Permission denied)
01-27 17:46:31.482 18390 18390 W System.err: 	at libcore.io.Linux.open(Native Method)
01-27 17:46:31.482 18390 18390 W System.err: 	at libcore.io.BlockGuardOs.open(BlockGuardOs.java:210)
01-27 17:46:31.482 18390 18390 W System.err: 	at libcore.io.IoBridge.open(IoBridge.java:471)
01-27 17:46:31.482 18390 18390 W System.err: 	... 17 more
01-27 17:46:31.483 18390 18390 W System.err: java.io.FileNotFoundException: /data/user/0/com.zjinnova.zlink/files/prodexdir/tosversion (Permission denied)
01-27 17:46:31.483 18390 18390 W System.err: 	at java.io.FileOutputStream.open0(Native Method)
01-27 17:46:31.483 18390 18390 W System.err: 	at java.io.FileOutputStream.open(FileOutputStream.java:308)
01-27 17:46:31.483 18390 18390 W System.err: 	at java.io.FileOutputStream.<init>(FileOutputStream.java:238)
01-27 17:46:31.483 18390 18390 W System.err: 	at java.io.FileOutputStream.<init>(FileOutputStream.java:180)
01-27 17:46:31.483 18390 18390 W System.err: 	at com.wrapper.proxyapplication.Util.UnzipFile(Util.java:205)
01-27 17:46:31.483 18390 18390 W System.err: 	at com.wrapper.proxyapplication.Util.PrepareSecurefiles(Util.java:554)
01-27 17:46:31.483 18390 18390 W System.err: 	at com.zjinnova.zlink.MyWrapperProxyApplication.initProxyApplication(MyWrapperProxyApplication.java:33)
01-27 17:46:31.483 18390 18390 W System.err: 	at com.wrapper.proxyapplication.WrapperProxyApplication.attachBaseContext(WrapperProxyApplication.java:459)
01-27 17:46:31.484 18390 18390 W System.err: 	at android.app.Application.attach(Application.java:212)
01-27 17:46:31.484 18390 18390 W System.err: 	at android.app.Instrumentation.newApplication(Instrumentation.java:1121)
01-27 17:46:31.484 18390 18390 W System.err: 	at android.app.LoadedApk.makeApplication(LoadedApk.java:1064)
01-27 17:46:31.484 18390 18390 W System.err: 	at android.app.ActivityThread.handleBindApplication(ActivityThread.java:5873)
01-27 17:46:31.484 18390 18390 W System.err: 	at android.app.ActivityThread.access$1200(ActivityThread.java:206)
01-27 17:46:31.484 18390 18390 W System.err: 	at android.app.ActivityThread$H.handleMessage(ActivityThread.java:1678)
01-27 17:46:31.484 18390 18390 W System.err: 	at android.os.Handler.dispatchMessage(Handler.java:106)
01-27 17:46:31.484 18390 18390 W System.err: 	at android.os.Looper.loop(Looper.java:193)
01-27 17:46:31.484 18390 18390 W System.err: 	at android.app.ActivityThread.main(ActivityThread.java:6702)
01-27 17:46:31.484 18390 18390 W System.err: 	at java.lang.reflect.Method.invoke(Native Method)
01-27 17:46:31.484 18390 18390 W System.err: 	at com.android.internal.os.RuntimeInit$MethodAndArgsCaller.run(RuntimeInit.java:493)
01-27 17:46:31.484 18390 18390 W System.err: 	at com.android.internal.os.ZygoteInit.main(ZygoteInit.java:911)
01-27 17:46:31.539   614   700 D DisplayManagerService: Display listener for pid 18390 died.
01-27 17:46:31.540   614  1455 I ActivityManager: Process com.zjinnova.zlink (pid 18390) has died: fore SVC 
01-27 17:46:31.540   614   649 W libprocessgroup: kill(-18390, 9) failed: No such process
01-27 17:46:31.540   614  1455 W ActivityManager: Canceling start item Intent { act=zjinnova.android.intent.action.ZLINK_SERVICE } in service ComponentInfo{com.zjinnova.zlink/com.zjinnova.android.zlink.features.service.DaemonService}
01-27 17:46:31.540   614   649 I libprocessgroup: Successfully killed process cgroup uid 10115 pid 18390 in 0ms
01-27 17:46:31.540   614  1455 W ActivityManager: Scheduling restart of crashed service com.zjinnova.zlink/com.zjinnova.android.zlink.features.service.DaemonService in 1000ms
01-27 17:46:31.542   614   614 I SourceService: Activity DIED(), com.zjinnova.zlink | com.zjinnova.zlink
01-27 17:46:31.580   454  1178 D pseudo  : mtk_gps_sys_nmea_output_to_mnld: received 467 bytes:
01-27 17:46:31.580   454  1178 D pseudo  : mtk_gps_sys_nmea_output_to_app: len:467, [NMEA]$GPGGA,164632.08...
01-27 17:46:31.580   454  1178 D         : mtk_gps_sys_gps_mnl_callback: msg:0
01-27 17:46:31.580   454  1178 D         : send_active_notify: send clean nmea timer cmd!
01-27 17:46:31.580   454  1178 D         : mtk_gps_sys_gps_mnl_callback: MTK_GPS_MSG_FIX_READY,GET_RTC_FAIL
01-27 17:46:31.580   454  1178 D pseudo  : mtk_gps_sys_nmea_output_to_app: len:46, [vAGPS_Auto_Req]:g_FirstDbtt:0,u2BitMap:0x12f
01-27 17:46:31.581   454   543 D         : gps_control_thread: gps_control_thread wait
01-27 17:46:31.584   614   643 I GnssLocationProvider: WakeLock acquired by sendMessage(REPORT_SV_STATUS, 0, com.android.server.location.GnssLocationProvider$SvStatusInfo@1e866d8)
01-27 17:46:31.585   614   880 I GnssLocationProvider: WakeLock released by handleMessage(REPORT_SV_STATUS, 0, com.android.server.location.GnssLocationProvider$SvStatusInfo@1e866d8)
01-27 17:46:31.597  1275  1275 D BTAdapterService: MSG_AutoConnect
01-27 17:46:31.598  1275  1275 D BTAdapterService: isBluetoothEnable:true
01-27 17:46:31.599  1275  1275 D BTAdapterService: MSG_AUTO_CONNECT times=110 delay:30000
01-27 17:46:31.599  1275  1275 D CachedBluetoothDeviceManager: findDeviceByAddr() == A8:6A:86:B3:96:EA
01-27 17:46:31.605  1275  1275 D BTAdapterService: startConnect A8:6A:86:B3:96:EA
01-27 17:46:31.606  1275  1275 D Car_CachedBluetoothDevice: Address:A8:6A:86:B3:96:EA Profile:HEADSET_CLIENT isPreferred : true
01-27 17:46:31.607  1275  1275 D Car_CachedBluetoothDevice: connectInt, mDevice = A8:6A:86:B3:96:EA
01-27 17:46:31.608  1275  1275 D BluetoothHeadsetClient: connect(A8:6A:86:B3:96:EA)
01-27 17:46:31.609  1275  1275 D Car_CachedBluetoothDevice: Command sent successfully:CONNECT Address:A8:6A:86:B3:96:EA Profile:HEADSET_CLIENT
01-27 17:46:31.609  1139  1371 D HeadsetClientStateMachine: Disconnected process message: 1
01-27 17:46:31.610  1139  1208 I bt_btif_queue: queue_int_add: adding connection request: address=a8:6a:86:b3:96:ea UUID=111E busy=false
01-27 17:46:31.610  1139  1208 I bt_btif_queue: btif_queue_connect_next: executing connection request: address=a8:6a:86:b3:96:ea UUID=111E busy=false
01-27 17:46:31.610  1139  1208 E bt_btif : is_connected: not connected!
01-27 17:46:31.610  1139  1208 W bt_btif : bta_hf_client_find_cb_by_bda: bdaddr mismatch for handle 0 alloc 0
01-27 17:46:31.610  1139  1208 E bt_btif : bta_hf_client_find_cb_by_bda: block not found
01-27 17:46:31.610   342  1227 D [BT]    : mtk_bt_op: BT_VND_OP_LPM_WAKE_SET_STATE
01-27 17:46:31.614   614   614 I McuService: headset state changing to : 1
01-27 17:46:31.614   803  1006 V BluetoothEventManager: Received android.bluetooth.headsetclient.profile.action.CONNECTION_STATE_CHANGED
01-27 17:46:31.614   614   614 I SourceService: headset state changed. device : A8:6A:86:B3:96:EA, state : 1
01-27 17:46:31.614   803  1006 D CachedBluetoothDevice: onProfileStateChanged: profile HEADSET_CLIENT newProfileState 1
01-27 17:46:31.615  1139  1139 D AdapterProperties: PROFILE_CONNECTION_STATE_CHANGE: profile=16, device=A8:6A:86:B3:96:EA, 0 -> 1
01-27 17:46:31.615  1139  1139 D AdapterProperties: ADAPTER_CONNECTION_STATE_CHANGE: A8:6A:86:B3:96:EA: 0 -> 1
01-27 17:46:31.615  1275  1275 D Car_CachedBluetoothDevice: Address:A8:6A:86:B3:96:EA Profile:A2DPSink isPreferred : true
01-27 17:46:31.618  1219  1219 I wpa_supplicant: wpa_driver_nl80211_driver_cmd: wlan0 recv cmd BTCOEXSCAN-START
01-27 17:46:31.619   614   646 W BroadcastQueue: Background execution not allowed: receiving Intent { act=android.bluetooth.adapter.action.CONNECTION_STATE_CHANGED flg=0x4000010 (has extras) } to com.google.android.gms/.chimera.GmsIntentOperationService$PersistentTrustedReceiver
01-27 17:46:31.621   803  1006 D BluetoothController: updateConnected: devices size=0 state=1
01-27 17:46:31.622   803  1006 D BluetoothController: updateConnected: state=1 mConnectionState=0
01-27 17:46:31.623  1275  1275 D Car_CachedBluetoothDevice: connectInt, mDevice = A8:6A:86:B3:96:EA
01-27 17:46:31.625   803  1006 D BluetoothController: updateConnected: devices size=0 state=1
01-27 17:46:31.626   803  1006 D BluetoothController: updateConnected: state=1 mConnectionState=1
01-27 17:46:31.626  1275  1275 D BluetoothA2dpSink: connect(A8:6A:86:B3:96:EA)
01-27 17:46:31.627  1139  1268 D A2dpSinkStateMachine: Disconnected process message: 1
01-27 17:46:31.627  1139  1268 I BluetoothA2dpSinkServiceJni: connectA2dpNative: sBluetoothA2dpInterface: 0x8f4a37d8
01-27 17:46:31.627  1139  1268 I btif_av : sink_connect_src: Peer a8:6a:86:b3:96:ea
01-27 17:46:31.628  1139  1268 D A2dpSinkStateMachine: Exit Disconnected: 1
01-27 17:46:31.628  1139  1268 D A2dpSinkStateMachine: Enter Pending: 1
01-27 17:46:31.628  1275  1275 D Car_CachedBluetoothDevice: Command sent successfully:CONNECT Address:A8:6A:86:B3:96:EA Profile:A2DPSink
01-27 17:46:31.628  1275  1275 D Car_CachedBluetoothDevice: Address:A8:6A:86:B3:96:EA Profile:PAN isPreferred : true
01-27 17:46:31.628  1139  1208 I bt_btif_queue: queue_int_add: adding connection request: address=a8:6a:86:b3:96:ea UUID=110B busy=false
01-27 17:46:31.628  1139  1208 I bt_btif_queue: btif_queue_connect_next: executing connection request: address=a8:6a:86:b3:96:ea UUID=111E busy=true
01-27 17:46:31.630  1139  1139 D A2dpSinkStateMachine: Connection state A8:6A:86:B3:96:EA: 0->1
01-27 17:46:31.633   803  1006 D BluetoothController: updateConnected: devices size=0 state=1
01-27 17:46:31.633   803  1006 D BluetoothController: updateConnected: state=1 mConnectionState=1
01-27 17:46:31.634   803  1006 V BluetoothEventManager: Received android.bluetooth.a2dp-sink.profile.action.CONNECTION_STATE_CHANGED
01-27 17:46:31.634   803  1006 D CachedBluetoothDevice: onProfileStateChanged: profile A2DPSink newProfileState 1
01-27 17:46:31.635  1139  1139 D AdapterProperties: PROFILE_CONNECTION_STATE_CHANGE: profile=11, device=A8:6A:86:B3:96:EA, 0 -> 1
01-27 17:46:31.636   383   396 D BufferQueueProducer: [StatusBar#0](this:0xa7e43000,id:5,api:1,p:803,c:383) queueBuffer: fps=0.34 dur=11745.76 max=11702.86 min=7.09
01-27 17:46:31.638  1275  1275 D Car_CachedBluetoothDevice: connectInt, mDevice = A8:6A:86:B3:96:EA
01-27 17:46:31.638   803  1006 D BluetoothController: updateConnected: devices size=0 state=1
01-27 17:46:31.638   803  1006 D BluetoothController: updateConnected: state=1 mConnectionState=1
01-27 17:46:31.639  1275  1275 D BluetoothPan: connect(A8:6A:86:B3:96:EA)
01-27 17:46:31.640  1139  1139 D BluetoothPanServiceJni: connectPanNative(L193): in
01-27 17:46:31.640  1139  1236 I bt_stack: [INFO:pan_api.cc(355)] PAN_Connect for BD Addr: a8:6a:86:b3:96:ea
01-27 17:46:31.640  1139  1236 I bt_stack: [INFO:bnep_api.cc(133)] BNEP_Connect BDA:a8:6a:86:b3:96:ea
01-27 17:46:31.640  1139  1208 D BluetoothPanServiceJni: connection_state_callback(L82): state:1, local_role:2, remote_role:1
01-27 17:46:31.641  1275  1275 D Car_CachedBluetoothDevice: Command sent successfully:CONNECT Address:A8:6A:86:B3:96:EA Profile:PAN
01-27 17:46:31.641  1139  1139 I PanService: state 1 Num of connected pan devices: 0
01-27 17:46:31.641  1139  1139 D PanService: handlePanDeviceStateChange preState: 0 state: 1
01-27 17:46:31.641  1139  1139 D PanService: handlePanDeviceStateChange LOCAL_PANU_ROLE:REMOTE_NAP_ROLE state = 1, prevState = 0
01-27 17:46:31.641  1139  1139 D PanService: Pan Device state : device: A8:6A:86:B3:96:EA State:0->1
01-27 17:46:31.642   803  1006 D BluetoothController: updateConnected: devices size=0 state=1
01-27 17:46:31.643  1139  1139 D AdapterProperties: PROFILE_CONNECTION_STATE_CHANGE: profile=5, device=A8:6A:86:B3:96:EA, 0 -> 1
01-27 17:46:31.644   803  1006 D BluetoothController: updateConnected: state=1 mConnectionState=1
01-27 17:46:31.644  1275  1275 D Car_CachedBluetoothDevice: Address:A8:6A:86:B3:96:EA Profile:PbapClient isPreferred : true
01-27 17:46:31.647   803  1006 V BluetoothEventManager: Received android.bluetooth.pan.profile.action.CONNECTION_STATE_CHANGED
01-27 17:46:31.647   803  1006 D LocalBluetoothProfileManager: pan profile state change, role is 2
01-27 17:46:31.647   803  1006 D CachedBluetoothDevice: onProfileStateChanged: profile PAN newProfileState 1
01-27 17:46:31.649   383   383 D SurfaceFlinger: [Built-in Screen (type:0)] fps:1.550338,dur:1290.04,max:784.45,min:505.59
01-27 17:46:31.651  1275  1275 D Car_CachedBluetoothDevice: connectInt, mDevice = A8:6A:86:B3:96:EA
01-27 17:46:31.653   803   803 I PhoneStatusBarPolicy: bluetooth pan state changed by system, state : 1
01-27 17:46:31.654  1275  1275 D PbapClientProfile: PBAPClientProfile attempting to connect to A8:6A:86:B3:96:EA
01-27 17:46:31.656  1139  3009 D PbapClientService: Received request to ConnectPBAPPhonebook A8:6A:86:B3:96:EA
01-27 17:46:31.658  1139 18406 D PbapClientStateMachine: Connection state A8:6A:86:B3:96:EA: 0->1
01-27 17:46:31.658  1275  1275 D Car_CachedBluetoothDevice: Command sent successfully:CONNECT Address:A8:6A:86:B3:96:EA Profile:PbapClient
01-27 17:46:31.658  1275  1275 D Car_CachedBluetoothDevice: Preferred profiles = 4
01-27 17:46:31.658  1275  1275 D BTAdapterService: onReceive: HFP ACTION_CONNECTION_STATE_CHANGED 1
01-27 17:46:31.660  1139  1139 D AdapterProperties: PROFILE_CONNECTION_STATE_CHANGE: profile=17, device=A8:6A:86:B3:96:EA, 0 -> 1
01-27 17:46:31.661  1275  1275 D BTAdapterService: callListener: count=0
01-27 17:46:31.661  1275  1275 I HfpClientService: onReceive:android.bluetooth.headsetclient.profile.action.CONNECTION_STATE_CHANGED
01-27 17:46:31.661  1275  1275 V BluetoothEventManager: Received android.bluetooth.headsetclient.profile.action.CONNECTION_STATE_CHANGED
01-27 17:46:31.661  1275  1275 D CachedBluetoothDeviceManager: findDevice() == A8:6A:86:B3:96:EA
01-27 17:46:31.661  1275  1275 D CachedBluetoothDeviceManager: findDevice() mCachedDevices size == 3
01-27 17:46:31.661  1275  1275 D CachedBluetoothDeviceManager: findDevice() mCachedDevices == A8:6A:86:B3:96:EA
01-27 17:46:31.661  1275  1275 D Car_LocalBluetoothProfileManager: StateChangedHandler cachedDevice ==A8:6A:86:B3:96:EA
01-27 17:46:31.661  1275  1275 D Car_CachedBluetoothDevice: onProfileStateChanged: profile HEADSET_CLIENT newProfileState 1
01-27 17:46:31.662  1275  1275 V LocalBluetoothAdapter: getBluetoothState mState:12
01-27 17:46:31.663  1275  1275 D Car_CachedBluetoothDevice: localUuids : [Landroid.os.ParcelUuid;@721712b isA2dpSinkSupport : true
01-27 17:46:31.663  1275  1275 V BluetoothEventManager: Received android.bluetooth.adapter.action.CONNECTION_STATE_CHANGED
01-27 17:46:31.663  1275  1275 D CachedBluetoothDeviceManager: findDevice() == A8:6A:86:B3:96:EA
01-27 17:46:31.663  1275  1275 D CachedBluetoothDeviceManager: findDevice() mCachedDevices size == 3
01-27 17:46:31.663  1275  1275 D CachedBluetoothDeviceManager: findDevice() mCachedDevices == A8:6A:86:B3:96:EA
01-27 17:46:31.663  1275  1275 D BTAdapterService: a2dpsink connectstatus:1
01-27 17:46:31.663  1275  1275 D BluetoothMusicService: A2dpStateChanged:1
01-27 17:46:31.663  1275  1275 V BluetoothEventManager: Received android.bluetooth.a2dp-sink.profile.action.CONNECTION_STATE_CHANGED
01-27 17:46:31.664  1275  1275 D CachedBluetoothDeviceManager: findDevice() == A8:6A:86:B3:96:EA
01-27 17:46:31.664  1275  1275 D CachedBluetoothDeviceManager: findDevice() mCachedDevices size == 3
01-27 17:46:31.664  1275  1275 D CachedBluetoothDeviceManager: findDevice() mCachedDevices == A8:6A:86:B3:96:EA
01-27 17:46:31.664  1275  1275 D Car_LocalBluetoothProfileManager: StateChangedHandler cachedDevice ==A8:6A:86:B3:96:EA
01-27 17:46:31.664  1275  1275 D Car_CachedBluetoothDevice: onProfileStateChanged: profile A2DPSink newProfileState 1
01-27 17:46:31.664  1275  1275 V LocalBluetoothAdapter: getBluetoothState mState:12
01-27 17:46:31.665  1139 18406 D SdpManager: Starting search for UUID: 0000112f-0000-1000-8000-00805f9b34fb
01-27 17:46:31.668  1139 18406 D BluetoothSdpJni: sdpSearchNative
01-27 17:46:31.668  1139 18406 D BluetoothSdpJni: sdpSearchNative UUID 
01-27 17:46:31.668  1139  1236 W bt_sdp  : one SDP - active on cid = 5e 
01-27 17:46:31.670  1275  1275 D Car_CachedBluetoothDevice: localUuids : [Landroid.os.ParcelUuid;@bfa7988 isA2dpSinkSupport : true
01-27 17:46:31.670  1275  1275 D A2dpRoleSwitcher: [changeProfileState] profile : A2DPSink, device : A8:6A:86:B3:96:EA, state : 1
01-27 17:46:31.671  1275  1275 D BTAdapterService: onReceive: PanProfile state=1
01-27 17:46:31.671  1275  1275 V BluetoothEventManager: Received android.bluetooth.pan.profile.action.CONNECTION_STATE_CHANGED
01-27 17:46:31.671  1275  1275 D Car_LocalBluetoothProfileManager: pan profile state change, role is 2
01-27 17:46:31.671  1275  1275 D CachedBluetoothDeviceManager: findDevice() == A8:6A:86:B3:96:EA
01-27 17:46:31.671  1275  1275 D CachedBluetoothDeviceManager: findDevice() mCachedDevices size == 3
01-27 17:46:31.671  1275  1275 D CachedBluetoothDeviceManager: findDevice() mCachedDevices == A8:6A:86:B3:96:EA
01-27 17:46:31.671  1275  1275 D Car_LocalBluetoothProfileManager: StateChangedHandler cachedDevice ==A8:6A:86:B3:96:EA
01-27 17:46:31.671  1275  1275 D Car_CachedBluetoothDevice: onProfileStateChanged: profile PAN newProfileState 1
01-27 17:46:31.671  1275  1275 V LocalBluetoothAdapter: getBluetoothState mState:12
01-27 17:46:31.672  1275  1275 D Car_CachedBluetoothDevice: localUuids : [Landroid.os.ParcelUuid;@1dd5f21 isA2dpSinkSupport : true
01-27 17:46:31.673  1139 18406 D XNM_007 : now Bt address=A8:6A:86:B3:96:EA preAddress=A8:6A:86:B3:96:EA
01-27 17:46:31.673  1275  1275 D BluetoothPbapClientHelper: callPbapListener: count=0
01-27 17:46:31.673  1139 18406 D XNM_007 : same bt notifyDBReady
01-27 17:46:31.673  1275  1275 V BluetoothEventManager: Received android.bluetooth.pbapclient.profile.action.CONNECTION_STATE_CHANGED
01-27 17:46:31.673  1275  1275 D CachedBluetoothDeviceManager: findDevice() == A8:6A:86:B3:96:EA
01-27 17:46:31.673  1275  1275 D CachedBluetoothDeviceManager: findDevice() mCachedDevices size == 3
01-27 17:46:31.673  1275  1275 D CachedBluetoothDeviceManager: findDevice() mCachedDevices == A8:6A:86:B3:96:EA
01-27 17:46:31.673  1275  1275 D Car_LocalBluetoothProfileManager: StateChangedHandler cachedDevice ==A8:6A:86:B3:96:EA
01-27 17:46:31.673  1275  1275 D Car_CachedBluetoothDevice: onProfileStateChanged: profile PbapClient newProfileState 1
01-27 17:46:31.674  1275  1275 V LocalBluetoothAdapter: getBluetoothState mState:12
01-27 17:46:31.676  1275  1275 D Car_CachedBluetoothDevice: localUuids : [Landroid.os.ParcelUuid;@2c3bf46 isA2dpSinkSupport : true
01-27 17:46:31.678   803  1006 D BluetoothController: updateConnected: devices size=0 state=1
01-27 17:46:31.678   803  1006 D BluetoothController: updateConnected: state=1 mConnectionState=1
01-27 17:46:31.682   803  1006 D BluetoothController: updateConnected: devices size=0 state=1
01-27 17:46:31.682   803  1006 D BluetoothController: updateConnected: state=1 mConnectionState=1
01-27 17:46:32.141   383   396 D BufferQueueProducer: [altergames.carlauncher/altergames.carlauncher.MainActivity#0](this:0xa8010000,id:140,api:1,p:1327,c:383) queueBuffer: fps=1.12 dur=1788.44 max=1001.56 min=786.88
01-27 17:46:32.552   614   648 I ActivityManager: Start proc 18409:com.zjinnova.zlink/u0a115 for service com.zjinnova.zlink/com.zjinnova.android.zlink.features.service.DaemonService
01-27 17:46:32.564 18409 18409 E .zjinnova.zlin: Not starting debugger since process cannot load the jdwp agent.
01-27 17:46:32.580   454  1178 D pseudo  : mtk_gps_sys_nmea_output_to_mnld: received 467 bytes:
01-27 17:46:32.582   454  1178 D pseudo  : mtk_gps_sys_nmea_output_to_app: len:467, [NMEA]$GPGGA,164633.08...
01-27 17:46:32.586   454  1178 D         : mtk_gps_sys_gps_mnl_callback: msg:0
01-27 17:46:32.587   454  1178 D         : send_active_notify: send clean nmea timer cmd!
01-27 17:46:32.587   614   643 I GnssLocationProvider: WakeLock acquired by sendMessage(REPORT_SV_STATUS, 0, com.android.server.location.GnssLocationProvider$SvStatusInfo@4cfd86d)
01-27 17:46:32.588   614   880 I GnssLocationProvider: WakeLock released by handleMessage(REPORT_SV_STATUS, 0, com.android.server.location.GnssLocationProvider$SvStatusInfo@4cfd86d)
01-27 17:46:32.589   454  1178 D         : mtk_gps_sys_gps_mnl_callback: MTK_GPS_MSG_FIX_READY,GET_RTC_FAIL
01-27 17:46:32.589   454   543 D         : gps_control_thread: gps_control_thread wait
01-27 17:46:32.589   454  1178 D pseudo  : mtk_gps_sys_nmea_output_to_app: len:46, [vAGPS_Auto_Req]:g_FirstDbtt:0,u2BitMap:0x12f
01-27 17:46:32.610 18409 18409 I .zjinnova.zlin: The ClassLoaderContext is a special shared library.
01-27 17:46:32.616 18409 18409 W .zjinnova.zlin: JIT profile information will not be recorded: profile file does not exits.
01-27 17:46:32.631 18409 18409 W System.err: java.io.FileNotFoundException: /data/user/0/com.zjinnova.zlink/files/prodexdir/tosversion: open failed: EACCES (Permission denied)
01-27 17:46:32.631 18409 18409 W System.err: 	at libcore.io.IoBridge.open(IoBridge.java:485)
01-27 17:46:32.631 18409 18409 W System.err: 	at java.io.RandomAccessFile.<init>(RandomAccessFile.java:288)
01-27 17:46:32.631 18409 18409 W System.err: 	at java.io.RandomAccessFile.<init>(RandomAccessFile.java:151)
01-27 17:46:32.631 18409 18409 W System.err: 	at com.wrapper.proxyapplication.Util.PrepareSecurefiles(Util.java:362)
01-27 17:46:32.631 18409 18409 W System.err: 	at com.zjinnova.zlink.MyWrapperProxyApplication.initProxyApplication(MyWrapperProxyApplication.java:33)
01-27 17:46:32.631 18409 18409 W System.err: 	at com.wrapper.proxyapplication.WrapperProxyApplication.attachBaseContext(WrapperProxyApplication.java:459)
01-27 17:46:32.631 18409 18409 W System.err: 	at android.app.Application.attach(Application.java:212)
01-27 17:46:32.632 18409 18409 W System.err: 	at android.app.Instrumentation.newApplication(Instrumentation.java:1121)
01-27 17:46:32.632 18409 18409 W System.err: 	at android.app.LoadedApk.makeApplication(LoadedApk.java:1064)
01-27 17:46:32.632 18409 18409 W System.err: 	at android.app.ActivityThread.handleBindApplication(ActivityThread.java:5873)
01-27 17:46:32.632 18409 18409 W System.err: 	at android.app.ActivityThread.access$1200(ActivityThread.java:206)
01-27 17:46:32.632 18409 18409 W System.err: 	at android.app.ActivityThread$H.handleMessage(ActivityThread.java:1678)
01-27 17:46:32.632 18409 18409 W System.err: 	at android.os.Handler.dispatchMessage(Handler.java:106)
01-27 17:46:32.632 18409 18409 W System.err: 	at android.os.Looper.loop(Looper.java:193)
01-27 17:46:32.632 18409 18409 W System.err: 	at android.app.ActivityThread.main(ActivityThread.java:6702)
01-27 17:46:32.632 18409 18409 W System.err: 	at java.lang.reflect.Method.invoke(Native Method)
01-27 17:46:32.632 18409 18409 W System.err: 	at com.android.internal.os.RuntimeInit$MethodAndArgsCaller.run(RuntimeInit.java:493)
01-27 17:46:32.632 18409 18409 W System.err: 	at com.android.internal.os.ZygoteInit.main(ZygoteInit.java:911)
01-27 17:46:32.632 18409 18409 W System.err: Caused by: android.system.ErrnoException: open failed: EACCES (Permission denied)
01-27 17:46:32.632 18409 18409 W System.err: 	at libcore.io.Linux.open(Native Method)
01-27 17:46:32.632 18409 18409 W System.err: 	at libcore.io.BlockGuardOs.open(BlockGuardOs.java:210)
01-27 17:46:32.632 18409 18409 W System.err: 	at libcore.io.IoBridge.open(IoBridge.java:471)
01-27 17:46:32.632 18409 18409 W System.err: 	... 17 more
01-27 17:46:32.633 18409 18409 W System.err: java.io.FileNotFoundException: /data/user/0/com.zjinnova.zlink/files/prodexdir/tosversion (Permission denied)
01-27 17:46:32.633 18409 18409 W System.err: 	at java.io.FileOutputStream.open0(Native Method)
01-27 17:46:32.633 18409 18409 W System.err: 	at java.io.FileOutputStream.open(FileOutputStream.java:308)
01-27 17:46:32.633 18409 18409 W System.err: 	at java.io.FileOutputStream.<init>(FileOutputStream.java:238)
01-27 17:46:32.633 18409 18409 W System.err: 	at java.io.FileOutputStream.<init>(FileOutputStream.java:180)
01-27 17:46:32.633 18409 18409 W System.err: 	at com.wrapper.proxyapplication.Util.UnzipFile(Util.java:205)
01-27 17:46:32.633 18409 18409 W System.err: 	at com.wrapper.proxyapplication.Util.PrepareSecurefiles(Util.java:554)
01-27 17:46:32.633 18409 18409 W System.err: 	at com.zjinnova.zlink.MyWrapperProxyApplication.initProxyApplication(MyWrapperProxyApplication.java:33)
01-27 17:46:32.633 18409 18409 W System.err: 	at com.wrapper.proxyapplication.WrapperProxyApplication.attachBaseContext(WrapperProxyApplication.java:459)
01-27 17:46:32.633 18409 18409 W System.err: 	at android.app.Application.attach(Application.java:212)
01-27 17:46:32.633 18409 18409 W System.err: 	at android.app.Instrumentation.newApplication(Instrumentation.java:1121)
01-27 17:46:32.633 18409 18409 W System.err: 	at android.app.LoadedApk.makeApplication(LoadedApk.java:1064)
01-27 17:46:32.633 18409 18409 W System.err: 	at android.app.ActivityThread.handleBindApplication(ActivityThread.java:5873)
01-27 17:46:32.633 18409 18409 W System.err: 	at android.app.ActivityThread.access$1200(ActivityThread.java:206)
01-27 17:46:32.634 18409 18409 W System.err: 	at android.app.ActivityThread$H.handleMessage(ActivityThread.java:1678)
01-27 17:46:32.634 18409 18409 W System.err: 	at android.os.Handler.dispatchMessage(Handler.java:106)
01-27 17:46:32.634 18409 18409 W System.err: 	at android.os.Looper.loop(Looper.java:193)
01-27 17:46:32.634 18409 18409 W System.err: 	at android.app.ActivityThread.main(ActivityThread.java:6702)
01-27 17:46:32.634 18409 18409 W System.err: 	at java.lang.reflect.Method.invoke(Native Method)
01-27 17:46:32.634 18409 18409 W System.err: 	at com.android.internal.os.RuntimeInit$MethodAndArgsCaller.run(RuntimeInit.java:493)
01-27 17:46:32.634 18409 18409 W System.err: 	at com.android.internal.os.ZygoteInit.main(ZygoteInit.java:911)
01-27 17:46:32.699   614   701 D DisplayManagerService: Display listener for pid 18409 died.
01-27 17:46:32.700   614  1455 I ActivityManager: Process com.zjinnova.zlink (pid 18409) has died: fore SVC 
01-27 17:46:32.700   614   649 W libprocessgroup: kill(-18409, 9) failed: No such process
01-27 17:46:32.700   614   649 I libprocessgroup: Successfully killed process cgroup uid 10115 pid 18409 in 0ms
01-27 17:46:32.700   614  1455 W ActivityManager: Scheduling restart of crashed service com.zjinnova.zlink/com.zjinnova.android.zlink.features.service.DaemonService in 4000ms
01-27 17:46:32.701   614   614 I SourceService: Activity DIED(), com.zjinnova.zlink | com.zjinnova.zlink
01-27 17:46:32.978  4374  4374 I ADB_SERVICES: service_to_fd shell,v2:export ANDROID_LOG_TAGS=''; exec logcat '-d'
01-27 17:46:33.013  4374  4374 I ADB_SERVICES: local_socket_flush_outgoing read_data=17848
01-27 17:46:33.148   383   396 D BufferQueueProducer: [altergames.carlauncher/altergames.carlauncher.MainActivity#0](this:0xa8010000,id:140,api:1,p:1327,c:383) queueBuffer: fps=0.99 dur=1006.85 max=1006.85 min=1006.85
01-27 17:46:33.165   383   383 D SurfaceFlinger: [Built-in Screen (type:0)] fps:3.957080,dur:1516.27,max:1011.10,min:17.31
01-27 17:46:33.429 18432 18432 W ps      : type=1400 audit(0.0:11584): avc: denied { getattr } for path="/dev/console" dev="tmpfs" ino=10322 scontext=u:r:z-link:s0 tcontext=u:object_r:console_device:s0 tclass=chr_file permissive=0
01-27 17:46:33.429 18432 18432 I chatty  : uid=0(root) ps identical 1 line
01-27 17:46:33.429 18432 18432 W ps      : type=1400 audit(0.0:11586): avc: denied { getattr } for path="/dev/console" dev="tmpfs" ino=10322 scontext=u:r:z-link:s0 tcontext=u:object_r:console_device:s0 tclass=chr_file permissive=0
01-27 17:46:33.429 18432 18432 W ps      : type=1400 audit(0.0:11587): avc: denied { read } for name="drivers" dev="proc" ino=4026531853 scontext=u:r:z-link:s0 tcontext=u:object_r:proc_tty_drivers:s0 tclass=file permissive=0
01-27 17:46:33.459 18432 18432 W ps      : type=1400 audit(0.0:11588): avc: denied { getattr } for path="/dev/pts/1" dev="devpts" ino=4 scontext=u:r:z-link:s0 tcontext=u:object_r:devpts:s0 tclass=chr_file permissive=0
01-27 17:46:33.492   776   784 D btopt   : zlink wake_up_apk_server: cmd = 'export PATH=$PATH:/system/bin/;am start-service -a "zjinnova.android.intent.action.ZLINK_SERVICE" &'
01-27 17:46:33.579   454  1178 D pseudo  : mtk_gps_sys_nmea_output_to_mnld: received 467 bytes:
01-27 17:46:33.580   454  1178 D pseudo  : mtk_gps_sys_nmea_output_to_app: len:467, [NMEA]$GPGGA,164634.08...
01-27 17:46:33.580   454  1178 D         : mtk_gps_sys_gps_mnl_callback: msg:0
01-27 17:46:33.580   454  1178 D         : send_active_notify: send clean nmea timer cmd!
01-27 17:46:33.580   454  1178 D         : mtk_gps_sys_gps_mnl_callback: MTK_GPS_MSG_FIX_READY,GET_RTC_FAIL
01-27 17:46:33.580   454  1178 D pseudo  : mtk_gps_sys_nmea_output_to_app: len:46, [vAGPS_Auto_Req]:g_FirstDbtt:0,u2BitMap:0x12f
01-27 17:46:33.580   454   543 D         : gps_control_thread: gps_control_thread wait
01-27 17:46:33.586   614   643 I GnssLocationProvider: WakeLock acquired by sendMessage(REPORT_SV_STATUS, 0, com.android.server.location.GnssLocationProvider$SvStatusInfo@1be8ca2)
01-27 17:46:33.587   614   880 I GnssLocationProvider: WakeLock released by handleMessage(REPORT_SV_STATUS, 0, com.android.server.location.GnssLocationProvider$SvStatusInfo@1be8ca2)
01-27 17:46:33.611   614   648 I ActivityManager: Start proc 18443:com.zjinnova.zlink/u0a115 for service com.zjinnova.zlink/com.zjinnova.android.zlink.features.service.DaemonService
01-27 17:46:33.626 18443 18443 E .zjinnova.zlin: Not starting debugger since process cannot load the jdwp agent.
01-27 17:46:33.664 18443 18443 I .zjinnova.zlin: The ClassLoaderContext is a special shared library.
01-27 17:46:33.671 18443 18443 W .zjinnova.zlin: JIT profile information will not be recorded: profile file does not exits.
01-27 17:46:33.686 18443 18443 W System.err: java.io.FileNotFoundException: /data/user/0/com.zjinnova.zlink/files/prodexdir/tosversion: open failed: EACCES (Permission denied)
01-27 17:46:33.686 18443 18443 W System.err: 	at libcore.io.IoBridge.open(IoBridge.java:485)
01-27 17:46:33.686 18443 18443 W System.err: 	at java.io.RandomAccessFile.<init>(RandomAccessFile.java:288)
01-27 17:46:33.686 18443 18443 W System.err: 	at java.io.RandomAccessFile.<init>(RandomAccessFile.java:151)
01-27 17:46:33.686 18443 18443 W System.err: 	at com.wrapper.proxyapplication.Util.PrepareSecurefiles(Util.java:362)
01-27 17:46:33.686 18443 18443 W System.err: 	at com.zjinnova.zlink.MyWrapperProxyApplication.initProxyApplication(MyWrapperProxyApplication.java:33)
01-27 17:46:33.686 18443 18443 W System.err: 	at com.wrapper.proxyapplication.WrapperProxyApplication.attachBaseContext(WrapperProxyApplication.java:459)
01-27 17:46:33.686 18443 18443 W System.err: 	at android.app.Application.attach(Application.java:212)
01-27 17:46:33.686 18443 18443 W System.err: 	at android.app.Instrumentation.newApplication(Instrumentation.java:1121)
01-27 17:46:33.686 18443 18443 W System.err: 	at android.app.LoadedApk.makeApplication(LoadedApk.java:1064)
01-27 17:46:33.686 18443 18443 W System.err: 	at android.app.ActivityThread.handleBindApplication(ActivityThread.java:5873)
01-27 17:46:33.686 18443 18443 W System.err: 	at android.app.ActivityThread.access$1200(ActivityThread.java:206)
01-27 17:46:33.686 18443 18443 W System.err: 	at android.app.ActivityThread$H.handleMessage(ActivityThread.java:1678)
01-27 17:46:33.686 18443 18443 W System.err: 	at android.os.Handler.dispatchMessage(Handler.java:106)
01-27 17:46:33.686 18443 18443 W System.err: 	at android.os.Looper.loop(Looper.java:193)
01-27 17:46:33.686 18443 18443 W System.err: 	at android.app.ActivityThread.main(ActivityThread.java:6702)
01-27 17:46:33.686 18443 18443 W System.err: 	at java.lang.reflect.Method.invoke(Native Method)
