01-26 11:33:28.748 W/System.err( 8561): 	at android.os.Handler.dispatchMessage(Handler.java:106)
01-26 11:33:28.748 W/System.err( 8561): 	at android.os.Looper.loop(Looper.java:193)
01-26 11:33:28.748 W/System.err( 8561): 	at android.app.ActivityThread.main(ActivityThread.java:6702)
01-26 11:33:28.748 W/System.err( 8561): 	at java.lang.reflect.Method.invoke(Native Method)
01-26 11:33:28.748 W/System.err( 8561): 	at com.android.internal.os.RuntimeInit$MethodAndArgsCaller.run(RuntimeInit.java:493)
01-26 11:33:28.748 W/System.err( 8561): 	at com.android.internal.os.ZygoteInit.main(ZygoteInit.java:911)
01-26 11:33:28.835 D/DisplayManagerService(  615): Display listener for pid 8561 died.
01-26 11:33:28.835 I/ActivityManager(  615): Process com.zjinnova.zlink (pid 8561) has died: fore SVC 
01-26 11:33:28.835 W/ActivityManager(  615): Scheduling restart of crashed service com.zjinnova.zlink/com.zjinnova.android.zlink.features.service.DaemonService in 4000ms
01-26 11:33:28.835 W/libprocessgroup(  615): kill(-8561, 9) failed: No such process
01-26 11:33:28.836 I/libprocessgroup(  615): Successfully killed process cgroup uid 10115 pid 8561 in 0ms
01-26 11:33:28.837 I/SourceService(  615): Activity DIED(), com.zjinnova.zlink | com.zjinnova.zlink
01-26 11:33:29.243 D/PbapClientStateMachine( 1152): Enter Disconnecting: 3
01-26 11:33:29.243 D/PbapClientStateMachine( 1152): Connection state A8:6A:86:B3:96:EA: 1->3
01-26 11:33:29.244 D/AdapterProperties( 1152): PROFILE_CONNECTION_STATE_CHANGE: profile=17, device=A8:6A:86:B3:96:EA, 1 -> 3
01-26 11:33:29.245 W/AdapterProperties( 1152): PROFILE_CONNECTION_STATE_CHANGE: unexpected transition for profile=17, device=A8:6A:86:B3:96:EA, 1 -> 3
01-26 11:33:29.245 D/AdapterProperties( 1152): ADAPTER_CONNECTION_STATE_CHANGE: A8:6A:86:B3:96:EA: 1 -> 3
01-26 11:33:29.245 W/AdapterProperties( 1152): ADAPTER_CONNECTION_STATE_CHANGE: unexpected transition for profile=17, device=A8:6A:86:B3:96:EA, 1 -> 3
01-26 11:33:29.245 V/BluetoothEventManager( 1298): Received android.bluetooth.pbapclient.profile.action.CONNECTION_STATE_CHANGED
01-26 11:33:29.245 D/CachedBluetoothDeviceManager( 1298): findDevice() == A8:6A:86:B3:96:EA
01-26 11:33:29.245 D/CachedBluetoothDeviceManager( 1298): findDevice() mCachedDevices size == 3
01-26 11:33:29.245 D/CachedBluetoothDeviceManager( 1298): findDevice() mCachedDevices == A8:6A:86:B3:96:EA
01-26 11:33:29.245 D/Car_LocalBluetoothProfileManager( 1298): StateChangedHandler cachedDevice ==A8:6A:86:B3:96:EA
01-26 11:33:29.245 D/Car_CachedBluetoothDevice( 1298): onProfileStateChanged: profile PbapClient newProfileState 3
01-26 11:33:29.247 W/BroadcastQueue(  615): Background execution not allowed: receiving Intent { act=android.bluetooth.adapter.action.CONNECTION_STATE_CHANGED flg=0x4000010 (has extras) } to com.google.android.gms/.chimera.GmsIntentOperationService$PersistentTrustedReceiver
01-26 11:33:29.247 I/wpa_supplicant( 1223): wpa_driver_nl80211_driver_cmd: wlan0 recv cmd BTCOEXSCAN-START
01-26 11:33:29.248 V/LocalBluetoothAdapter( 1298): getBluetoothState mState:12
01-26 11:33:29.249 D/BluetoothController(  812): updateConnected: devices size=0 state=3
01-26 11:33:29.249 D/BluetoothController(  812): updateConnected: state=3 mConnectionState=1
01-26 11:33:29.249 D/Car_CachedBluetoothDevice( 1298): localUuids : [Landroid.os.ParcelUuid;@f19d367 isA2dpSinkSupport : true
01-26 11:33:29.249 D/BluetoothPbapClientHelper( 1298): callPbapListener: count=0
01-26 11:33:29.249 V/BluetoothEventManager( 1298): Received android.bluetooth.adapter.action.CONNECTION_STATE_CHANGED
01-26 11:33:29.250 D/CachedBluetoothDeviceManager( 1298): findDevice() == A8:6A:86:B3:96:EA
01-26 11:33:29.250 D/CachedBluetoothDeviceManager( 1298): findDevice() mCachedDevices size == 3
01-26 11:33:29.250 D/CachedBluetoothDeviceManager( 1298): findDevice() mCachedDevices == A8:6A:86:B3:96:EA
01-26 11:33:29.259 D/BufferQueueProducer(  386): [StatusBar#0](this:0xb0ec4000,id:5,api:1,p:812,c:386) queueBuffer: fps=0.88 dur=2281.66 max=2261.15 min=20.51
01-26 11:33:29.279 D/SurfaceFlinger(  386): [Built-in Screen (type:0)] fps:0.876041,dur:2283.00,max:2269.70,min:13.30
01-26 11:33:29.334 D/pseudo  (  461): mtk_gps_sys_nmea_output_to_mnld: received 467 bytes:
01-26 11:33:29.335 D/pseudo  (  461): mtk_gps_sys_nmea_output_to_app: len:467, [NMEA]$GPGGA,002740.00...
01-26 11:33:29.335 D/        (  461): mtk_gps_sys_gps_mnl_callback: msg:0
01-26 11:33:29.335 D/        (  461): send_active_notify: send clean nmea timer cmd!
01-26 11:33:29.335 D/        (  461): mtk_gps_sys_gps_mnl_callback: MTK_GPS_MSG_FIX_READY,GET_RTC_FAIL
01-26 11:33:29.335 D/pseudo  (  461): mtk_gps_sys_nmea_output_to_app: len:46, [vAGPS_Auto_Req]:g_FirstDbtt:0,u2BitMap:0x12f
01-26 11:33:29.335 D/        (  461): gps_control_thread: gps_control_thread wait
01-26 11:33:29.337 I/GnssLocationProvider(  615): WakeLock acquired by sendMessage(REPORT_SV_STATUS, 0, com.android.server.location.GnssLocationProvider$SvStatusInfo@3ee803)
01-26 11:33:29.337 I/GnssLocationProvider(  615): WakeLock released by handleMessage(REPORT_SV_STATUS, 0, com.android.server.location.GnssLocationProvider$SvStatusInfo@3ee803)
01-26 11:33:29.541 W/ps      ( 8582): type=1400 audit(0.0:6943): avc: denied { getattr } for path="/dev/console" dev="tmpfs" ino=9361 scontext=u:r:z-link:s0 tcontext=u:object_r:console_device:s0 tclass=chr_file permissive=0
01-26 11:33:29.571 W/ps      ( 8582): type=1400 audit(0.0:6947): avc: denied { getattr } for path="/dev/pts/0" dev="devpts" ino=3 scontext=u:r:z-link:s0 tcontext=u:object_r:devpts:s0 tclass=chr_file permissive=0
01-26 11:33:29.607 D/btopt   (  782): zlink wake_up_apk_server: cmd = 'export PATH=$PATH:/system/bin/;am start-service -a "zjinnova.android.intent.action.ZLINK_SERVICE" &'
01-26 11:33:29.689 I/ActivityManager(  615): Start proc 8592:com.zjinnova.zlink/u0a115 for service com.zjinnova.zlink/com.zjinnova.android.zlink.features.service.DaemonService
01-26 11:33:29.705 E/.zjinnova.zlin( 8592): Not starting debugger since process cannot load the jdwp agent.
01-26 11:33:29.741 I/.zjinnova.zlin( 8592): The ClassLoaderContext is a special shared library.
01-26 11:33:29.747 W/.zjinnova.zlin( 8592): JIT profile information will not be recorded: profile file does not exits.
01-26 11:33:29.751 I/teststub(  455): Free memory 796MBytes.
01-26 11:33:29.762 W/System.err( 8592): java.io.FileNotFoundException: /data/user/0/com.zjinnova.zlink/files/prodexdir/tosversion: open failed: EACCES (Permission denied)
01-26 11:33:29.763 W/System.err( 8592): 	at libcore.io.IoBridge.open(IoBridge.java:485)
01-26 11:33:29.763 W/System.err( 8592): 	at java.io.RandomAccessFile.<init>(RandomAccessFile.java:288)
01-26 11:33:29.763 W/System.err( 8592): 	at java.io.RandomAccessFile.<init>(RandomAccessFile.java:151)
01-26 11:33:29.763 W/System.err( 8592): 	at com.wrapper.proxyapplication.Util.PrepareSecurefiles(Util.java:362)
01-26 11:33:29.763 W/System.err( 8592): 	at com.zjinnova.zlink.MyWrapperProxyApplication.initProxyApplication(MyWrapperProxyApplication.java:33)
01-26 11:33:29.763 W/System.err( 8592): 	at com.wrapper.proxyapplication.WrapperProxyApplication.attachBaseContext(WrapperProxyApplication.java:459)
01-26 11:33:29.763 W/System.err( 8592): 	at android.app.Application.attach(Application.java:212)
01-26 11:33:29.763 W/System.err( 8592): 	at android.app.Instrumentation.newApplication(Instrumentation.java:1121)
01-26 11:33:29.763 W/System.err( 8592): 	at android.app.LoadedApk.makeApplication(LoadedApk.java:1064)
01-26 11:33:29.763 W/System.err( 8592): 	at android.app.ActivityThread.handleBindApplication(ActivityThread.java:5873)
01-26 11:33:29.763 W/System.err( 8592): 	at android.app.ActivityThread.access$1200(ActivityThread.java:206)
01-26 11:33:29.763 W/System.err( 8592): 	at android.app.ActivityThread$H.handleMessage(ActivityThread.java:1678)
01-26 11:33:29.763 W/System.err( 8592): 	at android.os.Handler.dispatchMessage(Handler.java:106)
01-26 11:33:29.763 W/System.err( 8592): 	at android.os.Looper.loop(Looper.java:193)
01-26 11:33:29.763 W/System.err( 8592): 	at android.app.ActivityThread.main(ActivityThread.java:6702)
01-26 11:33:29.763 W/System.err( 8592): 	at java.lang.reflect.Method.invoke(Native Method)
01-26 11:33:29.763 W/System.err( 8592): 	at com.android.internal.os.RuntimeInit$MethodAndArgsCaller.run(RuntimeInit.java:493)
01-26 11:33:29.763 W/System.err( 8592): 	at com.android.internal.os.ZygoteInit.main(ZygoteInit.java:911)
01-26 11:33:29.763 W/System.err( 8592): Caused by: android.system.ErrnoException: open failed: EACCES (Permission denied)
01-26 11:33:29.763 W/System.err( 8592): 	at libcore.io.Linux.open(Native Method)
01-26 11:33:29.764 W/System.err( 8592): 	at libcore.io.BlockGuardOs.open(BlockGuardOs.java:210)
01-26 11:33:29.764 W/System.err( 8592): 	at libcore.io.IoBridge.open(IoBridge.java:471)
01-26 11:33:29.764 W/System.err( 8592): 	... 17 more
01-26 11:33:29.764 W/System.err( 8592): java.io.FileNotFoundException: /data/user/0/com.zjinnova.zlink/files/prodexdir/tosversion (Permission denied)
01-26 11:33:29.765 W/System.err( 8592): 	at java.io.FileOutputStream.open0(Native Method)
01-26 11:33:29.765 W/System.err( 8592): 	at java.io.FileOutputStream.open(FileOutputStream.java:308)
01-26 11:33:29.765 W/System.err( 8592): 	at java.io.FileOutputStream.<init>(FileOutputStream.java:238)
01-26 11:33:29.765 W/System.err( 8592): 	at java.io.FileOutputStream.<init>(FileOutputStream.java:180)
01-26 11:33:29.765 W/System.err( 8592): 	at com.wrapper.proxyapplication.Util.UnzipFile(Util.java:205)
01-26 11:33:29.765 W/System.err( 8592): 	at com.wrapper.proxyapplication.Util.PrepareSecurefiles(Util.java:554)
01-26 11:33:29.765 W/System.err( 8592): 	at com.zjinnova.zlink.MyWrapperProxyApplication.initProxyApplication(MyWrapperProxyApplication.java:33)
01-26 11:33:29.765 W/System.err( 8592): 	at com.wrapper.proxyapplication.WrapperProxyApplication.attachBaseContext(WrapperProxyApplication.java:459)
01-26 11:33:29.765 W/System.err( 8592): 	at android.app.Application.attach(Application.java:212)
01-26 11:33:29.765 W/System.err( 8592): 	at android.app.Instrumentation.newApplication(Instrumentation.java:1121)
01-26 11:33:29.765 W/System.err( 8592): 	at android.app.LoadedApk.makeApplication(LoadedApk.java:1064)
01-26 11:33:29.765 W/System.err( 8592): 	at android.app.ActivityThread.handleBindApplication(ActivityThread.java:5873)
01-26 11:33:29.765 W/System.err( 8592): 	at android.app.ActivityThread.access$1200(ActivityThread.java:206)
01-26 11:33:29.765 W/System.err( 8592): 	at android.app.ActivityThread$H.handleMessage(ActivityThread.java:1678)
01-26 11:33:29.765 W/System.err( 8592): 	at android.os.Handler.dispatchMessage(Handler.java:106)
01-26 11:33:29.765 W/System.err( 8592): 	at android.os.Looper.loop(Looper.java:193)
01-26 11:33:29.765 W/System.err( 8592): 	at android.app.ActivityThread.main(ActivityThread.java:6702)
01-26 11:33:29.765 W/System.err( 8592): 	at java.lang.reflect.Method.invoke(Native Method)
01-26 11:33:29.765 W/System.err( 8592): 	at com.android.internal.os.RuntimeInit$MethodAndArgsCaller.run(RuntimeInit.java:493)
01-26 11:33:29.765 W/System.err( 8592): 	at com.android.internal.os.ZygoteInit.main(ZygoteInit.java:911)
01-26 11:33:29.838 D/DisplayManagerService(  615): Display listener for pid 8592 died.
01-26 11:33:29.839 I/ActivityManager(  615): Process com.zjinnova.zlink (pid 8592) has died: fore SVC 
01-26 11:33:29.839 W/ActivityManager(  615): Canceling start item Intent { act=zjinnova.android.intent.action.ZLINK_SERVICE } in service ComponentInfo{com.zjinnova.zlink/com.zjinnova.android.zlink.features.service.DaemonService}
01-26 11:33:29.839 W/libprocessgroup(  615): kill(-8592, 9) failed: No such process
01-26 11:33:29.839 W/ActivityManager(  615): Scheduling restart of crashed service com.zjinnova.zlink/com.zjinnova.android.zlink.features.service.DaemonService in 1000ms
01-26 11:33:29.839 I/libprocessgroup(  615): Successfully killed process cgroup uid 10115 pid 8592 in 0ms
01-26 11:33:29.841 I/SourceService(  615): Activity DIED(), com.zjinnova.zlink | com.zjinnova.zlink
01-26 11:33:30.204 E/WifiVendorHal(  615): getWifiLinkLayerStats(l.937) failed {.code = ERROR_NOT_SUPPORTED, .description = }
01-26 11:33:30.334 D/pseudo  (  461): mtk_gps_sys_nmea_output_to_mnld: received 467 bytes:
01-26 11:33:30.335 D/pseudo  (  461): mtk_gps_sys_nmea_output_to_app: len:467, [NMEA]$GPGGA,002741.00...
01-26 11:33:30.335 D/        (  461): mtk_gps_sys_gps_mnl_callback: msg:0
01-26 11:33:30.335 D/        (  461): send_active_notify: send clean nmea timer cmd!
01-26 11:33:30.335 D/        (  461): mtk_gps_sys_gps_mnl_callback: MTK_GPS_MSG_FIX_READY,GET_RTC_FAIL
01-26 11:33:30.335 D/pseudo  (  461): mtk_gps_sys_nmea_output_to_app: len:46, [vAGPS_Auto_Req]:g_FirstDbtt:0,u2BitMap:0x12f
01-26 11:33:30.335 D/        (  461): gps_control_thread: gps_control_thread wait
01-26 11:33:30.339 I/GnssLocationProvider(  615): WakeLock acquired by sendMessage(REPORT_SV_STATUS, 0, com.android.server.location.GnssLocationProvider$SvStatusInfo@acbe380)
01-26 11:33:30.340 I/GnssLocationProvider(  615): WakeLock released by handleMessage(REPORT_SV_STATUS, 0, com.android.server.location.GnssLocationProvider$SvStatusInfo@acbe380)
01-26 11:33:30.851 I/ActivityManager(  615): Start proc 8609:com.zjinnova.zlink/u0a115 for service com.zjinnova.zlink/com.zjinnova.android.zlink.features.service.DaemonService
01-26 11:33:30.864 E/.zjinnova.zlin( 8609): Not starting debugger since process cannot load the jdwp agent.
01-26 11:33:30.898 I/.zjinnova.zlin( 8609): The ClassLoaderContext is a special shared library.
01-26 11:33:30.905 W/.zjinnova.zlin( 8609): JIT profile information will not be recorded: profile file does not exits.
01-26 11:33:30.919 W/System.err( 8609): java.io.FileNotFoundException: /data/user/0/com.zjinnova.zlink/files/prodexdir/tosversion: open failed: EACCES (Permission denied)
01-26 11:33:30.920 W/System.err( 8609): 	at libcore.io.IoBridge.open(IoBridge.java:485)
01-26 11:33:30.920 W/System.err( 8609): 	at java.io.RandomAccessFile.<init>(RandomAccessFile.java:288)
01-26 11:33:30.920 W/System.err( 8609): 	at java.io.RandomAccessFile.<init>(RandomAccessFile.java:151)
01-26 11:33:30.920 W/System.err( 8609): 	at com.wrapper.proxyapplication.Util.PrepareSecurefiles(Util.java:362)
01-26 11:33:30.920 W/System.err( 8609): 	at com.zjinnova.zlink.MyWrapperProxyApplication.initProxyApplication(MyWrapperProxyApplication.java:33)
01-26 11:33:30.920 W/System.err( 8609): 	at com.wrapper.proxyapplication.WrapperProxyApplication.attachBaseContext(WrapperProxyApplication.java:459)
01-26 11:33:30.920 W/System.err( 8609): 	at android.app.Application.attach(Application.java:212)
01-26 11:33:30.920 W/System.err( 8609): 	at android.app.Instrumentation.newApplication(Instrumentation.java:1121)
01-26 11:33:30.920 W/System.err( 8609): 	at android.app.LoadedApk.makeApplication(LoadedApk.java:1064)
01-26 11:33:30.920 W/System.err( 8609): 	at android.app.ActivityThread.handleBindApplication(ActivityThread.java:5873)
01-26 11:33:30.920 W/System.err( 8609): 	at android.app.ActivityThread.access$1200(ActivityThread.java:206)
01-26 11:33:30.920 W/System.err( 8609): 	at android.app.ActivityThread$H.handleMessage(ActivityThread.java:1678)
01-26 11:33:30.920 W/System.err( 8609): 	at android.os.Handler.dispatchMessage(Handler.java:106)
01-26 11:33:30.920 W/System.err( 8609): 	at android.os.Looper.loop(Looper.java:193)
01-26 11:33:30.920 W/System.err( 8609): 	at android.app.ActivityThread.main(ActivityThread.java:6702)
01-26 11:33:30.920 W/System.err( 8609): 	at java.lang.reflect.Method.invoke(Native Method)
01-26 11:33:30.920 W/System.err( 8609): 	at com.android.internal.os.RuntimeInit$MethodAndArgsCaller.run(RuntimeInit.java:493)
01-26 11:33:30.920 W/System.err( 8609): 	at com.android.internal.os.ZygoteInit.main(ZygoteInit.java:911)
01-26 11:33:30.920 W/System.err( 8609): Caused by: android.system.ErrnoException: open failed: EACCES (Permission denied)
01-26 11:33:30.920 W/System.err( 8609): 	at libcore.io.Linux.open(Native Method)
01-26 11:33:30.921 W/System.err( 8609): 	at libcore.io.BlockGuardOs.open(BlockGuardOs.java:210)
01-26 11:33:30.921 W/System.err( 8609): 	at libcore.io.IoBridge.open(IoBridge.java:471)
01-26 11:33:30.921 W/System.err( 8609): 	... 17 more
01-26 11:33:30.921 W/System.err( 8609): java.io.FileNotFoundException: /data/user/0/com.zjinnova.zlink/files/prodexdir/tosversion (Permission denied)
01-26 11:33:30.922 W/System.err( 8609): 	at java.io.FileOutputStream.open0(Native Method)
01-26 11:33:30.922 W/System.err( 8609): 	at java.io.FileOutputStream.open(FileOutputStream.java:308)
01-26 11:33:30.922 W/System.err( 8609): 	at java.io.FileOutputStream.<init>(FileOutputStream.java:238)
01-26 11:33:30.922 W/System.err( 8609): 	at java.io.FileOutputStream.<init>(FileOutputStream.java:180)
01-26 11:33:30.922 W/System.err( 8609): 	at com.wrapper.proxyapplication.Util.UnzipFile(Util.java:205)
01-26 11:33:30.922 W/System.err( 8609): 	at com.wrapper.proxyapplication.Util.PrepareSecurefiles(Util.java:554)
01-26 11:33:30.922 W/System.err( 8609): 	at com.zjinnova.zlink.MyWrapperProxyApplication.initProxyApplication(MyWrapperProxyApplication.java:33)
01-26 11:33:30.922 W/System.err( 8609): 	at com.wrapper.proxyapplication.WrapperProxyApplication.attachBaseContext(WrapperProxyApplication.java:459)
01-26 11:33:30.922 W/System.err( 8609): 	at android.app.Application.attach(Application.java:212)
01-26 11:33:30.922 W/System.err( 8609): 	at android.app.Instrumentation.newApplication(Instrumentation.java:1121)
01-26 11:33:30.922 W/System.err( 8609): 	at android.app.LoadedApk.makeApplication(LoadedApk.java:1064)
01-26 11:33:30.922 W/System.err( 8609): 	at android.app.ActivityThread.handleBindApplication(ActivityThread.java:5873)
01-26 11:33:30.922 W/System.err( 8609): 	at android.app.ActivityThread.access$1200(ActivityThread.java:206)
01-26 11:33:30.922 W/System.err( 8609): 	at android.app.ActivityThread$H.handleMessage(ActivityThread.java:1678)
01-26 11:33:30.922 W/System.err( 8609): 	at android.os.Handler.dispatchMessage(Handler.java:106)
01-26 11:33:30.922 W/System.err( 8609): 	at android.os.Looper.loop(Looper.java:193)
01-26 11:33:30.922 W/System.err( 8609): 	at android.app.ActivityThread.main(ActivityThread.java:6702)
01-26 11:33:30.922 W/System.err( 8609): 	at java.lang.reflect.Method.invoke(Native Method)
01-26 11:33:30.922 W/System.err( 8609): 	at com.android.internal.os.RuntimeInit$MethodAndArgsCaller.run(RuntimeInit.java:493)
01-26 11:33:30.922 W/System.err( 8609): 	at com.android.internal.os.ZygoteInit.main(ZygoteInit.java:911)
01-26 11:33:31.002 D/DisplayManagerService(  615): Display listener for pid 8609 died.
01-26 11:33:31.002 I/ActivityManager(  615): Process com.zjinnova.zlink (pid 8609) has died: fore SVC 
01-26 11:33:31.002 W/ActivityManager(  615): Scheduling restart of crashed service com.zjinnova.zlink/com.zjinnova.android.zlink.features.service.DaemonService in 4000ms
01-26 11:33:31.003 W/libprocessgroup(  615): kill(-8609, 9) failed: No such process
01-26 11:33:31.003 I/libprocessgroup(  615): Successfully killed process cgroup uid 10115 pid 8609 in 0ms
01-26 11:33:31.004 I/SourceService(  615): Activity DIED(), com.zjinnova.zlink | com.zjinnova.zlink
01-26 11:33:31.334 D/pseudo  (  461): mtk_gps_sys_nmea_output_to_mnld: received 467 bytes:
01-26 11:33:31.335 D/pseudo  (  461): mtk_gps_sys_nmea_output_to_app: len:467, [NMEA]$GPGGA,002742.00...
01-26 11:33:31.335 D/        (  461): mtk_gps_sys_gps_mnl_callback: msg:0
01-26 11:33:31.335 D/        (  461): send_active_notify: send clean nmea timer cmd!
01-26 11:33:31.335 D/        (  461): mtk_gps_sys_gps_mnl_callback: MTK_GPS_MSG_FIX_READY,GET_RTC_FAIL
01-26 11:33:31.335 D/pseudo  (  461): mtk_gps_sys_nmea_output_to_app: len:46, [vAGPS_Auto_Req]:g_FirstDbtt:0,u2BitMap:0x12f
01-26 11:33:31.335 D/        (  461): gps_control_thread: gps_control_thread wait
01-26 11:33:31.338 I/GnssLocationProvider(  615): WakeLock acquired by sendMessage(REPORT_SV_STATUS, 0, com.android.server.location.GnssLocationProvider$SvStatusInfo@d210db9)
01-26 11:33:31.339 I/GnssLocationProvider(  615): WakeLock released by handleMessage(REPORT_SV_STATUS, 0, com.android.server.location.GnssLocationProvider$SvStatusInfo@d210db9)
01-26 11:33:31.711 W/ps      ( 8626): type=1400 audit(0.0:6953): avc: denied { getattr } for path="/dev/console" dev="tmpfs" ino=9361 scontext=u:r:z-link:s0 tcontext=u:object_r:console_device:s0 tclass=chr_file permissive=0
01-26 11:33:31.738 W/ps      ( 8626): type=1400 audit(0.0:6957): avc: denied { getattr } for path="/dev/pts/0" dev="devpts" ino=3 scontext=u:r:z-link:s0 tcontext=u:object_r:devpts:s0 tclass=chr_file permissive=0
01-26 11:33:31.770 D/btopt   (  782): zlink wake_up_apk_server: cmd = 'export PATH=$PATH:/system/bin/;am start-service -a "zjinnova.android.intent.action.ZLINK_SERVICE" &'
01-26 11:33:31.849 I/ActivityManager(  615): Start proc 8637:com.zjinnova.zlink/u0a115 for service com.zjinnova.zlink/com.zjinnova.android.zlink.features.service.DaemonService
01-26 11:33:31.870 E/.zjinnova.zlin( 8637): Not starting debugger since process cannot load the jdwp agent.
01-26 11:33:31.912 I/.zjinnova.zlin( 8637): The ClassLoaderContext is a special shared library.
01-26 11:33:31.918 W/.zjinnova.zlin( 8637): JIT profile information will not be recorded: profile file does not exits.
01-26 11:33:31.933 W/System.err( 8637): java.io.FileNotFoundException: /data/user/0/com.zjinnova.zlink/files/prodexdir/tosversion: open failed: EACCES (Permission denied)
01-26 11:33:31.934 W/System.err( 8637): 	at libcore.io.IoBridge.open(IoBridge.java:485)
01-26 11:33:31.934 W/System.err( 8637): 	at java.io.RandomAccessFile.<init>(RandomAccessFile.java:288)
01-26 11:33:31.934 W/System.err( 8637): 	at java.io.RandomAccessFile.<init>(RandomAccessFile.java:151)
01-26 11:33:31.934 W/System.err( 8637): 	at com.wrapper.proxyapplication.Util.PrepareSecurefiles(Util.java:362)
01-26 11:33:31.934 W/System.err( 8637): 	at com.zjinnova.zlink.MyWrapperProxyApplication.initProxyApplication(MyWrapperProxyApplication.java:33)
01-26 11:33:31.934 W/System.err( 8637): 	at com.wrapper.proxyapplication.WrapperProxyApplication.attachBaseContext(WrapperProxyApplication.java:459)
01-26 11:33:31.934 W/System.err( 8637): 	at android.app.Application.attach(Application.java:212)
01-26 11:33:31.934 W/System.err( 8637): 	at android.app.Instrumentation.newApplication(Instrumentation.java:1121)
01-26 11:33:31.934 W/System.err( 8637): 	at android.app.LoadedApk.makeApplication(LoadedApk.java:1064)
01-26 11:33:31.934 W/System.err( 8637): 	at android.app.ActivityThread.handleBindApplication(ActivityThread.java:5873)
01-26 11:33:31.934 W/System.err( 8637): 	at android.app.ActivityThread.access$1200(ActivityThread.java:206)
01-26 11:33:31.934 W/System.err( 8637): 	at android.app.ActivityThread$H.handleMessage(ActivityThread.java:1678)
01-26 11:33:31.934 W/System.err( 8637): 	at android.os.Handler.dispatchMessage(Handler.java:106)
01-26 11:33:31.934 W/System.err( 8637): 	at android.os.Looper.loop(Looper.java:193)
01-26 11:33:31.934 W/System.err( 8637): 	at android.app.ActivityThread.main(ActivityThread.java:6702)
01-26 11:33:31.934 W/System.err( 8637): 	at java.lang.reflect.Method.invoke(Native Method)
01-26 11:33:31.934 W/System.err( 8637): 	at com.android.internal.os.RuntimeInit$MethodAndArgsCaller.run(RuntimeInit.java:493)
01-26 11:33:31.934 W/System.err( 8637): 	at com.android.internal.os.ZygoteInit.main(ZygoteInit.java:911)
01-26 11:33:31.935 W/System.err( 8637): Caused by: android.system.ErrnoException: open failed: EACCES (Permission denied)
01-26 11:33:31.935 W/System.err( 8637): 	at libcore.io.Linux.open(Native Method)
01-26 11:33:31.935 W/System.err( 8637): 	at libcore.io.BlockGuardOs.open(BlockGuardOs.java:210)
01-26 11:33:31.935 W/System.err( 8637): 	at libcore.io.IoBridge.open(IoBridge.java:471)
01-26 11:33:31.935 W/System.err( 8637): 	... 17 more
01-26 11:33:31.936 W/System.err( 8637): java.io.FileNotFoundException: /data/user/0/com.zjinnova.zlink/files/prodexdir/tosversion (Permission denied)
01-26 11:33:31.936 W/System.err( 8637): 	at java.io.FileOutputStream.open0(Native Method)
01-26 11:33:31.936 W/System.err( 8637): 	at java.io.FileOutputStream.open(FileOutputStream.java:308)
01-26 11:33:31.936 W/System.err( 8637): 	at java.io.FileOutputStream.<init>(FileOutputStream.java:238)
01-26 11:33:31.936 W/System.err( 8637): 	at java.io.FileOutputStream.<init>(FileOutputStream.java:180)
01-26 11:33:31.936 W/System.err( 8637): 	at com.wrapper.proxyapplication.Util.UnzipFile(Util.java:205)
01-26 11:33:31.936 W/System.err( 8637): 	at com.wrapper.proxyapplication.Util.PrepareSecurefiles(Util.java:554)
01-26 11:33:31.936 W/System.err( 8637): 	at com.zjinnova.zlink.MyWrapperProxyApplication.initProxyApplication(MyWrapperProxyApplication.java:33)
01-26 11:33:31.936 W/System.err( 8637): 	at com.wrapper.proxyapplication.WrapperProxyApplication.attachBaseContext(WrapperProxyApplication.java:459)
01-26 11:33:31.936 W/System.err( 8637): 	at android.app.Application.attach(Application.java:212)
01-26 11:33:31.936 W/System.err( 8637): 	at android.app.Instrumentation.newApplication(Instrumentation.java:1121)
01-26 11:33:31.936 W/System.err( 8637): 	at android.app.LoadedApk.makeApplication(LoadedApk.java:1064)
01-26 11:33:31.936 W/System.err( 8637): 	at android.app.ActivityThread.handleBindApplication(ActivityThread.java:5873)
01-26 11:33:31.936 W/System.err( 8637): 	at android.app.ActivityThread.access$1200(ActivityThread.java:206)
01-26 11:33:31.936 W/System.err( 8637): 	at android.app.ActivityThread$H.handleMessage(ActivityThread.java:1678)
01-26 11:33:31.936 W/System.err( 8637): 	at android.os.Handler.dispatchMessage(Handler.java:106)
01-26 11:33:31.936 W/System.err( 8637): 	at android.os.Looper.loop(Looper.java:193)
01-26 11:33:31.936 W/System.err( 8637): 	at android.app.ActivityThread.main(ActivityThread.java:6702)
01-26 11:33:31.936 W/System.err( 8637): 	at java.lang.reflect.Method.invoke(Native Method)
01-26 11:33:31.936 W/System.err( 8637): 	at com.android.internal.os.RuntimeInit$MethodAndArgsCaller.run(RuntimeInit.java:493)
01-26 11:33:31.936 W/System.err( 8637): 	at com.android.internal.os.ZygoteInit.main(ZygoteInit.java:911)
01-26 11:33:32.015 D/DisplayManagerService(  615): Display listener for pid 8637 died.
01-26 11:33:32.015 I/ActivityManager(  615): Process com.zjinnova.zlink (pid 8637) has died: fore SVC 
01-26 11:33:32.015 W/ActivityManager(  615): Canceling start item Intent { act=zjinnova.android.intent.action.ZLINK_SERVICE } in service ComponentInfo{com.zjinnova.zlink/com.zjinnova.android.zlink.features.service.DaemonService}
01-26 11:33:32.015 W/ActivityManager(  615): Scheduling restart of crashed service com.zjinnova.zlink/com.zjinnova.android.zlink.features.service.DaemonService in 1000ms
01-26 11:33:32.016 W/libprocessgroup(  615): kill(-8637, 9) failed: No such process
01-26 11:33:32.016 I/libprocessgroup(  615): Successfully killed process cgroup uid 10115 pid 8637 in 0ms
01-26 11:33:32.017 I/SourceService(  615): Activity DIED(), com.zjinnova.zlink | com.zjinnova.zlink
01-26 11:33:32.247 W/PbapClientStateMachine( 1152): Disconnect Timeout, Forcing
01-26 11:33:32.247 D/PBAP PCE handler( 1152): Closing socketandroid.bluetooth.BluetoothSocket@12b0d98
01-26 11:33:32.247 D/BluetoothSocket( 1152): close() this: android.bluetooth.BluetoothSocket@12b0d98, channel: -1, mSocketIS: android.net.LocalSocketImpl$SocketInputStream@90949f1, mSocketOS: android.net.LocalSocketImpl$SocketOutputStream@ee219d6mSocket: android.net.LocalSocket@ba86457 impl:android.net.LocalSocketImpl@78f6b44 fd:java.io.FileDescriptor@557942d, mSocketState: INIT
01-26 11:33:32.248 E/bt_btif_sock_rfcomm( 1152): btsock_rfc_signaled socket signaled for read while disconnected, slot: 41, channel: -1
01-26 11:33:32.248 E/PBAP PCE handler( 1152): Error while connecting socket
01-26 11:33:32.248 E/PBAP PCE handler( 1152): java.io.IOException: read failed, socket might closed or timeout, read ret: -1
01-26 11:33:32.248 E/PBAP PCE handler( 1152): 	at android.bluetooth.BluetoothSocket.readAll(BluetoothSocket.java:762)
01-26 11:33:32.248 E/PBAP PCE handler( 1152): 	at android.bluetooth.BluetoothSocket.readInt(BluetoothSocket.java:776)
01-26 11:33:32.248 E/PBAP PCE handler( 1152): 	at android.bluetooth.BluetoothSocket.connect(BluetoothSocket.java:399)
01-26 11:33:32.248 E/PBAP PCE handler( 1152): 	at com.android.bluetooth.pbapclient.PbapClientConnectionHandler.connectSocket(PbapClientConnectionHandler.java:487)
01-26 11:33:32.248 E/PBAP PCE handler( 1152): 	at com.android.bluetooth.pbapclient.PbapClientConnectionHandler.handleMessage(PbapClientConnectionHandler.java:269)
01-26 11:33:32.248 E/PBAP PCE handler( 1152): 	at android.os.Handler.dispatchMessage(Handler.java:106)
01-26 11:33:32.248 E/PBAP PCE handler( 1152): 	at android.os.Looper.loop(Looper.java:193)
01-26 11:33:32.248 E/PBAP PCE handler( 1152): 	at android.os.HandlerThread.run(HandlerThread.java:65)
01-26 11:33:32.248 W/PBAP PCE handler( 1152): Socket CONNECT Failure 
01-26 11:33:32.249 D/PBAP PCE handler( 1152): Handling Message = 2
01-26 11:33:32.249 W/PbapClientStateMachine( 1152): Received unexpected message while Disconnecting
01-26 11:33:32.249 D/PBAP PCE handler( 1152): Starting Disconnect
01-26 11:33:32.249 D/PBAP PCE handler( 1152): Closing Socket
01-26 11:33:32.249 D/PBAP PCE handler( 1152): Completing Disconnect
01-26 11:33:32.250 D/PbapClientStateMachine( 1152): Enter Disconnected: 7
01-26 11:33:32.250 D/PbapClientStateMachine( 1152): Connection state A8:6A:86:B3:96:EA: 3->0
01-26 11:33:32.251 W/PbapClientService( 1152): Cleanup device: A8:6A:86:B3:96:EA
01-26 11:33:32.252 D/AdapterProperties( 1152): PROFILE_CONNECTION_STATE_CHANGE: profile=17, device=A8:6A:86:B3:96:EA, 3 -> 0
01-26 11:33:32.251 V/BluetoothEventManager( 1298): Received android.bluetooth.pbapclient.profile.action.CONNECTION_STATE_CHANGED
01-26 11:33:32.252 D/CachedBluetoothDeviceManager( 1298): findDevice() == A8:6A:86:B3:96:EA
01-26 11:33:32.252 D/CachedBluetoothDeviceManager( 1298): findDevice() mCachedDevices size == 3
01-26 11:33:32.252 D/CachedBluetoothDeviceManager( 1298): findDevice() mCachedDevices == A8:6A:86:B3:96:EA
01-26 11:33:32.252 D/Car_LocalBluetoothProfileManager( 1298): StateChangedHandler cachedDevice ==A8:6A:86:B3:96:EA
01-26 11:33:32.252 D/Car_CachedBluetoothDevice( 1298): onProfileStateChanged: profile PbapClient newProfileState 0
01-26 11:33:32.253 V/LocalBluetoothAdapter( 1298): getBluetoothState mState:12
01-26 11:33:32.254 D/Car_CachedBluetoothDevice( 1298): localUuids : [Landroid.os.ParcelUuid;@5129514 isA2dpSinkSupport : true
01-26 11:33:32.254 D/BluetoothPbapClientHelper( 1298): handlePbapConnectStateChange pbap disconnect!
01-26 11:33:32.254 D/BluetoothPbapClientHelper( 1298): callPbapListener: count=0
01-26 11:33:32.334 D/pseudo  (  461): mtk_gps_sys_nmea_output_to_mnld: received 467 bytes:
01-26 11:33:32.335 D/pseudo  (  461): mtk_gps_sys_nmea_output_to_app: len:467, [NMEA]$GPGGA,002743.00...
01-26 11:33:32.335 D/        (  461): mtk_gps_sys_gps_mnl_callback: msg:0
01-26 11:33:32.335 D/        (  461): send_active_notify: send clean nmea timer cmd!
01-26 11:33:32.335 D/        (  461): mtk_gps_sys_gps_mnl_callback: MTK_GPS_MSG_FIX_READY,GET_RTC_FAIL
01-26 11:33:32.335 D/pseudo  (  461): mtk_gps_sys_nmea_output_to_app: len:46, [vAGPS_Auto_Req]:g_FirstDbtt:0,u2BitMap:0x12f
01-26 11:33:32.335 D/        (  461): gps_control_thread: gps_control_thread wait
01-26 11:33:32.337 I/GnssLocationProvider(  615): WakeLock acquired by sendMessage(REPORT_SV_STATUS, 0, com.android.server.location.GnssLocationProvider$SvStatusInfo@f5765fe)
01-26 11:33:32.338 I/GnssLocationProvider(  615): WakeLock released by handleMessage(REPORT_SV_STATUS, 0, com.android.server.location.GnssLocationProvider$SvStatusInfo@f5765fe)
01-26 11:33:33.032 I/ActivityManager(  615): Start proc 8657:com.zjinnova.zlink/u0a115 for service com.zjinnova.zlink/com.zjinnova.android.zlink.features.service.DaemonService
01-26 11:33:33.037 E/.zjinnova.zlin( 8657): Not starting debugger since process cannot load the jdwp agent.
01-26 11:33:33.071 I/.zjinnova.zlin( 8657): The ClassLoaderContext is a special shared library.
01-26 11:33:33.078 W/.zjinnova.zlin( 8657): JIT profile information will not be recorded: profile file does not exits.
01-26 11:33:33.092 W/System.err( 8657): java.io.FileNotFoundException: /data/user/0/com.zjinnova.zlink/files/prodexdir/tosversion: open failed: EACCES (Permission denied)
01-26 11:33:33.092 W/System.err( 8657): 	at libcore.io.IoBridge.open(IoBridge.java:485)
01-26 11:33:33.092 W/System.err( 8657): 	at java.io.RandomAccessFile.<init>(RandomAccessFile.java:288)
01-26 11:33:33.092 W/System.err( 8657): 	at java.io.RandomAccessFile.<init>(RandomAccessFile.java:151)
01-26 11:33:33.092 W/System.err( 8657): 	at com.wrapper.proxyapplication.Util.PrepareSecurefiles(Util.java:362)
01-26 11:33:33.092 W/System.err( 8657): 	at com.zjinnova.zlink.MyWrapperProxyApplication.initProxyApplication(MyWrapperProxyApplication.java:33)
01-26 11:33:33.092 W/System.err( 8657): 	at com.wrapper.proxyapplication.WrapperProxyApplication.attachBaseContext(WrapperProxyApplication.java:459)
01-26 11:33:33.093 W/System.err( 8657): 	at android.app.Application.attach(Application.java:212)
01-26 11:33:33.093 W/System.err( 8657): 	at android.app.Instrumentation.newApplication(Instrumentation.java:1121)
01-26 11:33:33.093 W/System.err( 8657): 	at android.app.LoadedApk.makeApplication(LoadedApk.java:1064)
01-26 11:33:33.093 W/System.err( 8657): 	at android.app.ActivityThread.handleBindApplication(ActivityThread.java:5873)
01-26 11:33:33.093 W/System.err( 8657): 	at android.app.ActivityThread.access$1200(ActivityThread.java:206)
01-26 11:33:33.093 W/System.err( 8657): 	at android.app.ActivityThread$H.handleMessage(ActivityThread.java:1678)
01-26 11:33:33.093 W/System.err( 8657): 	at android.os.Handler.dispatchMessage(Handler.java:106)
01-26 11:33:33.093 W/System.err( 8657): 	at android.os.Looper.loop(Looper.java:193)
01-26 11:33:33.093 W/System.err( 8657): 	at android.app.ActivityThread.main(ActivityThread.java:6702)
01-26 11:33:33.093 W/System.err( 8657): 	at java.lang.reflect.Method.invoke(Native Method)
01-26 11:33:33.093 W/System.err( 8657): 	at com.android.internal.os.RuntimeInit$MethodAndArgsCaller.run(RuntimeInit.java:493)
01-26 11:33:33.093 W/System.err( 8657): 	at com.android.internal.os.ZygoteInit.main(ZygoteInit.java:911)
01-26 11:33:33.093 W/System.err( 8657): Caused by: android.system.ErrnoException: open failed: EACCES (Permission denied)
01-26 11:33:33.093 W/System.err( 8657): 	at libcore.io.Linux.open(Native Method)
01-26 11:33:33.093 W/System.err( 8657): 	at libcore.io.BlockGuardOs.open(BlockGuardOs.java:210)
01-26 11:33:33.093 W/System.err( 8657): 	at libcore.io.IoBridge.open(IoBridge.java:471)
01-26 11:33:33.093 W/System.err( 8657): 	... 17 more
01-26 11:33:33.094 W/System.err( 8657): java.io.FileNotFoundException: /data/user/0/com.zjinnova.zlink/files/prodexdir/tosversion (Permission denied)
01-26 11:33:33.094 W/System.err( 8657): 	at java.io.FileOutputStream.open0(Native Method)
01-26 11:33:33.094 W/System.err( 8657): 	at java.io.FileOutputStream.open(FileOutputStream.java:308)
01-26 11:33:33.094 W/System.err( 8657): 	at java.io.FileOutputStream.<init>(FileOutputStream.java:238)
01-26 11:33:33.094 W/System.err( 8657): 	at java.io.FileOutputStream.<init>(FileOutputStream.java:180)
01-26 11:33:33.094 W/System.err( 8657): 	at com.wrapper.proxyapplication.Util.UnzipFile(Util.java:205)
01-26 11:33:33.094 W/System.err( 8657): 	at com.wrapper.proxyapplication.Util.PrepareSecurefiles(Util.java:554)
01-26 11:33:33.094 W/System.err( 8657): 	at com.zjinnova.zlink.MyWrapperProxyApplication.initProxyApplication(MyWrapperProxyApplication.java:33)
01-26 11:33:33.094 W/System.err( 8657): 	at com.wrapper.proxyapplication.WrapperProxyApplication.attachBaseContext(WrapperProxyApplication.java:459)
01-26 11:33:33.094 W/System.err( 8657): 	at android.app.Application.attach(Application.java:212)
01-26 11:33:33.095 W/System.err( 8657): 	at android.app.Instrumentation.newApplication(Instrumentation.java:1121)
01-26 11:33:33.095 W/System.err( 8657): 	at android.app.LoadedApk.makeApplication(LoadedApk.java:1064)
01-26 11:33:33.095 W/System.err( 8657): 	at android.app.ActivityThread.handleBindApplication(ActivityThread.java:5873)
01-26 11:33:33.095 W/System.err( 8657): 	at android.app.ActivityThread.access$1200(ActivityThread.java:206)
01-26 11:33:33.095 W/System.err( 8657): 	at android.app.ActivityThread$H.handleMessage(ActivityThread.java:1678)
01-26 11:33:33.095 W/System.err( 8657): 	at android.os.Handler.dispatchMessage(Handler.java:106)
01-26 11:33:33.095 W/System.err( 8657): 	at android.os.Looper.loop(Looper.java:193)
01-26 11:33:33.095 W/System.err( 8657): 	at android.app.ActivityThread.main(ActivityThread.java:6702)
01-26 11:33:33.095 W/System.err( 8657): 	at java.lang.reflect.Method.invoke(Native Method)
01-26 11:33:33.095 W/System.err( 8657): 	at com.android.internal.os.RuntimeInit$MethodAndArgsCaller.run(RuntimeInit.java:493)
01-26 11:33:33.095 W/System.err( 8657): 	at com.android.internal.os.ZygoteInit.main(ZygoteInit.java:911)
01-26 11:33:33.138 D/DisplayManagerService(  615): Display listener for pid 8657 died.
01-26 11:33:33.138 I/ActivityManager(  615): Process com.zjinnova.zlink (pid 8657) has died: fore SVC 
01-26 11:33:33.139 W/ActivityManager(  615): Scheduling restart of crashed service com.zjinnova.zlink/com.zjinnova.android.zlink.features.service.DaemonService in 4000ms
01-26 11:33:33.139 W/libprocessgroup(  615): kill(-8657, 9) failed: No such process
01-26 11:33:33.139 I/libprocessgroup(  615): Successfully killed process cgroup uid 10115 pid 8657 in 0ms
01-26 11:33:33.140 I/SourceService(  615): Activity DIED(), com.zjinnova.zlink | com.zjinnova.zlink
01-26 11:33:33.211 E/WifiVendorHal(  615): getWifiLinkLayerStats(l.937) failed {.code = ERROR_NOT_SUPPORTED, .description = }
01-26 11:33:33.334 D/pseudo  (  461): mtk_gps_sys_nmea_output_to_mnld: received 467 bytes:
01-26 11:33:33.335 D/pseudo  (  461): mtk_gps_sys_nmea_output_to_app: len:467, [NMEA]$GPGGA,002744.00...
01-26 11:33:33.335 D/        (  461): mtk_gps_sys_gps_mnl_callback: msg:0
01-26 11:33:33.335 D/        (  461): send_active_notify: send clean nmea timer cmd!
01-26 11:33:33.335 D/        (  461): mtk_gps_sys_gps_mnl_callback: MTK_GPS_MSG_FIX_READY,GET_RTC_FAIL
01-26 11:33:33.335 D/pseudo  (  461): mtk_gps_sys_nmea_output_to_app: len:46, [vAGPS_Auto_Req]:g_FirstDbtt:0,u2BitMap:0x12f
01-26 11:33:33.335 D/        (  461): gps_control_thread: gps_control_thread wait
01-26 11:33:33.337 I/GnssLocationProvider(  615): WakeLock acquired by sendMessage(REPORT_SV_STATUS, 0, com.android.server.location.GnssLocationProvider$SvStatusInfo@9be015f)
01-26 11:33:33.337 I/GnssLocationProvider(  615): WakeLock released by handleMessage(REPORT_SV_STATUS, 0, com.android.server.location.GnssLocationProvider$SvStatusInfo@9be015f)
01-26 11:33:33.858 W/ps      ( 8675): type=1400 audit(0.0:6963): avc: denied { getattr } for path="/dev/console" dev="tmpfs" ino=9361 scontext=u:r:z-link:s0 tcontext=u:object_r:console_device:s0 tclass=chr_file permissive=0
01-26 11:33:33.888 W/ps      ( 8675): type=1400 audit(0.0:6967): avc: denied { getattr } for path="/dev/pts/0" dev="devpts" ino=3 scontext=u:r:z-link:s0 tcontext=u:object_r:devpts:s0 tclass=chr_file permissive=0
01-26 11:33:33.918 D/btopt   (  782): zlink wake_up_apk_server: cmd = 'export PATH=$PATH:/system/bin/;am start-service -a "zjinnova.android.intent.action.ZLINK_SERVICE" &'
01-26 11:33:33.995 I/ActivityManager(  615): Start proc 8685:com.zjinnova.zlink/u0a115 for service com.zjinnova.zlink/com.zjinnova.android.zlink.features.service.DaemonService
01-26 11:33:34.008 E/.zjinnova.zlin( 8685): Not starting debugger since process cannot load the jdwp agent.
01-26 11:33:34.045 I/.zjinnova.zlin( 8685): The ClassLoaderContext is a special shared library.
01-26 11:33:34.051 W/.zjinnova.zlin( 8685): JIT profile information will not be recorded: profile file does not exits.
01-26 11:33:34.067 W/System.err( 8685): java.io.FileNotFoundException: /data/user/0/com.zjinnova.zlink/files/prodexdir/tosversion: open failed: EACCES (Permission denied)
01-26 11:33:34.068 W/System.err( 8685): 	at libcore.io.IoBridge.open(IoBridge.java:485)
01-26 11:33:34.069 W/System.err( 8685): 	at java.io.RandomAccessFile.<init>(RandomAccessFile.java:288)
01-26 11:33:34.069 W/System.err( 8685): 	at java.io.RandomAccessFile.<init>(RandomAccessFile.java:151)
01-26 11:33:34.069 W/System.err( 8685): 	at com.wrapper.proxyapplication.Util.PrepareSecurefiles(Util.java:362)
01-26 11:33:34.069 W/System.err( 8685): 	at com.zjinnova.zlink.MyWrapperProxyApplication.initProxyApplication(MyWrapperProxyApplication.java:33)
01-26 11:33:34.070 W/System.err( 8685): 	at com.wrapper.proxyapplication.WrapperProxyApplication.attachBaseContext(WrapperProxyApplication.java:459)
01-26 11:33:34.070 W/System.err( 8685): 	at android.app.Application.attach(Application.java:212)
01-26 11:33:34.070 W/System.err( 8685): 	at android.app.Instrumentation.newApplication(Instrumentation.java:1121)
01-26 11:33:34.070 W/System.err( 8685): 	at android.app.LoadedApk.makeApplication(LoadedApk.java:1064)
01-26 11:33:34.070 W/System.err( 8685): 	at android.app.ActivityThread.handleBindApplication(ActivityThread.java:5873)
01-26 11:33:34.070 W/System.err( 8685): 	at android.app.ActivityThread.access$1200(ActivityThread.java:206)
01-26 11:33:34.071 W/System.err( 8685): 	at android.app.ActivityThread$H.handleMessage(ActivityThread.java:1678)
01-26 11:33:34.071 W/System.err( 8685): 	at android.os.Handler.dispatchMessage(Handler.java:106)
01-26 11:33:34.071 W/System.err( 8685): 	at android.os.Looper.loop(Looper.java:193)
01-26 11:33:34.071 W/System.err( 8685): 	at android.app.ActivityThread.main(ActivityThread.java:6702)
01-26 11:33:34.072 W/System.err( 8685): 	at java.lang.reflect.Method.invoke(Native Method)
01-26 11:33:34.072 W/System.err( 8685): 	at com.android.internal.os.RuntimeInit$MethodAndArgsCaller.run(RuntimeInit.java:493)
01-26 11:33:34.072 W/System.err( 8685): 	at com.android.internal.os.ZygoteInit.main(ZygoteInit.java:911)
01-26 11:33:34.073 W/System.err( 8685): Caused by: android.system.ErrnoException: open failed: EACCES (Permission denied)
01-26 11:33:34.073 W/System.err( 8685): 	at libcore.io.Linux.open(Native Method)
01-26 11:33:34.073 W/System.err( 8685): 	at libcore.io.BlockGuardOs.open(BlockGuardOs.java:210)
01-26 11:33:34.073 W/System.err( 8685): 	at libcore.io.IoBridge.open(IoBridge.java:471)
01-26 11:33:34.073 W/System.err( 8685): 	... 17 more
01-26 11:33:34.074 W/System.err( 8685): java.io.FileNotFoundException: /data/user/0/com.zjinnova.zlink/files/prodexdir/tosversion (Permission denied)
01-26 11:33:34.075 W/System.err( 8685): 	at java.io.FileOutputStream.open0(Native Method)
01-26 11:33:34.075 W/System.err( 8685): 	at java.io.FileOutputStream.open(FileOutputStream.java:308)
01-26 11:33:34.075 W/System.err( 8685): 	at java.io.FileOutputStream.<init>(FileOutputStream.java:238)
01-26 11:33:34.075 W/System.err( 8685): 	at java.io.FileOutputStream.<init>(FileOutputStream.java:180)
01-26 11:33:34.075 W/System.err( 8685): 	at com.wrapper.proxyapplication.Util.UnzipFile(Util.java:205)
01-26 11:33:34.076 W/System.err( 8685): 	at com.wrapper.proxyapplication.Util.PrepareSecurefiles(Util.java:554)
01-26 11:33:34.076 W/System.err( 8685): 	at com.zjinnova.zlink.MyWrapperProxyApplication.initProxyApplication(MyWrapperProxyApplication.java:33)
01-26 11:33:34.076 W/System.err( 8685): 	at com.wrapper.proxyapplication.WrapperProxyApplication.attachBaseContext(WrapperProxyApplication.java:459)
01-26 11:33:34.076 W/System.err( 8685): 	at android.app.Application.attach(Application.java:212)
01-26 11:33:34.076 W/System.err( 8685): 	at android.app.Instrumentation.newApplication(Instrumentation.java:1121)
01-26 11:33:34.076 W/System.err( 8685): 	at android.app.LoadedApk.makeApplication(LoadedApk.java:1064)
01-26 11:33:34.076 W/System.err( 8685): 	at android.app.ActivityThread.handleBindApplication(ActivityThread.java:5873)
01-26 11:33:34.077 W/System.err( 8685): 	at android.app.ActivityThread.access$1200(ActivityThread.java:206)
01-26 11:33:34.077 W/System.err( 8685): 	at android.app.ActivityThread$H.handleMessage(ActivityThread.java:1678)
01-26 11:33:34.077 W/System.err( 8685): 	at android.os.Handler.dispatchMessage(Handler.java:106)
01-26 11:33:34.077 W/System.err( 8685): 	at android.os.Looper.loop(Looper.java:193)
01-26 11:33:34.077 W/System.err( 8685): 	at android.app.ActivityThread.main(ActivityThread.java:6702)
01-26 11:33:34.077 W/System.err( 8685): 	at java.lang.reflect.Method.invoke(Native Method)
01-26 11:33:34.077 W/System.err( 8685): 	at com.android.internal.os.RuntimeInit$MethodAndArgsCaller.run(RuntimeInit.java:493)
01-26 11:33:34.078 W/System.err( 8685): 	at com.android.internal.os.ZygoteInit.main(ZygoteInit.java:911)
01-26 11:33:34.152 D/DisplayManagerService(  615): Display listener for pid 8685 died.
01-26 11:33:34.152 I/ActivityManager(  615): Process com.zjinnova.zlink (pid 8685) has died: fore SVC 
01-26 11:33:34.153 W/ActivityManager(  615): Canceling start item Intent { act=zjinnova.android.intent.action.ZLINK_SERVICE } in service ComponentInfo{com.zjinnova.zlink/com.zjinnova.android.zlink.features.service.DaemonService}
01-26 11:33:34.153 W/ActivityManager(  615): Scheduling restart of crashed service com.zjinnova.zlink/com.zjinnova.android.zlink.features.service.DaemonService in 1000ms
01-26 11:33:34.153 W/libprocessgroup(  615): kill(-8685, 9) failed: No such process
01-26 11:33:34.156 I/SourceService(  615): Activity DIED(), com.zjinnova.zlink | com.zjinnova.zlink
01-26 11:33:34.190 W/libprocessgroup(  615): kill(-8685, 9) failed: No such process
01-26 11:33:34.190 I/libprocessgroup(  615): Successfully killed process cgroup uid 10115 pid 8685 in 37ms
01-26 11:33:34.215 D/AES     (  615): AEEIOCTL_GET/SET_SF_STATE IOCTL ERROR: open /dev/RT_Monitor failed.
01-26 11:33:34.215 D/AES     (  615): RT Monitor ERROR: open /dev/RT_Monitor failed.
01-26 11:33:34.334 D/pseudo  (  461): mtk_gps_sys_nmea_output_to_mnld: received 467 bytes:
01-26 11:33:34.335 D/pseudo  (  461): mtk_gps_sys_nmea_output_to_app: len:467, [NMEA]$GPGGA,002745.00...
01-26 11:33:34.340 I/GnssLocationProvider(  615): WakeLock acquired by sendMessage(REPORT_SV_STATUS, 0, com.android.server.location.GnssLocationProvider$SvStatusInfo@8cbb7ac)
01-26 11:33:34.342 I/GnssLocationProvider(  615): WakeLock released by handleMessage(REPORT_SV_STATUS, 0, com.android.server.location.GnssLocationProvider$SvStatusInfo@8cbb7ac)
01-26 11:33:34.343 D/        (  461): mtk_gps_sys_gps_mnl_callback: msg:0
01-26 11:33:34.343 D/        (  461): send_active_notify: send clean nmea timer cmd!
01-26 11:33:34.344 D/        (  461): gps_control_thread: gps_control_thread wait
01-26 11:33:34.344 D/        (  461): mtk_gps_sys_gps_mnl_callback: MTK_GPS_MSG_FIX_READY,GET_RTC_FAIL
01-26 11:33:34.344 D/pseudo  (  461): mtk_gps_sys_nmea_output_to_app: len:46, [vAGPS_Auto_Req]:g_FirstDbtt:0,u2BitMap:0x12f
01-26 11:33:34.595 W/bt_sdp  ( 1152): SDP - Rcvd conn cnf with error: 0x4  CID 0x57
01-26 11:33:34.595 I/a2dp_api( 1152): a2dp_sdp_cback: status: 65521
01-26 11:33:34.595 E/bt_btif ( 1152): bta_av_a2dp_sdp_cback: peer a8:6a:86:b3:96:ea A2DP service discovery failed
01-26 11:33:34.595 E/bt_btif ( 1152): bta_av_a2dp_sdp_cback: BTA_AV_SDP_DISC_FAIL_EVT: peer_addr=a8:6a:86:b3:96:ea
01-26 11:33:34.595 D/bt_bta_av( 1152): SetAvdtpVersion: AVDTP version for a8:6a:86:b3:96:ea set to 0x0
01-26 11:33:34.595 E/bt_btif ( 1152): bta_av_sdp_failed: peer_addr=a8:6a:86:b3:96:ea open_status=0
01-26 11:33:34.595 W/bt_btif ( 1152): bta_av_str_closed: peer a8:6a:86:b3:96:ea handle:65 open_status:2 chnl:64 co_started:0
01-26 11:33:34.595 W/bt_btif ( 1152): bta_dm_rm_cback:0, status:1
01-26 11:33:34.595 W/bt_btif ( 1152): bta_dm_act no entry for connected service cbs
01-26 11:33:34.595 I/bt_bta_av( 1152): bta_av_cleanup peer a8:6a:86:b3:96:ea
01-26 11:33:34.595 D/bt_bta_av( 1152): SetAvdtpVersion: AVDTP version for a8:6a:86:b3:96:ea set to 0x0
01-26 11:33:34.595 D/bt_bta_av( 1152): SetAvdtpVersion: AVDTP version for 00:00:00:00:00:00 set to 0x0
01-26 11:33:34.596 I/btif_av ( 1152): virtual bool BtifAvStateMachine::StateOpening::ProcessEvent(uint32_t, void *): Peer a8:6a:86:b3:96:ea : event=BTA_AV_OPEN_EVT(0x2) flags=0x0(None) status=2(FAILED) edr=0xb8
01-26 11:33:34.596 E/bt_btif ( 1152): get_connected_device: returning NULL
01-26 11:33:34.596 I/chatty  ( 1152): uid=1002(bluetooth) btu message loo identical 4 lines
01-26 11:33:34.596 E/bt_btif ( 1152): get_connected_device: returning NULL
01-26 11:33:34.596 I/btif_av ( 1152): btif_report_connection_state: peer_address=a8:6a:86:b3:96:ea state=0
01-26 11:33:34.596 W/bt_btif ( 1152): btif_av_get_peer_sep: No active peer found
01-26 11:33:34.596 I/bt_btif_a2dp( 1152): btif_a2dp_on_idle: ## ON A2DP IDLE ## peer_sep = 1
01-26 11:33:34.596 W/bt_btif ( 1152): btif_av_get_peer_sep: No active peer found
01-26 11:33:34.596 I/bt_btif_a2dp_source( 1152): btif_a2dp_source_on_idle
01-26 11:33:34.596 I/btif_av ( 1152): DeleteIdlePeers: Deleting idle peer: a8:6a:86:b3:96:ea bta_handle=0x41
01-26 11:33:34.597 I/bt_btif_queue( 1152): queue_int_advance: removing connection request: address=a8:6a:86:b3:96:ea UUID=110B busy=true
01-26 11:33:34.597 I/BluetoothA2dpSinkServiceJni( 1152): bta2dp_connection_state_callback
01-26 11:33:34.603 D/A2dpSinkStateMachine( 1152): Pending process message: 101
01-26 11:33:34.603 D/A2dpSinkStateMachine( 1152): STACK_EVENT 1
01-26 11:33:34.603 D/A2dpSinkStateMachine( 1152): processConnectionEvent state 0
01-26 11:33:34.603 D/A2dpSinkStateMachine( 1152): Devices curr: null target: A8:6A:86:B3:96:EA incoming: null device: A8:6A:86:B3:96:EA
