01-26 11:22:47.515   615   706 W ActivityManager: Scheduling restart of crashed service com.zjinnova.zlink/com.zjinnova.android.zlink.features.service.DaemonService in 1000ms
01-26 11:22:48.528   615   649 I ActivityManager: Start proc 25892:com.zjinnova.zlink/u0a115 for service com.zjinnova.zlink/com.zjinnova.android.zlink.features.service.DaemonService
01-26 11:22:48.632   615   706 D DisplayManagerService: Display listener for pid 25892 died.
01-26 11:22:48.632   615  1776 I ActivityManager: Process com.zjinnova.zlink (pid 25892) has died: fore SVC 
01-26 11:22:48.632   615  1776 W ActivityManager: Scheduling restart of crashed service com.zjinnova.zlink/com.zjinnova.android.zlink.features.service.DaemonService in 4000ms
01-26 11:22:48.911   615   646 W BroadcastQueue: Background execution not allowed: receiving Intent { act=android.bluetooth.adapter.action.CONNECTION_STATE_CHANGED flg=0x4000010 (has extras) } to com.google.android.gms/.chimera.GmsIntentOperationService$PersistentTrustedReceiver
01-26 11:22:49.486   615   649 I ActivityManager: Start proc 25923:com.zjinnova.zlink/u0a115 for service com.zjinnova.zlink/com.zjinnova.android.zlink.features.service.DaemonService
01-26 11:22:49.618   615 23329 D DisplayManagerService: Display listener for pid 25923 died.
01-26 11:22:49.619   615  1776 I ActivityManager: Process com.zjinnova.zlink (pid 25923) has died: fore SVC 
01-26 11:22:49.619   615  1776 W ActivityManager: Canceling start item Intent { act=zjinnova.android.intent.action.ZLINK_SERVICE } in service ComponentInfo{com.zjinnova.zlink/com.zjinnova.android.zlink.features.service.DaemonService}
01-26 11:22:49.619   615  1776 W ActivityManager: Scheduling restart of crashed service com.zjinnova.zlink/com.zjinnova.android.zlink.features.service.DaemonService in 1000ms
01-26 11:22:50.632   615   649 I ActivityManager: Start proc 25939:com.zjinnova.zlink/u0a115 for service com.zjinnova.zlink/com.zjinnova.android.zlink.features.service.DaemonService
01-26 11:22:50.785   615  5111 D DisplayManagerService: Display listener for pid 25939 died.
01-26 11:22:50.785   615  1776 I ActivityManager: Process com.zjinnova.zlink (pid 25939) has died: fore SVC 
01-26 11:22:50.786   615  1776 W ActivityManager: Scheduling restart of crashed service com.zjinnova.zlink/com.zjinnova.android.zlink.features.service.DaemonService in 4000ms
01-26 11:22:51.627   615   649 I ActivityManager: Start proc 25970:com.zjinnova.zlink/u0a115 for service com.zjinnova.zlink/com.zjinnova.android.zlink.features.service.DaemonService
01-26 11:22:51.745   615  1776 D DisplayManagerService: Display listener for pid 25970 died.
01-26 11:22:51.746   615 23329 I ActivityManager: Process com.zjinnova.zlink (pid 25970) has died: fore SVC 
01-26 11:22:51.746   615 23329 W ActivityManager: Canceling start item Intent { act=zjinnova.android.intent.action.ZLINK_SERVICE } in service ComponentInfo{com.zjinnova.zlink/com.zjinnova.android.zlink.features.service.DaemonService}
01-26 11:22:51.746   615 23329 W ActivityManager: Scheduling restart of crashed service com.zjinnova.zlink/com.zjinnova.android.zlink.features.service.DaemonService in 1000ms
01-26 11:22:52.759   615   649 I ActivityManager: Start proc 25987:com.zjinnova.zlink/u0a115 for service com.zjinnova.zlink/com.zjinnova.android.zlink.features.service.DaemonService
01-26 11:22:52.899   615 23329 D DisplayManagerService: Display listener for pid 25987 died.
01-26 11:22:52.899   615  5111 I ActivityManager: Process com.zjinnova.zlink (pid 25987) has died: fore SVC 
01-26 11:22:52.899   615  5111 W ActivityManager: Scheduling restart of crashed service com.zjinnova.zlink/com.zjinnova.android.zlink.features.service.DaemonService in 4000ms
01-26 11:22:53.833   615   649 I ActivityManager: Start proc 26015:com.zjinnova.zlink/u0a115 for service com.zjinnova.zlink/com.zjinnova.android.zlink.features.service.DaemonService
01-26 11:22:53.948   615  5111 D DisplayManagerService: Display listener for pid 26015 died.
01-26 11:22:53.948   615  1972 I ActivityManager: Process com.zjinnova.zlink (pid 26015) has died: fore SVC 
01-26 11:22:53.949   615  1972 W ActivityManager: Canceling start item Intent { act=zjinnova.android.intent.action.ZLINK_SERVICE } in service ComponentInfo{com.zjinnova.zlink/com.zjinnova.android.zlink.features.service.DaemonService}
01-26 11:22:53.949   615  1972 W ActivityManager: Scheduling restart of crashed service com.zjinnova.zlink/com.zjinnova.android.zlink.features.service.DaemonService in 1000ms
01-26 11:22:54.964   615   649 I ActivityManager: Start proc 26035:com.zjinnova.zlink/u0a115 for service com.zjinnova.zlink/com.zjinnova.android.zlink.features.service.DaemonService
01-26 11:22:55.075   615  1972 D DisplayManagerService: Display listener for pid 26035 died.
01-26 11:22:55.075   615 23329 I ActivityManager: Process com.zjinnova.zlink (pid 26035) has died: fore SVC 
01-26 11:22:55.075   615 23329 W ActivityManager: Scheduling restart of crashed service com.zjinnova.zlink/com.zjinnova.android.zlink.features.service.DaemonService in 4000ms
01-26 11:22:56.009   615   649 I ActivityManager: Start proc 26063:com.zjinnova.zlink/u0a115 for service com.zjinnova.zlink/com.zjinnova.android.zlink.features.service.DaemonService
01-26 11:22:56.152   615  5111 D DisplayManagerService: Display listener for pid 26063 died.
01-26 11:22:56.152   615 23329 I ActivityManager: Process com.zjinnova.zlink (pid 26063) has died: fore SVC 
01-26 11:22:56.152   615 23329 W ActivityManager: Canceling start item Intent { act=zjinnova.android.intent.action.ZLINK_SERVICE } in service ComponentInfo{com.zjinnova.zlink/com.zjinnova.android.zlink.features.service.DaemonService}
01-26 11:22:56.152   615 23329 W ActivityManager: Scheduling restart of crashed service com.zjinnova.zlink/com.zjinnova.android.zlink.features.service.DaemonService in 1000ms
01-26 11:22:56.588  1152  1152 E BluetoothTetheringNetworkFactory: attempted to stop reverse tether with nothing tethered
01-26 11:22:57.164   615   649 I ActivityManager: Start proc 26080:com.zjinnova.zlink/u0a115 for service com.zjinnova.zlink/com.zjinnova.android.zlink.features.service.DaemonService
01-26 11:22:57.315   615 23329 D DisplayManagerService: Display listener for pid 26080 died.
01-26 11:22:57.315   615  1972 I ActivityManager: Process com.zjinnova.zlink (pid 26080) has died: fore SVC 
01-26 11:22:57.315   615  1972 W ActivityManager: Scheduling restart of crashed service com.zjinnova.zlink/com.zjinnova.android.zlink.features.service.DaemonService in 4000ms
01-26 11:22:58.153   615   649 I ActivityManager: Start proc 26111:com.zjinnova.zlink/u0a115 for service com.zjinnova.zlink/com.zjinnova.android.zlink.features.service.DaemonService
01-26 11:22:58.315   615 23329 D DisplayManagerService: Display listener for pid 26111 died.
01-26 11:22:58.315   615  1972 I ActivityManager: Process com.zjinnova.zlink (pid 26111) has died: fore SVC 
01-26 11:22:58.315   615  1972 W ActivityManager: Canceling start item Intent { act=zjinnova.android.intent.action.ZLINK_SERVICE } in service ComponentInfo{com.zjinnova.zlink/com.zjinnova.android.zlink.features.service.DaemonService}
01-26 11:22:58.315   615  1972 W ActivityManager: Scheduling restart of crashed service com.zjinnova.zlink/com.zjinnova.android.zlink.features.service.DaemonService in 1000ms
01-26 11:22:58.955   615   646 W BroadcastQueue: Background execution not allowed: receiving Intent { act=android.bluetooth.adapter.action.CONNECTION_STATE_CHANGED flg=0x4000010 (has extras) } to com.google.android.gms/.chimera.GmsIntentOperationService$PersistentTrustedReceiver
01-26 11:22:59.332   615   649 I ActivityManager: Start proc 26128:com.zjinnova.zlink/u0a115 for service com.zjinnova.zlink/com.zjinnova.android.zlink.features.service.DaemonService
01-26 11:22:59.472   615  1972 D DisplayManagerService: Display listener for pid 26128 died.
01-26 11:22:59.472   615  1361 I ActivityManager: Process com.zjinnova.zlink (pid 26128) has died: fore SVC 
01-26 11:22:59.472   615  1361 W ActivityManager: Scheduling restart of crashed service com.zjinnova.zlink/com.zjinnova.android.zlink.features.service.DaemonService in 4000ms
01-26 11:23:00.293   615   649 I ActivityManager: Start proc 26155:com.zjinnova.zlink/u0a115 for service com.zjinnova.zlink/com.zjinnova.android.zlink.features.service.DaemonService
01-26 11:23:00.456   615 23329 D DisplayManagerService: Display listener for pid 26155 died.
01-26 11:23:00.456   615  1361 I ActivityManager: Process com.zjinnova.zlink (pid 26155) has died: fore SVC 
01-26 11:23:00.456   615  1361 W ActivityManager: Canceling start item Intent { act=zjinnova.android.intent.action.ZLINK_SERVICE } in service ComponentInfo{com.zjinnova.zlink/com.zjinnova.android.zlink.features.service.DaemonService}
01-26 11:23:00.456   615  1361 W ActivityManager: Scheduling restart of crashed service com.zjinnova.zlink/com.zjinnova.android.zlink.features.service.DaemonService in 1000ms
01-26 11:23:01.331   475   574 E storaged: getDiskStats failed with result NOT_SUPPORTED and size 0
01-26 11:23:01.470   615   649 I ActivityManager: Start proc 26176:com.zjinnova.zlink/u0a115 for service com.zjinnova.zlink/com.zjinnova.android.zlink.features.service.DaemonService
01-26 11:23:01.638   615  1776 D DisplayManagerService: Display listener for pid 26176 died.
01-26 11:23:01.638   615  1361 I ActivityManager: Process com.zjinnova.zlink (pid 26176) has died: fore SVC 
01-26 11:23:01.639   615  1361 W ActivityManager: Scheduling restart of crashed service com.zjinnova.zlink/com.zjinnova.android.zlink.features.service.DaemonService in 4000ms
01-26 11:23:02.444   615   649 I ActivityManager: Start proc 26203:com.zjinnova.zlink/u0a115 for service com.zjinnova.zlink/com.zjinnova.android.zlink.features.service.DaemonService
01-26 11:23:02.555   615  1361 D DisplayManagerService: Display listener for pid 26203 died.
01-26 11:23:02.556   615  5111 I ActivityManager: Process com.zjinnova.zlink (pid 26203) has died: fore SVC 
01-26 11:23:02.556   615  5111 W ActivityManager: Canceling start item Intent { act=zjinnova.android.intent.action.ZLINK_SERVICE } in service ComponentInfo{com.zjinnova.zlink/com.zjinnova.android.zlink.features.service.DaemonService}
01-26 11:23:02.556   615  5111 W ActivityManager: Scheduling restart of crashed service com.zjinnova.zlink/com.zjinnova.android.zlink.features.service.DaemonService in 1000ms
01-26 11:23:03.573   615   649 I ActivityManager: Start proc 26223:com.zjinnova.zlink/u0a115 for service com.zjinnova.zlink/com.zjinnova.android.zlink.features.service.DaemonService
01-26 11:23:03.710   615   706 D DisplayManagerService: Display listener for pid 26223 died.
01-26 11:23:03.710   615  5111 I ActivityManager: Process com.zjinnova.zlink (pid 26223) has died: fore SVC 
01-26 11:23:03.710   615  5111 W ActivityManager: Scheduling restart of crashed service com.zjinnova.zlink/com.zjinnova.android.zlink.features.service.DaemonService in 4000ms
01-26 11:23:04.286   615   646 W BroadcastQueue: Background execution not allowed: receiving Intent { act=android.bluetooth.adapter.action.CONNECTION_STATE_CHANGED flg=0x4000010 (has extras) } to com.google.android.gms/.chimera.GmsIntentOperationService$PersistentTrustedReceiver
01-26 11:23:04.685   615   649 I ActivityManager: Start proc 26251:com.zjinnova.zlink/u0a115 for service com.zjinnova.zlink/com.zjinnova.android.zlink.features.service.DaemonService
01-26 11:23:04.845   615  1776 D DisplayManagerService: Display listener for pid 26251 died.
01-26 11:23:04.845   615  5111 I ActivityManager: Process com.zjinnova.zlink (pid 26251) has died: fore SVC 
01-26 11:23:04.845   615  5111 W ActivityManager: Canceling start item Intent { act=zjinnova.android.intent.action.ZLINK_SERVICE } in service ComponentInfo{com.zjinnova.zlink/com.zjinnova.android.zlink.features.service.DaemonService}
01-26 11:23:04.845   615  5111 W ActivityManager: Scheduling restart of crashed service com.zjinnova.zlink/com.zjinnova.android.zlink.features.service.DaemonService in 1000ms
01-26 11:23:05.857   615   649 I ActivityManager: Start proc 26268:com.zjinnova.zlink/u0a115 for service com.zjinnova.zlink/com.zjinnova.android.zlink.features.service.DaemonService
01-26 11:23:06.002   615  5111 D DisplayManagerService: Display listener for pid 26268 died.
01-26 11:23:06.002   615  1776 I ActivityManager: Process com.zjinnova.zlink (pid 26268) has died: fore SVC 
01-26 11:23:06.002   615  1776 W ActivityManager: Scheduling restart of crashed service com.zjinnova.zlink/com.zjinnova.android.zlink.features.service.DaemonService in 4000ms
01-26 11:23:06.851   615   649 I ActivityManager: Start proc 26299:com.zjinnova.zlink/u0a115 for service com.zjinnova.zlink/com.zjinnova.android.zlink.features.service.DaemonService
01-26 11:23:06.965   615  5111 D DisplayManagerService: Display listener for pid 26299 died.
01-26 11:23:06.965   615  1776 I ActivityManager: Process com.zjinnova.zlink (pid 26299) has died: fore SVC 
01-26 11:23:06.965   615  1776 W ActivityManager: Canceling start item Intent { act=zjinnova.android.intent.action.ZLINK_SERVICE } in service ComponentInfo{com.zjinnova.zlink/com.zjinnova.android.zlink.features.service.DaemonService}
01-26 11:23:06.965   615  1776 W ActivityManager: Scheduling restart of crashed service com.zjinnova.zlink/com.zjinnova.android.zlink.features.service.DaemonService in 1000ms
01-26 11:23:07.981   615   649 I ActivityManager: Start proc 26316:com.zjinnova.zlink/u0a115 for service com.zjinnova.zlink/com.zjinnova.android.zlink.features.service.DaemonService
01-26 11:23:08.085   615  1776 D DisplayManagerService: Display listener for pid 26316 died.
01-26 11:23:08.085   615  1972 I ActivityManager: Process com.zjinnova.zlink (pid 26316) has died: fore SVC 
01-26 11:23:08.085   615  1972 W ActivityManager: Scheduling restart of crashed service com.zjinnova.zlink/com.zjinnova.android.zlink.features.service.DaemonService in 4000ms
01-26 11:23:08.992   615   649 I ActivityManager: Start proc 26343:com.zjinnova.zlink/u0a115 for service com.zjinnova.zlink/com.zjinnova.android.zlink.features.service.DaemonService
01-26 11:23:09.158   615  1972 D DisplayManagerService: Display listener for pid 26343 died.
01-26 11:23:09.159   615  1361 I ActivityManager: Process com.zjinnova.zlink (pid 26343) has died: fore SVC 
01-26 11:23:09.159   615  1361 W ActivityManager: Canceling start item Intent { act=zjinnova.android.intent.action.ZLINK_SERVICE } in service ComponentInfo{com.zjinnova.zlink/com.zjinnova.android.zlink.features.service.DaemonService}
01-26 11:23:09.159   615  1361 W ActivityManager: Scheduling restart of crashed service com.zjinnova.zlink/com.zjinnova.android.zlink.features.service.DaemonService in 1000ms
01-26 11:23:10.172   615   649 I ActivityManager: Start proc 26364:com.zjinnova.zlink/u0a115 for service com.zjinnova.zlink/com.zjinnova.android.zlink.features.service.DaemonService
01-26 11:23:10.325   615  5111 D DisplayManagerService: Display listener for pid 26364 died.
01-26 11:23:10.325   615  1361 I ActivityManager: Process com.zjinnova.zlink (pid 26364) has died: fore SVC 
01-26 11:23:10.326   615  1361 W ActivityManager: Scheduling restart of crashed service com.zjinnova.zlink/com.zjinnova.android.zlink.features.service.DaemonService in 4000ms
01-26 11:23:11.181   479   479 E wificond: Failed to get BSSID from scan result packet
01-26 11:23:11.206   615   649 I ActivityManager: Start proc 26394:com.zjinnova.zlink/u0a115 for service com.zjinnova.zlink/com.zjinnova.android.zlink.features.service.DaemonService
01-26 11:23:11.339   615 23329 D DisplayManagerService: Display listener for pid 26394 died.
01-26 11:23:11.339   615  1972 I ActivityManager: Process com.zjinnova.zlink (pid 26394) has died: fore SVC 
01-26 11:23:11.339   615  1972 W ActivityManager: Canceling start item Intent { act=zjinnova.android.intent.action.ZLINK_SERVICE } in service ComponentInfo{com.zjinnova.zlink/com.zjinnova.android.zlink.features.service.DaemonService}
01-26 11:23:11.339   615  1972 W ActivityManager: Scheduling restart of crashed service com.zjinnova.zlink/com.zjinnova.android.zlink.features.service.DaemonService in 1000ms
01-26 11:23:12.352   615   649 I ActivityManager: Start proc 26416:com.zjinnova.zlink/u0a115 for service com.zjinnova.zlink/com.zjinnova.android.zlink.features.service.DaemonService
01-26 11:23:12.488   615  1972 D DisplayManagerService: Display listener for pid 26416 died.
01-26 11:23:12.488   615  1361 I ActivityManager: Process com.zjinnova.zlink (pid 26416) has died: fore SVC 
01-26 11:23:12.489   615  1361 W ActivityManager: Scheduling restart of crashed service com.zjinnova.zlink/com.zjinnova.android.zlink.features.service.DaemonService in 4000ms
01-26 11:23:13.371   615   649 I ActivityManager: Start proc 26448:com.zjinnova.zlink/u0a115 for service com.zjinnova.zlink/com.zjinnova.android.zlink.features.service.DaemonService
01-26 11:23:13.495   615  1972 D DisplayManagerService: Display listener for pid 26448 died.
01-26 11:23:13.495   615   706 I ActivityManager: Process com.zjinnova.zlink (pid 26448) has died: fore SVC 
01-26 11:23:13.495   615   706 W ActivityManager: Canceling start item Intent { act=zjinnova.android.intent.action.ZLINK_SERVICE } in service ComponentInfo{com.zjinnova.zlink/com.zjinnova.android.zlink.features.service.DaemonService}
01-26 11:23:13.495   615   706 W ActivityManager: Scheduling restart of crashed service com.zjinnova.zlink/com.zjinnova.android.zlink.features.service.DaemonService in 1000ms
01-26 11:23:14.508   615   649 I ActivityManager: Start proc 26464:com.zjinnova.zlink/u0a115 for service com.zjinnova.zlink/com.zjinnova.android.zlink.features.service.DaemonService
01-26 11:23:14.642   615  5111 D DisplayManagerService: Display listener for pid 26464 died.
01-26 11:23:14.642   615   706 I ActivityManager: Process com.zjinnova.zlink (pid 26464) has died: fore SVC 
01-26 11:23:14.642   615   706 W ActivityManager: Scheduling restart of crashed service com.zjinnova.zlink/com.zjinnova.android.zlink.features.service.DaemonService in 4000ms
01-26 11:23:15.556   615   649 I ActivityManager: Start proc 26496:com.zjinnova.zlink/u0a115 for service com.zjinnova.zlink/com.zjinnova.android.zlink.features.service.DaemonService
01-26 11:23:15.695   615  1972 D DisplayManagerService: Display listener for pid 26496 died.
01-26 11:23:15.695   615   706 I ActivityManager: Process com.zjinnova.zlink (pid 26496) has died: fore SVC 
01-26 11:23:15.695   615   706 W ActivityManager: Canceling start item Intent { act=zjinnova.android.intent.action.ZLINK_SERVICE } in service ComponentInfo{com.zjinnova.zlink/com.zjinnova.android.zlink.features.service.DaemonService}
01-26 11:23:15.695   615   706 W ActivityManager: Scheduling restart of crashed service com.zjinnova.zlink/com.zjinnova.android.zlink.features.service.DaemonService in 1000ms
01-26 11:23:16.708   615   649 I ActivityManager: Start proc 26512:com.zjinnova.zlink/u0a115 for service com.zjinnova.zlink/com.zjinnova.android.zlink.features.service.DaemonService
01-26 11:23:16.835   615  1776 D DisplayManagerService: Display listener for pid 26512 died.
01-26 11:23:16.835   615   706 I ActivityManager: Process com.zjinnova.zlink (pid 26512) has died: fore SVC 
01-26 11:23:16.835   615   706 W ActivityManager: Scheduling restart of crashed service com.zjinnova.zlink/com.zjinnova.android.zlink.features.service.DaemonService in 4000ms
01-26 11:23:17.693   615   649 I ActivityManager: Start proc 26540:com.zjinnova.zlink/u0a115 for service com.zjinnova.zlink/com.zjinnova.android.zlink.features.service.DaemonService
01-26 11:23:17.835   615   706 D DisplayManagerService: Display listener for pid 26540 died.
01-26 11:23:17.836   615  1972 I ActivityManager: Process com.zjinnova.zlink (pid 26540) has died: fore SVC 
01-26 11:23:17.836   615  1972 W ActivityManager: Canceling start item Intent { act=zjinnova.android.intent.action.ZLINK_SERVICE } in service ComponentInfo{com.zjinnova.zlink/com.zjinnova.android.zlink.features.service.DaemonService}
01-26 11:23:17.836   615  1972 W ActivityManager: Scheduling restart of crashed service com.zjinnova.zlink/com.zjinnova.android.zlink.features.service.DaemonService in 1000ms
01-26 11:23:18.849   615   649 I ActivityManager: Start proc 26560:com.zjinnova.zlink/u0a115 for service com.zjinnova.zlink/com.zjinnova.android.zlink.features.service.DaemonService
01-26 11:23:18.940   615   646 W BroadcastQueue: Background execution not allowed: receiving Intent { act=android.bluetooth.adapter.action.CONNECTION_STATE_CHANGED flg=0x4000010 (has extras) } to com.google.android.gms/.chimera.GmsIntentOperationService$PersistentTrustedReceiver
01-26 11:23:19.035   615  5111 D DisplayManagerService: Display listener for pid 26560 died.
01-26 11:23:19.035   615  1776 I ActivityManager: Process com.zjinnova.zlink (pid 26560) has died: fore SVC 
01-26 11:23:19.036   615  1776 W ActivityManager: Scheduling restart of crashed service com.zjinnova.zlink/com.zjinnova.android.zlink.features.service.DaemonService in 4000ms
01-26 11:23:19.853   615   649 I ActivityManager: Start proc 26590:com.zjinnova.zlink/u0a115 for service com.zjinnova.zlink/com.zjinnova.android.zlink.features.service.DaemonService
01-26 11:23:19.998   615  1972 D DisplayManagerService: Display listener for pid 26590 died.
01-26 11:23:19.999   615  1776 I ActivityManager: Process com.zjinnova.zlink (pid 26590) has died: fore SVC 
01-26 11:23:19.999   615  1776 W ActivityManager: Canceling start item Intent { act=zjinnova.android.intent.action.ZLINK_SERVICE } in service ComponentInfo{com.zjinnova.zlink/com.zjinnova.android.zlink.features.service.DaemonService}
01-26 11:23:19.999   615  1776 W ActivityManager: Scheduling restart of crashed service com.zjinnova.zlink/com.zjinnova.android.zlink.features.service.DaemonService in 1000ms
01-26 11:23:21.016   615   649 I ActivityManager: Start proc 26606:com.zjinnova.zlink/u0a115 for service com.zjinnova.zlink/com.zjinnova.android.zlink.features.service.DaemonService
01-26 11:23:21.188   615   706 D DisplayManagerService: Display listener for pid 26606 died.
01-26 11:23:21.189   615  1776 I ActivityManager: Process com.zjinnova.zlink (pid 26606) has died: fore SVC 
01-26 11:23:21.189   615  1776 W ActivityManager: Scheduling restart of crashed service com.zjinnova.zlink/com.zjinnova.android.zlink.features.service.DaemonService in 4000ms
01-26 11:23:22.064   615   649 I ActivityManager: Start proc 26638:com.zjinnova.zlink/u0a115 for service com.zjinnova.zlink/com.zjinnova.android.zlink.features.service.DaemonService
01-26 11:23:22.222   615  1776 D DisplayManagerService: Display listener for pid 26638 died.
01-26 11:23:22.222   615  1972 I ActivityManager: Process com.zjinnova.zlink (pid 26638) has died: fore SVC 
01-26 11:23:22.222   615  1972 W ActivityManager: Canceling start item Intent { act=zjinnova.android.intent.action.ZLINK_SERVICE } in service ComponentInfo{com.zjinnova.zlink/com.zjinnova.android.zlink.features.service.DaemonService}
01-26 11:23:22.222   615  1972 W ActivityManager: Scheduling restart of crashed service com.zjinnova.zlink/com.zjinnova.android.zlink.features.service.DaemonService in 1000ms
01-26 11:23:23.235   615   649 I ActivityManager: Start proc 26655:com.zjinnova.zlink/u0a115 for service com.zjinnova.zlink/com.zjinnova.android.zlink.features.service.DaemonService
01-26 11:23:23.378   615 23329 D DisplayManagerService: Display listener for pid 26655 died.
01-26 11:23:23.379   615  1972 I ActivityManager: Process com.zjinnova.zlink (pid 26655) has died: fore SVC 
01-26 11:23:23.379   615  1972 W ActivityManager: Scheduling restart of crashed service com.zjinnova.zlink/com.zjinnova.android.zlink.features.service.DaemonService in 4000ms
01-26 11:23:24.220   615   649 I ActivityManager: Start proc 26682:com.zjinnova.zlink/u0a115 for service com.zjinnova.zlink/com.zjinnova.android.zlink.features.service.DaemonService
01-26 11:23:24.368   615  1972 D DisplayManagerService: Display listener for pid 26682 died.
01-26 11:23:24.369   615  1972 I ActivityManager: Process com.zjinnova.zlink (pid 26682) has died: fore SVC 
01-26 11:23:24.369   615  1972 W ActivityManager: Canceling start item Intent { act=zjinnova.android.intent.action.ZLINK_SERVICE } in service ComponentInfo{com.zjinnova.zlink/com.zjinnova.android.zlink.features.service.DaemonService}
01-26 11:23:24.369   615  1972 W ActivityManager: Scheduling restart of crashed service com.zjinnova.zlink/com.zjinnova.android.zlink.features.service.DaemonService in 1000ms
01-26 11:23:25.385   615   649 I ActivityManager: Start proc 26703:com.zjinnova.zlink/u0a115 for service com.zjinnova.zlink/com.zjinnova.android.zlink.features.service.DaemonService
01-26 11:23:25.595   615  1972 D DisplayManagerService: Display listener for pid 26703 died.
01-26 11:23:25.596   615  1972 I ActivityManager: Process com.zjinnova.zlink (pid 26703) has died: fore SVC 
01-26 11:23:25.596   615  1972 W ActivityManager: Scheduling restart of crashed service com.zjinnova.zlink/com.zjinnova.android.zlink.features.service.DaemonService in 4000ms
01-26 11:23:26.364   615   649 I ActivityManager: Start proc 26730:com.zjinnova.zlink/u0a115 for service com.zjinnova.zlink/com.zjinnova.android.zlink.features.service.DaemonService
01-26 11:23:26.498   615  1972 D DisplayManagerService: Display listener for pid 26730 died.
01-26 11:23:26.499   615  1776 I ActivityManager: Process com.zjinnova.zlink (pid 26730) has died: fore SVC 
01-26 11:23:26.499   615  1776 W ActivityManager: Canceling start item Intent { act=zjinnova.android.intent.action.ZLINK_SERVICE } in service ComponentInfo{com.zjinnova.zlink/com.zjinnova.android.zlink.features.service.DaemonService}
01-26 11:23:26.499   615  1776 W ActivityManager: Scheduling restart of crashed service com.zjinnova.zlink/com.zjinnova.android.zlink.features.service.DaemonService in 1000ms
01-26 11:23:26.617  1152  1152 E BluetoothTetheringNetworkFactory: attempted to stop reverse tether with nothing tethered
01-26 11:23:26.708   615   653 W KernelCpuProcReader: File not exist: /proc/uid_cpupower/time_in_state
01-26 11:23:26.708   615   653 W KernelCpuProcReader: File not exist: /proc/uid_cpupower/concurrent_active_time
01-26 11:23:26.708   615   653 W KernelCpuProcReader: File not exist: /proc/uid_cpupower/concurrent_policy_time
01-26 11:23:26.709   615   653 E KernelCpuSpeedReader: Failed to read cpu-freq: /sys/devices/system/cpu/cpu0/cpufreq/stats/time_in_state (No such file or directory)
01-26 11:23:26.710   615   653 D KernelUidCpuTimeReader: Removing uids 1037-1037
01-26 11:23:27.516   615   649 I ActivityManager: Start proc 26751:com.zjinnova.zlink/u0a115 for service com.zjinnova.zlink/com.zjinnova.android.zlink.features.service.DaemonService
01-26 11:23:27.668   615 23329 D DisplayManagerService: Display listener for pid 26751 died.
01-26 11:23:27.668   615  1361 I ActivityManager: Process com.zjinnova.zlink (pid 26751) has died: fore SVC 
01-26 11:23:27.669   615  1361 W ActivityManager: Scheduling restart of crashed service com.zjinnova.zlink/com.zjinnova.android.zlink.features.service.DaemonService in 4000ms
01-26 11:23:28.610   615   649 I ActivityManager: Start proc 26778:com.zjinnova.zlink/u0a115 for service com.zjinnova.zlink/com.zjinnova.android.zlink.features.service.DaemonService
01-26 11:23:28.748   615  1776 D DisplayManagerService: Display listener for pid 26778 died.
01-26 11:23:28.749   615  1776 I ActivityManager: Process com.zjinnova.zlink (pid 26778) has died: fore SVC 
01-26 11:23:28.749   615  1776 W ActivityManager: Canceling start item Intent { act=zjinnova.android.intent.action.ZLINK_SERVICE } in service ComponentInfo{com.zjinnova.zlink/com.zjinnova.android.zlink.features.service.DaemonService}
01-26 11:23:28.749   615  1776 W ActivityManager: Scheduling restart of crashed service com.zjinnova.zlink/com.zjinnova.android.zlink.features.service.DaemonService in 1000ms
01-26 11:23:29.003   615   646 W BroadcastQueue: Background execution not allowed: receiving Intent { act=android.bluetooth.adapter.action.CONNECTION_STATE_CHANGED flg=0x4000010 (has extras) } to com.google.android.gms/.chimera.GmsIntentOperationService$PersistentTrustedReceiver
01-26 11:23:29.762   615   649 I ActivityManager: Start proc 26795:com.zjinnova.zlink/u0a115 for service com.zjinnova.zlink/com.zjinnova.android.zlink.features.service.DaemonService
01-26 11:23:29.905   615  1776 D DisplayManagerService: Display listener for pid 26795 died.
01-26 11:23:29.905   615  1776 I ActivityManager: Process com.zjinnova.zlink (pid 26795) has died: fore SVC 
01-26 11:23:29.906   615  1776 W ActivityManager: Scheduling restart of crashed service com.zjinnova.zlink/com.zjinnova.android.zlink.features.service.DaemonService in 4000ms
01-26 11:23:30.793   615   649 I ActivityManager: Start proc 26828:com.zjinnova.zlink/u0a115 for service com.zjinnova.zlink/com.zjinnova.android.zlink.features.service.DaemonService
01-26 11:23:30.921   615  1776 D DisplayManagerService: Display listener for pid 26828 died.
01-26 11:23:30.922   615  1776 I ActivityManager: Process com.zjinnova.zlink (pid 26828) has died: fore SVC 
01-26 11:23:30.922   615  1776 W ActivityManager: Canceling start item Intent { act=zjinnova.android.intent.action.ZLINK_SERVICE } in service ComponentInfo{com.zjinnova.zlink/com.zjinnova.android.zlink.features.service.DaemonService}
01-26 11:23:30.922   615  1776 W ActivityManager: Scheduling restart of crashed service com.zjinnova.zlink/com.zjinnova.android.zlink.features.service.DaemonService in 1000ms
01-26 11:23:31.936   615   649 I ActivityManager: Start proc 26845:com.zjinnova.zlink/u0a115 for service com.zjinnova.zlink/com.zjinnova.android.zlink.features.service.DaemonService
01-26 11:23:32.071   615  1776 D DisplayManagerService: Display listener for pid 26845 died.
01-26 11:23:32.072   615  1776 I ActivityManager: Process com.zjinnova.zlink (pid 26845) has died: fore SVC 
01-26 11:23:32.072   615  1776 W ActivityManager: Scheduling restart of crashed service com.zjinnova.zlink/com.zjinnova.android.zlink.features.service.DaemonService in 4000ms
01-26 11:23:32.964   615   649 I ActivityManager: Start proc 26872:com.zjinnova.zlink/u0a115 for service com.zjinnova.zlink/com.zjinnova.android.zlink.features.service.DaemonService
01-26 11:23:33.102   615  1776 D DisplayManagerService: Display listener for pid 26872 died.
01-26 11:23:33.102   615  1776 I ActivityManager: Process com.zjinnova.zlink (pid 26872) has died: fore SVC 
01-26 11:23:33.102   615  1776 W ActivityManager: Canceling start item Intent { act=zjinnova.android.intent.action.ZLINK_SERVICE } in service ComponentInfo{com.zjinnova.zlink/com.zjinnova.android.zlink.features.service.DaemonService}
01-26 11:23:33.102   615  1776 W ActivityManager: Scheduling restart of crashed service com.zjinnova.zlink/com.zjinnova.android.zlink.features.service.DaemonService in 1000ms
01-26 11:23:34.115   615   649 I ActivityManager: Start proc 26893:com.zjinnova.zlink/u0a115 for service com.zjinnova.zlink/com.zjinnova.android.zlink.features.service.DaemonService
01-26 11:23:34.255   615  1776 D DisplayManagerService: Display listener for pid 26893 died.
01-26 11:23:34.255   615  1776 I ActivityManager: Process com.zjinnova.zlink (pid 26893) has died: fore SVC 
01-26 11:23:34.256   615  1776 W ActivityManager: Scheduling restart of crashed service com.zjinnova.zlink/com.zjinnova.android.zlink.features.service.DaemonService in 4000ms
01-26 11:23:34.308   615   646 W BroadcastQueue: Background execution not allowed: receiving Intent { act=android.bluetooth.adapter.action.CONNECTION_STATE_CHANGED flg=0x4000010 (has extras) } to com.google.android.gms/.chimera.GmsIntentOperationService$PersistentTrustedReceiver
01-26 11:23:35.130   615   649 I ActivityManager: Start proc 26921:com.zjinnova.zlink/u0a115 for service com.zjinnova.zlink/com.zjinnova.android.zlink.features.service.DaemonService
01-26 11:23:35.281   615  1361 D DisplayManagerService: Display listener for pid 26921 died.
01-26 11:23:35.282   615  1776 I ActivityManager: Process com.zjinnova.zlink (pid 26921) has died: fore SVC 
01-26 11:23:35.282   615  1776 W ActivityManager: Canceling start item Intent { act=zjinnova.android.intent.action.ZLINK_SERVICE } in service ComponentInfo{com.zjinnova.zlink/com.zjinnova.android.zlink.features.service.DaemonService}
01-26 11:23:35.282   615  1776 W ActivityManager: Scheduling restart of crashed service com.zjinnova.zlink/com.zjinnova.android.zlink.features.service.DaemonService in 1000ms
01-26 11:23:36.299   615   649 I ActivityManager: Start proc 26937:com.zjinnova.zlink/u0a115 for service com.zjinnova.zlink/com.zjinnova.android.zlink.features.service.DaemonService
01-26 11:23:36.418   615  1776 D DisplayManagerService: Display listener for pid 26937 died.
01-26 11:23:36.419   615  5111 I ActivityManager: Process com.zjinnova.zlink (pid 26937) has died: fore SVC 
01-26 11:23:36.419   615  5111 W ActivityManager: Scheduling restart of crashed service com.zjinnova.zlink/com.zjinnova.android.zlink.features.service.DaemonService in 4000ms
01-26 11:23:37.265   615   649 I ActivityManager: Start proc 26969:com.zjinnova.zlink/u0a115 for service com.zjinnova.zlink/com.zjinnova.android.zlink.features.service.DaemonService
01-26 11:23:37.428   615  5111 D DisplayManagerService: Display listener for pid 26969 died.
01-26 11:23:37.429   615  5111 I ActivityManager: Process com.zjinnova.zlink (pid 26969) has died: fore SVC 
01-26 11:23:37.429   615  5111 W ActivityManager: Canceling start item Intent { act=zjinnova.android.intent.action.ZLINK_SERVICE } in service ComponentInfo{com.zjinnova.zlink/com.zjinnova.android.zlink.features.service.DaemonService}
01-26 11:23:37.429   615  5111 W ActivityManager: Scheduling restart of crashed service com.zjinnova.zlink/com.zjinnova.android.zlink.features.service.DaemonService in 1000ms
01-26 11:23:38.462   615   649 I ActivityManager: Start proc 26985:com.zjinnova.zlink/u0a115 for service com.zjinnova.zlink/com.zjinnova.android.zlink.features.service.DaemonService
01-26 11:23:38.631   615  5111 D DisplayManagerService: Display listener for pid 26985 died.
01-26 11:23:38.632   615  1361 I ActivityManager: Process com.zjinnova.zlink (pid 26985) has died: fore SVC 
01-26 11:23:38.632   615  1361 W ActivityManager: Scheduling restart of crashed service com.zjinnova.zlink/com.zjinnova.android.zlink.features.service.DaemonService in 4000ms
01-26 11:23:39.407   615   649 I ActivityManager: Start proc 27013:com.zjinnova.zlink/u0a115 for service com.zjinnova.zlink/com.zjinnova.android.zlink.features.service.DaemonService
01-26 11:23:39.538   615  5111 D DisplayManagerService: Display listener for pid 27013 died.
01-26 11:23:39.538   615  1361 I ActivityManager: Process com.zjinnova.zlink (pid 27013) has died: fore SVC 
01-26 11:23:39.539   615  1361 W ActivityManager: Canceling start item Intent { act=zjinnova.android.intent.action.ZLINK_SERVICE } in service ComponentInfo{com.zjinnova.zlink/com.zjinnova.android.zlink.features.service.DaemonService}
01-26 11:23:39.539   615  1361 W ActivityManager: Scheduling restart of crashed service com.zjinnova.zlink/com.zjinnova.android.zlink.features.service.DaemonService in 1000ms
01-26 11:23:40.552   615   649 I ActivityManager: Start proc 27033:com.zjinnova.zlink/u0a115 for service com.zjinnova.zlink/com.zjinnova.android.zlink.features.service.DaemonService
01-26 11:23:40.695   615  1361 D DisplayManagerService: Display listener for pid 27033 died.
01-26 11:23:40.695   615  5111 I ActivityManager: Process com.zjinnova.zlink (pid 27033) has died: fore SVC 
01-26 11:23:40.696   615  5111 W ActivityManager: Scheduling restart of crashed service com.zjinnova.zlink/com.zjinnova.android.zlink.features.service.DaemonService in 4000ms
01-26 11:23:41.633   615   649 I ActivityManager: Start proc 27061:com.zjinnova.zlink/u0a115 for service com.zjinnova.zlink/com.zjinnova.android.zlink.features.service.DaemonService
01-26 11:23:41.782   615  5111 D DisplayManagerService: Display listener for pid 27061 died.
01-26 11:23:41.782   615  1361 I ActivityManager: Process com.zjinnova.zlink (pid 27061) has died: fore SVC 
01-26 11:23:41.782   615  1361 W ActivityManager: Canceling start item Intent { act=zjinnova.android.intent.action.ZLINK_SERVICE } in service ComponentInfo{com.zjinnova.zlink/com.zjinnova.android.zlink.features.service.DaemonService}
01-26 11:23:41.782   615  1361 W ActivityManager: Scheduling restart of crashed service com.zjinnova.zlink/com.zjinnova.android.zlink.features.service.DaemonService in 1000ms
01-26 11:23:42.795   615   649 I ActivityManager: Start proc 27077:com.zjinnova.zlink/u0a115 for service com.zjinnova.zlink/com.zjinnova.android.zlink.features.service.DaemonService
01-26 11:23:42.901   615  1361 D DisplayManagerService: Display listener for pid 27077 died.
01-26 11:23:42.902   615  5111 I ActivityManager: Process com.zjinnova.zlink (pid 27077) has died: fore SVC 
01-26 11:23:42.902   615  5111 W ActivityManager: Scheduling restart of crashed service com.zjinnova.zlink/com.zjinnova.android.zlink.features.service.DaemonService in 4000ms
01-26 11:23:43.803   615   649 I ActivityManager: Start proc 27109:com.zjinnova.zlink/u0a115 for service com.zjinnova.zlink/com.zjinnova.android.zlink.features.service.DaemonService
01-26 11:23:43.945   615  1361 D DisplayManagerService: Display listener for pid 27109 died.
01-26 11:23:43.946   615  5111 I ActivityManager: Process com.zjinnova.zlink (pid 27109) has died: fore SVC 
01-26 11:23:43.946   615  5111 W ActivityManager: Canceling start item Intent { act=zjinnova.android.intent.action.ZLINK_SERVICE } in service ComponentInfo{com.zjinnova.zlink/com.zjinnova.android.zlink.features.service.DaemonService}
01-26 11:23:43.946   615  5111 W ActivityManager: Scheduling restart of crashed service com.zjinnova.zlink/com.zjinnova.android.zlink.features.service.DaemonService in 1000ms
01-26 11:23:44.958   615   649 I ActivityManager: Start proc 27125:com.zjinnova.zlink/u0a115 for service com.zjinnova.zlink/com.zjinnova.android.zlink.features.service.DaemonService
01-26 11:23:45.098   615  1972 D DisplayManagerService: Display listener for pid 27125 died.
01-26 11:23:45.099   615  5111 I ActivityManager: Process com.zjinnova.zlink (pid 27125) has died: fore SVC 
01-26 11:23:45.099   615  5111 W ActivityManager: Scheduling restart of crashed service com.zjinnova.zlink/com.zjinnova.android.zlink.features.service.DaemonService in 4000ms
01-26 11:23:45.966   615   649 I ActivityManager: Start proc 27153:com.zjinnova.zlink/u0a115 for service com.zjinnova.zlink/com.zjinnova.android.zlink.features.service.DaemonService
01-26 11:23:46.125   615  1361 D DisplayManagerService: Display listener for pid 27153 died.
01-26 11:23:46.125   615  5111 I ActivityManager: Process com.zjinnova.zlink (pid 27153) has died: fore SVC 
01-26 11:23:46.125   615  5111 W ActivityManager: Canceling start item Intent { act=zjinnova.android.intent.action.ZLINK_SERVICE } in service ComponentInfo{com.zjinnova.zlink/com.zjinnova.android.zlink.features.service.DaemonService}
01-26 11:23:46.125   615  5111 W ActivityManager: Scheduling restart of crashed service com.zjinnova.zlink/com.zjinnova.android.zlink.features.service.DaemonService in 1000ms
01-26 11:23:47.137   615   649 I ActivityManager: Start proc 27174:com.zjinnova.zlink/u0a115 for service com.zjinnova.zlink/com.zjinnova.android.zlink.features.service.DaemonService
01-26 11:23:47.248   615  1361 D DisplayManagerService: Display listener for pid 27174 died.
01-26 11:23:47.248   615  5111 I ActivityManager: Process com.zjinnova.zlink (pid 27174) has died: fore SVC 
01-26 11:23:47.249   615  5111 W ActivityManager: Scheduling restart of crashed service com.zjinnova.zlink/com.zjinnova.android.zlink.features.service.DaemonService in 4000ms
01-26 11:23:48.105   615   649 I ActivityManager: Start proc 27204:com.zjinnova.zlink/u0a115 for service com.zjinnova.zlink/com.zjinnova.android.zlink.features.service.DaemonService
01-26 11:23:48.251   615  5111 D DisplayManagerService: Display listener for pid 27204 died.
01-26 11:23:48.252   615  1361 I ActivityManager: Process com.zjinnova.zlink (pid 27204) has died: fore SVC 
01-26 11:23:48.252   615  1361 W ActivityManager: Canceling start item Intent { act=zjinnova.android.intent.action.ZLINK_SERVICE } in service ComponentInfo{com.zjinnova.zlink/com.zjinnova.android.zlink.features.service.DaemonService}
01-26 11:23:48.252   615  1361 W ActivityManager: Scheduling restart of crashed service com.zjinnova.zlink/com.zjinnova.android.zlink.features.service.DaemonService in 1000ms
01-26 11:23:48.950   615   646 W BroadcastQueue: Background execution not allowed: receiving Intent { act=android.bluetooth.adapter.action.CONNECTION_STATE_CHANGED flg=0x4000010 (has extras) } to com.google.android.gms/.chimera.GmsIntentOperationService$PersistentTrustedReceiver
01-26 11:23:49.265   615   649 I ActivityManager: Start proc 27223:com.zjinnova.zlink/u0a115 for service com.zjinnova.zlink/com.zjinnova.android.zlink.features.service.DaemonService
01-26 11:23:49.434   615  1776 D DisplayManagerService: Display listener for pid 27223 died.
01-26 11:23:49.434   615   706 I ActivityManager: Process com.zjinnova.zlink (pid 27223) has died: fore SVC 
01-26 11:23:49.434   615   706 W ActivityManager: Scheduling restart of crashed service com.zjinnova.zlink/com.zjinnova.android.zlink.features.service.DaemonService in 4000ms
01-26 11:23:50.314   615   649 I ActivityManager: Start proc 27254:com.zjinnova.zlink/u0a115 for service com.zjinnova.zlink/com.zjinnova.android.zlink.features.service.DaemonService
01-26 11:23:50.475   615  1361 D DisplayManagerService: Display listener for pid 27254 died.
01-26 11:23:50.476   615 23329 I ActivityManager: Process com.zjinnova.zlink (pid 27254) has died: fore SVC 
01-26 11:23:50.476   615 23329 W ActivityManager: Canceling start item Intent { act=zjinnova.android.intent.action.ZLINK_SERVICE } in service ComponentInfo{com.zjinnova.zlink/com.zjinnova.android.zlink.features.service.DaemonService}
01-26 11:23:50.476   615 23329 W ActivityManager: Scheduling restart of crashed service com.zjinnova.zlink/com.zjinnova.android.zlink.features.service.DaemonService in 1000ms
01-26 11:23:51.489   615   649 I ActivityManager: Start proc 27271:com.zjinnova.zlink/u0a115 for service com.zjinnova.zlink/com.zjinnova.android.zlink.features.service.DaemonService
01-26 11:23:51.628   615 23329 D DisplayManagerService: Display listener for pid 27271 died.
01-26 11:23:51.629   615   706 I ActivityManager: Process com.zjinnova.zlink (pid 27271) has died: fore SVC 
01-26 11:23:51.629   615   706 W ActivityManager: Scheduling restart of crashed service com.zjinnova.zlink/com.zjinnova.android.zlink.features.service.DaemonService in 4000ms
01-26 11:23:52.519   615   649 I ActivityManager: Start proc 27301:com.zjinnova.zlink/u0a115 for service com.zjinnova.zlink/com.zjinnova.android.zlink.features.service.DaemonService
01-26 11:23:52.625   615   706 D DisplayManagerService: Display listener for pid 27301 died.
01-26 11:23:52.625   615  1361 I ActivityManager: Process com.zjinnova.zlink (pid 27301) has died: fore SVC 
01-26 11:23:52.625   615  1361 W ActivityManager: Canceling start item Intent { act=zjinnova.android.intent.action.ZLINK_SERVICE } in service ComponentInfo{com.zjinnova.zlink/com.zjinnova.android.zlink.features.service.DaemonService}
01-26 11:23:52.625   615  1361 W ActivityManager: Scheduling restart of crashed service com.zjinnova.zlink/com.zjinnova.android.zlink.features.service.DaemonService in 1000ms
01-26 11:23:53.639   615   649 I ActivityManager: Start proc 27319:com.zjinnova.zlink/u0a115 for service com.zjinnova.zlink/com.zjinnova.android.zlink.features.service.DaemonService
01-26 11:23:53.765   615  1361 D DisplayManagerService: Display listener for pid 27319 died.
01-26 11:23:53.765   615  5111 I ActivityManager: Process com.zjinnova.zlink (pid 27319) has died: fore SVC 
01-26 11:23:53.765   615  5111 W ActivityManager: Scheduling restart of crashed service com.zjinnova.zlink/com.zjinnova.android.zlink.features.service.DaemonService in 4000ms
01-26 11:23:54.641   615   649 I ActivityManager: Start proc 27346:com.zjinnova.zlink/u0a115 for service com.zjinnova.zlink/com.zjinnova.android.zlink.features.service.DaemonService
01-26 11:23:54.808   615   706 D DisplayManagerService: Display listener for pid 27346 died.
01-26 11:23:54.808   615  5111 I ActivityManager: Process com.zjinnova.zlink (pid 27346) has died: fore SVC 
01-26 11:23:54.809   615  5111 W ActivityManager: Canceling start item Intent { act=zjinnova.android.intent.action.ZLINK_SERVICE } in service ComponentInfo{com.zjinnova.zlink/com.zjinnova.android.zlink.features.service.DaemonService}
01-26 11:23:54.809   615  5111 W ActivityManager: Scheduling restart of crashed service com.zjinnova.zlink/com.zjinnova.android.zlink.features.service.DaemonService in 1000ms
01-26 11:23:55.826   615   649 I ActivityManager: Start proc 27367:com.zjinnova.zlink/u0a115 for service com.zjinnova.zlink/com.zjinnova.android.zlink.features.service.DaemonService
01-26 11:23:55.955   615  5111 D DisplayManagerService: Display listener for pid 27367 died.
01-26 11:23:55.955   615  1361 I ActivityManager: Process com.zjinnova.zlink (pid 27367) has died: fore SVC 
01-26 11:23:55.955   615  1361 W ActivityManager: Scheduling restart of crashed service com.zjinnova.zlink/com.zjinnova.android.zlink.features.service.DaemonService in 4000ms
01-26 11:23:56.627  1152  1152 E BluetoothTetheringNetworkFactory: attempted to stop reverse tether with nothing tethered
01-26 11:23:56.802   615   649 I ActivityManager: Start proc 27395:com.zjinnova.zlink/u0a115 for service com.zjinnova.zlink/com.zjinnova.android.zlink.features.service.DaemonService
01-26 11:23:56.945   615   706 D DisplayManagerService: Display listener for pid 27395 died.
01-26 11:23:56.946   615  1776 I ActivityManager: Process com.zjinnova.zlink (pid 27395) has died: fore SVC 
01-26 11:23:56.946   615  1776 W ActivityManager: Canceling start item Intent { act=zjinnova.android.intent.action.ZLINK_SERVICE } in service ComponentInfo{com.zjinnova.zlink/com.zjinnova.android.zlink.features.service.DaemonService}
01-26 11:23:56.946   615  1776 W ActivityManager: Scheduling restart of crashed service com.zjinnova.zlink/com.zjinnova.android.zlink.features.service.DaemonService in 1000ms
01-26 11:23:57.959   615   649 I ActivityManager: Start proc 27413:com.zjinnova.zlink/u0a115 for service com.zjinnova.zlink/com.zjinnova.android.zlink.features.service.DaemonService
01-26 11:23:58.112   615  1776 D DisplayManagerService: Display listener for pid 27413 died.
01-26 11:23:58.112   615 23329 I ActivityManager: Process com.zjinnova.zlink (pid 27413) has died: fore SVC 
01-26 11:23:58.112   615 23329 W ActivityManager: Scheduling restart of crashed service com.zjinnova.zlink/com.zjinnova.android.zlink.features.service.DaemonService in 4000ms
01-26 11:23:58.999   615   649 I ActivityManager: Start proc 27444:com.zjinnova.zlink/u0a115 for service com.zjinnova.zlink/com.zjinnova.android.zlink.features.service.DaemonService
01-26 11:23:59.040   615   646 W BroadcastQueue: Background execution not allowed: receiving Intent { act=android.bluetooth.adapter.action.CONNECTION_STATE_CHANGED flg=0x4000010 (has extras) } to com.google.android.gms/.chimera.GmsIntentOperationService$PersistentTrustedReceiver
01-26 11:23:59.138   615 23329 D DisplayManagerService: Display listener for pid 27444 died.
01-26 11:23:59.139   615   706 I ActivityManager: Process com.zjinnova.zlink (pid 27444) has died: fore SVC 
01-26 11:23:59.139   615   706 W ActivityManager: Canceling start item Intent { act=zjinnova.android.intent.action.ZLINK_SERVICE } in service ComponentInfo{com.zjinnova.zlink/com.zjinnova.android.zlink.features.service.DaemonService}
01-26 11:23:59.139   615   706 W ActivityManager: Scheduling restart of crashed service com.zjinnova.zlink/com.zjinnova.android.zlink.features.service.DaemonService in 1000ms
01-26 11:24:00.151   615   649 I ActivityManager: Start proc 27461:com.zjinnova.zlink/u0a115 for service com.zjinnova.zlink/com.zjinnova.android.zlink.features.service.DaemonService
01-26 11:24:00.285   615  5111 D DisplayManagerService: Display listener for pid 27461 died.
01-26 11:24:00.285   615   706 I ActivityManager: Process com.zjinnova.zlink (pid 27461) has died: fore SVC 
01-26 11:24:00.286   615   706 W ActivityManager: Scheduling restart of crashed service com.zjinnova.zlink/com.zjinnova.android.zlink.features.service.DaemonService in 4000ms
01-26 11:24:01.168   615   649 I ActivityManager: Start proc 27489:com.zjinnova.zlink/u0a115 for service com.zjinnova.zlink/com.zjinnova.android.zlink.features.service.DaemonService
01-26 11:24:01.302   615   706 D DisplayManagerService: Display listener for pid 27489 died.
01-26 11:24:01.302   615  5111 I ActivityManager: Process com.zjinnova.zlink (pid 27489) has died: fore SVC 
01-26 11:24:01.302   615  5111 W ActivityManager: Canceling start item Intent { act=zjinnova.android.intent.action.ZLINK_SERVICE } in service ComponentInfo{com.zjinnova.zlink/com.zjinnova.android.zlink.features.service.DaemonService}
01-26 11:24:01.302   615  5111 W ActivityManager: Scheduling restart of crashed service com.zjinnova.zlink/com.zjinnova.android.zlink.features.service.DaemonService in 1000ms
01-26 11:24:01.332   475   574 E storaged: getDiskStats failed with result NOT_SUPPORTED and size 0
01-26 11:24:02.315   615   649 I ActivityManager: Start proc 27509:com.zjinnova.zlink/u0a115 for service com.zjinnova.zlink/com.zjinnova.android.zlink.features.service.DaemonService
--------- beginning of main
01-26 11:24:02.390 27509 27509 W System.err: 	at java.io.FileOutputStream.<init>(FileOutputStream.java:180)
