01-27 17:46:05.210 W/System.err(17700): 	at android.app.ActivityThread$H.handleMessage(ActivityThread.java:1678)
01-27 17:46:05.210 W/System.err(17700): 	at android.os.Handler.dispatchMessage(Handler.java:106)
01-27 17:46:05.210 W/System.err(17700): 	at android.os.Looper.loop(Looper.java:193)
01-27 17:46:05.210 W/System.err(17700): 	at android.app.ActivityThread.main(ActivityThread.java:6702)
01-27 17:46:05.210 W/System.err(17700): 	at java.lang.reflect.Method.invoke(Native Method)
01-27 17:46:05.210 W/System.err(17700): 	at com.android.internal.os.RuntimeInit$MethodAndArgsCaller.run(RuntimeInit.java:493)
01-27 17:46:05.210 W/System.err(17700): 	at com.android.internal.os.ZygoteInit.main(ZygoteInit.java:911)
01-27 17:46:05.292 D/DisplayManagerService(  614): Display listener for pid 17700 died.
01-27 17:46:05.293 I/ActivityManager(  614): Process com.zjinnova.zlink (pid 17700) has died: fore SVC 
01-27 17:46:05.293 W/ActivityManager(  614): Canceling start item Intent { act=zjinnova.android.intent.action.ZLINK_SERVICE } in service ComponentInfo{com.zjinnova.zlink/com.zjinnova.android.zlink.features.service.DaemonService}
01-27 17:46:05.293 W/ActivityManager(  614): Scheduling restart of crashed service com.zjinnova.zlink/com.zjinnova.android.zlink.features.service.DaemonService in 1000ms
01-27 17:46:05.294 W/libprocessgroup(  614): kill(-17700, 9) failed: No such process
01-27 17:46:05.294 I/libprocessgroup(  614): Successfully killed process cgroup uid 10115 pid 17700 in 1ms
01-27 17:46:05.294 I/SourceService(  614): Activity DIED(), com.zjinnova.zlink | com.zjinnova.zlink
01-27 17:46:05.448 D/BufferQueueProducer(  383): [altergames.carlauncher/altergames.carlauncher.MainActivity#0](this:0xa8010000,id:134,api:1,p:1327,c:383) queueBuffer: fps=1.52 dur=1315.81 max=973.28 min=342.53
01-27 17:46:05.453 D/SurfaceFlinger(  383): [Built-in Screen (type:0)] fps:1.530325,dur:1306.91,max:975.89,min:331.03
01-27 17:46:05.510 D/OpenSSLLib(  454): OpensslErr:Module:9(110:); file:external/boringssl/src/crypto/pem/pem_lib.c ;Line:621;Function:PEM_read_bio
01-27 17:46:05.552 D/RadioLogos(17302): Checking: /sdcard/RadioLogos/89100.png
01-27 17:46:05.553 D/RadioLogos(17302): FOUND: /sdcard/RadioLogos/89100.png
01-27 17:46:05.553 D/RadioLogos(17302): Checking: /sdcard/RadioLogos/89100.png
01-27 17:46:05.553 D/RadioLogos(17302): FOUND: /sdcard/RadioLogos/89100.png
01-27 17:46:05.580 D/pseudo  (  454): mtk_gps_sys_nmea_output_to_mnld: received 467 bytes:
01-27 17:46:05.580 D/pseudo  (  454): mtk_gps_sys_nmea_output_to_app: len:467, [NMEA]$GPGGA,164606.08...
01-27 17:46:05.580 D/        (  454): mtk_gps_sys_gps_mnl_callback: msg:0
01-27 17:46:05.580 D/        (  454): send_active_notify: send clean nmea timer cmd!
01-27 17:46:05.580 D/        (  454): mtk_gps_sys_gps_mnl_callback: MTK_GPS_MSG_FIX_READY,GET_RTC_FAIL
01-27 17:46:05.580 D/        (  454): gps_control_thread: gps_control_thread wait
01-27 17:46:05.580 D/pseudo  (  454): mtk_gps_sys_nmea_output_to_app: len:46, [vAGPS_Auto_Req]:g_FirstDbtt:0,u2BitMap:0x12f
01-27 17:46:05.582 I/GnssLocationProvider(  614): WakeLock acquired by sendMessage(REPORT_SV_STATUS, 0, com.android.server.location.GnssLocationProvider$SvStatusInfo@78ee69e)
01-27 17:46:05.583 I/GnssLocationProvider(  614): WakeLock released by handleMessage(REPORT_SV_STATUS, 0, com.android.server.location.GnssLocationProvider$SvStatusInfo@78ee69e)
01-27 17:46:05.612 W/ActivityManager(  614):   Force finishing activity com.example.openradiofm/.ui.main.MainActivity
01-27 17:46:05.621 D/FMPlugService(17409): FMPlugService onUnbind
01-27 17:46:05.622 I/ActivityManager(  614): Killing 17302:com.example.openradiofm/u0a126 (adj 900): crash
01-27 17:46:05.622 D/FMPlugService(17409): FMPlugService onDestroy
01-27 17:46:05.624 W/libprocessgroup(  614): kill(-17302, 9) failed: No such process
01-27 17:46:05.625 W/TelecomManager(  614): Telecom Service not found.
01-27 17:46:05.627 I/SourceService(  614): Activity DIED(), com.example.openradiofm | com.example.openradiofm
01-27 17:46:05.633 I/RadioAudioManager(17409): stopRender_processing, mIsRender = true
01-27 17:46:05.633 I/RadioAudioManager(17409): stopRender: waiting for mRenderingLock
01-27 17:46:05.639 W/SurfaceFlinger(  383): Attempting to destroy on removed layer: AppWindowToken{f59e37b token=Token{ca34f0a ActivityRecord{cae0375 u0 com.example.openradiofm/.ui.main.MainActivity t6202}}}#0
01-27 17:46:05.639 W/SurfaceFlinger(  383): Attempting to destroy on removed layer: 788b12f com.example.openradiofm/com.example.openradiofm.ui.main.MainActivity#0
01-27 17:46:05.639 W/SurfaceFlinger(  383): Attempting to destroy on removed layer: Task=6202#0
01-27 17:46:05.644 I/BufferQueueConsumer(  383): [com.example.openradiofm/com.example.openradiofm.ui.main.MainActivity#0](this:0xa8014000,id:131,api:1,p:17302,c:-1) disconnect(C)
01-27 17:46:05.646 D/AudioTrack(17409): stop(): 0xa16f2d80, mState = 0
01-27 17:46:05.647 D/APM_AudioPolicyManager(  378): AudioPolicyManager:setRecordSilenced(uid:10126, silenced:1)
01-27 17:46:05.647 D/AudioFlinger(  378): AudioFlinger::setRecordSilenced(uid:10126, silenced:1)
01-27 17:46:05.647 D/AudioTrack(17409): stop() called with 426888 frames delivered
01-27 17:46:05.648 D/AudioTrack(17409): audiotrack 0xa16f2d80 stop done
01-27 17:46:05.648 I/RadioAudioManager(17409): mAudioTrack stop earphone mode
01-27 17:46:05.648 D/AudioRecord(17409): stop: 0xa08ad000
01-27 17:46:05.649 D/SourceService(  614): set Music mix volume 100, session 0
01-27 17:46:05.653 D/AudioALSAStreamIn(  341): standby(), keep the mStandbyFrameCount = 0, ret = 0
01-27 17:46:05.653 I/AudioALSAStreamIn(  341): close(0xad57f200), mStandby 0, device 0x80002000
01-27 17:46:05.653 D/AudioALSACaptureHandlerFMRadio(  341): +close()
01-27 17:46:05.653 D/AudioALSACaptureDataClient(  341): ~AudioALSACaptureDataClient()
01-27 17:46:05.653 D/AudioALSACaptureDataProviderBase(  341): detach(), 0xac124500, mCaptureDataClientVector.size()=1, Identity=0xad556400
01-27 17:46:05.653 D/AudioALSACaptureDataProviderFMRadio(  341): close()
01-27 17:46:05.664 D/BufferQueueProducer(  383): [StatusBar#0](this:0xa7e43000,id:5,api:1,p:803,c:383) queueBuffer: fps=1.00 dur=4005.22 max=3955.66 min=13.86
01-27 17:46:05.669 W/libprocessgroup(  614): kill(-17302, 9) failed: No such process
01-27 17:46:05.673 W/InputDispatcher(  614): channel 'd77bf9c Toast (server)' ~ Consumer closed input channel or an error occurred.  events=0x9
01-27 17:46:05.673 E/InputDispatcher(  614): channel 'd77bf9c Toast (server)' ~ Channel is unrecoverably broken and will be disposed!
01-27 17:46:05.676 I/ADB_SERVICES( 4374): for fd 30, revents = 2011
01-27 17:46:05.677 I/ADB_SERVICES( 4374): for fd 30, revents = 2011
01-27 17:46:05.678 D/BufferQueueProducer(  383): [com.example.openradiofm/com.example.openradiofm.ui.main.MainActivity#0](this:0xa8014000,id:131,api:1,p:17302,c:-1) disconnect(P): api 1
01-27 17:46:05.678 D/BufferQueueProducer(  383): [Toast#1](this:0xa7e9b000,id:133,api:1,p:17302,c:383) disconnect(P): api 1
01-27 17:46:05.678 D/BufferQueueConsumer(  383): [Toast#1](this:0xa7e9b000,id:133,api:1,p:-1,c:383) getReleasedBuffers: returning mask 0xffffffffffffffff
01-27 17:46:05.678 I/BufferQueue(  383): [com.example.openradiofm/com.example.openradiofm.ui.main.MainActivity#0](this:0xa8014000,id:131,api:1,p:-1,c:-1) ~BufferQueueCore
01-27 17:46:05.678 D/DisplayManagerService(  614): Display listener for pid 17302 died.
01-27 17:46:05.679 I/WindowManager(  614): WIN DEATH: Window{d77bf9c u0 Toast}
01-27 17:46:05.679 W/InputDispatcher(  614): Attempted to unregister already unregistered input channel 'd77bf9c Toast (server)'
01-27 17:46:05.683 I/ADB_SERVICES( 4374): for fd 23, revents = 2011
01-27 17:46:05.683 I/ADB_SERVICES( 4374): for fd 23, revents = 2011
01-27 17:46:05.688 I/SurfaceFlinger(  383): [SF client] Remove(0xa7ef04e0) for (614:system_server)
01-27 17:46:05.688 W/ActivityManager(  614): setHasOverlayUi called on unknown pid: 17302
01-27 17:46:05.688 D/AudioALSACaptureDataProviderFMRadio(  341): -readThread(), pid: 341, tid: 17449
01-27 17:46:05.689 I/AudioALSACaptureDataProviderFMRadio(  341): AudioALSACaptureDataProviderFMRadio pcm_close device.
01-27 17:46:05.689 D/AudioALSACaptureDataClient(  341): +StopBesRecord()
01-27 17:46:05.689 D/AudioSPELayer(  341): Stop
01-27 17:46:05.689 D/AudioSPELayer(  341): not start before
01-27 17:46:05.689 D/AudioALSACaptureDataClient(  341): -StopBesRecord()
01-27 17:46:05.689 D/AudioSPELayer(  341): ~SPELayer+
01-27 17:46:05.689 D/AudioSPELayer(  341): Clear
01-27 17:46:05.689 D/AudioSPELayer(  341): ~Clear
01-27 17:46:05.689 D/AudioSPELayer(  341): FlushBufferQ+
01-27 17:46:05.689 D/AudioSPELayer(  341): FlushBufferQ mULOutBufferQ size=0,mULInBufferQ.size=0,mDLOutBufferQ.size()=0,mDLInBufferQ.size()=0,mDLDelayBufferQ.size()=0
01-27 17:46:05.689 D/AudioSPELayer(  341): FlushBufferQ-
01-27 17:46:05.689 D/AudioSPELayer(  341): ~SPELayer-
01-27 17:46:05.690 D/AudioALSACaptureDataClient(  341): -~AudioALSACaptureDataClient()
01-27 17:46:05.690 D/AudioALSACaptureHandlerFMRadio(  341): -close()
01-27 17:46:05.690 D/AudioALSACaptureHandlerFMRadio(  341): ~AudioALSACaptureHandlerFMRadio()
01-27 17:46:05.691 D/APM_AudioPolicyManager(  378): stopInput() input 94
01-27 17:46:05.691 D/AudioALSAHardware(  341): +routing releaseAudioPatch 80002000->Mixer
01-27 17:46:05.691 I/AudioALSAFMController(  341): +setFmEnable(), mFmEnable = 1 => enable = 0, output_device = 0x8, bForceControl = 0,  bForce2DirectConn = 0
01-27 17:46:05.691 D/AudioALSAFMController(  341): +setFmDirectConnection_l(), enable = 0, bforce = 1, output_device = 8
01-27 17:46:05.692 W/AudioALSASampleRateController(  341): resetScenarioStatus unexpected operation for scenario 1
01-27 17:46:05.692 D/AudioALSAStreamManager(  341): Send to mStreamInVector [0]
01-27 17:46:05.692 D/AudioALSAStreamManager(  341): +routingInputDevice(), input_device: 0x80002000 => 0x0
01-27 17:46:05.692 W/AudioALSAStreamManager(  341): -routingInputDevice(), input_device == AUDIO_DEVICE_NONE(0x0), return
01-27 17:46:05.692 D/AudioALSAStreamManager(  341): -setParameters()
01-27 17:46:05.692 D/AudioALSAHardware(  341): handlecheck releaseAudioPatch remove handle [b] OK
01-27 17:46:05.693 D/AudioRecord(17409): stop done
01-27 17:46:05.693 D/AudioRecord(17409): stop: 0xa08ad000
01-27 17:46:05.693 I/RadioAudioManager(17409): mAudioRecord stop earphone mode
01-27 17:46:05.693 I/RadioAudioManager(17409): RenderThread: waiting for mRenderLock
01-27 17:46:05.693 D/AudioRecord(17409): stop: 0xa08ad000
01-27 17:46:05.693 I/chatty  (17409): uid=10009(com.hcn.autoradio) identical 1 line
01-27 17:46:05.693 D/AudioRecord(17409): stop: 0xa08ad000
01-27 17:46:05.694 W/MediaAnalyticsItem(17409): Unable to record: [1:audiorecord:0:-1::0:-1:1:0:8:android.media.audiorecord.latency=60:android.media.audiorecord.samplerate=44100:android.media.audiorecord.channels=2:android.media.audiorecord.encoding=AUDIO_FORMAT_PCM_16_BIT:android.media.audiorecord.source=AUDIO_SOURCE_FM_TUNER:android.media.audiorecord.durationMs=9990:android.media.audiorecord.n=1:android.media.audiorecord.createdMs=1769532355605:] [forcenew=0]
01-27 17:46:05.694 I/RadioAudioManager(17409): mAudioRecord = null when stopRender
01-27 17:46:05.694 D/RadioAudioManager(17409): stopAudioTrack, mAudioTrack = android.media.AudioTrack@eb194f4
01-27 17:46:05.694 D/RadioAudioManager(17409): exitRenderThread
01-27 17:46:05.694 D/RadioAudioManager(17409): RenderThread.run, thread is interrupted, need exit thread
01-27 17:46:05.696 I/BufferQueueConsumer(  383): [Toast#1](this:0xa7e9b000,id:133,api:1,p:-1,c:-1) disconnect(C)
01-27 17:46:05.696 I/BufferQueue(  383): [Toast#1](this:0xa7e9b000,id:133,api:1,p:-1,c:-1) ~BufferQueueCore
01-27 17:46:05.698 D/AudioALSAStreamManager(  341): -closeInputStream(), mStreamInVector.size() = 0
01-27 17:46:05.699 D/MediaSessionService(  614): Media button session is changed to null
01-27 17:46:05.701 D/BluetoothMusicService( 1275):  onActiveSessionsChanged : 0
01-27 17:46:05.701 W/NewAvrcpMediaPlayerWrapper( 1139): The session was destroyed com.hcn.autoradio
01-27 17:46:05.703 D/BluetoothMusicService( 1275):  onActiveSessionsChanged : 0
01-27 17:46:05.703 V/NewAvrcpMediaPlayerList( 1139): onActiveSessionsChanged: number of controllers: 0
01-27 17:46:05.703 D/NuPlayerDriver(  477): stop(0xb1a2e8c0)
01-27 17:46:05.703 V/NewAvrcpMediaPlayerList( 1139): onActiveSessionsChanged: number of controllers: 0
01-27 17:46:05.704 D/NuPlayerDriver(  477): notifyListener_l(0xb1a2e8c0), (8, 0, 0, -1), loop setting(0, 0)
01-27 17:46:05.704 D/AudioTrack(  477): pause(): 0xaf332000, mState = 0
01-27 17:46:05.704 D/NuPlayerDriver(  477): notifyListener_l(0xb1a2e8c0), (211, 0, 0, 20), loop setting(0, 0)
01-27 17:46:05.705 D/NuPlayerDriver(  477): reset(0xb1a2e8c0) at state 8
01-27 17:46:05.705 D/NuPlayerDriver(  477): notifyListener_l(0xb1a2e8c0), (211, 0, 0, 20), loop setting(0, 0)
01-27 17:46:05.706 D/MtkOmxAudioDecBase(  483): # Got general command (OMX_CommandFlush)
01-27 17:46:05.712 W/libprocessgroup(  614): kill(-17302, 9) failed: No such process
01-27 17:46:05.712 I/libprocessgroup(  614): Successfully killed process cgroup uid 10126 pid 17302 in 89ms
01-27 17:46:05.740 D/AudioFlinger(  378): track(0xadac6300) pause signal - released
01-27 17:46:05.740 D/AudioTrack(  477): pause(): 0xaf332000, mState = 2
01-27 17:46:05.741 D/AudioTrack(  477): stop(): 0xaf332000, mState = 4
01-27 17:46:05.741 D/MtkOmxAudioDecBase(  483): # Got general command (OMX_CommandStateSet)
01-27 17:46:05.743 D/MtkOmxMp3Dec(  483): JB ~MtkOmxMp3Dec this= 0xb07c3a00
01-27 17:46:05.743 D/MtkOmxMp3Dec(  483): component has been DeInit before,return.
01-27 17:46:05.741 D/MtkOmxAudioDecBase(  483): # Got general command (OMX_CommandStateSet)
01-27 17:46:05.743 W/MediaAnalyticsItem(  477): Unable to record: [1:codec:0:-1::0:-1:1:0:10:android.media.mediacodec.codec=OMX.MTK.AUDIO.DECODER.MP3:android.media.mediacodec.mode=audio:android.media.mediacodec.secure=0:android.media.mediacodec.encoder=0:android.media.mediacodec.mime=audio/mpeg:android.media.mediacodec.latency.max=269685:android.media.mediacodec.latency.min=888:android.media.mediacodec.latency.avg=97697:android.media.mediacodec.latency.n=400:android.media.mediacodec.latency.unknown=1:] [forcenew=0]
01-27 17:46:05.743 D/NuPlayer(  477): audio shutdown completed
01-27 17:46:05.744 I/GenericSource(  477): GenericSource stop mp3 TOC!
01-27 17:46:05.744 E/GenericSource(  477): stop TOC fail,maybe TOC not Enabled or other reason.
01-27 17:46:05.745 D/NuPlayerDriver(  477): notifyResetComplete(0xb1a2e8c0)
01-27 17:46:05.745 D/NuPlayerDriver(  477): reset(0xb1a2e8c0) at state 0
01-27 17:46:05.745 W/AMessage(  477): failed to post message as target looper for handler 0 is gone.
01-27 17:46:05.746 D/TableOfContentThread(  470): ~TableOfContentThread 0xa7e762c8!
01-27 17:46:05.746 D/TableOfContentThread(  470): stopTOCThread 0xa7e762c8
01-27 17:46:05.746 W/MediaAnalyticsItem(  470): Unable to record: [1:extractor:0:-1::0:-1:1:0:3:android.media.mediaextractor.fmt=MP3Extractor:android.media.mediaextractor.ntrk=1:android.media.mediaextractor.mime=audio/mpeg:] [forcenew=0]
01-27 17:46:05.746 V/MediaPlayer(17409): resetDrmState:  mDrmInfo=null mDrmProvisioningThread=null mPrepareDrmInProgress=false mActiveDrmScheme=false
01-27 17:46:05.746 V/MediaPlayer(17409): cleanDrmObj: mDrmObj=null mDrmSessionId=null
01-27 17:46:05.746 D/AudioTrack(  477): ~AudioTrack(): 0xaf332000
01-27 17:46:05.746 D/AudioTrack(  477): stop(): 0xaf332000, mState = 4
01-27 17:46:05.747 W/MediaAnalyticsItem(  477): Unable to record: [1:audiotrack:0:-1::0:-1:1:0:6:android.media.audiotrack.underrunframes=1885:android.media.audiotrack.streamtype=3:android.media.audiotrack.type=AUDIO_CONTENT_TYPE_UNKNOWN:android.media.audiotrack.usage=AUDIO_USAGE_UNKNOWN:android.media.audiotrack.samplerate=44100:android.media.audiotrack.channelmask=3:] [forcenew=0]
01-27 17:46:05.747 V/MediaPlayer(17409): resetDrmState:  mDrmInfo=null mDrmProvisioningThread=null mPrepareDrmInProgress=false mActiveDrmScheme=false
01-27 17:46:05.747 V/MediaPlayer(17409): cleanDrmObj: mDrmObj=null mDrmSessionId=null
01-27 17:46:05.747 I/MediaFocusControl(  614): abandonAudioFocus() from uid/pid 10009/17409 clientId=android.media.AudioManager@dad46ebcom.hcn.autoradio.audio.RadioAudioManager$1@324fc48
01-27 17:46:05.748 I/SourceService(  614): onFocusStateChange [com.hcn.autoradio] requestResult 1, contentType:2,gainRequest:1, gain:0
01-27 17:46:05.749 I/MediaFocusControlExt(  614): notifySourceInfoAudioFocusState  com.hcn.autoradio type = 2 requestResult = 1 GainRequest()1
01-27 17:46:05.750 I/m.hcn.autoradi(17409): System.exit called, status: 0
01-27 17:46:05.750 I/AndroidRuntime(17409): VM exiting with result code 0, cleanup skipped.
01-27 17:46:05.769 D/DisplayManagerService(  614): Display listener for pid 17409 died.
01-27 17:46:05.770 I/ActivityManager(  614): Process com.hcn.autoradio (pid 17409) has died: fore SVC 
01-27 17:46:05.770 W/libprocessgroup(  614): kill(-17409, 9) failed: No such process
01-27 17:46:05.771 I/SourceService(  614): Activity DIED(), com.hcn.autoradio | com.hcn.autoradio
01-27 17:46:05.771 I/SourceService(  614): onActivityStatus : [MUSIC, BT_CONNTECTED] --> [BT_CONNTECTED], from 
01-27 17:46:05.771 D/ExtAudioMuxer(  614): send cmd [01] : [FFFFFFFF ]
01-27 17:46:05.772 D/SourceService(  614): set Music mix volume 100, session 0
01-27 17:46:05.774 V/camerad (  449): Source changing to 
01-27 17:46:05.775 D/APM_AudioPolicyManager(  378): AudioPolicyManager:setRecordSilenced(uid:10009, silenced:1)
01-27 17:46:05.775 D/AudioFlinger(  378): AudioFlinger::setRecordSilenced(uid:10009, silenced:1)
01-27 17:46:05.782 D/AudioFlinger_Threads(  378): enforc flush
01-27 17:46:05.812 W/libprocessgroup(  614): kill(-17409, 9) failed: No such process
01-27 17:46:05.812 I/libprocessgroup(  614): Successfully killed process cgroup uid 10009 pid 17409 in 42ms
01-27 17:46:05.825 D/AudioFlinger_Threads(  378): WavePower index 0 [0, 0], [0, 0], diff [0, 0]
01-27 17:46:05.825 I/AudioFlinger_Threads(  378): setAudioOutputMute Mute:1, carstatus fd 13, audiomux fd 13
01-27 17:46:05.847 D/APM_AudioPolicyManager(  378): stopOutput() output 13, stream 3, session 265
01-27 17:46:05.847 V/APM::AudioOutputDescriptor(  378): changeRefCount() stream 3, count 1
01-27 17:46:05.889 D/APM_AudioPolicyManager(  378): stopOutput() output 13, stream 3, session 249
01-27 17:46:05.889 V/APM::AudioOutputDescriptor(  378): changeRefCount() stream 3, count 0
01-27 17:46:05.891 I/ADB_SERVICES( 4374): service_to_fd shell,v2,TERM=xterm-256color,raw:am start -n com.example.openradiofm/.ui.main.MainActivity
01-27 17:46:05.954 I/ActivityManager(  614): START u0 {flg=0x10000000 cmp=com.example.openradiofm/.ui.main.MainActivity} from uid 2000
01-27 17:46:05.961 I/vendor.mediatek.hardware.power@2.0-impl(  368): powerHintAsync hint:8, data:1
01-27 17:46:05.966 I/PowerWrap(  614): PowerHal_Wrap_mtkPowerHint
01-27 17:46:05.966 I/PowerWrap(  614): PowerHal_Wrap_mtkPowerHint
01-27 17:46:05.967 I/libPowerHal(  368): 16: set: 2, set max:4
01-27 17:46:05.977 D/ViewRootImpl[openradiofm](  614): hardware acceleration = false , fakeHwAccelerated = true, sRendererDisabled = false, forceHwAccelerated = false, sSystemRendererDisabled = false
01-27 17:46:05.979 I/ADB_SERVICES( 4374): post waitpid (pid=17719) status=0000
01-27 17:46:05.979 I/ADB_SERVICES( 4374): for fd 38, revents = 2010
01-27 17:46:05.979 I/ADB_SERVICES( 4374): for fd 38, revents = 2010
01-27 17:46:05.981 I/ADB_SERVICES( 4374): ref_cnt != 0 ref_cnt=-1, id=118, peer->id=190
01-27 17:46:05.990 D/SessionLifecycleClient( 1327): Sending lifecycle 2 to service
01-27 17:46:05.990 I/PowerWrap(  614): PowerHal_Wrap_mtkPowerHint
01-27 17:46:05.990 D/SessionLifecycleService( 1327): Activity backgrounding at 3386997
01-27 17:46:05.990 I/PowerWrap(  614): PowerHal_Wrap_mtkPowerHint
01-27 17:46:05.991 I/chatty  (  614): uid=1000(system) Binder:614_11 identical 1 line
01-27 17:46:05.991 I/PowerWrap(  614): PowerHal_Wrap_mtkPowerHint
01-27 17:46:05.997 I/BufferQueue(  383): [unnamed-383-136](this:0xa8014000,id:136,api:0,p:-1,c:-1) BufferQueue core=(383:/system/bin/surfaceflinger)
01-27 17:46:05.997 D/BufferQueueConsumer(  383): [unnamed-383-136](this:0xa8014000,id:136,api:0,p:-1,c:383) connect(C): consumer=(383:/system/bin/surfaceflinger) controlledByApp=false
01-27 17:46:05.998 I/BufferQueueConsumer(  383): [unnamed-383-136](this:0xa8014000,id:136,api:0,p:-1,c:383) setConsumerName: unnamed-383-136
01-27 17:46:05.998 I/BufferQueueConsumer(  383): [Splash Screen com.example.openradiofm#0](this:0xa8014000,id:136,api:0,p:-1,c:383) setConsumerName: Splash Screen com.example.openradiofm#0
01-27 17:46:05.998 D/BufferQueueConsumer(  383): [Splash Screen com.example.openradiofm#0](this:0xa8014000,id:136,api:0,p:-1,c:383) setDefaultBufferSize: width=1024 height=600
01-27 17:46:06.013 D/Surface (  614): lockCanvas
01-27 17:46:06.013 D/Surface (  614): Surface::connect(this=0x902d5800,api=2)
01-27 17:46:06.013 D/BufferQueueProducer(  383): [Splash Screen com.example.openradiofm#0](this:0xa8014000,id:136,api:2,p:614,c:383) connect(P): api=2 producer=(614:system_server) producerControlledByApp=false
01-27 17:46:06.029 I/ActivityManager(  614): Start proc 17725:com.example.openradiofm/u0a126 for activity com.example.openradiofm/.ui.main.MainActivity
01-27 17:46:06.031 D/Surface (  614): lockCanvas
01-27 17:46:06.034 I/ple.openradiof(17725): Late-enabling -Xcheck:jni
01-27 17:46:06.120 E/SchedPolicy( 6483): set_timerslack_ns write failed: Operation not permitted
01-27 17:46:06.130 D/AdvertisingIdClient( 6483): AdvertisingIdClient already created.
01-27 17:46:06.132 V/WindowManager(  614): rotationForOrientationLw(orientation=0, lastRotation=0); mUserRotation=0 
01-27 17:46:06.140 I/AdvertisingIdClient( 6483): shouldSendLog 3004718
01-27 17:46:06.140 I/AdvertisingIdClient( 6483): GetInfoInternal elapse 9ms
01-27 17:46:06.141 V/WindowManager(  614): Set focused app to: AppWindowToken{6451e38 token=Token{ef1fa9b ActivityRecord{6feceaa u0 com.example.openradiofm/.ui.main.MainActivity t6203}}} old focus=AppWindowToken{4b7515e token=Token{16a0a99 ActivityRecord{99947e0 u0 altergames.carlauncher/.MainActivity t2}}} moveFocusNow=true
01-27 17:46:06.142 V/WindowManager(  614): Changing focus from Window{8100614 u0 altergames.carlauncher/altergames.carlauncher.MainActivity} to null Callers=com.android.server.wm.WindowManagerService.setFocusedApp:2701 com.android.server.am.ActivityManagerService.setResumedActivityUncheckLocked:3667 com.android.server.am.ActivityStack.onActivityStateChanged:499 com.android.server.am.TaskRecord.onActivityStateChanged:1794 
01-27 17:46:06.142 D/WindowManager(  614): Input focus has changed to null
01-27 17:46:06.148 I/vendor.mediatek.hardware.power@2.0-impl(  368): notifyAppState pack:com.example.openradiofm, act:com.example.openradiofm.ui.main.MainActivity, pid:17725, state:1
01-27 17:46:06.148 I/libPowerHal(  368): [perfNotifyAppState] foreground:com.example.openradiofm, pid:17725
01-27 17:46:06.153 D/APM_AudioPolicyManager(  378): AudioPolicyManager:setRecordSilenced(uid:10126, silenced:0)
01-27 17:46:06.154 D/AudioFlinger(  378): AudioFlinger::setRecordSilenced(uid:10126, silenced:0)
01-27 17:46:06.157 I/WindowManager(  614): selectAnimation in Window{310334e u0 Splash Screen com.example.openradiofm}: transit=1
01-27 17:46:06.166 I/WindowManager(  614): Focus moving from Window{8100614 u0 altergames.carlauncher/altergames.carlauncher.MainActivity} to null
01-27 17:46:06.177 E/SchedPolicy( 6483): set_timerslack_ns write failed: Operation not permitted
01-27 17:46:06.182 E/SchedPolicy( 1149): set_timerslack_ns write failed: Operation not permitted
01-27 17:46:06.189 D/BufferQueueProducer(  383): [FramebufferSurface](this:0xa8ca0000,id:0,api:1,p:383,c:383) queueBuffer: fps=4.31 dur=6502.12 max=5857.85 min=16.07
01-27 17:46:06.193 I/hwcomposer(  363): [DEV] [DEV] (Send identity matrix)  
01-27 17:46:06.309 I/ActivityManager(  614): Start proc 17742:com.zjinnova.zlink/u0a115 for service com.zjinnova.zlink/com.zjinnova.android.zlink.features.service.DaemonService
01-27 17:46:06.331 E/.zjinnova.zlin(17742): Not starting debugger since process cannot load the jdwp agent.
01-27 17:46:06.384 I/.zjinnova.zlin(17742): The ClassLoaderContext is a special shared library.
01-27 17:46:06.390 W/.zjinnova.zlin(17742): JIT profile information will not be recorded: profile file does not exits.
01-27 17:46:06.404 I/ADB_SERVICES( 4374): service_to_fd shell:stat -c %u /proc/17725 | xargs -n 1 cmd package list packages --uid
01-27 17:46:06.448 W/hwcomposer(  363): [OVL] (0) No overlay input queue(0)  
01-27 17:46:06.448 I/hwcomposer(  363): [DBQ] (q2:0xb21f4500) Buffer queue is created with size(3)  
01-27 17:46:06.448 I/hwcomposer(  363): [DBQ] (q2:0xb21f4500) setConsumerListener  
01-27 17:46:06.448 I/hwcomposer(  363): [DBQ] (q2:0xb21f4500) Reallocate Slot(0), pool(0 -> 0) size(0 -> 2457600)  
01-27 17:46:06.452 I/hwcomposer(  363): [DEV] [DEV] (Send identity matrix)  
01-27 17:46:06.465 D/SurfaceFlinger(  383): [Built-in Screen (type:0)] fps:31.619940,dur:1012.02,max:246.05,min:14.46
01-27 17:46:06.489 D/Surface ( 1327): Surface::disconnect(this=0x8e7ec800,api=1)
01-27 17:46:06.490 D/BufferQueueProducer(  383): [altergames.carlauncher/altergames.carlauncher.MainActivity#0](this:0xa8010000,id:134,api:1,p:1327,c:383) disconnect(P): api 1
01-27 17:46:06.490 D/BufferQueueConsumer(  383): [altergames.carlauncher/altergames.carlauncher.MainActivity#0](this:0xa8010000,id:134,api:1,p:-1,c:383) getReleasedBuffers: returning mask 0xffffffffffffffff
01-27 17:46:06.493 D/Surface ( 1327): Surface::disconnect(this=0x8e7ec800,api=1)
01-27 17:46:06.493 D/BufferQueueProducer(  383): [altergames.carlauncher/altergames.carlauncher.MainActivity#0](this:0xa8010000,id:134,api:1,p:-1,c:383) disconnect(P): api 1
01-27 17:46:06.493 E/BufferQueueProducer(  383): [altergames.carlauncher/altergames.carlauncher.MainActivity#0](this:0xa8010000,id:134,api:1,p:-1,c:383) disconnect: not connected (req=1)
01-27 17:46:06.496 W/libEGL  ( 1327): EGLNativeWindowType 0x8e7ec808 disconnect failed
01-27 17:46:06.515 W/System.err(17742): java.io.FileNotFoundException: /data/user/0/com.zjinnova.zlink/files/prodexdir/tosversion: open failed: EACCES (Permission denied)
01-27 17:46:06.516 W/System.err(17742): 	at libcore.io.IoBridge.open(IoBridge.java:485)
01-27 17:46:06.516 W/System.err(17742): 	at java.io.RandomAccessFile.<init>(RandomAccessFile.java:288)
01-27 17:46:06.516 W/System.err(17742): 	at java.io.RandomAccessFile.<init>(RandomAccessFile.java:151)
01-27 17:46:06.516 W/System.err(17742): 	at com.wrapper.proxyapplication.Util.PrepareSecurefiles(Util.java:362)
01-27 17:46:06.516 W/System.err(17742): 	at com.zjinnova.zlink.MyWrapperProxyApplication.initProxyApplication(MyWrapperProxyApplication.java:33)
01-27 17:46:06.516 W/System.err(17742): 	at com.wrapper.proxyapplication.WrapperProxyApplication.attachBaseContext(WrapperProxyApplication.java:459)
01-27 17:46:06.516 W/System.err(17742): 	at android.app.Application.attach(Application.java:212)
01-27 17:46:06.516 W/System.err(17742): 	at android.app.Instrumentation.newApplication(Instrumentation.java:1121)
01-27 17:46:06.516 W/System.err(17742): 	at android.app.LoadedApk.makeApplication(LoadedApk.java:1064)
01-27 17:46:06.516 W/System.err(17742): 	at android.app.ActivityThread.handleBindApplication(ActivityThread.java:5873)
01-27 17:46:06.516 W/System.err(17742): 	at android.app.ActivityThread.access$1200(ActivityThread.java:206)
01-27 17:46:06.516 W/System.err(17742): 	at android.app.ActivityThread$H.handleMessage(ActivityThread.java:1678)
01-27 17:46:06.516 W/System.err(17742): 	at android.os.Handler.dispatchMessage(Handler.java:106)
01-27 17:46:06.516 W/System.err(17742): 	at android.os.Looper.loop(Looper.java:193)
01-27 17:46:06.516 W/System.err(17742): 	at android.app.ActivityThread.main(ActivityThread.java:6702)
01-27 17:46:06.516 W/System.err(17742): 	at java.lang.reflect.Method.invoke(Native Method)
01-27 17:46:06.516 W/System.err(17742): 	at com.android.internal.os.RuntimeInit$MethodAndArgsCaller.run(RuntimeInit.java:493)
01-27 17:46:06.516 W/System.err(17742): 	at com.android.internal.os.ZygoteInit.main(ZygoteInit.java:911)
01-27 17:46:06.516 W/System.err(17742): Caused by: android.system.ErrnoException: open failed: EACCES (Permission denied)
01-27 17:46:06.516 W/System.err(17742): 	at libcore.io.Linux.open(Native Method)
01-27 17:46:06.517 W/System.err(17742): 	at libcore.io.BlockGuardOs.open(BlockGuardOs.java:210)
01-27 17:46:06.517 W/System.err(17742): 	at libcore.io.IoBridge.open(IoBridge.java:471)
01-27 17:46:06.517 W/System.err(17742): 	... 17 more
01-27 17:46:06.517 W/System.err(17742): java.io.FileNotFoundException: /data/user/0/com.zjinnova.zlink/files/prodexdir/tosversion (Permission denied)
01-27 17:46:06.518 W/System.err(17742): 	at java.io.FileOutputStream.open0(Native Method)
01-27 17:46:06.518 W/System.err(17742): 	at java.io.FileOutputStream.open(FileOutputStream.java:308)
01-27 17:46:06.518 W/System.err(17742): 	at java.io.FileOutputStream.<init>(FileOutputStream.java:238)
01-27 17:46:06.518 W/System.err(17742): 	at java.io.FileOutputStream.<init>(FileOutputStream.java:180)
01-27 17:46:06.518 W/System.err(17742): 	at com.wrapper.proxyapplication.Util.UnzipFile(Util.java:205)
01-27 17:46:06.518 W/System.err(17742): 	at com.wrapper.proxyapplication.Util.PrepareSecurefiles(Util.java:554)
01-27 17:46:06.518 W/System.err(17742): 	at com.zjinnova.zlink.MyWrapperProxyApplication.initProxyApplication(MyWrapperProxyApplication.java:33)
01-27 17:46:06.518 W/System.err(17742): 	at com.wrapper.proxyapplication.WrapperProxyApplication.attachBaseContext(WrapperProxyApplication.java:459)
01-27 17:46:06.518 W/System.err(17742): 	at android.app.Application.attach(Application.java:212)
01-27 17:46:06.518 W/System.err(17742): 	at android.app.Instrumentation.newApplication(Instrumentation.java:1121)
01-27 17:46:06.518 W/System.err(17742): 	at android.app.LoadedApk.makeApplication(LoadedApk.java:1064)
01-27 17:46:06.518 W/System.err(17742): 	at android.app.ActivityThread.handleBindApplication(ActivityThread.java:5873)
01-27 17:46:06.518 W/System.err(17742): 	at android.app.ActivityThread.access$1200(ActivityThread.java:206)
01-27 17:46:06.518 W/System.err(17742): 	at android.app.ActivityThread$H.handleMessage(ActivityThread.java:1678)
01-27 17:46:06.518 W/System.err(17742): 	at android.os.Handler.dispatchMessage(Handler.java:106)
01-27 17:46:06.518 W/System.err(17742): 	at android.os.Looper.loop(Looper.java:193)
01-27 17:46:06.518 W/System.err(17742): 	at android.app.ActivityThread.main(ActivityThread.java:6702)
01-27 17:46:06.518 W/System.err(17742): 	at java.lang.reflect.Method.invoke(Native Method)
01-27 17:46:06.518 W/System.err(17742): 	at com.android.internal.os.RuntimeInit$MethodAndArgsCaller.run(RuntimeInit.java:493)
01-27 17:46:06.518 W/System.err(17742): 	at com.android.internal.os.ZygoteInit.main(ZygoteInit.java:911)
01-27 17:46:06.579 D/pseudo  (  454): mtk_gps_sys_nmea_output_to_mnld: received 467 bytes:
01-27 17:46:06.580 D/pseudo  (  454): mtk_gps_sys_nmea_output_to_app: len:467, [NMEA]$GPGGA,164607.08...
01-27 17:46:06.580 D/        (  454): mtk_gps_sys_gps_mnl_callback: msg:0
01-27 17:46:06.580 D/        (  454): send_active_notify: send clean nmea timer cmd!
01-27 17:46:06.580 D/        (  454): mtk_gps_sys_gps_mnl_callback: MTK_GPS_MSG_FIX_READY,GET_RTC_FAIL
01-27 17:46:06.580 D/pseudo  (  454): mtk_gps_sys_nmea_output_to_app: len:46, [vAGPS_Auto_Req]:g_FirstDbtt:0,u2BitMap:0x12f
01-27 17:46:06.581 D/        (  454): gps_control_thread: gps_control_thread wait
01-27 17:46:06.587 I/GnssLocationProvider(  614): WakeLock acquired by sendMessage(REPORT_SV_STATUS, 0, com.android.server.location.GnssLocationProvider$SvStatusInfo@63a8bb9)
01-27 17:46:06.587 I/GnssLocationProvider(  614): WakeLock released by handleMessage(REPORT_SV_STATUS, 0, com.android.server.location.GnssLocationProvider$SvStatusInfo@63a8bb9)
01-27 17:46:06.616 D/DisplayManagerService(  614): Display listener for pid 17742 died.
01-27 17:46:06.617 I/ActivityManager(  614): Process com.zjinnova.zlink (pid 17742) has died: fore SVC 
01-27 17:46:06.617 W/libprocessgroup(  614): kill(-17742, 9) failed: No such process
01-27 17:46:06.617 W/ActivityManager(  614): Scheduling restart of crashed service com.zjinnova.zlink/com.zjinnova.android.zlink.features.service.DaemonService in 4000ms
01-27 17:46:06.617 I/libprocessgroup(  614): Successfully killed process cgroup uid 10115 pid 17742 in 0ms
01-27 17:46:06.619 I/SourceService(  614): Activity DIED(), com.zjinnova.zlink | com.zjinnova.zlink
01-27 17:46:06.626 I/teststub(  448): Free memory 787MBytes.
01-27 17:46:06.627 I/ADB_SERVICES( 4374): for fd 35, revents = 10
01-27 17:46:06.628 I/ADB_SERVICES( 4374): post waitpid (pid=17756) status=0000
01-27 17:46:06.629 I/ADB_SERVICES( 4374): ref_cnt != 0 ref_cnt=-1, id=119, peer->id=191
01-27 17:46:06.885 D/        (  454): curl_easy_download_quarter_epo: qepo file curl_easy_download res = 0
01-27 17:46:06.885 D/        (  454): is_quarter_epo_valid: The start time of QEPO file is Tue Jan 27 12:00:00 2026
01-27 17:46:06.885 D/        (  454): is_quarter_epo_valid: GPS time: Tue Dec 19 16:46:20 2023
01-27 17:46:06.885 D/        (  454): qepo_file_update_impl: qepo download failed try again, try_time = 0
01-27 17:46:06.885 D/        (  454): curl_easy_download_quarter_epo: curl_easy_download_quarter_epo
01-27 17:46:06.885 D/        (  454): mtk_epo_is_expired: current time: 1769528766, current time:Tue Jan 27 16:46:06 2026
01-27 17:46:06.885 D/        (  454): mtk_epo_is_expired: EPO start time: 1769468400, EPO start time: Tue Jan 27 00:00:00 2026
01-27 17:46:06.885 D/        (  454): mtk_epo_is_expired: EPO file is valid, no need update
01-27 17:46:06.885 D/        (  454): getQepoUrl: url = https://pgepodownload.mediatek.com/QG_R.DAT?retryCount=0
01-27 17:46:06.969 D/OpenSSLLib(  454): OpensslErr:Module:9(110:); file:external/boringssl/src/crypto/pem/pem_lib.c ;Line:621;Function:PEM_read_bio
01-27 17:46:07.176 W/ps      (17769): type=1400 audit(0.0:11458): avc: denied { getattr } for path="/dev/console" dev="tmpfs" ino=10322 scontext=u:r:z-link:s0 tcontext=u:object_r:console_device:s0 tclass=chr_file permissive=0
01-27 17:46:07.176 I/chatty  (17769): uid=0(root) ps identical 1 line
01-27 17:46:07.176 W/ps      (17769): type=1400 audit(0.0:11460): avc: denied { getattr } for path="/dev/console" dev="tmpfs" ino=10322 scontext=u:r:z-link:s0 tcontext=u:object_r:console_device:s0 tclass=chr_file permissive=0
01-27 17:46:07.176 W/ps      (17769): type=1400 audit(0.0:11461): avc: denied { read } for name="drivers" dev="proc" ino=4026531853 scontext=u:r:z-link:s0 tcontext=u:object_r:proc_tty_drivers:s0 tclass=file permissive=0
01-27 17:46:07.209 W/ps      (17769): type=1400 audit(0.0:11462): avc: denied { getattr } for path="/dev/pts/1" dev="devpts" ino=4 scontext=u:r:z-link:s0 tcontext=u:object_r:devpts:s0 tclass=chr_file permissive=0
01-27 17:46:07.241 D/btopt   (  776): zlink wake_up_apk_server: cmd = 'export PATH=$PATH:/system/bin/;am start-service -a "zjinnova.android.intent.action.ZLINK_SERVICE" &'
01-27 17:46:07.253 E/WifiVendorHal(  614): getWifiLinkLayerStats(l.937) failed {.code = ERROR_NOT_SUPPORTED, .description = }
01-27 17:46:07.318 I/ActivityManager(  614): Start proc 17779:com.zjinnova.zlink/u0a115 for service com.zjinnova.zlink/com.zjinnova.android.zlink.features.service.DaemonService
01-27 17:46:07.330 E/.zjinnova.zlin(17779): Not starting debugger since process cannot load the jdwp agent.
01-27 17:46:07.366 I/.zjinnova.zlin(17779): The ClassLoaderContext is a special shared library.
01-27 17:46:07.373 W/.zjinnova.zlin(17779): JIT profile information will not be recorded: profile file does not exits.
01-27 17:46:07.389 W/System.err(17779): java.io.FileNotFoundException: /data/user/0/com.zjinnova.zlink/files/prodexdir/tosversion: open failed: EACCES (Permission denied)
01-27 17:46:07.389 D/        (  454): curl_easy_download_quarter_epo: qepo file curl_easy_download res = 0
01-27 17:46:07.389 W/System.err(17779): 	at libcore.io.IoBridge.open(IoBridge.java:485)
01-27 17:46:07.390 W/System.err(17779): 	at java.io.RandomAccessFile.<init>(RandomAccessFile.java:288)
01-27 17:46:07.390 W/System.err(17779): 	at java.io.RandomAccessFile.<init>(RandomAccessFile.java:151)
01-27 17:46:07.390 W/System.err(17779): 	at com.wrapper.proxyapplication.Util.PrepareSecurefiles(Util.java:362)
01-27 17:46:07.390 W/System.err(17779): 	at com.zjinnova.zlink.MyWrapperProxyApplication.initProxyApplication(MyWrapperProxyApplication.java:33)
01-27 17:46:07.390 W/System.err(17779): 	at com.wrapper.proxyapplication.WrapperProxyApplication.attachBaseContext(WrapperProxyApplication.java:459)
01-27 17:46:07.390 W/System.err(17779): 	at android.app.Application.attach(Application.java:212)
01-27 17:46:07.390 W/System.err(17779): 	at android.app.Instrumentation.newApplication(Instrumentation.java:1121)
01-27 17:46:07.390 W/System.err(17779): 	at android.app.LoadedApk.makeApplication(LoadedApk.java:1064)
01-27 17:46:07.390 W/System.err(17779): 	at android.app.ActivityThread.handleBindApplication(ActivityThread.java:5873)
01-27 17:46:07.390 W/System.err(17779): 	at android.app.ActivityThread.access$1200(ActivityThread.java:206)
01-27 17:46:07.390 W/System.err(17779): 	at android.app.ActivityThread$H.handleMessage(ActivityThread.java:1678)
01-27 17:46:07.390 W/System.err(17779): 	at android.os.Handler.dispatchMessage(Handler.java:106)
01-27 17:46:07.390 W/System.err(17779): 	at android.os.Looper.loop(Looper.java:193)
01-27 17:46:07.390 W/System.err(17779): 	at android.app.ActivityThread.main(ActivityThread.java:6702)
01-27 17:46:07.390 W/System.err(17779): 	at java.lang.reflect.Method.invoke(Native Method)
01-27 17:46:07.390 W/System.err(17779): 	at com.android.internal.os.RuntimeInit$MethodAndArgsCaller.run(RuntimeInit.java:493)
01-27 17:46:07.390 W/System.err(17779): 	at com.android.internal.os.ZygoteInit.main(ZygoteInit.java:911)
01-27 17:46:07.390 W/System.err(17779): Caused by: android.system.ErrnoException: open failed: EACCES (Permission denied)
01-27 17:46:07.390 W/System.err(17779): 	at libcore.io.Linux.open(Native Method)
01-27 17:46:07.390 W/System.err(17779): 	at libcore.io.BlockGuardOs.open(BlockGuardOs.java:210)
01-27 17:46:07.390 W/System.err(17779): 	at libcore.io.IoBridge.open(IoBridge.java:471)
01-27 17:46:07.390 W/System.err(17779): 	... 17 more
01-27 17:46:07.391 D/        (  454): is_quarter_epo_valid: The start time of QEPO file is Tue Jan 27 12:00:00 2026
01-27 17:46:07.391 D/        (  454): is_quarter_epo_valid: GPS time: Tue Dec 19 16:46:20 2023
01-27 17:46:07.391 D/        (  454): qepo_file_update_impl: try time is 0, qepo_valid is -1
01-27 17:46:07.391 W/        (  454): qepo_event_hdlr: mnld_qepo_download() after
01-27 17:46:07.391 D/        (  454): mnld_main_thread: main_event_hdlr msg
01-27 17:46:07.391 D/        (  454): main_event_hdlr: QEPO2MAIN_EVENT_QEPO_DONE  result=-1 started=1
01-27 17:46:07.391 D/        (  454): qepo_update_quarter_epo_file: qdownload_status = 0x30
01-27 17:46:07.391 D/        (  454): qepo_downloader_thread: qepo_downloader_thread wait
01-27 17:46:07.391 W/System.err(17779): java.io.FileNotFoundException: /data/user/0/com.zjinnova.zlink/files/prodexdir/tosversion (Permission denied)
01-27 17:46:07.391 W/System.err(17779): 	at java.io.FileOutputStream.open0(Native Method)
01-27 17:46:07.392 W/System.err(17779): 	at java.io.FileOutputStream.open(FileOutputStream.java:308)
01-27 17:46:07.392 W/System.err(17779): 	at java.io.FileOutputStream.<init>(FileOutputStream.java:238)
01-27 17:46:07.392 W/System.err(17779): 	at java.io.FileOutputStream.<init>(FileOutputStream.java:180)
01-27 17:46:07.392 W/System.err(17779): 	at com.wrapper.proxyapplication.Util.UnzipFile(Util.java:205)
01-27 17:46:07.392 W/System.err(17779): 	at com.wrapper.proxyapplication.Util.PrepareSecurefiles(Util.java:554)
01-27 17:46:07.392 W/System.err(17779): 	at com.zjinnova.zlink.MyWrapperProxyApplication.initProxyApplication(MyWrapperProxyApplication.java:33)
01-27 17:46:07.392 W/System.err(17779): 	at com.wrapper.proxyapplication.WrapperProxyApplication.attachBaseContext(WrapperProxyApplication.java:459)
01-27 17:46:07.392 W/System.err(17779): 	at android.app.Application.attach(Application.java:212)
01-27 17:46:07.392 W/System.err(17779): 	at android.app.Instrumentation.newApplication(Instrumentation.java:1121)
01-27 17:46:07.392 W/System.err(17779): 	at android.app.LoadedApk.makeApplication(LoadedApk.java:1064)
01-27 17:46:07.392 W/System.err(17779): 	at android.app.ActivityThread.handleBindApplication(ActivityThread.java:5873)
01-27 17:46:07.392 W/System.err(17779): 	at android.app.ActivityThread.access$1200(ActivityThread.java:206)
01-27 17:46:07.392 W/System.err(17779): 	at android.app.ActivityThread$H.handleMessage(ActivityThread.java:1678)
01-27 17:46:07.392 W/System.err(17779): 	at android.os.Handler.dispatchMessage(Handler.java:106)
01-27 17:46:07.392 W/System.err(17779): 	at android.os.Looper.loop(Looper.java:193)
01-27 17:46:07.392 W/System.err(17779): 	at android.app.ActivityThread.main(ActivityThread.java:6702)
01-27 17:46:07.392 W/System.err(17779): 	at java.lang.reflect.Method.invoke(Native Method)
01-27 17:46:07.392 W/System.err(17779): 	at com.android.internal.os.RuntimeInit$MethodAndArgsCaller.run(RuntimeInit.java:493)
01-27 17:46:07.392 W/System.err(17779): 	at com.android.internal.os.ZygoteInit.main(ZygoteInit.java:911)
01-27 17:46:07.469 D/DisplayManagerService(  614): Display listener for pid 17779 died.
01-27 17:46:07.469 I/ActivityManager(  614): Process com.zjinnova.zlink (pid 17779) has died: fore SVC 
01-27 17:46:07.470 W/ActivityManager(  614): Canceling start item Intent { act=zjinnova.android.intent.action.ZLINK_SERVICE } in service ComponentInfo{com.zjinnova.zlink/com.zjinnova.android.zlink.features.service.DaemonService}
01-27 17:46:07.470 W/ActivityManager(  614): Scheduling restart of crashed service com.zjinnova.zlink/com.zjinnova.android.zlink.features.service.DaemonService in 1000ms
01-27 17:46:07.471 I/SourceService(  614): Activity DIED(), com.zjinnova.zlink | com.zjinnova.zlink
01-27 17:46:07.472 W/libprocessgroup(  614): kill(-17779, 9) failed: No such process
01-27 17:46:07.472 I/libprocessgroup(  614): Successfully killed process cgroup uid 10115 pid 17779 in 1ms
01-27 17:46:07.580 D/pseudo  (  454): mtk_gps_sys_nmea_output_to_mnld: received 467 bytes:
01-27 17:46:07.581 D/pseudo  (  454): mtk_gps_sys_nmea_output_to_app: len:467, [NMEA]$GPGGA,164608.08...
01-27 17:46:07.581 D/        (  454): mtk_gps_sys_gps_mnl_callback: msg:0
01-27 17:46:07.581 D/        (  454): send_active_notify: send clean nmea timer cmd!
01-27 17:46:07.581 D/        (  454): mtk_gps_sys_gps_mnl_callback: MTK_GPS_MSG_FIX_READY,GET_RTC_FAIL
01-27 17:46:07.581 D/pseudo  (  454): mtk_gps_sys_nmea_output_to_app: len:46, [vAGPS_Auto_Req]:g_FirstDbtt:0,u2BitMap:0x12f
01-27 17:46:07.581 D/        (  454): gps_control_thread: gps_control_thread wait
01-27 17:46:07.584 I/GnssLocationProvider(  614): WakeLock acquired by sendMessage(REPORT_SV_STATUS, 0, com.android.server.location.GnssLocationProvider$SvStatusInfo@7960bfe)
01-27 17:46:07.584 I/GnssLocationProvider(  614): WakeLock released by handleMessage(REPORT_SV_STATUS, 0, com.android.server.location.GnssLocationProvider$SvStatusInfo@7960bfe)
01-27 17:46:07.908 E/TouchFilter(  614): setTouchFilter LOG Enable prameter: 0
01-27 17:46:07.908 D/EventHub(  614): Event Hub Touch Filter log is disabled
01-27 17:46:07.908 D/EventHub(  614): Event Hub Touch Filter is enabled
01-27 17:46:07.910 E/system_server(  614): Invalid UTF-8 input to JNI::NewStringUTF()
01-27 17:46:08.082 I/FA      ( 1327): Application backgrounded at: timestamp_millis: 1769532366052
01-27 17:46:08.094 E/SchedPolicy( 6483): set_timerslack_ns write failed: Operation not permitted
01-27 17:46:08.184 V/SettingsProvider(  614): packageValueForCallResult, name = enable_gpu_debug_layers, value : Bundle[{_track_generation=android.util.MemoryIntArray@5d, value=0, _generation_index=0, _generation=7}]
01-27 17:46:08.199 V/SettingsProvider(  614): packageValueForCallResult, name = fake_version, value : Bundle[{_track_generation=android.util.MemoryIntArray@5d, value=13, _generation_index=2, _generation=7}]
01-27 17:46:08.238 W/ple.openradiof(17725): Accessing hidden field Landroid/os/Trace;->TRACE_TAG_APP:J (light greylist, reflection)
01-27 17:46:08.238 W/ple.openradiof(17725): Accessing hidden method Landroid/os/Trace;->isTagEnabled(J)Z (light greylist, reflection)
01-27 17:46:08.487 I/ActivityManager(  614): Start proc 17803:com.zjinnova.zlink/u0a115 for service com.zjinnova.zlink/com.zjinnova.android.zlink.features.service.DaemonService
01-27 17:46:08.495 E/.zjinnova.zlin(17803): Not starting debugger since process cannot load the jdwp agent.
01-27 17:46:08.536 I/.zjinnova.zlin(17803): The ClassLoaderContext is a special shared library.
01-27 17:46:08.544 W/.zjinnova.zlin(17803): JIT profile information will not be recorded: profile file does not exits.
01-27 17:46:08.563 W/System.err(17803): java.io.FileNotFoundException: /data/user/0/com.zjinnova.zlink/files/prodexdir/tosversion: open failed: EACCES (Permission denied)
01-27 17:46:08.564 W/System.err(17803): 	at libcore.io.IoBridge.open(IoBridge.java:485)
01-27 17:46:08.564 W/System.err(17803): 	at java.io.RandomAccessFile.<init>(RandomAccessFile.java:288)
01-27 17:46:08.564 W/System.err(17803): 	at java.io.RandomAccessFile.<init>(RandomAccessFile.java:151)
01-27 17:46:08.564 W/System.err(17803): 	at com.wrapper.proxyapplication.Util.PrepareSecurefiles(Util.java:362)
01-27 17:46:08.564 W/System.err(17803): 	at com.zjinnova.zlink.MyWrapperProxyApplication.initProxyApplication(MyWrapperProxyApplication.java:33)
01-27 17:46:08.564 W/System.err(17803): 	at com.wrapper.proxyapplication.WrapperProxyApplication.attachBaseContext(WrapperProxyApplication.java:459)
01-27 17:46:08.564 W/System.err(17803): 	at android.app.Application.attach(Application.java:212)
01-27 17:46:08.564 W/System.err(17803): 	at android.app.Instrumentation.newApplication(Instrumentation.java:1121)
01-27 17:46:08.564 W/System.err(17803): 	at android.app.LoadedApk.makeApplication(LoadedApk.java:1064)
01-27 17:46:08.564 W/System.err(17803): 	at android.app.ActivityThread.handleBindApplication(ActivityThread.java:5873)
01-27 17:46:08.564 W/System.err(17803): 	at android.app.ActivityThread.access$1200(ActivityThread.java:206)
01-27 17:46:08.564 W/System.err(17803): 	at android.app.ActivityThread$H.handleMessage(ActivityThread.java:1678)
01-27 17:46:08.564 W/System.err(17803): 	at android.os.Handler.dispatchMessage(Handler.java:106)
01-27 17:46:08.564 W/System.err(17803): 	at android.os.Looper.loop(Looper.java:193)
01-27 17:46:08.564 W/System.err(17803): 	at android.app.ActivityThread.main(ActivityThread.java:6702)
01-27 17:46:08.564 W/System.err(17803): 	at java.lang.reflect.Method.invoke(Native Method)
01-27 17:46:08.564 W/System.err(17803): 	at com.android.internal.os.RuntimeInit$MethodAndArgsCaller.run(RuntimeInit.java:493)
01-27 17:46:08.564 W/System.err(17803): 	at com.android.internal.os.ZygoteInit.main(ZygoteInit.java:911)
01-27 17:46:08.565 W/System.err(17803): Caused by: android.system.ErrnoException: open failed: EACCES (Permission denied)
01-27 17:46:08.565 W/System.err(17803): 	at libcore.io.Linux.open(Native Method)
01-27 17:46:08.565 W/System.err(17803): 	at libcore.io.BlockGuardOs.open(BlockGuardOs.java:210)
01-27 17:46:08.565 W/System.err(17803): 	at libcore.io.IoBridge.open(IoBridge.java:471)
01-27 17:46:08.565 W/System.err(17803): 	... 17 more
01-27 17:46:08.566 W/System.err(17803): java.io.FileNotFoundException: /data/user/0/com.zjinnova.zlink/files/prodexdir/tosversion (Permission denied)
01-27 17:46:08.566 W/System.err(17803): 	at java.io.FileOutputStream.open0(Native Method)
01-27 17:46:08.566 W/System.err(17803): 	at java.io.FileOutputStream.open(FileOutputStream.java:308)
01-27 17:46:08.566 W/System.err(17803): 	at java.io.FileOutputStream.<init>(FileOutputStream.java:238)
01-27 17:46:08.566 W/System.err(17803): 	at java.io.FileOutputStream.<init>(FileOutputStream.java:180)
01-27 17:46:08.566 W/System.err(17803): 	at com.wrapper.proxyapplication.Util.UnzipFile(Util.java:205)
01-27 17:46:08.566 W/System.err(17803): 	at com.wrapper.proxyapplication.Util.PrepareSecurefiles(Util.java:554)
01-27 17:46:08.566 W/System.err(17803): 	at com.zjinnova.zlink.MyWrapperProxyApplication.initProxyApplication(MyWrapperProxyApplication.java:33)
01-27 17:46:08.566 W/System.err(17803): 	at com.wrapper.proxyapplication.WrapperProxyApplication.attachBaseContext(WrapperProxyApplication.java:459)
01-27 17:46:08.566 W/System.err(17803): 	at android.app.Application.attach(Application.java:212)
01-27 17:46:08.566 W/System.err(17803): 	at android.app.Instrumentation.newApplication(Instrumentation.java:1121)
01-27 17:46:08.566 W/System.err(17803): 	at android.app.LoadedApk.makeApplication(LoadedApk.java:1064)
01-27 17:46:08.566 W/System.err(17803): 	at android.app.ActivityThread.handleBindApplication(ActivityThread.java:5873)
01-27 17:46:08.566 W/System.err(17803): 	at android.app.ActivityThread.access$1200(ActivityThread.java:206)
01-27 17:46:08.566 W/System.err(17803): 	at android.app.ActivityThread$H.handleMessage(ActivityThread.java:1678)
01-27 17:46:08.566 W/System.err(17803): 	at android.os.Handler.dispatchMessage(Handler.java:106)
01-27 17:46:08.566 W/System.err(17803): 	at android.os.Looper.loop(Looper.java:193)
01-27 17:46:08.566 W/System.err(17803): 	at android.app.ActivityThread.main(ActivityThread.java:6702)
01-27 17:46:08.566 W/System.err(17803): 	at java.lang.reflect.Method.invoke(Native Method)
