01-26 11:34:04.405 I/ActivityManager(  615): Process com.zjinnova.zlink (pid 9345) has died: fore SVC 
01-26 11:34:04.405 W/libprocessgroup(  615): kill(-9345, 9) failed: No such process
01-26 11:34:04.405 W/ActivityManager(  615): Canceling start item Intent { act=zjinnova.android.intent.action.ZLINK_SERVICE } in service ComponentInfo{com.zjinnova.zlink/com.zjinnova.android.zlink.features.service.DaemonService}
01-26 11:34:04.405 I/libprocessgroup(  615): Successfully killed process cgroup uid 10115 pid 9345 in 0ms
01-26 11:34:04.406 W/ActivityManager(  615): Scheduling restart of crashed service com.zjinnova.zlink/com.zjinnova.android.zlink.features.service.DaemonService in 1000ms
01-26 11:34:04.407 I/SourceService(  615): Activity DIED(), com.zjinnova.zlink | com.zjinnova.zlink
01-26 11:34:04.496 I/system_server(  615): Background concurrent copying GC freed 75600(5MB) AllocSpace objects, 28(560KB) LOS objects, 28% free, 14MB/20MB, paused 259us total 215.969ms
01-26 11:34:04.603 W/bt_sdp  ( 1152): SDP - Rcvd conn cnf with error: 0x4  CID 0x5b
01-26 11:34:04.603 I/a2dp_api( 1152): a2dp_sdp_cback: status: 65521
01-26 11:34:04.603 E/bt_btif ( 1152): bta_av_a2dp_sdp_cback: peer a8:6a:86:b3:96:ea A2DP service discovery failed
01-26 11:34:04.603 E/bt_btif ( 1152): bta_av_a2dp_sdp_cback: BTA_AV_SDP_DISC_FAIL_EVT: peer_addr=a8:6a:86:b3:96:ea
01-26 11:34:04.603 D/bt_bta_av( 1152): SetAvdtpVersion: AVDTP version for a8:6a:86:b3:96:ea set to 0x0
01-26 11:34:04.603 E/bt_btif ( 1152): bta_av_sdp_failed: peer_addr=a8:6a:86:b3:96:ea open_status=0
01-26 11:34:04.603 W/bt_btif ( 1152): bta_av_str_closed: peer a8:6a:86:b3:96:ea handle:65 open_status:2 chnl:64 co_started:0
01-26 11:34:04.604 W/bt_btif ( 1152): bta_dm_rm_cback:0, status:1
01-26 11:34:04.604 W/bt_btif ( 1152): bta_dm_act no entry for connected service cbs
01-26 11:34:04.604 I/bt_bta_av( 1152): bta_av_cleanup peer a8:6a:86:b3:96:ea
01-26 11:34:04.604 D/bt_bta_av( 1152): SetAvdtpVersion: AVDTP version for a8:6a:86:b3:96:ea set to 0x0
01-26 11:34:04.604 D/bt_bta_av( 1152): SetAvdtpVersion: AVDTP version for 00:00:00:00:00:00 set to 0x0
01-26 11:34:04.604 I/btif_av ( 1152): virtual bool BtifAvStateMachine::StateOpening::ProcessEvent(uint32_t, void *): Peer a8:6a:86:b3:96:ea : event=BTA_AV_OPEN_EVT(0x2) flags=0x0(None) status=2(FAILED) edr=0xb8
01-26 11:34:04.604 E/bt_btif ( 1152): get_connected_device: returning NULL
01-26 11:34:04.604 I/chatty  ( 1152): uid=1002(bluetooth) btu message loo identical 4 lines
01-26 11:34:04.604 E/bt_btif ( 1152): get_connected_device: returning NULL
01-26 11:34:04.604 I/btif_av ( 1152): btif_report_connection_state: peer_address=a8:6a:86:b3:96:ea state=0
01-26 11:34:04.604 I/bt_btif_queue( 1152): queue_int_advance: removing connection request: address=a8:6a:86:b3:96:ea UUID=110B busy=true
01-26 11:34:04.604 W/bt_btif ( 1152): btif_av_get_peer_sep: No active peer found
01-26 11:34:04.604 I/bt_btif_a2dp( 1152): btif_a2dp_on_idle: ## ON A2DP IDLE ## peer_sep = 1
01-26 11:34:04.604 I/BluetoothA2dpSinkServiceJni( 1152): bta2dp_connection_state_callback
01-26 11:34:04.604 W/bt_btif ( 1152): btif_av_get_peer_sep: No active peer found
01-26 11:34:04.604 I/bt_btif_a2dp_source( 1152): btif_a2dp_source_on_idle
01-26 11:34:04.604 I/btif_av ( 1152): DeleteIdlePeers: Deleting idle peer: a8:6a:86:b3:96:ea bta_handle=0x41
01-26 11:34:04.604 D/A2dpSinkStateMachine( 1152): Pending process message: 101
01-26 11:34:04.604 D/A2dpSinkStateMachine( 1152): STACK_EVENT 1
01-26 11:34:04.604 D/A2dpSinkStateMachine( 1152): processConnectionEvent state 0
01-26 11:34:04.604 D/A2dpSinkStateMachine( 1152): Devices curr: null target: A8:6A:86:B3:96:EA incoming: null device: A8:6A:86:B3:96:EA
01-26 11:34:04.604 D/A2dpSinkStateMachine( 1152): Enter Disconnected: 101
01-26 11:34:04.606 V/BluetoothEventManager( 1298): Received android.bluetooth.a2dp-sink.profile.action.CONNECTION_STATE_CHANGED
01-26 11:34:04.607 D/CachedBluetoothDeviceManager( 1298): findDevice() == A8:6A:86:B3:96:EA
01-26 11:34:04.607 D/CachedBluetoothDeviceManager( 1298): findDevice() mCachedDevices size == 3
01-26 11:34:04.607 D/CachedBluetoothDeviceManager( 1298): findDevice() mCachedDevices == A8:6A:86:B3:96:EA
01-26 11:34:04.607 D/Car_LocalBluetoothProfileManager( 1298): StateChangedHandler cachedDevice ==A8:6A:86:B3:96:EA
01-26 11:34:04.607 I/Car_LocalBluetoothProfileManager( 1298): Failed to connect A2DPSink device
01-26 11:34:04.607 D/Car_CachedBluetoothDevice( 1298): onProfileStateChanged: profile A2DPSink newProfileState 0
01-26 11:34:04.607 D/A2dpSinkStateMachine( 1152): Connection state A8:6A:86:B3:96:EA: 1->0
01-26 11:34:04.607 D/AdapterProperties( 1152): PROFILE_CONNECTION_STATE_CHANGE: profile=11, device=A8:6A:86:B3:96:EA, 1 -> 0
01-26 11:34:04.607 V/BluetoothEventManager(  812): Received android.bluetooth.a2dp-sink.profile.action.CONNECTION_STATE_CHANGED
01-26 11:34:04.607 D/AdapterProperties( 1152): ADAPTER_CONNECTION_STATE_CHANGE: A8:6A:86:B3:96:EA: 1 -> 0
01-26 11:34:04.608 V/LocalBluetoothAdapter( 1298): getBluetoothState mState:12
01-26 11:34:04.607 I/LocalBluetoothProfileManager(  812): Failed to connect A2DPSink device
01-26 11:34:04.609 D/CachedBluetoothDevice(  812): onProfileStateChanged: profile A2DPSink newProfileState 0
01-26 11:34:04.610 W/BroadcastQueue(  615): Background execution not allowed: receiving Intent { act=android.bluetooth.adapter.action.CONNECTION_STATE_CHANGED flg=0x4000010 (has extras) } to com.google.android.gms/.chimera.GmsIntentOperationService$PersistentTrustedReceiver
01-26 11:34:04.610 I/wpa_supplicant( 1223): wpa_driver_nl80211_driver_cmd: wlan0 recv cmd BTCOEXSCAN-STOP
01-26 11:34:04.612 D/Car_CachedBluetoothDevice( 1298): localUuids : [Landroid.os.ParcelUuid;@4b9970a isA2dpSinkSupport : true
01-26 11:34:04.612 D/A2dpRoleSwitcher( 1298): [changeProfileState] profile : A2DPSink, device : A8:6A:86:B3:96:EA, state : 0
01-26 11:34:04.612 D/BTAdapterService( 1298): a2dpsink connectstatus:0
01-26 11:34:04.612 D/BluetoothMusicService( 1298): A2dpStateChanged:0
01-26 11:34:04.612 V/BluetoothEventManager( 1298): Received android.bluetooth.adapter.action.CONNECTION_STATE_CHANGED
01-26 11:34:04.612 D/CachedBluetoothDeviceManager( 1298): findDevice() == A8:6A:86:B3:96:EA
01-26 11:34:04.613 D/CachedBluetoothDeviceManager( 1298): findDevice() mCachedDevices size == 3
01-26 11:34:04.613 D/CachedBluetoothDeviceManager( 1298): findDevice() mCachedDevices == A8:6A:86:B3:96:EA
01-26 11:34:04.613 D/BluetoothController(  812): updateConnected: devices size=0 state=0
01-26 11:34:04.614 D/BluetoothController(  812): updateConnected: state=0 mConnectionState=3
01-26 11:34:04.615 D/BluetoothController(  812): updateConnected: devices size=0 state=0
01-26 11:34:04.615 D/BluetoothController(  812): updateConnected: state=0 mConnectionState=0
01-26 11:34:04.616 D/BluetoothController(  812): updateConnected: devices size=0 state=0
01-26 11:34:04.616 D/BluetoothController(  812): updateConnected: state=0 mConnectionState=0
01-26 11:34:04.623 D/BufferQueueProducer(  386): [StatusBar#0](this:0xb0ec4000,id:5,api:1,p:812,c:386) queueBuffer: fps=0.76 dur=5264.04 max=4544.15 min=9.60
01-26 11:34:04.642 D/SurfaceFlinger(  386): [Built-in Screen (type:0)] fps:0.759944,dur:5263.54,max:4552.68,min:17.28
01-26 11:34:05.334 D/pseudo  (  461): mtk_gps_sys_nmea_output_to_mnld: received 467 bytes:
01-26 11:34:05.335 D/pseudo  (  461): mtk_gps_sys_nmea_output_to_app: len:467, [NMEA]$GPGGA,002816.00...
01-26 11:34:05.335 D/        (  461): mtk_gps_sys_gps_mnl_callback: msg:0
01-26 11:34:05.335 D/        (  461): send_active_notify: send clean nmea timer cmd!
01-26 11:34:05.335 D/        (  461): mtk_gps_sys_gps_mnl_callback: MTK_GPS_MSG_FIX_READY,GET_RTC_FAIL
01-26 11:34:05.335 D/pseudo  (  461): mtk_gps_sys_nmea_output_to_app: len:46, [vAGPS_Auto_Req]:g_FirstDbtt:0,u2BitMap:0x12f
01-26 11:34:05.335 D/        (  461): gps_control_thread: gps_control_thread wait
01-26 11:34:05.337 I/GnssLocationProvider(  615): WakeLock acquired by sendMessage(REPORT_SV_STATUS, 0, com.android.server.location.GnssLocationProvider$SvStatusInfo@42c40a4)
01-26 11:34:05.338 I/GnssLocationProvider(  615): WakeLock released by handleMessage(REPORT_SV_STATUS, 0, com.android.server.location.GnssLocationProvider$SvStatusInfo@42c40a4)
01-26 11:34:05.419 I/ActivityManager(  615): Start proc 9362:com.zjinnova.zlink/u0a115 for service com.zjinnova.zlink/com.zjinnova.android.zlink.features.service.DaemonService
01-26 11:34:05.429 E/.zjinnova.zlin( 9362): Not starting debugger since process cannot load the jdwp agent.
01-26 11:34:05.467 I/.zjinnova.zlin( 9362): The ClassLoaderContext is a special shared library.
01-26 11:34:05.474 W/.zjinnova.zlin( 9362): JIT profile information will not be recorded: profile file does not exits.
01-26 11:34:05.488 W/System.err( 9362): java.io.FileNotFoundException: /data/user/0/com.zjinnova.zlink/files/prodexdir/tosversion: open failed: EACCES (Permission denied)
01-26 11:34:05.489 W/System.err( 9362): 	at libcore.io.IoBridge.open(IoBridge.java:485)
01-26 11:34:05.489 W/System.err( 9362): 	at java.io.RandomAccessFile.<init>(RandomAccessFile.java:288)
01-26 11:34:05.489 W/System.err( 9362): 	at java.io.RandomAccessFile.<init>(RandomAccessFile.java:151)
01-26 11:34:05.489 W/System.err( 9362): 	at com.wrapper.proxyapplication.Util.PrepareSecurefiles(Util.java:362)
01-26 11:34:05.489 W/System.err( 9362): 	at com.zjinnova.zlink.MyWrapperProxyApplication.initProxyApplication(MyWrapperProxyApplication.java:33)
01-26 11:34:05.489 W/System.err( 9362): 	at com.wrapper.proxyapplication.WrapperProxyApplication.attachBaseContext(WrapperProxyApplication.java:459)
01-26 11:34:05.489 W/System.err( 9362): 	at android.app.Application.attach(Application.java:212)
01-26 11:34:05.489 W/System.err( 9362): 	at android.app.Instrumentation.newApplication(Instrumentation.java:1121)
01-26 11:34:05.489 W/System.err( 9362): 	at android.app.LoadedApk.makeApplication(LoadedApk.java:1064)
01-26 11:34:05.489 W/System.err( 9362): 	at android.app.ActivityThread.handleBindApplication(ActivityThread.java:5873)
01-26 11:34:05.489 W/System.err( 9362): 	at android.app.ActivityThread.access$1200(ActivityThread.java:206)
01-26 11:34:05.489 W/System.err( 9362): 	at android.app.ActivityThread$H.handleMessage(ActivityThread.java:1678)
01-26 11:34:05.489 W/System.err( 9362): 	at android.os.Handler.dispatchMessage(Handler.java:106)
01-26 11:34:05.489 W/System.err( 9362): 	at android.os.Looper.loop(Looper.java:193)
01-26 11:34:05.489 W/System.err( 9362): 	at android.app.ActivityThread.main(ActivityThread.java:6702)
01-26 11:34:05.489 W/System.err( 9362): 	at java.lang.reflect.Method.invoke(Native Method)
01-26 11:34:05.489 W/System.err( 9362): 	at com.android.internal.os.RuntimeInit$MethodAndArgsCaller.run(RuntimeInit.java:493)
01-26 11:34:05.489 W/System.err( 9362): 	at com.android.internal.os.ZygoteInit.main(ZygoteInit.java:911)
01-26 11:34:05.489 W/System.err( 9362): Caused by: android.system.ErrnoException: open failed: EACCES (Permission denied)
01-26 11:34:05.489 W/System.err( 9362): 	at libcore.io.Linux.open(Native Method)
01-26 11:34:05.489 W/System.err( 9362): 	at libcore.io.BlockGuardOs.open(BlockGuardOs.java:210)
01-26 11:34:05.489 W/System.err( 9362): 	at libcore.io.IoBridge.open(IoBridge.java:471)
01-26 11:34:05.489 W/System.err( 9362): 	... 17 more
01-26 11:34:05.490 W/System.err( 9362): java.io.FileNotFoundException: /data/user/0/com.zjinnova.zlink/files/prodexdir/tosversion (Permission denied)
01-26 11:34:05.490 W/System.err( 9362): 	at java.io.FileOutputStream.open0(Native Method)
01-26 11:34:05.491 W/System.err( 9362): 	at java.io.FileOutputStream.open(FileOutputStream.java:308)
01-26 11:34:05.491 W/System.err( 9362): 	at java.io.FileOutputStream.<init>(FileOutputStream.java:238)
01-26 11:34:05.491 W/System.err( 9362): 	at java.io.FileOutputStream.<init>(FileOutputStream.java:180)
01-26 11:34:05.491 W/System.err( 9362): 	at com.wrapper.proxyapplication.Util.UnzipFile(Util.java:205)
01-26 11:34:05.491 W/System.err( 9362): 	at com.wrapper.proxyapplication.Util.PrepareSecurefiles(Util.java:554)
01-26 11:34:05.491 W/System.err( 9362): 	at com.zjinnova.zlink.MyWrapperProxyApplication.initProxyApplication(MyWrapperProxyApplication.java:33)
01-26 11:34:05.491 W/System.err( 9362): 	at com.wrapper.proxyapplication.WrapperProxyApplication.attachBaseContext(WrapperProxyApplication.java:459)
01-26 11:34:05.491 W/System.err( 9362): 	at android.app.Application.attach(Application.java:212)
01-26 11:34:05.491 W/System.err( 9362): 	at android.app.Instrumentation.newApplication(Instrumentation.java:1121)
01-26 11:34:05.491 W/System.err( 9362): 	at android.app.LoadedApk.makeApplication(LoadedApk.java:1064)
01-26 11:34:05.491 W/System.err( 9362): 	at android.app.ActivityThread.handleBindApplication(ActivityThread.java:5873)
01-26 11:34:05.491 W/System.err( 9362): 	at android.app.ActivityThread.access$1200(ActivityThread.java:206)
01-26 11:34:05.491 W/System.err( 9362): 	at android.app.ActivityThread$H.handleMessage(ActivityThread.java:1678)
01-26 11:34:05.491 W/System.err( 9362): 	at android.os.Handler.dispatchMessage(Handler.java:106)
01-26 11:34:05.491 W/System.err( 9362): 	at android.os.Looper.loop(Looper.java:193)
01-26 11:34:05.491 W/System.err( 9362): 	at android.app.ActivityThread.main(ActivityThread.java:6702)
01-26 11:34:05.491 W/System.err( 9362): 	at java.lang.reflect.Method.invoke(Native Method)
01-26 11:34:05.491 W/System.err( 9362): 	at com.android.internal.os.RuntimeInit$MethodAndArgsCaller.run(RuntimeInit.java:493)
01-26 11:34:05.491 W/System.err( 9362): 	at com.android.internal.os.ZygoteInit.main(ZygoteInit.java:911)
01-26 11:34:05.595 D/DisplayManagerService(  615): Display listener for pid 9362 died.
01-26 11:34:05.595 I/ActivityManager(  615): Process com.zjinnova.zlink (pid 9362) has died: fore SVC 
01-26 11:34:05.595 W/ActivityManager(  615): Scheduling restart of crashed service com.zjinnova.zlink/com.zjinnova.android.zlink.features.service.DaemonService in 4000ms
01-26 11:34:05.596 W/libprocessgroup(  615): kill(-9362, 9) failed: No such process
01-26 11:34:05.596 I/libprocessgroup(  615): Successfully killed process cgroup uid 10115 pid 9362 in 0ms
01-26 11:34:05.597 I/SourceService(  615): Activity DIED(), com.zjinnova.zlink | com.zjinnova.zlink
01-26 11:34:05.969 I/teststub(  455): Free memory 801MBytes.
01-26 11:34:06.277 E/WifiVendorHal(  615): getWifiLinkLayerStats(l.937) failed {.code = ERROR_NOT_SUPPORTED, .description = }
01-26 11:34:06.327 W/ps      ( 9383): type=1400 audit(0.0:7113): avc: denied { getattr } for path="/dev/console" dev="tmpfs" ino=9361 scontext=u:r:z-link:s0 tcontext=u:object_r:console_device:s0 tclass=chr_file permissive=0
01-26 11:34:06.334 D/pseudo  (  461): mtk_gps_sys_nmea_output_to_mnld: received 467 bytes:
01-26 11:34:06.335 D/pseudo  (  461): mtk_gps_sys_nmea_output_to_app: len:467, [NMEA]$GPGGA,002817.00...
01-26 11:34:06.335 D/        (  461): mtk_gps_sys_gps_mnl_callback: msg:0
01-26 11:34:06.335 D/        (  461): send_active_notify: send clean nmea timer cmd!
01-26 11:34:06.335 D/        (  461): gps_control_thread: gps_control_thread wait
01-26 11:34:06.335 D/        (  461): mtk_gps_sys_gps_mnl_callback: MTK_GPS_MSG_FIX_READY,GET_RTC_FAIL
01-26 11:34:06.335 D/pseudo  (  461): mtk_gps_sys_nmea_output_to_app: len:46, [vAGPS_Auto_Req]:g_FirstDbtt:0,u2BitMap:0x12f
01-26 11:34:06.338 I/GnssLocationProvider(  615): WakeLock acquired by sendMessage(REPORT_SV_STATUS, 0, com.android.server.location.GnssLocationProvider$SvStatusInfo@561ae0d)
01-26 11:34:06.339 I/GnssLocationProvider(  615): WakeLock released by handleMessage(REPORT_SV_STATUS, 0, com.android.server.location.GnssLocationProvider$SvStatusInfo@561ae0d)
01-26 11:34:06.357 W/ps      ( 9383): type=1400 audit(0.0:7117): avc: denied { getattr } for path="/dev/pts/0" dev="devpts" ino=3 scontext=u:r:z-link:s0 tcontext=u:object_r:devpts:s0 tclass=chr_file permissive=0
01-26 11:34:06.389 D/btopt   (  782): zlink wake_up_apk_server: cmd = 'export PATH=$PATH:/system/bin/;am start-service -a "zjinnova.android.intent.action.ZLINK_SERVICE" &'
01-26 11:34:06.463 I/ActivityManager(  615): Start proc 9393:com.zjinnova.zlink/u0a115 for service com.zjinnova.zlink/com.zjinnova.android.zlink.features.service.DaemonService
01-26 11:34:06.475 E/.zjinnova.zlin( 9393): Not starting debugger since process cannot load the jdwp agent.
01-26 11:34:06.511 I/.zjinnova.zlin( 9393): The ClassLoaderContext is a special shared library.
01-26 11:34:06.518 W/.zjinnova.zlin( 9393): JIT profile information will not be recorded: profile file does not exits.
01-26 11:34:06.532 W/System.err( 9393): java.io.FileNotFoundException: /data/user/0/com.zjinnova.zlink/files/prodexdir/tosversion: open failed: EACCES (Permission denied)
01-26 11:34:06.532 W/System.err( 9393): 	at libcore.io.IoBridge.open(IoBridge.java:485)
01-26 11:34:06.532 W/System.err( 9393): 	at java.io.RandomAccessFile.<init>(RandomAccessFile.java:288)
01-26 11:34:06.532 W/System.err( 9393): 	at java.io.RandomAccessFile.<init>(RandomAccessFile.java:151)
01-26 11:34:06.533 W/System.err( 9393): 	at com.wrapper.proxyapplication.Util.PrepareSecurefiles(Util.java:362)
01-26 11:34:06.533 W/System.err( 9393): 	at com.zjinnova.zlink.MyWrapperProxyApplication.initProxyApplication(MyWrapperProxyApplication.java:33)
01-26 11:34:06.533 W/System.err( 9393): 	at com.wrapper.proxyapplication.WrapperProxyApplication.attachBaseContext(WrapperProxyApplication.java:459)
01-26 11:34:06.533 W/System.err( 9393): 	at android.app.Application.attach(Application.java:212)
01-26 11:34:06.533 W/System.err( 9393): 	at android.app.Instrumentation.newApplication(Instrumentation.java:1121)
01-26 11:34:06.533 W/System.err( 9393): 	at android.app.LoadedApk.makeApplication(LoadedApk.java:1064)
01-26 11:34:06.533 W/System.err( 9393): 	at android.app.ActivityThread.handleBindApplication(ActivityThread.java:5873)
01-26 11:34:06.533 W/System.err( 9393): 	at android.app.ActivityThread.access$1200(ActivityThread.java:206)
01-26 11:34:06.533 W/System.err( 9393): 	at android.app.ActivityThread$H.handleMessage(ActivityThread.java:1678)
01-26 11:34:06.533 W/System.err( 9393): 	at android.os.Handler.dispatchMessage(Handler.java:106)
01-26 11:34:06.533 W/System.err( 9393): 	at android.os.Looper.loop(Looper.java:193)
01-26 11:34:06.533 W/System.err( 9393): 	at android.app.ActivityThread.main(ActivityThread.java:6702)
01-26 11:34:06.533 W/System.err( 9393): 	at java.lang.reflect.Method.invoke(Native Method)
01-26 11:34:06.533 W/System.err( 9393): 	at com.android.internal.os.RuntimeInit$MethodAndArgsCaller.run(RuntimeInit.java:493)
01-26 11:34:06.533 W/System.err( 9393): 	at com.android.internal.os.ZygoteInit.main(ZygoteInit.java:911)
01-26 11:34:06.533 W/System.err( 9393): Caused by: android.system.ErrnoException: open failed: EACCES (Permission denied)
01-26 11:34:06.533 W/System.err( 9393): 	at libcore.io.Linux.open(Native Method)
01-26 11:34:06.533 W/System.err( 9393): 	at libcore.io.BlockGuardOs.open(BlockGuardOs.java:210)
01-26 11:34:06.533 W/System.err( 9393): 	at libcore.io.IoBridge.open(IoBridge.java:471)
01-26 11:34:06.533 W/System.err( 9393): 	... 17 more
01-26 11:34:06.534 W/System.err( 9393): java.io.FileNotFoundException: /data/user/0/com.zjinnova.zlink/files/prodexdir/tosversion (Permission denied)
01-26 11:34:06.534 W/System.err( 9393): 	at java.io.FileOutputStream.open0(Native Method)
01-26 11:34:06.534 W/System.err( 9393): 	at java.io.FileOutputStream.open(FileOutputStream.java:308)
01-26 11:34:06.534 W/System.err( 9393): 	at java.io.FileOutputStream.<init>(FileOutputStream.java:238)
01-26 11:34:06.534 W/System.err( 9393): 	at java.io.FileOutputStream.<init>(FileOutputStream.java:180)
01-26 11:34:06.534 W/System.err( 9393): 	at com.wrapper.proxyapplication.Util.UnzipFile(Util.java:205)
01-26 11:34:06.534 W/System.err( 9393): 	at com.wrapper.proxyapplication.Util.PrepareSecurefiles(Util.java:554)
01-26 11:34:06.534 W/System.err( 9393): 	at com.zjinnova.zlink.MyWrapperProxyApplication.initProxyApplication(MyWrapperProxyApplication.java:33)
01-26 11:34:06.534 W/System.err( 9393): 	at com.wrapper.proxyapplication.WrapperProxyApplication.attachBaseContext(WrapperProxyApplication.java:459)
01-26 11:34:06.535 W/System.err( 9393): 	at android.app.Application.attach(Application.java:212)
01-26 11:34:06.535 W/System.err( 9393): 	at android.app.Instrumentation.newApplication(Instrumentation.java:1121)
01-26 11:34:06.535 W/System.err( 9393): 	at android.app.LoadedApk.makeApplication(LoadedApk.java:1064)
01-26 11:34:06.535 W/System.err( 9393): 	at android.app.ActivityThread.handleBindApplication(ActivityThread.java:5873)
01-26 11:34:06.535 W/System.err( 9393): 	at android.app.ActivityThread.access$1200(ActivityThread.java:206)
01-26 11:34:06.535 W/System.err( 9393): 	at android.app.ActivityThread$H.handleMessage(ActivityThread.java:1678)
01-26 11:34:06.535 W/System.err( 9393): 	at android.os.Handler.dispatchMessage(Handler.java:106)
01-26 11:34:06.535 W/System.err( 9393): 	at android.os.Looper.loop(Looper.java:193)
01-26 11:34:06.535 W/System.err( 9393): 	at android.app.ActivityThread.main(ActivityThread.java:6702)
01-26 11:34:06.535 W/System.err( 9393): 	at java.lang.reflect.Method.invoke(Native Method)
01-26 11:34:06.535 W/System.err( 9393): 	at com.android.internal.os.RuntimeInit$MethodAndArgsCaller.run(RuntimeInit.java:493)
01-26 11:34:06.535 W/System.err( 9393): 	at com.android.internal.os.ZygoteInit.main(ZygoteInit.java:911)
01-26 11:34:06.568 D/DisplayManagerService(  615): Display listener for pid 9393 died.
01-26 11:34:06.568 I/ActivityManager(  615): Process com.zjinnova.zlink (pid 9393) has died: fore SVC 
01-26 11:34:06.569 W/ActivityManager(  615): Canceling start item Intent { act=zjinnova.android.intent.action.ZLINK_SERVICE } in service ComponentInfo{com.zjinnova.zlink/com.zjinnova.android.zlink.features.service.DaemonService}
01-26 11:34:06.569 W/libprocessgroup(  615): kill(-9393, 9) failed: No such process
01-26 11:34:06.569 W/ActivityManager(  615): Scheduling restart of crashed service com.zjinnova.zlink/com.zjinnova.android.zlink.features.service.DaemonService in 1000ms
01-26 11:34:06.569 I/libprocessgroup(  615): Successfully killed process cgroup uid 10115 pid 9393 in 0ms
01-26 11:34:06.570 I/SourceService(  615): Activity DIED(), com.zjinnova.zlink | com.zjinnova.zlink
01-26 11:34:07.334 D/pseudo  (  461): mtk_gps_sys_nmea_output_to_mnld: received 467 bytes:
01-26 11:34:07.335 D/pseudo  (  461): mtk_gps_sys_nmea_output_to_app: len:467, [NMEA]$GPGGA,002818.00...
01-26 11:34:07.335 D/        (  461): mtk_gps_sys_gps_mnl_callback: msg:0
01-26 11:34:07.335 D/        (  461): send_active_notify: send clean nmea timer cmd!
01-26 11:34:07.335 D/        (  461): mtk_gps_sys_gps_mnl_callback: MTK_GPS_MSG_FIX_READY,GET_RTC_FAIL
01-26 11:34:07.335 D/        (  461): gps_control_thread: gps_control_thread wait
01-26 11:34:07.335 D/pseudo  (  461): mtk_gps_sys_nmea_output_to_app: len:46, [vAGPS_Auto_Req]:g_FirstDbtt:0,u2BitMap:0x12f
01-26 11:34:07.337 I/GnssLocationProvider(  615): WakeLock acquired by sendMessage(REPORT_SV_STATUS, 0, com.android.server.location.GnssLocationProvider$SvStatusInfo@8ad41c2)
01-26 11:34:07.337 I/GnssLocationProvider(  615): WakeLock released by handleMessage(REPORT_SV_STATUS, 0, com.android.server.location.GnssLocationProvider$SvStatusInfo@8ad41c2)
01-26 11:34:07.582 I/ActivityManager(  615): Start proc 9410:com.zjinnova.zlink/u0a115 for service com.zjinnova.zlink/com.zjinnova.android.zlink.features.service.DaemonService
01-26 11:34:07.592 E/.zjinnova.zlin( 9410): Not starting debugger since process cannot load the jdwp agent.
01-26 11:34:07.630 I/.zjinnova.zlin( 9410): The ClassLoaderContext is a special shared library.
01-26 11:34:07.636 W/.zjinnova.zlin( 9410): JIT profile information will not be recorded: profile file does not exits.
01-26 11:34:07.651 W/System.err( 9410): java.io.FileNotFoundException: /data/user/0/com.zjinnova.zlink/files/prodexdir/tosversion: open failed: EACCES (Permission denied)
01-26 11:34:07.651 W/System.err( 9410): 	at libcore.io.IoBridge.open(IoBridge.java:485)
01-26 11:34:07.651 W/System.err( 9410): 	at java.io.RandomAccessFile.<init>(RandomAccessFile.java:288)
01-26 11:34:07.651 W/System.err( 9410): 	at java.io.RandomAccessFile.<init>(RandomAccessFile.java:151)
01-26 11:34:07.651 W/System.err( 9410): 	at com.wrapper.proxyapplication.Util.PrepareSecurefiles(Util.java:362)
01-26 11:34:07.652 W/System.err( 9410): 	at com.zjinnova.zlink.MyWrapperProxyApplication.initProxyApplication(MyWrapperProxyApplication.java:33)
01-26 11:34:07.652 W/System.err( 9410): 	at com.wrapper.proxyapplication.WrapperProxyApplication.attachBaseContext(WrapperProxyApplication.java:459)
01-26 11:34:07.652 W/System.err( 9410): 	at android.app.Application.attach(Application.java:212)
01-26 11:34:07.652 W/System.err( 9410): 	at android.app.Instrumentation.newApplication(Instrumentation.java:1121)
01-26 11:34:07.652 W/System.err( 9410): 	at android.app.LoadedApk.makeApplication(LoadedApk.java:1064)
01-26 11:34:07.652 W/System.err( 9410): 	at android.app.ActivityThread.handleBindApplication(ActivityThread.java:5873)
01-26 11:34:07.652 W/System.err( 9410): 	at android.app.ActivityThread.access$1200(ActivityThread.java:206)
01-26 11:34:07.652 W/System.err( 9410): 	at android.app.ActivityThread$H.handleMessage(ActivityThread.java:1678)
01-26 11:34:07.652 W/System.err( 9410): 	at android.os.Handler.dispatchMessage(Handler.java:106)
01-26 11:34:07.652 W/System.err( 9410): 	at android.os.Looper.loop(Looper.java:193)
01-26 11:34:07.652 W/System.err( 9410): 	at android.app.ActivityThread.main(ActivityThread.java:6702)
01-26 11:34:07.652 W/System.err( 9410): 	at java.lang.reflect.Method.invoke(Native Method)
01-26 11:34:07.652 W/System.err( 9410): 	at com.android.internal.os.RuntimeInit$MethodAndArgsCaller.run(RuntimeInit.java:493)
01-26 11:34:07.652 W/System.err( 9410): 	at com.android.internal.os.ZygoteInit.main(ZygoteInit.java:911)
01-26 11:34:07.652 W/System.err( 9410): Caused by: android.system.ErrnoException: open failed: EACCES (Permission denied)
01-26 11:34:07.652 W/System.err( 9410): 	at libcore.io.Linux.open(Native Method)
01-26 11:34:07.652 W/System.err( 9410): 	at libcore.io.BlockGuardOs.open(BlockGuardOs.java:210)
01-26 11:34:07.652 W/System.err( 9410): 	at libcore.io.IoBridge.open(IoBridge.java:471)
01-26 11:34:07.652 W/System.err( 9410): 	... 17 more
01-26 11:34:07.653 W/System.err( 9410): java.io.FileNotFoundException: /data/user/0/com.zjinnova.zlink/files/prodexdir/tosversion (Permission denied)
01-26 11:34:07.653 W/System.err( 9410): 	at java.io.FileOutputStream.open0(Native Method)
01-26 11:34:07.653 W/System.err( 9410): 	at java.io.FileOutputStream.open(FileOutputStream.java:308)
01-26 11:34:07.653 W/System.err( 9410): 	at java.io.FileOutputStream.<init>(FileOutputStream.java:238)
01-26 11:34:07.653 W/System.err( 9410): 	at java.io.FileOutputStream.<init>(FileOutputStream.java:180)
01-26 11:34:07.653 W/System.err( 9410): 	at com.wrapper.proxyapplication.Util.UnzipFile(Util.java:205)
01-26 11:34:07.653 W/System.err( 9410): 	at com.wrapper.proxyapplication.Util.PrepareSecurefiles(Util.java:554)
01-26 11:34:07.653 W/System.err( 9410): 	at com.zjinnova.zlink.MyWrapperProxyApplication.initProxyApplication(MyWrapperProxyApplication.java:33)
01-26 11:34:07.653 W/System.err( 9410): 	at com.wrapper.proxyapplication.WrapperProxyApplication.attachBaseContext(WrapperProxyApplication.java:459)
01-26 11:34:07.654 W/System.err( 9410): 	at android.app.Application.attach(Application.java:212)
01-26 11:34:07.654 W/System.err( 9410): 	at android.app.Instrumentation.newApplication(Instrumentation.java:1121)
01-26 11:34:07.654 W/System.err( 9410): 	at android.app.LoadedApk.makeApplication(LoadedApk.java:1064)
01-26 11:34:07.654 W/System.err( 9410): 	at android.app.ActivityThread.handleBindApplication(ActivityThread.java:5873)
01-26 11:34:07.654 W/System.err( 9410): 	at android.app.ActivityThread.access$1200(ActivityThread.java:206)
01-26 11:34:07.654 W/System.err( 9410): 	at android.app.ActivityThread$H.handleMessage(ActivityThread.java:1678)
01-26 11:34:07.654 W/System.err( 9410): 	at android.os.Handler.dispatchMessage(Handler.java:106)
01-26 11:34:07.654 W/System.err( 9410): 	at android.os.Looper.loop(Looper.java:193)
01-26 11:34:07.654 W/System.err( 9410): 	at android.app.ActivityThread.main(ActivityThread.java:6702)
01-26 11:34:07.654 W/System.err( 9410): 	at java.lang.reflect.Method.invoke(Native Method)
01-26 11:34:07.654 W/System.err( 9410): 	at com.android.internal.os.RuntimeInit$MethodAndArgsCaller.run(RuntimeInit.java:493)
01-26 11:34:07.654 W/System.err( 9410): 	at com.android.internal.os.ZygoteInit.main(ZygoteInit.java:911)
01-26 11:34:07.741 D/DisplayManagerService(  615): Display listener for pid 9410 died.
01-26 11:34:07.742 I/ActivityManager(  615): Process com.zjinnova.zlink (pid 9410) has died: fore SVC 
01-26 11:34:07.742 W/libprocessgroup(  615): kill(-9410, 9) failed: No such process
01-26 11:34:07.742 W/ActivityManager(  615): Scheduling restart of crashed service com.zjinnova.zlink/com.zjinnova.android.zlink.features.service.DaemonService in 4000ms
01-26 11:34:07.742 I/libprocessgroup(  615): Successfully killed process cgroup uid 10115 pid 9410 in 0ms
01-26 11:34:07.743 I/SourceService(  615): Activity DIED(), com.zjinnova.zlink | com.zjinnova.zlink
01-26 11:34:08.334 D/pseudo  (  461): mtk_gps_sys_nmea_output_to_mnld: received 467 bytes:
01-26 11:34:08.335 D/pseudo  (  461): mtk_gps_sys_nmea_output_to_app: len:467, [NMEA]$GPGGA,002819.00...
01-26 11:34:08.335 D/        (  461): mtk_gps_sys_gps_mnl_callback: msg:0
01-26 11:34:08.335 D/        (  461): send_active_notify: send clean nmea timer cmd!
01-26 11:34:08.335 D/        (  461): mtk_gps_sys_gps_mnl_callback: MTK_GPS_MSG_FIX_READY,GET_RTC_FAIL
01-26 11:34:08.335 D/pseudo  (  461): mtk_gps_sys_nmea_output_to_app: len:46, [vAGPS_Auto_Req]:g_FirstDbtt:0,u2BitMap:0x12f
01-26 11:34:08.335 D/        (  461): gps_control_thread: gps_control_thread wait
01-26 11:34:08.337 I/GnssLocationProvider(  615): WakeLock acquired by sendMessage(REPORT_SV_STATUS, 0, com.android.server.location.GnssLocationProvider$SvStatusInfo@9da4bd3)
01-26 11:34:08.337 I/GnssLocationProvider(  615): WakeLock released by handleMessage(REPORT_SV_STATUS, 0, com.android.server.location.GnssLocationProvider$SvStatusInfo@9da4bd3)
01-26 11:34:08.497 W/ps      ( 9427): type=1400 audit(0.0:7123): avc: denied { getattr } for path="/dev/console" dev="tmpfs" ino=9361 scontext=u:r:z-link:s0 tcontext=u:object_r:console_device:s0 tclass=chr_file permissive=0
01-26 11:34:08.527 W/ps      ( 9427): type=1400 audit(0.0:7127): avc: denied { getattr } for path="/dev/pts/0" dev="devpts" ino=3 scontext=u:r:z-link:s0 tcontext=u:object_r:devpts:s0 tclass=chr_file permissive=0
01-26 11:34:08.559 D/btopt   (  782): zlink wake_up_apk_server: cmd = 'export PATH=$PATH:/system/bin/;am start-service -a "zjinnova.android.intent.action.ZLINK_SERVICE" &'
01-26 11:34:08.638 I/ActivityManager(  615): Start proc 9438:com.zjinnova.zlink/u0a115 for service com.zjinnova.zlink/com.zjinnova.android.zlink.features.service.DaemonService
01-26 11:34:08.655 E/.zjinnova.zlin( 9438): Not starting debugger since process cannot load the jdwp agent.
01-26 11:34:08.691 I/.zjinnova.zlin( 9438): The ClassLoaderContext is a special shared library.
01-26 11:34:08.698 W/.zjinnova.zlin( 9438): JIT profile information will not be recorded: profile file does not exits.
01-26 11:34:08.712 W/System.err( 9438): java.io.FileNotFoundException: /data/user/0/com.zjinnova.zlink/files/prodexdir/tosversion: open failed: EACCES (Permission denied)
01-26 11:34:08.713 W/System.err( 9438): 	at libcore.io.IoBridge.open(IoBridge.java:485)
01-26 11:34:08.713 W/System.err( 9438): 	at java.io.RandomAccessFile.<init>(RandomAccessFile.java:288)
01-26 11:34:08.713 W/System.err( 9438): 	at java.io.RandomAccessFile.<init>(RandomAccessFile.java:151)
01-26 11:34:08.713 W/System.err( 9438): 	at com.wrapper.proxyapplication.Util.PrepareSecurefiles(Util.java:362)
01-26 11:34:08.713 W/System.err( 9438): 	at com.zjinnova.zlink.MyWrapperProxyApplication.initProxyApplication(MyWrapperProxyApplication.java:33)
01-26 11:34:08.713 W/System.err( 9438): 	at com.wrapper.proxyapplication.WrapperProxyApplication.attachBaseContext(WrapperProxyApplication.java:459)
01-26 11:34:08.713 W/System.err( 9438): 	at android.app.Application.attach(Application.java:212)
01-26 11:34:08.713 W/System.err( 9438): 	at android.app.Instrumentation.newApplication(Instrumentation.java:1121)
01-26 11:34:08.713 W/System.err( 9438): 	at android.app.LoadedApk.makeApplication(LoadedApk.java:1064)
01-26 11:34:08.713 W/System.err( 9438): 	at android.app.ActivityThread.handleBindApplication(ActivityThread.java:5873)
01-26 11:34:08.713 W/System.err( 9438): 	at android.app.ActivityThread.access$1200(ActivityThread.java:206)
01-26 11:34:08.713 W/System.err( 9438): 	at android.app.ActivityThread$H.handleMessage(ActivityThread.java:1678)
01-26 11:34:08.713 W/System.err( 9438): 	at android.os.Handler.dispatchMessage(Handler.java:106)
01-26 11:34:08.713 W/System.err( 9438): 	at android.os.Looper.loop(Looper.java:193)
01-26 11:34:08.713 W/System.err( 9438): 	at android.app.ActivityThread.main(ActivityThread.java:6702)
01-26 11:34:08.713 W/System.err( 9438): 	at java.lang.reflect.Method.invoke(Native Method)
01-26 11:34:08.713 W/System.err( 9438): 	at com.android.internal.os.RuntimeInit$MethodAndArgsCaller.run(RuntimeInit.java:493)
01-26 11:34:08.713 W/System.err( 9438): 	at com.android.internal.os.ZygoteInit.main(ZygoteInit.java:911)
01-26 11:34:08.713 W/System.err( 9438): Caused by: android.system.ErrnoException: open failed: EACCES (Permission denied)
01-26 11:34:08.713 W/System.err( 9438): 	at libcore.io.Linux.open(Native Method)
01-26 11:34:08.713 W/System.err( 9438): 	at libcore.io.BlockGuardOs.open(BlockGuardOs.java:210)
01-26 11:34:08.713 W/System.err( 9438): 	at libcore.io.IoBridge.open(IoBridge.java:471)
01-26 11:34:08.713 W/System.err( 9438): 	... 17 more
01-26 11:34:08.714 W/System.err( 9438): java.io.FileNotFoundException: /data/user/0/com.zjinnova.zlink/files/prodexdir/tosversion (Permission denied)
01-26 11:34:08.715 W/System.err( 9438): 	at java.io.FileOutputStream.open0(Native Method)
01-26 11:34:08.715 W/System.err( 9438): 	at java.io.FileOutputStream.open(FileOutputStream.java:308)
01-26 11:34:08.715 W/System.err( 9438): 	at java.io.FileOutputStream.<init>(FileOutputStream.java:238)
01-26 11:34:08.715 W/System.err( 9438): 	at java.io.FileOutputStream.<init>(FileOutputStream.java:180)
01-26 11:34:08.715 W/System.err( 9438): 	at com.wrapper.proxyapplication.Util.UnzipFile(Util.java:205)
01-26 11:34:08.715 W/System.err( 9438): 	at com.wrapper.proxyapplication.Util.PrepareSecurefiles(Util.java:554)
01-26 11:34:08.715 W/System.err( 9438): 	at com.zjinnova.zlink.MyWrapperProxyApplication.initProxyApplication(MyWrapperProxyApplication.java:33)
01-26 11:34:08.715 W/System.err( 9438): 	at com.wrapper.proxyapplication.WrapperProxyApplication.attachBaseContext(WrapperProxyApplication.java:459)
01-26 11:34:08.715 W/System.err( 9438): 	at android.app.Application.attach(Application.java:212)
01-26 11:34:08.715 W/System.err( 9438): 	at android.app.Instrumentation.newApplication(Instrumentation.java:1121)
01-26 11:34:08.715 W/System.err( 9438): 	at android.app.LoadedApk.makeApplication(LoadedApk.java:1064)
01-26 11:34:08.715 W/System.err( 9438): 	at android.app.ActivityThread.handleBindApplication(ActivityThread.java:5873)
01-26 11:34:08.715 W/System.err( 9438): 	at android.app.ActivityThread.access$1200(ActivityThread.java:206)
01-26 11:34:08.715 W/System.err( 9438): 	at android.app.ActivityThread$H.handleMessage(ActivityThread.java:1678)
01-26 11:34:08.715 W/System.err( 9438): 	at android.os.Handler.dispatchMessage(Handler.java:106)
01-26 11:34:08.715 W/System.err( 9438): 	at android.os.Looper.loop(Looper.java:193)
01-26 11:34:08.715 W/System.err( 9438): 	at android.app.ActivityThread.main(ActivityThread.java:6702)
01-26 11:34:08.715 W/System.err( 9438): 	at java.lang.reflect.Method.invoke(Native Method)
01-26 11:34:08.715 W/System.err( 9438): 	at com.android.internal.os.RuntimeInit$MethodAndArgsCaller.run(RuntimeInit.java:493)
01-26 11:34:08.715 W/System.err( 9438): 	at com.android.internal.os.ZygoteInit.main(ZygoteInit.java:911)
01-26 11:34:08.788 D/DisplayManagerService(  615): Display listener for pid 9438 died.
01-26 11:34:08.789 I/ActivityManager(  615): Process com.zjinnova.zlink (pid 9438) has died: fore SVC 
01-26 11:34:08.789 W/ActivityManager(  615): Canceling start item Intent { act=zjinnova.android.intent.action.ZLINK_SERVICE } in service ComponentInfo{com.zjinnova.zlink/com.zjinnova.android.zlink.features.service.DaemonService}
01-26 11:34:08.789 W/libprocessgroup(  615): kill(-9438, 9) failed: No such process
01-26 11:34:08.789 W/ActivityManager(  615): Scheduling restart of crashed service com.zjinnova.zlink/com.zjinnova.android.zlink.features.service.DaemonService in 1000ms
01-26 11:34:08.789 I/libprocessgroup(  615): Successfully killed process cgroup uid 10115 pid 9438 in 0ms
01-26 11:34:08.791 I/SourceService(  615): Activity DIED(), com.zjinnova.zlink | com.zjinnova.zlink
01-26 11:34:09.283 E/WifiVendorHal(  615): getWifiLinkLayerStats(l.937) failed {.code = ERROR_NOT_SUPPORTED, .description = }
01-26 11:34:09.334 D/pseudo  (  461): mtk_gps_sys_nmea_output_to_mnld: received 467 bytes:
01-26 11:34:09.335 D/pseudo  (  461): mtk_gps_sys_nmea_output_to_app: len:467, [NMEA]$GPGGA,002820.00...
01-26 11:34:09.335 D/        (  461): mtk_gps_sys_gps_mnl_callback: msg:0
01-26 11:34:09.335 D/        (  461): send_active_notify: send clean nmea timer cmd!
01-26 11:34:09.335 D/        (  461): mtk_gps_sys_gps_mnl_callback: MTK_GPS_MSG_FIX_READY,GET_RTC_FAIL
01-26 11:34:09.335 D/pseudo  (  461): mtk_gps_sys_nmea_output_to_app: len:46, [vAGPS_Auto_Req]:g_FirstDbtt:0,u2BitMap:0x12f
01-26 11:34:09.335 D/        (  461): gps_control_thread: gps_control_thread wait
01-26 11:34:09.339 I/GnssLocationProvider(  615): WakeLock acquired by sendMessage(REPORT_SV_STATUS, 0, com.android.server.location.GnssLocationProvider$SvStatusInfo@d3ec310)
01-26 11:34:09.340 I/GnssLocationProvider(  615): WakeLock released by handleMessage(REPORT_SV_STATUS, 0, com.android.server.location.GnssLocationProvider$SvStatusInfo@d3ec310)
01-26 11:34:09.802 I/ActivityManager(  615): Start proc 9457:com.zjinnova.zlink/u0a115 for service com.zjinnova.zlink/com.zjinnova.android.zlink.features.service.DaemonService
01-26 11:34:09.813 E/.zjinnova.zlin( 9457): Not starting debugger since process cannot load the jdwp agent.
01-26 11:34:09.848 I/.zjinnova.zlin( 9457): The ClassLoaderContext is a special shared library.
01-26 11:34:09.854 W/.zjinnova.zlin( 9457): JIT profile information will not be recorded: profile file does not exits.
01-26 11:34:09.869 W/System.err( 9457): java.io.FileNotFoundException: /data/user/0/com.zjinnova.zlink/files/prodexdir/tosversion: open failed: EACCES (Permission denied)
01-26 11:34:09.869 W/System.err( 9457): 	at libcore.io.IoBridge.open(IoBridge.java:485)
01-26 11:34:09.869 W/System.err( 9457): 	at java.io.RandomAccessFile.<init>(RandomAccessFile.java:288)
01-26 11:34:09.869 W/System.err( 9457): 	at java.io.RandomAccessFile.<init>(RandomAccessFile.java:151)
01-26 11:34:09.869 W/System.err( 9457): 	at com.wrapper.proxyapplication.Util.PrepareSecurefiles(Util.java:362)
01-26 11:34:09.869 W/System.err( 9457): 	at com.zjinnova.zlink.MyWrapperProxyApplication.initProxyApplication(MyWrapperProxyApplication.java:33)
01-26 11:34:09.869 W/System.err( 9457): 	at com.wrapper.proxyapplication.WrapperProxyApplication.attachBaseContext(WrapperProxyApplication.java:459)
01-26 11:34:09.869 W/System.err( 9457): 	at android.app.Application.attach(Application.java:212)
01-26 11:34:09.869 W/System.err( 9457): 	at android.app.Instrumentation.newApplication(Instrumentation.java:1121)
01-26 11:34:09.869 W/System.err( 9457): 	at android.app.LoadedApk.makeApplication(LoadedApk.java:1064)
01-26 11:34:09.869 W/System.err( 9457): 	at android.app.ActivityThread.handleBindApplication(ActivityThread.java:5873)
01-26 11:34:09.869 W/System.err( 9457): 	at android.app.ActivityThread.access$1200(ActivityThread.java:206)
01-26 11:34:09.869 W/System.err( 9457): 	at android.app.ActivityThread$H.handleMessage(ActivityThread.java:1678)
01-26 11:34:09.869 W/System.err( 9457): 	at android.os.Handler.dispatchMessage(Handler.java:106)
01-26 11:34:09.869 W/System.err( 9457): 	at android.os.Looper.loop(Looper.java:193)
01-26 11:34:09.869 W/System.err( 9457): 	at android.app.ActivityThread.main(ActivityThread.java:6702)
01-26 11:34:09.869 W/System.err( 9457): 	at java.lang.reflect.Method.invoke(Native Method)
01-26 11:34:09.869 W/System.err( 9457): 	at com.android.internal.os.RuntimeInit$MethodAndArgsCaller.run(RuntimeInit.java:493)
01-26 11:34:09.869 W/System.err( 9457): 	at com.android.internal.os.ZygoteInit.main(ZygoteInit.java:911)
01-26 11:34:09.870 W/System.err( 9457): Caused by: android.system.ErrnoException: open failed: EACCES (Permission denied)
01-26 11:34:09.870 W/System.err( 9457): 	at libcore.io.Linux.open(Native Method)
01-26 11:34:09.870 W/System.err( 9457): 	at libcore.io.BlockGuardOs.open(BlockGuardOs.java:210)
01-26 11:34:09.870 W/System.err( 9457): 	at libcore.io.IoBridge.open(IoBridge.java:471)
01-26 11:34:09.870 W/System.err( 9457): 	... 17 more
01-26 11:34:09.871 W/System.err( 9457): java.io.FileNotFoundException: /data/user/0/com.zjinnova.zlink/files/prodexdir/tosversion (Permission denied)
01-26 11:34:09.871 W/System.err( 9457): 	at java.io.FileOutputStream.open0(Native Method)
01-26 11:34:09.871 W/System.err( 9457): 	at java.io.FileOutputStream.open(FileOutputStream.java:308)
01-26 11:34:09.871 W/System.err( 9457): 	at java.io.FileOutputStream.<init>(FileOutputStream.java:238)
01-26 11:34:09.871 W/System.err( 9457): 	at java.io.FileOutputStream.<init>(FileOutputStream.java:180)
01-26 11:34:09.871 W/System.err( 9457): 	at com.wrapper.proxyapplication.Util.UnzipFile(Util.java:205)
01-26 11:34:09.871 W/System.err( 9457): 	at com.wrapper.proxyapplication.Util.PrepareSecurefiles(Util.java:554)
01-26 11:34:09.871 W/System.err( 9457): 	at com.zjinnova.zlink.MyWrapperProxyApplication.initProxyApplication(MyWrapperProxyApplication.java:33)
01-26 11:34:09.871 W/System.err( 9457): 	at com.wrapper.proxyapplication.WrapperProxyApplication.attachBaseContext(WrapperProxyApplication.java:459)
01-26 11:34:09.871 W/System.err( 9457): 	at android.app.Application.attach(Application.java:212)
01-26 11:34:09.871 W/System.err( 9457): 	at android.app.Instrumentation.newApplication(Instrumentation.java:1121)
01-26 11:34:09.871 W/System.err( 9457): 	at android.app.LoadedApk.makeApplication(LoadedApk.java:1064)
01-26 11:34:09.871 W/System.err( 9457): 	at android.app.ActivityThread.handleBindApplication(ActivityThread.java:5873)
01-26 11:34:09.871 W/System.err( 9457): 	at android.app.ActivityThread.access$1200(ActivityThread.java:206)
01-26 11:34:09.871 W/System.err( 9457): 	at android.app.ActivityThread$H.handleMessage(ActivityThread.java:1678)
01-26 11:34:09.871 W/System.err( 9457): 	at android.os.Handler.dispatchMessage(Handler.java:106)
01-26 11:34:09.871 W/System.err( 9457): 	at android.os.Looper.loop(Looper.java:193)
01-26 11:34:09.871 W/System.err( 9457): 	at android.app.ActivityThread.main(ActivityThread.java:6702)
01-26 11:34:09.871 W/System.err( 9457): 	at java.lang.reflect.Method.invoke(Native Method)
01-26 11:34:09.871 W/System.err( 9457): 	at com.android.internal.os.RuntimeInit$MethodAndArgsCaller.run(RuntimeInit.java:493)
01-26 11:34:09.871 W/System.err( 9457): 	at com.android.internal.os.ZygoteInit.main(ZygoteInit.java:911)
01-26 11:34:09.938 D/DisplayManagerService(  615): Display listener for pid 9457 died.
01-26 11:34:09.939 I/ActivityManager(  615): Process com.zjinnova.zlink (pid 9457) has died: fore SVC 
01-26 11:34:09.939 W/libprocessgroup(  615): kill(-9457, 9) failed: No such process
01-26 11:34:09.939 W/ActivityManager(  615): Scheduling restart of crashed service com.zjinnova.zlink/com.zjinnova.android.zlink.features.service.DaemonService in 4000ms
01-26 11:34:09.939 I/libprocessgroup(  615): Successfully killed process cgroup uid 10115 pid 9457 in 0ms
01-26 11:34:09.941 I/SourceService(  615): Activity DIED(), com.zjinnova.zlink | com.zjinnova.zlink
01-26 11:34:10.333 D/        (  461): mtk_gps_sys_agps_disaptcher_callback: wn, tow, sys_time = 2293, 88118, 1769423650,bitmap:0x1
01-26 11:34:10.334 W/        (  461): qepo_event_hdlr: mnld_qepo_download() before
01-26 11:34:10.334 D/        (  461): curl_easy_download_quarter_epo: curl_easy_download_quarter_epo
01-26 11:34:10.334 D/        (  461): mtk_epo_is_expired: current time: 1769420050, current time:Mon Jan 26 10:34:10 2026
01-26 11:34:10.334 D/        (  461): mtk_epo_is_expired: EPO start time: 1769295600, EPO start time: Sun Jan 25 00:00:00 2026
01-26 11:34:10.334 D/        (  461): mtk_epo_is_expired: EPO file is valid, no need update
01-26 11:34:10.334 D/        (  461): getQepoUrl: url = https://pgepodownload.mediatek.com/QG_R.DAT?retryCount=0
01-26 11:34:10.334 D/pseudo  (  461): mtk_gps_sys_nmea_output_to_mnld: received 467 bytes:
01-26 11:34:10.335 D/pseudo  (  461): mtk_gps_sys_nmea_output_to_app: len:467, [NMEA]$GPGGA,002821.00...
01-26 11:34:10.335 D/        (  461): mtk_gps_sys_gps_mnl_callback: msg:0
01-26 11:34:10.335 D/        (  461): send_active_notify: send clean nmea timer cmd!
01-26 11:34:10.335 D/        (  461): mtk_gps_sys_gps_mnl_callback: MTK_GPS_MSG_FIX_READY,GET_RTC_FAIL
01-26 11:34:10.335 D/pseudo  (  461): mtk_gps_sys_nmea_output_to_app: len:46, [vAGPS_Auto_Req]:g_FirstDbtt:0,u2BitMap:0x12f
01-26 11:34:10.335 D/        (  461): gps_control_thread: gps_control_thread wait
01-26 11:34:10.339 I/GnssLocationProvider(  615): WakeLock acquired by sendMessage(REPORT_SV_STATUS, 0, com.android.server.location.GnssLocationProvider$SvStatusInfo@1881e09)
01-26 11:34:10.340 I/GnssLocationProvider(  615): WakeLock released by handleMessage(REPORT_SV_STATUS, 0, com.android.server.location.GnssLocationProvider$SvStatusInfo@1881e09)
01-26 11:34:10.647 W/ps      ( 9478): type=1400 audit(0.0:7133): avc: denied { getattr } for path="/dev/console" dev="tmpfs" ino=9361 scontext=u:r:z-link:s0 tcontext=u:object_r:console_device:s0 tclass=chr_file permissive=0
01-26 11:34:10.674 W/ps      ( 9478): type=1400 audit(0.0:7137): avc: denied { getattr } for path="/dev/pts/0" dev="devpts" ino=3 scontext=u:r:z-link:s0 tcontext=u:object_r:devpts:s0 tclass=chr_file permissive=0
01-26 11:34:10.707 D/btopt   (  782): zlink wake_up_apk_server: cmd = 'export PATH=$PATH:/system/bin/;am start-service -a "zjinnova.android.intent.action.ZLINK_SERVICE" &'
01-26 11:34:10.787 I/ActivityManager(  615): Start proc 9488:com.zjinnova.zlink/u0a115 for service com.zjinnova.zlink/com.zjinnova.android.zlink.features.service.DaemonService
01-26 11:34:10.808 E/.zjinnova.zlin( 9488): Not starting debugger since process cannot load the jdwp agent.
01-26 11:34:10.853 I/.zjinnova.zlin( 9488): The ClassLoaderContext is a special shared library.
01-26 11:34:10.861 W/.zjinnova.zlin( 9488): JIT profile information will not be recorded: profile file does not exits.
01-26 11:34:10.876 W/System.err( 9488): java.io.FileNotFoundException: /data/user/0/com.zjinnova.zlink/files/prodexdir/tosversion: open failed: EACCES (Permission denied)
01-26 11:34:10.876 W/System.err( 9488): 	at libcore.io.IoBridge.open(IoBridge.java:485)
01-26 11:34:10.876 W/System.err( 9488): 	at java.io.RandomAccessFile.<init>(RandomAccessFile.java:288)
01-26 11:34:10.876 W/System.err( 9488): 	at java.io.RandomAccessFile.<init>(RandomAccessFile.java:151)
01-26 11:34:10.876 W/System.err( 9488): 	at com.wrapper.proxyapplication.Util.PrepareSecurefiles(Util.java:362)
01-26 11:34:10.876 W/System.err( 9488): 	at com.zjinnova.zlink.MyWrapperProxyApplication.initProxyApplication(MyWrapperProxyApplication.java:33)
01-26 11:34:10.876 W/System.err( 9488): 	at com.wrapper.proxyapplication.WrapperProxyApplication.attachBaseContext(WrapperProxyApplication.java:459)
01-26 11:34:10.876 W/System.err( 9488): 	at android.app.Application.attach(Application.java:212)
01-26 11:34:10.876 W/System.err( 9488): 	at android.app.Instrumentation.newApplication(Instrumentation.java:1121)
01-26 11:34:10.876 W/System.err( 9488): 	at android.app.LoadedApk.makeApplication(LoadedApk.java:1064)
01-26 11:34:10.876 W/System.err( 9488): 	at android.app.ActivityThread.handleBindApplication(ActivityThread.java:5873)
01-26 11:34:10.877 W/System.err( 9488): 	at android.app.ActivityThread.access$1200(ActivityThread.java:206)
01-26 11:34:10.877 W/System.err( 9488): 	at android.app.ActivityThread$H.handleMessage(ActivityThread.java:1678)
01-26 11:34:10.877 W/System.err( 9488): 	at android.os.Handler.dispatchMessage(Handler.java:106)
01-26 11:34:10.877 W/System.err( 9488): 	at android.os.Looper.loop(Looper.java:193)
01-26 11:34:10.877 W/System.err( 9488): 	at android.app.ActivityThread.main(ActivityThread.java:6702)
01-26 11:34:10.877 W/System.err( 9488): 	at java.lang.reflect.Method.invoke(Native Method)
01-26 11:34:10.877 W/System.err( 9488): 	at com.android.internal.os.RuntimeInit$MethodAndArgsCaller.run(RuntimeInit.java:493)
01-26 11:34:10.877 W/System.err( 9488): 	at com.android.internal.os.ZygoteInit.main(ZygoteInit.java:911)
01-26 11:34:10.877 W/System.err( 9488): Caused by: android.system.ErrnoException: open failed: EACCES (Permission denied)
01-26 11:34:10.877 W/System.err( 9488): 	at libcore.io.Linux.open(Native Method)
01-26 11:34:10.877 W/System.err( 9488): 	at libcore.io.BlockGuardOs.open(BlockGuardOs.java:210)
01-26 11:34:10.877 W/System.err( 9488): 	at libcore.io.IoBridge.open(IoBridge.java:471)
01-26 11:34:10.877 W/System.err( 9488): 	... 17 more
