01-26 11:20:18.759   615  2085 W ActivityManager: Scheduling restart of crashed service com.zjinnova.zlink/com.zjinnova.android.zlink.features.service.DaemonService in 4000ms
01-26 11:20:18.844   615   646 W BroadcastQueue: Background execution not allowed: receiving Intent { act=android.bluetooth.adapter.action.CONNECTION_STATE_CHANGED flg=0x4000010 (has extras) } to com.google.android.gms/.chimera.GmsIntentOperationService$PersistentTrustedReceiver
01-26 11:20:19.566   615   649 I ActivityManager: Start proc 22635:com.zjinnova.zlink/u0a115 for service com.zjinnova.zlink/com.zjinnova.android.zlink.features.service.DaemonService
01-26 11:20:19.692   615  2411 D DisplayManagerService: Display listener for pid 22635 died.
01-26 11:20:19.692   615  2085 I ActivityManager: Process com.zjinnova.zlink (pid 22635) has died: fore SVC 
01-26 11:20:19.692   615  2085 W ActivityManager: Canceling start item Intent { act=zjinnova.android.intent.action.ZLINK_SERVICE } in service ComponentInfo{com.zjinnova.zlink/com.zjinnova.android.zlink.features.service.DaemonService}
01-26 11:20:19.692   615  2085 W ActivityManager: Scheduling restart of crashed service com.zjinnova.zlink/com.zjinnova.android.zlink.features.service.DaemonService in 1000ms
01-26 11:20:20.707   615   649 I ActivityManager: Start proc 22652:com.zjinnova.zlink/u0a115 for service com.zjinnova.zlink/com.zjinnova.android.zlink.features.service.DaemonService
01-26 11:20:20.885   615  2085 D DisplayManagerService: Display listener for pid 22652 died.
01-26 11:20:20.885   615 16889 I ActivityManager: Process com.zjinnova.zlink (pid 22652) has died: fore SVC 
01-26 11:20:20.886   615 16889 W ActivityManager: Scheduling restart of crashed service com.zjinnova.zlink/com.zjinnova.android.zlink.features.service.DaemonService in 4000ms
01-26 11:20:21.766   615   649 I ActivityManager: Start proc 22683:com.zjinnova.zlink/u0a115 for service com.zjinnova.zlink/com.zjinnova.android.zlink.features.service.DaemonService
01-26 11:20:21.878   615  2411 D DisplayManagerService: Display listener for pid 22683 died.
01-26 11:20:21.878   615 16889 I ActivityManager: Process com.zjinnova.zlink (pid 22683) has died: fore SVC 
01-26 11:20:21.879   615 16889 W ActivityManager: Canceling start item Intent { act=zjinnova.android.intent.action.ZLINK_SERVICE } in service ComponentInfo{com.zjinnova.zlink/com.zjinnova.android.zlink.features.service.DaemonService}
01-26 11:20:21.879   615 16889 W ActivityManager: Scheduling restart of crashed service com.zjinnova.zlink/com.zjinnova.android.zlink.features.service.DaemonService in 1000ms
01-26 11:20:22.890   615   649 I ActivityManager: Start proc 22699:com.zjinnova.zlink/u0a115 for service com.zjinnova.zlink/com.zjinnova.android.zlink.features.service.DaemonService
01-26 11:20:23.002   615 16889 D DisplayManagerService: Display listener for pid 22699 died.
01-26 11:20:23.002   615   902 I ActivityManager: Process com.zjinnova.zlink (pid 22699) has died: fore SVC 
01-26 11:20:23.002   615   902 W ActivityManager: Scheduling restart of crashed service com.zjinnova.zlink/com.zjinnova.android.zlink.features.service.DaemonService in 4000ms
01-26 11:20:23.935   615   649 I ActivityManager: Start proc 22726:com.zjinnova.zlink/u0a115 for service com.zjinnova.zlink/com.zjinnova.android.zlink.features.service.DaemonService
01-26 11:20:24.061   615   902 D DisplayManagerService: Display listener for pid 22726 died.
01-26 11:20:24.062   615   902 I ActivityManager: Process com.zjinnova.zlink (pid 22726) has died: fore SVC 
01-26 11:20:24.062   615   902 W ActivityManager: Canceling start item Intent { act=zjinnova.android.intent.action.ZLINK_SERVICE } in service ComponentInfo{com.zjinnova.zlink/com.zjinnova.android.zlink.features.service.DaemonService}
01-26 11:20:24.063   615   902 W ActivityManager: Scheduling restart of crashed service com.zjinnova.zlink/com.zjinnova.android.zlink.features.service.DaemonService in 1000ms
01-26 11:20:25.075   615   649 I ActivityManager: Start proc 22747:com.zjinnova.zlink/u0a115 for service com.zjinnova.zlink/com.zjinnova.android.zlink.features.service.DaemonService
01-26 11:20:25.218   615   902 D DisplayManagerService: Display listener for pid 22747 died.
01-26 11:20:25.219   615   902 I ActivityManager: Process com.zjinnova.zlink (pid 22747) has died: fore SVC 
01-26 11:20:25.219   615   902 W ActivityManager: Scheduling restart of crashed service com.zjinnova.zlink/com.zjinnova.android.zlink.features.service.DaemonService in 4000ms
01-26 11:20:26.074   615   649 I ActivityManager: Start proc 22774:com.zjinnova.zlink/u0a115 for service com.zjinnova.zlink/com.zjinnova.android.zlink.features.service.DaemonService
01-26 11:20:26.238   615  2411 D DisplayManagerService: Display listener for pid 22774 died.
01-26 11:20:26.239   615   902 I ActivityManager: Process com.zjinnova.zlink (pid 22774) has died: fore SVC 
01-26 11:20:26.239   615   902 W ActivityManager: Canceling start item Intent { act=zjinnova.android.intent.action.ZLINK_SERVICE } in service ComponentInfo{com.zjinnova.zlink/com.zjinnova.android.zlink.features.service.DaemonService}
01-26 11:20:26.239   615   902 W ActivityManager: Scheduling restart of crashed service com.zjinnova.zlink/com.zjinnova.android.zlink.features.service.DaemonService in 1000ms
01-26 11:20:26.525  1152  1152 E BluetoothTetheringNetworkFactory: attempted to stop reverse tether with nothing tethered
01-26 11:20:27.252   615   649 I ActivityManager: Start proc 22791:com.zjinnova.zlink/u0a115 for service com.zjinnova.zlink/com.zjinnova.android.zlink.features.service.DaemonService
01-26 11:20:27.408   615   902 D DisplayManagerService: Display listener for pid 22791 died.
01-26 11:20:27.408   615  1976 I ActivityManager: Process com.zjinnova.zlink (pid 22791) has died: fore SVC 
01-26 11:20:27.409   615  1976 W ActivityManager: Scheduling restart of crashed service com.zjinnova.zlink/com.zjinnova.android.zlink.features.service.DaemonService in 4000ms
01-26 11:20:28.216   615   649 I ActivityManager: Start proc 22822:com.zjinnova.zlink/u0a115 for service com.zjinnova.zlink/com.zjinnova.android.zlink.features.service.DaemonService
01-26 11:20:28.372   615  1976 D DisplayManagerService: Display listener for pid 22822 died.
01-26 11:20:28.373   615  1976 I ActivityManager: Process com.zjinnova.zlink (pid 22822) has died: fore SVC 
01-26 11:20:28.373   615  1976 W ActivityManager: Canceling start item Intent { act=zjinnova.android.intent.action.ZLINK_SERVICE } in service ComponentInfo{com.zjinnova.zlink/com.zjinnova.android.zlink.features.service.DaemonService}
01-26 11:20:28.373   615  1976 W ActivityManager: Scheduling restart of crashed service com.zjinnova.zlink/com.zjinnova.android.zlink.features.service.DaemonService in 1000ms
01-26 11:20:28.888   615   646 W BroadcastQueue: Background execution not allowed: receiving Intent { act=android.bluetooth.adapter.action.CONNECTION_STATE_CHANGED flg=0x4000010 (has extras) } to com.google.android.gms/.chimera.GmsIntentOperationService$PersistentTrustedReceiver
01-26 11:20:29.385   615   649 I ActivityManager: Start proc 22841:com.zjinnova.zlink/u0a115 for service com.zjinnova.zlink/com.zjinnova.android.zlink.features.service.DaemonService
01-26 11:20:29.522   615  1976 D DisplayManagerService: Display listener for pid 22841 died.
01-26 11:20:29.522   615  2085 I ActivityManager: Process com.zjinnova.zlink (pid 22841) has died: fore SVC 
01-26 11:20:29.522   615  2085 W ActivityManager: Scheduling restart of crashed service com.zjinnova.zlink/com.zjinnova.android.zlink.features.service.DaemonService in 4000ms
01-26 11:20:30.492   615   649 I ActivityManager: Start proc 22875:com.zjinnova.zlink/u0a115 for service com.zjinnova.zlink/com.zjinnova.android.zlink.features.service.DaemonService
01-26 11:20:30.639   615  3074 D DisplayManagerService: Display listener for pid 22875 died.
01-26 11:20:30.639   615  3074 I ActivityManager: Process com.zjinnova.zlink (pid 22875) has died: fore SVC 
01-26 11:20:30.639   615  3074 W ActivityManager: Canceling start item Intent { act=zjinnova.android.intent.action.ZLINK_SERVICE } in service ComponentInfo{com.zjinnova.zlink/com.zjinnova.android.zlink.features.service.DaemonService}
01-26 11:20:30.639   615  3074 W ActivityManager: Scheduling restart of crashed service com.zjinnova.zlink/com.zjinnova.android.zlink.features.service.DaemonService in 1000ms
01-26 11:20:31.651   615   649 I ActivityManager: Start proc 22892:com.zjinnova.zlink/u0a115 for service com.zjinnova.zlink/com.zjinnova.android.zlink.features.service.DaemonService
01-26 11:20:31.798   615  2411 D DisplayManagerService: Display listener for pid 22892 died.
01-26 11:20:31.798   615   902 I ActivityManager: Process com.zjinnova.zlink (pid 22892) has died: fore SVC 
01-26 11:20:31.799   615   902 W ActivityManager: Scheduling restart of crashed service com.zjinnova.zlink/com.zjinnova.android.zlink.features.service.DaemonService in 4000ms
01-26 11:20:32.620   615   649 I ActivityManager: Start proc 22918:com.zjinnova.zlink/u0a115 for service com.zjinnova.zlink/com.zjinnova.android.zlink.features.service.DaemonService
01-26 11:20:32.768   615   902 D DisplayManagerService: Display listener for pid 22918 died.
01-26 11:20:32.769   615   902 I ActivityManager: Process com.zjinnova.zlink (pid 22918) has died: fore SVC 
01-26 11:20:32.769   615   902 W ActivityManager: Canceling start item Intent { act=zjinnova.android.intent.action.ZLINK_SERVICE } in service ComponentInfo{com.zjinnova.zlink/com.zjinnova.android.zlink.features.service.DaemonService}
01-26 11:20:32.769   615   902 W ActivityManager: Scheduling restart of crashed service com.zjinnova.zlink/com.zjinnova.android.zlink.features.service.DaemonService in 1000ms
01-26 11:20:33.782   615   649 I ActivityManager: Start proc 22939:com.zjinnova.zlink/u0a115 for service com.zjinnova.zlink/com.zjinnova.android.zlink.features.service.DaemonService
01-26 11:20:33.918   615   902 D DisplayManagerService: Display listener for pid 22939 died.
01-26 11:20:33.919   615   902 I ActivityManager: Process com.zjinnova.zlink (pid 22939) has died: fore SVC 
01-26 11:20:33.919   615   902 W ActivityManager: Scheduling restart of crashed service com.zjinnova.zlink/com.zjinnova.android.zlink.features.service.DaemonService in 4000ms
01-26 11:20:34.214   615   646 W BroadcastQueue: Background execution not allowed: receiving Intent { act=android.bluetooth.adapter.action.CONNECTION_STATE_CHANGED flg=0x4000010 (has extras) } to com.google.android.gms/.chimera.GmsIntentOperationService$PersistentTrustedReceiver
01-26 11:20:34.829   615   649 I ActivityManager: Start proc 22967:com.zjinnova.zlink/u0a115 for service com.zjinnova.zlink/com.zjinnova.android.zlink.features.service.DaemonService
01-26 11:20:34.945   615   902 D DisplayManagerService: Display listener for pid 22967 died.
01-26 11:20:34.945   615  3074 I ActivityManager: Process com.zjinnova.zlink (pid 22967) has died: fore SVC 
01-26 11:20:34.945   615  3074 W ActivityManager: Canceling start item Intent { act=zjinnova.android.intent.action.ZLINK_SERVICE } in service ComponentInfo{com.zjinnova.zlink/com.zjinnova.android.zlink.features.service.DaemonService}
01-26 11:20:34.945   615  3074 W ActivityManager: Scheduling restart of crashed service com.zjinnova.zlink/com.zjinnova.android.zlink.features.service.DaemonService in 1000ms
01-26 11:20:35.963   615   649 I ActivityManager: Start proc 22983:com.zjinnova.zlink/u0a115 for service com.zjinnova.zlink/com.zjinnova.android.zlink.features.service.DaemonService
01-26 11:20:36.105   615  2085 D DisplayManagerService: Display listener for pid 22983 died.
01-26 11:20:36.105   615  3074 I ActivityManager: Process com.zjinnova.zlink (pid 22983) has died: fore SVC 
01-26 11:20:36.106   615  3074 W ActivityManager: Scheduling restart of crashed service com.zjinnova.zlink/com.zjinnova.android.zlink.features.service.DaemonService in 4000ms
01-26 11:20:36.983   615   649 I ActivityManager: Start proc 23011:com.zjinnova.zlink/u0a115 for service com.zjinnova.zlink/com.zjinnova.android.zlink.features.service.DaemonService
01-26 11:20:37.131   615  3074 D DisplayManagerService: Display listener for pid 23011 died.
01-26 11:20:37.132   615  3074 I ActivityManager: Process com.zjinnova.zlink (pid 23011) has died: fore SVC 
01-26 11:20:37.132   615  3074 W ActivityManager: Canceling start item Intent { act=zjinnova.android.intent.action.ZLINK_SERVICE } in service ComponentInfo{com.zjinnova.zlink/com.zjinnova.android.zlink.features.service.DaemonService}
01-26 11:20:37.132   615  3074 W ActivityManager: Scheduling restart of crashed service com.zjinnova.zlink/com.zjinnova.android.zlink.features.service.DaemonService in 1000ms
01-26 11:20:37.503   615   649 I ActivityManager: Start proc 23030:com.google.process.gservices/u0a78 for content provider com.google.android.gsf/.gservices.GservicesProvider
01-26 11:20:37.535   615  3074 I ActivityManager: Killing 16494:com.android.vending:instant_app_installer/u0a14 (adj 906): empty #4
01-26 11:20:37.582   615   902 D DisplayManagerService: Display listener for pid 16494 died.
01-26 11:20:37.583   615   902 D MtkConnectivityService: ConnectivityService NetworkRequestInfo binderDied(NetworkRequest [ TRACK_DEFAULT id=52, [ Capabilities: INTERNET&NOT_RESTRICTED&TRUSTED Unwanted:  Uid: 10014] ], android.os.BinderProxy@f54311b)
01-26 11:20:37.583   615   628 V SettingsProvider: packageValueForCallResult, name = sqlite_compatibility_wal_flags, value : Bundle[{_track_generation=android.util.MemoryIntArray@5d, value=, _generation_index=0, _generation=8}]
01-26 11:20:37.583   615   902 D MtkConnectivityService: ConnectivityService NetworkRequestInfo binderDied(NetworkRequest [ LISTEN id=53, [ Capabilities: INTERNET&NOT_RESTRICTED&TRUSTED Unwanted:  Uid: 10014] ], android.os.BinderProxy@3b152b8)
01-26 11:20:37.584   615   741 D MtkConnectivityService: releasing NetworkRequest [ TRACK_DEFAULT id=52, [ Capabilities: INTERNET&NOT_RESTRICTED&TRUSTED Unwanted:  Uid: 10014] ] (release request)
01-26 11:20:38.145   615   649 I ActivityManager: Start proc 23045:com.zjinnova.zlink/u0a115 for service com.zjinnova.zlink/com.zjinnova.android.zlink.features.service.DaemonService
01-26 11:20:38.285   615  3074 D DisplayManagerService: Display listener for pid 23045 died.
01-26 11:20:38.286   615  3074 I ActivityManager: Process com.zjinnova.zlink (pid 23045) has died: fore SVC 
01-26 11:20:38.286   615  3074 W ActivityManager: Scheduling restart of crashed service com.zjinnova.zlink/com.zjinnova.android.zlink.features.service.DaemonService in 4000ms
01-26 11:20:39.146   615   649 I ActivityManager: Start proc 23073:com.zjinnova.zlink/u0a115 for service com.zjinnova.zlink/com.zjinnova.android.zlink.features.service.DaemonService
01-26 11:20:39.315   615  1361 D DisplayManagerService: Display listener for pid 23073 died.
01-26 11:20:39.315   615  3074 I ActivityManager: Process com.zjinnova.zlink (pid 23073) has died: fore SVC 
01-26 11:20:39.315   615  3074 W ActivityManager: Canceling start item Intent { act=zjinnova.android.intent.action.ZLINK_SERVICE } in service ComponentInfo{com.zjinnova.zlink/com.zjinnova.android.zlink.features.service.DaemonService}
01-26 11:20:39.315   615  3074 W ActivityManager: Scheduling restart of crashed service com.zjinnova.zlink/com.zjinnova.android.zlink.features.service.DaemonService in 1000ms
01-26 11:20:40.328   615   649 I ActivityManager: Start proc 23092:com.zjinnova.zlink/u0a115 for service com.zjinnova.zlink/com.zjinnova.android.zlink.features.service.DaemonService
01-26 11:20:40.468   615  2274 D DisplayManagerService: Display listener for pid 23092 died.
01-26 11:20:40.468   615  3074 I ActivityManager: Process com.zjinnova.zlink (pid 23092) has died: fore SVC 
01-26 11:20:40.469   615  3074 W ActivityManager: Scheduling restart of crashed service com.zjinnova.zlink/com.zjinnova.android.zlink.features.service.DaemonService in 4000ms
01-26 11:20:41.285   615   649 I ActivityManager: Start proc 23121:com.zjinnova.zlink/u0a115 for service com.zjinnova.zlink/com.zjinnova.android.zlink.features.service.DaemonService
01-26 11:20:41.428   615  3074 D DisplayManagerService: Display listener for pid 23121 died.
01-26 11:20:41.429   615  1361 I ActivityManager: Process com.zjinnova.zlink (pid 23121) has died: fore SVC 
01-26 11:20:41.429   615  1361 W ActivityManager: Canceling start item Intent { act=zjinnova.android.intent.action.ZLINK_SERVICE } in service ComponentInfo{com.zjinnova.zlink/com.zjinnova.android.zlink.features.service.DaemonService}
01-26 11:20:41.429   615  1361 W ActivityManager: Scheduling restart of crashed service com.zjinnova.zlink/com.zjinnova.android.zlink.features.service.DaemonService in 1000ms
01-26 11:20:42.449   615   649 I ActivityManager: Start proc 23137:com.zjinnova.zlink/u0a115 for service com.zjinnova.zlink/com.zjinnova.android.zlink.features.service.DaemonService
01-26 11:20:42.609   615  1361 D DisplayManagerService: Display listener for pid 23137 died.
01-26 11:20:42.610   615  2239 I ActivityManager: Process com.zjinnova.zlink (pid 23137) has died: fore SVC 
01-26 11:20:42.610   615  2239 W ActivityManager: Scheduling restart of crashed service com.zjinnova.zlink/com.zjinnova.android.zlink.features.service.DaemonService in 4000ms
01-26 11:20:43.554   615   649 I ActivityManager: Start proc 23169:com.zjinnova.zlink/u0a115 for service com.zjinnova.zlink/com.zjinnova.android.zlink.features.service.DaemonService
01-26 11:20:43.672   615  3074 D DisplayManagerService: Display listener for pid 23169 died.
01-26 11:20:43.672   615  2239 I ActivityManager: Process com.zjinnova.zlink (pid 23169) has died: fore SVC 
01-26 11:20:43.672   615  2239 W ActivityManager: Canceling start item Intent { act=zjinnova.android.intent.action.ZLINK_SERVICE } in service ComponentInfo{com.zjinnova.zlink/com.zjinnova.android.zlink.features.service.DaemonService}
01-26 11:20:43.672   615  2239 W ActivityManager: Scheduling restart of crashed service com.zjinnova.zlink/com.zjinnova.android.zlink.features.service.DaemonService in 1000ms
01-26 11:20:44.685   615   649 I ActivityManager: Start proc 23185:com.zjinnova.zlink/u0a115 for service com.zjinnova.zlink/com.zjinnova.android.zlink.features.service.DaemonService
01-26 11:20:44.815   615  3074 D DisplayManagerService: Display listener for pid 23185 died.
01-26 11:20:44.815   615  2239 I ActivityManager: Process com.zjinnova.zlink (pid 23185) has died: fore SVC 
01-26 11:20:44.815   615  2239 W ActivityManager: Scheduling restart of crashed service com.zjinnova.zlink/com.zjinnova.android.zlink.features.service.DaemonService in 4000ms
01-26 11:20:45.723   615   649 I ActivityManager: Start proc 23212:com.zjinnova.zlink/u0a115 for service com.zjinnova.zlink/com.zjinnova.android.zlink.features.service.DaemonService
01-26 11:20:45.842   615  3074 D DisplayManagerService: Display listener for pid 23212 died.
01-26 11:20:45.842   615  2239 I ActivityManager: Process com.zjinnova.zlink (pid 23212) has died: fore SVC 
01-26 11:20:45.842   615  2239 W ActivityManager: Canceling start item Intent { act=zjinnova.android.intent.action.ZLINK_SERVICE } in service ComponentInfo{com.zjinnova.zlink/com.zjinnova.android.zlink.features.service.DaemonService}
01-26 11:20:45.843   615  2239 W ActivityManager: Scheduling restart of crashed service com.zjinnova.zlink/com.zjinnova.android.zlink.features.service.DaemonService in 1000ms
01-26 11:20:46.856   615   649 I ActivityManager: Start proc 23234:com.zjinnova.zlink/u0a115 for service com.zjinnova.zlink/com.zjinnova.android.zlink.features.service.DaemonService
01-26 11:20:47.002   615  1361 D DisplayManagerService: Display listener for pid 23234 died.
01-26 11:20:47.002   615  2239 I ActivityManager: Process com.zjinnova.zlink (pid 23234) has died: fore SVC 
01-26 11:20:47.002   615  2239 W ActivityManager: Scheduling restart of crashed service com.zjinnova.zlink/com.zjinnova.android.zlink.features.service.DaemonService in 4000ms
01-26 11:20:47.883   615   649 I ActivityManager: Start proc 23261:com.zjinnova.zlink/u0a115 for service com.zjinnova.zlink/com.zjinnova.android.zlink.features.service.DaemonService
01-26 11:20:48.012   615  3074 D DisplayManagerService: Display listener for pid 23261 died.
01-26 11:20:48.012   615  2239 I ActivityManager: Process com.zjinnova.zlink (pid 23261) has died: fore SVC 
01-26 11:20:48.012   615  2239 W ActivityManager: Canceling start item Intent { act=zjinnova.android.intent.action.ZLINK_SERVICE } in service ComponentInfo{com.zjinnova.zlink/com.zjinnova.android.zlink.features.service.DaemonService}
01-26 11:20:48.012   615  2239 W ActivityManager: Scheduling restart of crashed service com.zjinnova.zlink/com.zjinnova.android.zlink.features.service.DaemonService in 1000ms
01-26 11:20:48.856   615   646 W BroadcastQueue: Background execution not allowed: receiving Intent { act=android.bluetooth.adapter.action.CONNECTION_STATE_CHANGED flg=0x4000010 (has extras) } to com.google.android.gms/.chimera.GmsIntentOperationService$PersistentTrustedReceiver
01-26 11:20:49.028   615   649 I ActivityManager: Start proc 23281:com.zjinnova.zlink/u0a115 for service com.zjinnova.zlink/com.zjinnova.android.zlink.features.service.DaemonService
01-26 11:20:49.175   615  3074 D DisplayManagerService: Display listener for pid 23281 died.
01-26 11:20:49.175   615   705 I ActivityManager: Process com.zjinnova.zlink (pid 23281) has died: fore SVC 
01-26 11:20:49.175   615   705 W ActivityManager: Scheduling restart of crashed service com.zjinnova.zlink/com.zjinnova.android.zlink.features.service.DaemonService in 4000ms
01-26 11:20:50.037   615   649 I ActivityManager: Start proc 23312:com.zjinnova.zlink/u0a115 for service com.zjinnova.zlink/com.zjinnova.android.zlink.features.service.DaemonService
01-26 11:20:50.178   615   705 D DisplayManagerService: Display listener for pid 23312 died.
01-26 11:20:50.179   615  2274 I ActivityManager: Process com.zjinnova.zlink (pid 23312) has died: fore SVC 
01-26 11:20:50.179   615  2274 W ActivityManager: Canceling start item Intent { act=zjinnova.android.intent.action.ZLINK_SERVICE } in service ComponentInfo{com.zjinnova.zlink/com.zjinnova.android.zlink.features.service.DaemonService}
01-26 11:20:50.179   615  2274 W ActivityManager: Scheduling restart of crashed service com.zjinnova.zlink/com.zjinnova.android.zlink.features.service.DaemonService in 1000ms
01-26 11:20:50.639   615  1361 I ActivityManager: Killing 16477:com.google.android.gms.unstable/u0a78 (adj 906): empty #4
01-26 11:20:50.697   615  1361 D MtkConnectivityService: ConnectivityService NetworkRequestInfo binderDied(NetworkRequest [ TRACK_DEFAULT id=54, [ Capabilities: INTERNET&NOT_RESTRICTED&TRUSTED Unwanted:  Uid: 10078] ], android.os.BinderProxy@62506a6)
01-26 11:20:50.697   615  1361 D MtkConnectivityService: ConnectivityService NetworkRequestInfo binderDied(NetworkRequest [ LISTEN id=55, [ Capabilities: INTERNET&NOT_RESTRICTED&TRUSTED Unwanted:  Uid: 10078] ], android.os.BinderProxy@2e98e7)
01-26 11:20:50.698   615  1361 D DisplayManagerService: Display listener for pid 16477 died.
01-26 11:20:50.699   615   741 D MtkConnectivityService: releasing NetworkRequest [ TRACK_DEFAULT id=54, [ Capabilities: INTERNET&NOT_RESTRICTED&TRUSTED Unwanted:  Uid: 10078] ] (release request)
01-26 11:20:51.194   615   649 I ActivityManager: Start proc 23330:com.zjinnova.zlink/u0a115 for service com.zjinnova.zlink/com.zjinnova.android.zlink.features.service.DaemonService
01-26 11:20:51.362   615 23329 D DisplayManagerService: Display listener for pid 23330 died.
01-26 11:20:51.362   615  1361 I ActivityManager: Process com.zjinnova.zlink (pid 23330) has died: fore SVC 
01-26 11:20:51.362   615  1361 W ActivityManager: Scheduling restart of crashed service com.zjinnova.zlink/com.zjinnova.android.zlink.features.service.DaemonService in 4000ms
01-26 11:20:52.184   615   649 I ActivityManager: Start proc 23357:com.zjinnova.zlink/u0a115 for service com.zjinnova.zlink/com.zjinnova.android.zlink.features.service.DaemonService
01-26 11:20:52.322   615  5111 D DisplayManagerService: Display listener for pid 23357 died.
01-26 11:20:52.323   615  1361 I ActivityManager: Process com.zjinnova.zlink (pid 23357) has died: fore SVC 
01-26 11:20:52.323   615  1361 W ActivityManager: Canceling start item Intent { act=zjinnova.android.intent.action.ZLINK_SERVICE } in service ComponentInfo{com.zjinnova.zlink/com.zjinnova.android.zlink.features.service.DaemonService}
01-26 11:20:52.323   615  1361 W ActivityManager: Scheduling restart of crashed service com.zjinnova.zlink/com.zjinnova.android.zlink.features.service.DaemonService in 1000ms
01-26 11:20:53.340   615   649 I ActivityManager: Start proc 23378:com.zjinnova.zlink/u0a115 for service com.zjinnova.zlink/com.zjinnova.android.zlink.features.service.DaemonService
01-26 11:20:53.475   615 23329 D DisplayManagerService: Display listener for pid 23378 died.
01-26 11:20:53.476   615  1361 I ActivityManager: Process com.zjinnova.zlink (pid 23378) has died: fore SVC 
01-26 11:20:53.476   615  1361 W ActivityManager: Scheduling restart of crashed service com.zjinnova.zlink/com.zjinnova.android.zlink.features.service.DaemonService in 4000ms
01-26 11:20:54.404   615   649 I ActivityManager: Start proc 23405:com.zjinnova.zlink/u0a115 for service com.zjinnova.zlink/com.zjinnova.android.zlink.features.service.DaemonService
01-26 11:20:54.508   615  5111 D DisplayManagerService: Display listener for pid 23405 died.
01-26 11:20:54.508   615  1361 I ActivityManager: Process com.zjinnova.zlink (pid 23405) has died: fore SVC 
01-26 11:20:54.509   615  1361 W ActivityManager: Canceling start item Intent { act=zjinnova.android.intent.action.ZLINK_SERVICE } in service ComponentInfo{com.zjinnova.zlink/com.zjinnova.android.zlink.features.service.DaemonService}
01-26 11:20:54.509   615  1361 W ActivityManager: Scheduling restart of crashed service com.zjinnova.zlink/com.zjinnova.android.zlink.features.service.DaemonService in 1000ms
01-26 11:20:55.521   615   649 I ActivityManager: Start proc 23426:com.zjinnova.zlink/u0a115 for service com.zjinnova.zlink/com.zjinnova.android.zlink.features.service.DaemonService
01-26 11:20:55.652   615   706 D DisplayManagerService: Display listener for pid 23426 died.
01-26 11:20:55.652   615  1361 I ActivityManager: Process com.zjinnova.zlink (pid 23426) has died: fore SVC 
01-26 11:20:55.652   615  1361 W ActivityManager: Scheduling restart of crashed service com.zjinnova.zlink/com.zjinnova.android.zlink.features.service.DaemonService in 4000ms
01-26 11:20:56.539  1152  1152 E BluetoothTetheringNetworkFactory: attempted to stop reverse tether with nothing tethered
01-26 11:20:56.583   615   649 I ActivityManager: Start proc 23453:com.zjinnova.zlink/u0a115 for service com.zjinnova.zlink/com.zjinnova.android.zlink.features.service.DaemonService
01-26 11:20:56.728   615  5111 D DisplayManagerService: Display listener for pid 23453 died.
01-26 11:20:56.729   615  1361 I ActivityManager: Process com.zjinnova.zlink (pid 23453) has died: fore SVC 
01-26 11:20:56.729   615  1361 W ActivityManager: Canceling start item Intent { act=zjinnova.android.intent.action.ZLINK_SERVICE } in service ComponentInfo{com.zjinnova.zlink/com.zjinnova.android.zlink.features.service.DaemonService}
01-26 11:20:56.729   615  1361 W ActivityManager: Scheduling restart of crashed service com.zjinnova.zlink/com.zjinnova.android.zlink.features.service.DaemonService in 1000ms
01-26 11:20:57.741   615   649 I ActivityManager: Start proc 23470:com.zjinnova.zlink/u0a115 for service com.zjinnova.zlink/com.zjinnova.android.zlink.features.service.DaemonService
01-26 11:20:57.852   615  1361 D DisplayManagerService: Display listener for pid 23470 died.
01-26 11:20:57.852   615   706 I ActivityManager: Process com.zjinnova.zlink (pid 23470) has died: fore SVC 
01-26 11:20:57.852   615   706 W ActivityManager: Scheduling restart of crashed service com.zjinnova.zlink/com.zjinnova.android.zlink.features.service.DaemonService in 4000ms
01-26 11:20:58.699   615   649 I ActivityManager: Start proc 23501:com.zjinnova.zlink/u0a115 for service com.zjinnova.zlink/com.zjinnova.android.zlink.features.service.DaemonService
01-26 11:20:58.858   615   706 D DisplayManagerService: Display listener for pid 23501 died.
01-26 11:20:58.859   615  5111 I ActivityManager: Process com.zjinnova.zlink (pid 23501) has died: fore SVC 
01-26 11:20:58.859   615  5111 W ActivityManager: Canceling start item Intent { act=zjinnova.android.intent.action.ZLINK_SERVICE } in service ComponentInfo{com.zjinnova.zlink/com.zjinnova.android.zlink.features.service.DaemonService}
01-26 11:20:58.859   615  5111 W ActivityManager: Scheduling restart of crashed service com.zjinnova.zlink/com.zjinnova.android.zlink.features.service.DaemonService in 1000ms
01-26 11:20:58.914   615   646 W BroadcastQueue: Background execution not allowed: receiving Intent { act=android.bluetooth.adapter.action.CONNECTION_STATE_CHANGED flg=0x4000010 (has extras) } to com.google.android.gms/.chimera.GmsIntentOperationService$PersistentTrustedReceiver
01-26 11:20:59.872   615   649 I ActivityManager: Start proc 23518:com.zjinnova.zlink/u0a115 for service com.zjinnova.zlink/com.zjinnova.android.zlink.features.service.DaemonService
01-26 11:21:00.059   615 23329 D DisplayManagerService: Display listener for pid 23518 died.
01-26 11:21:00.059   615  5111 I ActivityManager: Process com.zjinnova.zlink (pid 23518) has died: fore SVC 
01-26 11:21:00.059   615  5111 W ActivityManager: Scheduling restart of crashed service com.zjinnova.zlink/com.zjinnova.android.zlink.features.service.DaemonService in 4000ms
01-26 11:21:00.916   615   649 I ActivityManager: Start proc 23547:com.zjinnova.zlink/u0a115 for service com.zjinnova.zlink/com.zjinnova.android.zlink.features.service.DaemonService
01-26 11:21:01.048   615   706 D DisplayManagerService: Display listener for pid 23547 died.
01-26 11:21:01.049   615  5111 I ActivityManager: Process com.zjinnova.zlink (pid 23547) has died: fore SVC 
01-26 11:21:01.049   615  5111 W ActivityManager: Canceling start item Intent { act=zjinnova.android.intent.action.ZLINK_SERVICE } in service ComponentInfo{com.zjinnova.zlink/com.zjinnova.android.zlink.features.service.DaemonService}
01-26 11:21:01.049   615  5111 W ActivityManager: Scheduling restart of crashed service com.zjinnova.zlink/com.zjinnova.android.zlink.features.service.DaemonService in 1000ms
01-26 11:21:01.330   475   574 E storaged: getDiskStats failed with result NOT_SUPPORTED and size 0
01-26 11:21:02.061   615   649 I ActivityManager: Start proc 23567:com.zjinnova.zlink/u0a115 for service com.zjinnova.zlink/com.zjinnova.android.zlink.features.service.DaemonService
01-26 11:21:02.195   615  5111 D DisplayManagerService: Display listener for pid 23567 died.
01-26 11:21:02.195   615  1776 I ActivityManager: Process com.zjinnova.zlink (pid 23567) has died: fore SVC 
01-26 11:21:02.195   615  1776 W ActivityManager: Scheduling restart of crashed service com.zjinnova.zlink/com.zjinnova.android.zlink.features.service.DaemonService in 4000ms
01-26 11:21:03.091   615   649 I ActivityManager: Start proc 23595:com.zjinnova.zlink/u0a115 for service com.zjinnova.zlink/com.zjinnova.android.zlink.features.service.DaemonService
01-26 11:21:03.242   615  1776 D DisplayManagerService: Display listener for pid 23595 died.
01-26 11:21:03.242   615  5111 I ActivityManager: Process com.zjinnova.zlink (pid 23595) has died: fore SVC 
01-26 11:21:03.243   615  5111 W ActivityManager: Canceling start item Intent { act=zjinnova.android.intent.action.ZLINK_SERVICE } in service ComponentInfo{com.zjinnova.zlink/com.zjinnova.android.zlink.features.service.DaemonService}
01-26 11:21:03.243   615  5111 W ActivityManager: Scheduling restart of crashed service com.zjinnova.zlink/com.zjinnova.android.zlink.features.service.DaemonService in 1000ms
01-26 11:21:04.249   615   646 W BroadcastQueue: Background execution not allowed: receiving Intent { act=android.bluetooth.adapter.action.CONNECTION_STATE_CHANGED flg=0x4000010 (has extras) } to com.google.android.gms/.chimera.GmsIntentOperationService$PersistentTrustedReceiver
01-26 11:21:04.263   615   649 I ActivityManager: Start proc 23611:com.zjinnova.zlink/u0a115 for service com.zjinnova.zlink/com.zjinnova.android.zlink.features.service.DaemonService
01-26 11:21:04.425   615  5111 D DisplayManagerService: Display listener for pid 23611 died.
01-26 11:21:04.426   615 23329 I ActivityManager: Process com.zjinnova.zlink (pid 23611) has died: fore SVC 
01-26 11:21:04.426   615 23329 W ActivityManager: Scheduling restart of crashed service com.zjinnova.zlink/com.zjinnova.android.zlink.features.service.DaemonService in 4000ms
01-26 11:21:05.262   615   649 I ActivityManager: Start proc 23644:com.zjinnova.zlink/u0a115 for service com.zjinnova.zlink/com.zjinnova.android.zlink.features.service.DaemonService
01-26 11:21:05.415   615 23329 D DisplayManagerService: Display listener for pid 23644 died.
01-26 11:21:05.415   615  1776 I ActivityManager: Process com.zjinnova.zlink (pid 23644) has died: fore SVC 
01-26 11:21:05.415   615  1776 W ActivityManager: Canceling start item Intent { act=zjinnova.android.intent.action.ZLINK_SERVICE } in service ComponentInfo{com.zjinnova.zlink/com.zjinnova.android.zlink.features.service.DaemonService}
01-26 11:21:05.415   615  1776 W ActivityManager: Scheduling restart of crashed service com.zjinnova.zlink/com.zjinnova.android.zlink.features.service.DaemonService in 1000ms
01-26 11:21:06.428   615   649 I ActivityManager: Start proc 23660:com.zjinnova.zlink/u0a115 for service com.zjinnova.zlink/com.zjinnova.android.zlink.features.service.DaemonService
01-26 11:21:06.552   615  5111 D DisplayManagerService: Display listener for pid 23660 died.
01-26 11:21:06.552   615  1776 I ActivityManager: Process com.zjinnova.zlink (pid 23660) has died: fore SVC 
01-26 11:21:06.552   615  1776 W ActivityManager: Scheduling restart of crashed service com.zjinnova.zlink/com.zjinnova.android.zlink.features.service.DaemonService in 4000ms
01-26 11:21:07.438   615   649 I ActivityManager: Start proc 23691:com.zjinnova.zlink/u0a115 for service com.zjinnova.zlink/com.zjinnova.android.zlink.features.service.DaemonService
01-26 11:21:07.612   615 23329 D DisplayManagerService: Display listener for pid 23691 died.
01-26 11:21:07.612   615  1776 I ActivityManager: Process com.zjinnova.zlink (pid 23691) has died: fore SVC 
01-26 11:21:07.612   615  1776 W ActivityManager: Canceling start item Intent { act=zjinnova.android.intent.action.ZLINK_SERVICE } in service ComponentInfo{com.zjinnova.zlink/com.zjinnova.android.zlink.features.service.DaemonService}
01-26 11:21:07.612   615  1776 W ActivityManager: Scheduling restart of crashed service com.zjinnova.zlink/com.zjinnova.android.zlink.features.service.DaemonService in 1000ms
01-26 11:21:08.625   615   649 I ActivityManager: Start proc 23707:com.zjinnova.zlink/u0a115 for service com.zjinnova.zlink/com.zjinnova.android.zlink.features.service.DaemonService
01-26 11:21:08.758   615  1776 D DisplayManagerService: Display listener for pid 23707 died.
01-26 11:21:08.758   615 23329 I ActivityManager: Process com.zjinnova.zlink (pid 23707) has died: fore SVC 
01-26 11:21:08.759   615 23329 W ActivityManager: Scheduling restart of crashed service com.zjinnova.zlink/com.zjinnova.android.zlink.features.service.DaemonService in 4000ms
01-26 11:21:09.562   615   649 I ActivityManager: Start proc 23735:com.zjinnova.zlink/u0a115 for service com.zjinnova.zlink/com.zjinnova.android.zlink.features.service.DaemonService
01-26 11:21:09.718   615 23329 D DisplayManagerService: Display listener for pid 23735 died.
01-26 11:21:09.719   615  1776 I ActivityManager: Process com.zjinnova.zlink (pid 23735) has died: fore SVC 
01-26 11:21:09.719   615  1776 W ActivityManager: Canceling start item Intent { act=zjinnova.android.intent.action.ZLINK_SERVICE } in service ComponentInfo{com.zjinnova.zlink/com.zjinnova.android.zlink.features.service.DaemonService}
01-26 11:21:09.719   615  1776 W ActivityManager: Scheduling restart of crashed service com.zjinnova.zlink/com.zjinnova.android.zlink.features.service.DaemonService in 1000ms
01-26 11:21:10.732   615   649 I ActivityManager: Start proc 23756:com.zjinnova.zlink/u0a115 for service com.zjinnova.zlink/com.zjinnova.android.zlink.features.service.DaemonService
01-26 11:21:10.898   615  5111 D DisplayManagerService: Display listener for pid 23756 died.
01-26 11:21:10.898   615  1776 I ActivityManager: Process com.zjinnova.zlink (pid 23756) has died: fore SVC 
01-26 11:21:10.899   615  1776 W ActivityManager: Scheduling restart of crashed service com.zjinnova.zlink/com.zjinnova.android.zlink.features.service.DaemonService in 4000ms
01-26 11:21:11.703   615   649 I ActivityManager: Start proc 23785:com.zjinnova.zlink/u0a115 for service com.zjinnova.zlink/com.zjinnova.android.zlink.features.service.DaemonService
01-26 11:21:11.858   615  1776 D DisplayManagerService: Display listener for pid 23785 died.
01-26 11:21:11.858   615  5111 I ActivityManager: Process com.zjinnova.zlink (pid 23785) has died: fore SVC 
01-26 11:21:11.859   615  5111 W ActivityManager: Canceling start item Intent { act=zjinnova.android.intent.action.ZLINK_SERVICE } in service ComponentInfo{com.zjinnova.zlink/com.zjinnova.android.zlink.features.service.DaemonService}
01-26 11:21:11.859   615  5111 W ActivityManager: Scheduling restart of crashed service com.zjinnova.zlink/com.zjinnova.android.zlink.features.service.DaemonService in 1000ms
01-26 11:21:12.872   615   649 I ActivityManager: Start proc 23807:com.zjinnova.zlink/u0a115 for service com.zjinnova.zlink/com.zjinnova.android.zlink.features.service.DaemonService
01-26 11:21:13.018   615  5111 D DisplayManagerService: Display listener for pid 23807 died.
01-26 11:21:13.018   615  1776 I ActivityManager: Process com.zjinnova.zlink (pid 23807) has died: fore SVC 
01-26 11:21:13.019   615  1776 W ActivityManager: Scheduling restart of crashed service com.zjinnova.zlink/com.zjinnova.android.zlink.features.service.DaemonService in 4000ms
01-26 11:21:13.904   615   649 I ActivityManager: Start proc 23837:com.zjinnova.zlink/u0a115 for service com.zjinnova.zlink/com.zjinnova.android.zlink.features.service.DaemonService
01-26 11:21:14.058   615  1776 D DisplayManagerService: Display listener for pid 23837 died.
01-26 11:21:14.058   615   706 I ActivityManager: Process com.zjinnova.zlink (pid 23837) has died: fore SVC 
01-26 11:21:14.059   615   706 W ActivityManager: Canceling start item Intent { act=zjinnova.android.intent.action.ZLINK_SERVICE } in service ComponentInfo{com.zjinnova.zlink/com.zjinnova.android.zlink.features.service.DaemonService}
01-26 11:21:14.059   615   706 W ActivityManager: Scheduling restart of crashed service com.zjinnova.zlink/com.zjinnova.android.zlink.features.service.DaemonService in 1000ms
01-26 11:21:15.071   615   649 I ActivityManager: Start proc 23854:com.zjinnova.zlink/u0a115 for service com.zjinnova.zlink/com.zjinnova.android.zlink.features.service.DaemonService
01-26 11:21:15.185   615   706 D DisplayManagerService: Display listener for pid 23854 died.
01-26 11:21:15.185   615  1776 I ActivityManager: Process com.zjinnova.zlink (pid 23854) has died: fore SVC 
01-26 11:21:15.185   615  1776 W ActivityManager: Scheduling restart of crashed service com.zjinnova.zlink/com.zjinnova.android.zlink.features.service.DaemonService in 4000ms
01-26 11:21:16.054   615   649 I ActivityManager: Start proc 23881:com.zjinnova.zlink/u0a115 for service com.zjinnova.zlink/com.zjinnova.android.zlink.features.service.DaemonService
01-26 11:21:16.228   615  1361 D DisplayManagerService: Display listener for pid 23881 died.
01-26 11:21:16.229   615   706 I ActivityManager: Process com.zjinnova.zlink (pid 23881) has died: fore SVC 
01-26 11:21:16.229   615   706 W ActivityManager: Canceling start item Intent { act=zjinnova.android.intent.action.ZLINK_SERVICE } in service ComponentInfo{com.zjinnova.zlink/com.zjinnova.android.zlink.features.service.DaemonService}
01-26 11:21:16.229   615   706 W ActivityManager: Scheduling restart of crashed service com.zjinnova.zlink/com.zjinnova.android.zlink.features.service.DaemonService in 1000ms
01-26 11:21:17.242   615   649 I ActivityManager: Start proc 23902:com.zjinnova.zlink/u0a115 for service com.zjinnova.zlink/com.zjinnova.android.zlink.features.service.DaemonService
01-26 11:21:17.388   615  1361 D DisplayManagerService: Display listener for pid 23902 died.
01-26 11:21:17.388   615   706 I ActivityManager: Process com.zjinnova.zlink (pid 23902) has died: fore SVC 
01-26 11:21:17.389   615   706 W ActivityManager: Scheduling restart of crashed service com.zjinnova.zlink/com.zjinnova.android.zlink.features.service.DaemonService in 4000ms
01-26 11:21:18.192   615   649 I ActivityManager: Start proc 23929:com.zjinnova.zlink/u0a115 for service com.zjinnova.zlink/com.zjinnova.android.zlink.features.service.DaemonService
01-26 11:21:18.366   615  1361 D DisplayManagerService: Display listener for pid 23929 died.
01-26 11:21:18.366   615   706 I ActivityManager: Process com.zjinnova.zlink (pid 23929) has died: fore SVC 
01-26 11:21:18.366   615   706 W ActivityManager: Canceling start item Intent { act=zjinnova.android.intent.action.ZLINK_SERVICE } in service ComponentInfo{com.zjinnova.zlink/com.zjinnova.android.zlink.features.service.DaemonService}
01-26 11:21:18.366   615   706 W ActivityManager: Scheduling restart of crashed service com.zjinnova.zlink/com.zjinnova.android.zlink.features.service.DaemonService in 1000ms
01-26 11:21:18.868   615   646 W BroadcastQueue: Background execution not allowed: receiving Intent { act=android.bluetooth.adapter.action.CONNECTION_STATE_CHANGED flg=0x4000010 (has extras) } to com.google.android.gms/.chimera.GmsIntentOperationService$PersistentTrustedReceiver
01-26 11:21:19.386   615   649 I ActivityManager: Start proc 23952:com.zjinnova.zlink/u0a115 for service com.zjinnova.zlink/com.zjinnova.android.zlink.features.service.DaemonService
01-26 11:21:19.498   615 23329 D DisplayManagerService: Display listener for pid 23952 died.
01-26 11:21:19.498   615   706 I ActivityManager: Process com.zjinnova.zlink (pid 23952) has died: fore SVC 
01-26 11:21:19.499   615   706 W ActivityManager: Scheduling restart of crashed service com.zjinnova.zlink/com.zjinnova.android.zlink.features.service.DaemonService in 4000ms
01-26 11:21:20.349   615   649 I ActivityManager: Start proc 23980:com.zjinnova.zlink/u0a115 for service com.zjinnova.zlink/com.zjinnova.android.zlink.features.service.DaemonService
01-26 11:21:20.482   615   706 D DisplayManagerService: Display listener for pid 23980 died.
01-26 11:21:20.482   615  1776 I ActivityManager: Process com.zjinnova.zlink (pid 23980) has died: fore SVC 
01-26 11:21:20.482   615  1776 W ActivityManager: Canceling start item Intent { act=zjinnova.android.intent.action.ZLINK_SERVICE } in service ComponentInfo{com.zjinnova.zlink/com.zjinnova.android.zlink.features.service.DaemonService}
01-26 11:21:20.482   615  1776 W ActivityManager: Scheduling restart of crashed service com.zjinnova.zlink/com.zjinnova.android.zlink.features.service.DaemonService in 1000ms
01-26 11:21:21.499   615   649 I ActivityManager: Start proc 23998:com.zjinnova.zlink/u0a115 for service com.zjinnova.zlink/com.zjinnova.android.zlink.features.service.DaemonService
01-26 11:21:21.678   615 23329 D DisplayManagerService: Display listener for pid 23998 died.
01-26 11:21:21.679   615  1776 I ActivityManager: Process com.zjinnova.zlink (pid 23998) has died: fore SVC 
01-26 11:21:21.679   615  1776 W ActivityManager: Scheduling restart of crashed service com.zjinnova.zlink/com.zjinnova.android.zlink.features.service.DaemonService in 4000ms
01-26 11:21:22.610   615   649 I ActivityManager: Start proc 24027:com.zjinnova.zlink/u0a115 for service com.zjinnova.zlink/com.zjinnova.android.zlink.features.service.DaemonService
01-26 11:21:22.758   615   706 D DisplayManagerService: Display listener for pid 24027 died.
01-26 11:21:22.758   615  1776 I ActivityManager: Process com.zjinnova.zlink (pid 24027) has died: fore SVC 
01-26 11:21:22.759   615  1776 W ActivityManager: Canceling start item Intent { act=zjinnova.android.intent.action.ZLINK_SERVICE } in service ComponentInfo{com.zjinnova.zlink/com.zjinnova.android.zlink.features.service.DaemonService}
01-26 11:21:22.759   615  1776 W ActivityManager: Scheduling restart of crashed service com.zjinnova.zlink/com.zjinnova.android.zlink.features.service.DaemonService in 1000ms
01-26 11:21:23.772   615   649 I ActivityManager: Start proc 24045:com.zjinnova.zlink/u0a115 for service com.zjinnova.zlink/com.zjinnova.android.zlink.features.service.DaemonService
01-26 11:21:23.918   615   706 D DisplayManagerService: Display listener for pid 24045 died.
01-26 11:21:23.918   615  1776 I ActivityManager: Process com.zjinnova.zlink (pid 24045) has died: fore SVC 
01-26 11:21:23.919   615  1776 W ActivityManager: Scheduling restart of crashed service com.zjinnova.zlink/com.zjinnova.android.zlink.features.service.DaemonService in 4000ms
01-26 11:21:24.759   615   649 I ActivityManager: Start proc 24071:com.zjinnova.zlink/u0a115 for service com.zjinnova.zlink/com.zjinnova.android.zlink.features.service.DaemonService
01-26 11:21:24.928   615   706 D DisplayManagerService: Display listener for pid 24071 died.
01-26 11:21:24.928   615  1776 I ActivityManager: Process com.zjinnova.zlink (pid 24071) has died: fore SVC 
01-26 11:21:24.929   615  1776 W ActivityManager: Canceling start item Intent { act=zjinnova.android.intent.action.ZLINK_SERVICE } in service ComponentInfo{com.zjinnova.zlink/com.zjinnova.android.zlink.features.service.DaemonService}
01-26 11:21:24.929   615  1776 W ActivityManager: Scheduling restart of crashed service com.zjinnova.zlink/com.zjinnova.android.zlink.features.service.DaemonService in 1000ms
01-26 11:21:25.941   615   649 I ActivityManager: Start proc 24092:com.zjinnova.zlink/u0a115 for service com.zjinnova.zlink/com.zjinnova.android.zlink.features.service.DaemonService
01-26 11:21:26.068   615  1776 D DisplayManagerService: Display listener for pid 24092 died.
01-26 11:21:26.069   615  1415 I ActivityManager: Process com.zjinnova.zlink (pid 24092) has died: fore SVC 
01-26 11:21:26.069   615  1415 W ActivityManager: Scheduling restart of crashed service com.zjinnova.zlink/com.zjinnova.android.zlink.features.service.DaemonService in 4000ms
01-26 11:21:26.550  1152  1152 E BluetoothTetheringNetworkFactory: attempted to stop reverse tether with nothing tethered
01-26 11:21:26.903   615   649 I ActivityManager: Start proc 24120:com.zjinnova.zlink/u0a115 for service com.zjinnova.zlink/com.zjinnova.android.zlink.features.service.DaemonService
01-26 11:21:27.039   615  1361 D DisplayManagerService: Display listener for pid 24120 died.
01-26 11:21:27.040   615  1361 I ActivityManager: Process com.zjinnova.zlink (pid 24120) has died: fore SVC 
01-26 11:21:27.040   615  1361 W ActivityManager: Canceling start item Intent { act=zjinnova.android.intent.action.ZLINK_SERVICE } in service ComponentInfo{com.zjinnova.zlink/com.zjinnova.android.zlink.features.service.DaemonService}
01-26 11:21:27.040   615  1361 W ActivityManager: Scheduling restart of crashed service com.zjinnova.zlink/com.zjinnova.android.zlink.features.service.DaemonService in 1000ms
01-26 11:21:28.057   615   649 I ActivityManager: Start proc 24136:com.zjinnova.zlink/u0a115 for service com.zjinnova.zlink/com.zjinnova.android.zlink.features.service.DaemonService
01-26 11:21:28.218   615  1361 D DisplayManagerService: Display listener for pid 24136 died.
01-26 11:21:28.219   615 23329 I ActivityManager: Process com.zjinnova.zlink (pid 24136) has died: fore SVC 
01-26 11:21:28.219   615 23329 W ActivityManager: Scheduling restart of crashed service com.zjinnova.zlink/com.zjinnova.android.zlink.features.service.DaemonService in 4000ms
01-26 11:21:28.910   615   646 W BroadcastQueue: Background execution not allowed: receiving Intent { act=android.bluetooth.adapter.action.CONNECTION_STATE_CHANGED flg=0x4000010 (has extras) } to com.google.android.gms/.chimera.GmsIntentOperationService$PersistentTrustedReceiver
01-26 11:21:29.137   615   649 I ActivityManager: Start proc 24168:com.zjinnova.zlink/u0a115 for service com.zjinnova.zlink/com.zjinnova.android.zlink.features.service.DaemonService
01-26 11:21:29.282   615 23329 D DisplayManagerService: Display listener for pid 24168 died.
01-26 11:21:29.282   615  1361 I ActivityManager: Process com.zjinnova.zlink (pid 24168) has died: fore SVC 
01-26 11:21:29.282   615  1361 W ActivityManager: Canceling start item Intent { act=zjinnova.android.intent.action.ZLINK_SERVICE } in service ComponentInfo{com.zjinnova.zlink/com.zjinnova.android.zlink.features.service.DaemonService}
01-26 11:21:29.282   615  1361 W ActivityManager: Scheduling restart of crashed service com.zjinnova.zlink/com.zjinnova.android.zlink.features.service.DaemonService in 1000ms
01-26 11:21:30.295   615   649 I ActivityManager: Start proc 24186:com.zjinnova.zlink/u0a115 for service com.zjinnova.zlink/com.zjinnova.android.zlink.features.service.DaemonService
01-26 11:21:30.452   615  1361 D DisplayManagerService: Display listener for pid 24186 died.
01-26 11:21:30.452   615 23329 I ActivityManager: Process com.zjinnova.zlink (pid 24186) has died: fore SVC 
01-26 11:21:30.452   615 23329 W ActivityManager: Scheduling restart of crashed service com.zjinnova.zlink/com.zjinnova.android.zlink.features.service.DaemonService in 4000ms
01-26 11:21:31.312   615   649 I ActivityManager: Start proc 24214:com.zjinnova.zlink/u0a115 for service com.zjinnova.zlink/com.zjinnova.android.zlink.features.service.DaemonService
01-26 11:21:31.461   615  1361 D DisplayManagerService: Display listener for pid 24214 died.
