--------- beginning of main
01-27 17:46:01.564 D/RadioLogos(17302): Checking: /sdcard/RadioLogos/89100.png
01-27 17:46:01.564 D/RadioLogos(17302): FOUND: /sdcard/RadioLogos/89100.png
01-27 17:46:01.564 D/RadioLogos(17302): Checking: /sdcard/RadioLogos/89100.png
01-27 17:46:01.564 D/RadioLogos(17302): FOUND: /sdcard/RadioLogos/89100.png
01-27 17:46:01.570 I/WindowManager(  614): selectAnimation in Window{72f40b5 u0 Toast}: transit=2
--------- beginning of system
01-27 17:46:01.570 W/WindowManager(  614): Unable to start animation, surface is null or no children.
01-27 17:46:01.582 D/BTAdapterService( 1275): MSG_AutoConnect
01-27 17:46:01.585 D/BTAdapterService( 1275): isBluetoothEnable:true
01-27 17:46:01.587 D/BTAdapterService( 1275): MSG_AUTO_CONNECT times=109 delay:30000
01-27 17:46:01.587 D/CachedBluetoothDeviceManager( 1275): findDeviceByAddr() == A8:6A:86:B3:96:EA
01-27 17:46:01.589 D/pseudo  (  454): mtk_gps_sys_nmea_output_to_mnld: received 467 bytes:
01-27 17:46:01.594 D/pseudo  (  454): mtk_gps_sys_nmea_output_to_app: len:467, [NMEA]$GPGGA,164602.08...
01-27 17:46:01.599 I/GnssLocationProvider(  614): WakeLock acquired by sendMessage(REPORT_SV_STATUS, 0, com.android.server.location.GnssLocationProvider$SvStatusInfo@41a04c6)
01-27 17:46:01.604 I/GnssLocationProvider(  614): WakeLock released by handleMessage(REPORT_SV_STATUS, 0, com.android.server.location.GnssLocationProvider$SvStatusInfo@41a04c6)
01-27 17:46:01.607 D/        (  454): mtk_gps_sys_gps_mnl_callback: msg:0
01-27 17:46:01.607 D/        (  454): send_active_notify: send clean nmea timer cmd!
01-27 17:46:01.608 D/        (  454): gps_control_thread: gps_control_thread wait
01-27 17:46:01.608 D/        (  454): mtk_gps_sys_gps_mnl_callback: MTK_GPS_MSG_FIX_READY,GET_RTC_FAIL
01-27 17:46:01.609 D/pseudo  (  454): mtk_gps_sys_nmea_output_to_app: len:46, [vAGPS_Auto_Req]:g_FirstDbtt:0,u2BitMap:0x12f
01-27 17:46:01.613 D/BTAdapterService( 1275): startConnect A8:6A:86:B3:96:EA
01-27 17:46:01.615 D/Car_CachedBluetoothDevice( 1275): Address:A8:6A:86:B3:96:EA Profile:HEADSET_CLIENT isPreferred : true
01-27 17:46:01.617 D/Car_CachedBluetoothDevice( 1275): connectInt, mDevice = A8:6A:86:B3:96:EA
01-27 17:46:01.618 D/BluetoothHeadsetClient( 1275): connect(A8:6A:86:B3:96:EA)
01-27 17:46:01.619 D/HeadsetClientStateMachine( 1139): Disconnected process message: 1
01-27 17:46:01.620 I/bt_btif_queue( 1139): queue_int_add: adding connection request: address=a8:6a:86:b3:96:ea UUID=111E busy=false
01-27 17:46:01.620 I/bt_btif_queue( 1139): btif_queue_connect_next: executing connection request: address=a8:6a:86:b3:96:ea UUID=111E busy=false
01-27 17:46:01.620 E/bt_btif ( 1139): is_connected: not connected!
01-27 17:46:01.620 W/bt_btif ( 1139): bta_hf_client_find_cb_by_bda: bdaddr mismatch for handle 0 alloc 0
01-27 17:46:01.620 E/bt_btif ( 1139): bta_hf_client_find_cb_by_bda: block not found
01-27 17:46:01.620 D/[BT]    (  342): mtk_bt_op: BT_VND_OP_LPM_WAKE_SET_STATE
01-27 17:46:01.624 I/McuService(  614): headset state changing to : 1
01-27 17:46:01.624 I/SourceService(  614): headset state changed. device : A8:6A:86:B3:96:EA, state : 1
01-27 17:46:01.625 V/BluetoothEventManager(  803): Received android.bluetooth.headsetclient.profile.action.CONNECTION_STATE_CHANGED
01-27 17:46:01.625 D/CachedBluetoothDevice(  803): onProfileStateChanged: profile HEADSET_CLIENT newProfileState 1
01-27 17:46:01.626 D/AdapterProperties( 1139): PROFILE_CONNECTION_STATE_CHANGE: profile=16, device=A8:6A:86:B3:96:EA, 0 -> 1
01-27 17:46:01.626 D/AdapterProperties( 1139): ADAPTER_CONNECTION_STATE_CHANGE: A8:6A:86:B3:96:EA: 0 -> 1
01-27 17:46:01.628 W/BroadcastQueue(  614): Background execution not allowed: receiving Intent { act=android.bluetooth.adapter.action.CONNECTION_STATE_CHANGED flg=0x4000010 (has extras) } to com.google.android.gms/.chimera.GmsIntentOperationService$PersistentTrustedReceiver
01-27 17:46:01.631 I/wpa_supplicant( 1219): wpa_driver_nl80211_driver_cmd: wlan0 recv cmd BTCOEXSCAN-START
01-27 17:46:01.633 D/Car_CachedBluetoothDevice( 1275): Command sent successfully:CONNECT Address:A8:6A:86:B3:96:EA Profile:HEADSET_CLIENT
01-27 17:46:01.635 D/Car_CachedBluetoothDevice( 1275): Address:A8:6A:86:B3:96:EA Profile:A2DPSink isPreferred : true
01-27 17:46:01.637 D/BluetoothController(  803): updateConnected: devices size=0 state=1
01-27 17:46:01.638 D/BluetoothController(  803): updateConnected: state=1 mConnectionState=0
01-27 17:46:01.638 D/Car_CachedBluetoothDevice( 1275): connectInt, mDevice = A8:6A:86:B3:96:EA
01-27 17:46:01.640 D/BluetoothController(  803): updateConnected: devices size=0 state=1
01-27 17:46:01.640 D/BluetoothController(  803): updateConnected: state=1 mConnectionState=1
01-27 17:46:01.641 D/BluetoothController(  803): updateConnected: devices size=0 state=1
01-27 17:46:01.641 D/BluetoothController(  803): updateConnected: state=1 mConnectionState=1
01-27 17:46:01.642 D/BluetoothA2dpSink( 1275): connect(A8:6A:86:B3:96:EA)
01-27 17:46:01.645 D/A2dpSinkStateMachine( 1139): Disconnected process message: 1
01-27 17:46:01.645 I/BluetoothA2dpSinkServiceJni( 1139): connectA2dpNative: sBluetoothA2dpInterface: 0x8f4a37d8
01-27 17:46:01.645 I/btif_av ( 1139): sink_connect_src: Peer a8:6a:86:b3:96:ea
01-27 17:46:01.645 D/A2dpSinkStateMachine( 1139): Exit Disconnected: 1
01-27 17:46:01.645 D/A2dpSinkStateMachine( 1139): Enter Pending: 1
01-27 17:46:01.646 I/bt_btif_queue( 1139): queue_int_add: adding connection request: address=a8:6a:86:b3:96:ea UUID=110B busy=false
01-27 17:46:01.646 I/bt_btif_queue( 1139): btif_queue_connect_next: executing connection request: address=a8:6a:86:b3:96:ea UUID=111E busy=true
01-27 17:46:01.648 V/BluetoothEventManager(  803): Received android.bluetooth.a2dp-sink.profile.action.CONNECTION_STATE_CHANGED
01-27 17:46:01.648 D/A2dpSinkStateMachine( 1139): Connection state A8:6A:86:B3:96:EA: 0->1
01-27 17:46:01.648 D/CachedBluetoothDevice(  803): onProfileStateChanged: profile A2DPSink newProfileState 1
01-27 17:46:01.649 D/AdapterProperties( 1139): PROFILE_CONNECTION_STATE_CHANGE: profile=11, device=A8:6A:86:B3:96:EA, 0 -> 1
01-27 17:46:01.649 D/Car_CachedBluetoothDevice( 1275): Command sent successfully:CONNECT Address:A8:6A:86:B3:96:EA Profile:A2DPSink
01-27 17:46:01.649 D/Car_CachedBluetoothDevice( 1275): Address:A8:6A:86:B3:96:EA Profile:PAN isPreferred : true
01-27 17:46:01.650 D/Car_CachedBluetoothDevice( 1275): connectInt, mDevice = A8:6A:86:B3:96:EA
01-27 17:46:01.651 D/BluetoothPan( 1275): connect(A8:6A:86:B3:96:EA)
01-27 17:46:01.652 D/BluetoothPanServiceJni( 1139): connectPanNative(L193): in
01-27 17:46:01.652 D/Car_CachedBluetoothDevice( 1275): Command sent successfully:CONNECT Address:A8:6A:86:B3:96:EA Profile:PAN
01-27 17:46:01.652 I/bt_stack( 1139): [INFO:pan_api.cc(355)] PAN_Connect for BD Addr: a8:6a:86:b3:96:ea
01-27 17:46:01.652 I/bt_stack( 1139): [INFO:bnep_api.cc(133)] BNEP_Connect BDA:a8:6a:86:b3:96:ea
01-27 17:46:01.653 D/BluetoothPanServiceJni( 1139): connection_state_callback(L82): state:1, local_role:2, remote_role:1
01-27 17:46:01.654 I/PanService( 1139): state 1 Num of connected pan devices: 0
01-27 17:46:01.654 D/PanService( 1139): handlePanDeviceStateChange preState: 0 state: 1
01-27 17:46:01.654 D/PanService( 1139): handlePanDeviceStateChange LOCAL_PANU_ROLE:REMOTE_NAP_ROLE state = 1, prevState = 0
01-27 17:46:01.654 D/PanService( 1139): Pan Device state : device: A8:6A:86:B3:96:EA State:0->1
01-27 17:46:01.657 D/Car_CachedBluetoothDevice( 1275): Address:A8:6A:86:B3:96:EA Profile:PbapClient isPreferred : true
01-27 17:46:01.658 D/AdapterProperties( 1139): PROFILE_CONNECTION_STATE_CHANGE: profile=5, device=A8:6A:86:B3:96:EA, 0 -> 1
01-27 17:46:01.659 D/BufferQueueProducer(  383): [StatusBar#0](this:0xa7e43000,id:5,api:1,p:803,c:383) queueBuffer: fps=1.83 dur=1639.81 max=1605.13 min=14.96
01-27 17:46:01.660 D/BluetoothController(  803): updateConnected: devices size=0 state=1
01-27 17:46:01.661 D/BluetoothController(  803): updateConnected: state=1 mConnectionState=1
01-27 17:46:01.661 D/Car_CachedBluetoothDevice( 1275): connectInt, mDevice = A8:6A:86:B3:96:EA
01-27 17:46:01.662 D/PbapClientProfile( 1275): PBAPClientProfile attempting to connect to A8:6A:86:B3:96:EA
01-27 17:46:01.663 D/PbapClientService( 1139): Received request to ConnectPBAPPhonebook A8:6A:86:B3:96:EA
01-27 17:46:01.664 D/PbapClientStateMachine( 1139): Connection state A8:6A:86:B3:96:EA: 0->1
01-27 17:46:01.664 D/Car_CachedBluetoothDevice( 1275): Command sent successfully:CONNECT Address:A8:6A:86:B3:96:EA Profile:PbapClient
01-27 17:46:01.664 D/Car_CachedBluetoothDevice( 1275): Preferred profiles = 4
01-27 17:46:01.664 D/BTAdapterService( 1275): onReceive: HFP ACTION_CONNECTION_STATE_CHANGED 1
01-27 17:46:01.666 D/BTAdapterService( 1275): callListener: count=0
01-27 17:46:01.666 I/HfpClientService( 1275): onReceive:android.bluetooth.headsetclient.profile.action.CONNECTION_STATE_CHANGED
01-27 17:46:01.666 V/BluetoothEventManager( 1275): Received android.bluetooth.headsetclient.profile.action.CONNECTION_STATE_CHANGED
01-27 17:46:01.666 D/CachedBluetoothDeviceManager( 1275): findDevice() == A8:6A:86:B3:96:EA
01-27 17:46:01.666 D/CachedBluetoothDeviceManager( 1275): findDevice() mCachedDevices size == 3
01-27 17:46:01.666 D/CachedBluetoothDeviceManager( 1275): findDevice() mCachedDevices == A8:6A:86:B3:96:EA
01-27 17:46:01.666 D/Car_LocalBluetoothProfileManager( 1275): StateChangedHandler cachedDevice ==A8:6A:86:B3:96:EA
01-27 17:46:01.666 D/Car_CachedBluetoothDevice( 1275): onProfileStateChanged: profile HEADSET_CLIENT newProfileState 1
01-27 17:46:01.666 D/BluetoothController(  803): updateConnected: devices size=0 state=1
01-27 17:46:01.667 D/BluetoothController(  803): updateConnected: state=1 mConnectionState=1
01-27 17:46:01.667 D/AdapterProperties( 1139): PROFILE_CONNECTION_STATE_CHANGE: profile=17, device=A8:6A:86:B3:96:EA, 0 -> 1
01-27 17:46:01.668 V/LocalBluetoothAdapter( 1275): getBluetoothState mState:12
01-27 17:46:01.668 V/BluetoothEventManager(  803): Received android.bluetooth.pan.profile.action.CONNECTION_STATE_CHANGED
01-27 17:46:01.668 D/LocalBluetoothProfileManager(  803): pan profile state change, role is 2
01-27 17:46:01.669 D/CachedBluetoothDevice(  803): onProfileStateChanged: profile PAN newProfileState 1
01-27 17:46:01.670 D/Car_CachedBluetoothDevice( 1275): localUuids : [Landroid.os.ParcelUuid;@e02d422 isA2dpSinkSupport : true
01-27 17:46:01.670 V/BluetoothEventManager( 1275): Received android.bluetooth.adapter.action.CONNECTION_STATE_CHANGED
01-27 17:46:01.671 D/CachedBluetoothDeviceManager( 1275): findDevice() == A8:6A:86:B3:96:EA
01-27 17:46:01.671 D/CachedBluetoothDeviceManager( 1275): findDevice() mCachedDevices size == 3
01-27 17:46:01.671 D/CachedBluetoothDeviceManager( 1275): findDevice() mCachedDevices == A8:6A:86:B3:96:EA
01-27 17:46:01.671 D/BTAdapterService( 1275): a2dpsink connectstatus:1
01-27 17:46:01.673 D/BluetoothMusicService( 1275): A2dpStateChanged:1
01-27 17:46:01.673 V/BluetoothEventManager( 1275): Received android.bluetooth.a2dp-sink.profile.action.CONNECTION_STATE_CHANGED
01-27 17:46:01.673 D/CachedBluetoothDeviceManager( 1275): findDevice() == A8:6A:86:B3:96:EA
01-27 17:46:01.673 D/CachedBluetoothDeviceManager( 1275): findDevice() mCachedDevices size == 3
01-27 17:46:01.673 D/CachedBluetoothDeviceManager( 1275): findDevice() mCachedDevices == A8:6A:86:B3:96:EA
01-27 17:46:01.673 D/Car_LocalBluetoothProfileManager( 1275): StateChangedHandler cachedDevice ==A8:6A:86:B3:96:EA
01-27 17:46:01.673 D/Car_CachedBluetoothDevice( 1275): onProfileStateChanged: profile A2DPSink newProfileState 1
01-27 17:46:01.673 D/SdpManager( 1139): Starting search for UUID: 0000112f-0000-1000-8000-00805f9b34fb
01-27 17:46:01.674 I/PhoneStatusBarPolicy(  803): bluetooth pan state changed by system, state : 1
01-27 17:46:01.676 V/LocalBluetoothAdapter( 1275): getBluetoothState mState:12
01-27 17:46:01.677 D/BluetoothSdpJni( 1139): sdpSearchNative
01-27 17:46:01.678 D/BluetoothSdpJni( 1139): sdpSearchNative UUID 
01-27 17:46:01.678 W/bt_sdp  ( 1139): one SDP - active on cid = 5d 
01-27 17:46:01.680 D/Car_CachedBluetoothDevice( 1275): localUuids : [Landroid.os.ParcelUuid;@822deb3 isA2dpSinkSupport : true
01-27 17:46:01.680 D/A2dpRoleSwitcher( 1275): [changeProfileState] profile : A2DPSink, device : A8:6A:86:B3:96:EA, state : 1
01-27 17:46:01.680 D/BluetoothController(  803): updateConnected: devices size=0 state=1
01-27 17:46:01.680 D/BluetoothController(  803): updateConnected: state=1 mConnectionState=1
01-27 17:46:01.680 D/BTAdapterService( 1275): onReceive: PanProfile state=1
01-27 17:46:01.680 V/BluetoothEventManager( 1275): Received android.bluetooth.pan.profile.action.CONNECTION_STATE_CHANGED
01-27 17:46:01.680 D/Car_LocalBluetoothProfileManager( 1275): pan profile state change, role is 2
01-27 17:46:01.680 D/CachedBluetoothDeviceManager( 1275): findDevice() == A8:6A:86:B3:96:EA
01-27 17:46:01.680 D/CachedBluetoothDeviceManager( 1275): findDevice() mCachedDevices size == 3
01-27 17:46:01.680 D/CachedBluetoothDeviceManager( 1275): findDevice() mCachedDevices == A8:6A:86:B3:96:EA
01-27 17:46:01.680 D/Car_LocalBluetoothProfileManager( 1275): StateChangedHandler cachedDevice ==A8:6A:86:B3:96:EA
01-27 17:46:01.680 D/Car_CachedBluetoothDevice( 1275): onProfileStateChanged: profile PAN newProfileState 1
01-27 17:46:01.681 V/LocalBluetoothAdapter( 1275): getBluetoothState mState:12
01-27 17:46:01.682 D/Car_CachedBluetoothDevice( 1275): localUuids : [Landroid.os.ParcelUuid;@8258c70 isA2dpSinkSupport : true
01-27 17:46:01.682 D/BluetoothPbapClientHelper( 1275): callPbapListener: count=0
01-27 17:46:01.682 V/BluetoothEventManager( 1275): Received android.bluetooth.pbapclient.profile.action.CONNECTION_STATE_CHANGED
01-27 17:46:01.682 D/CachedBluetoothDeviceManager( 1275): findDevice() == A8:6A:86:B3:96:EA
01-27 17:46:01.682 D/CachedBluetoothDeviceManager( 1275): findDevice() mCachedDevices size == 3
01-27 17:46:01.682 D/CachedBluetoothDeviceManager( 1275): findDevice() mCachedDevices == A8:6A:86:B3:96:EA
01-27 17:46:01.682 D/Car_LocalBluetoothProfileManager( 1275): StateChangedHandler cachedDevice ==A8:6A:86:B3:96:EA
01-27 17:46:01.682 D/Car_CachedBluetoothDevice( 1275): onProfileStateChanged: profile PbapClient newProfileState 1
01-27 17:46:01.683 D/BluetoothController(  803): updateConnected: devices size=0 state=1
01-27 17:46:01.683 D/BluetoothController(  803): updateConnected: state=1 mConnectionState=1
01-27 17:46:01.683 V/LocalBluetoothAdapter( 1275): getBluetoothState mState:12
01-27 17:46:01.684 D/Car_CachedBluetoothDevice( 1275): localUuids : [Landroid.os.ParcelUuid;@7671be9 isA2dpSinkSupport : true
01-27 17:46:01.684 D/XNM_007 ( 1139): now Bt address=A8:6A:86:B3:96:EA preAddress=A8:6A:86:B3:96:EA
01-27 17:46:01.684 D/XNM_007 ( 1139): same bt notifyDBReady
01-27 17:46:01.956 I/ActivityManager(  614): Start proc 17609:com.zjinnova.zlink/u0a115 for service com.zjinnova.zlink/com.zjinnova.android.zlink.features.service.DaemonService
01-27 17:46:01.969 E/.zjinnova.zlin(17609): Not starting debugger since process cannot load the jdwp agent.
01-27 17:46:02.008 I/.zjinnova.zlin(17609): The ClassLoaderContext is a special shared library.
01-27 17:46:02.014 W/.zjinnova.zlin(17609): JIT profile information will not be recorded: profile file does not exits.
01-27 17:46:02.029 W/System.err(17609): java.io.FileNotFoundException: /data/user/0/com.zjinnova.zlink/files/prodexdir/tosversion: open failed: EACCES (Permission denied)
01-27 17:46:02.030 W/System.err(17609): 	at libcore.io.IoBridge.open(IoBridge.java:485)
01-27 17:46:02.030 W/System.err(17609): 	at java.io.RandomAccessFile.<init>(RandomAccessFile.java:288)
01-27 17:46:02.030 W/System.err(17609): 	at java.io.RandomAccessFile.<init>(RandomAccessFile.java:151)
01-27 17:46:02.030 W/System.err(17609): 	at com.wrapper.proxyapplication.Util.PrepareSecurefiles(Util.java:362)
01-27 17:46:02.030 W/System.err(17609): 	at com.zjinnova.zlink.MyWrapperProxyApplication.initProxyApplication(MyWrapperProxyApplication.java:33)
01-27 17:46:02.030 W/System.err(17609): 	at com.wrapper.proxyapplication.WrapperProxyApplication.attachBaseContext(WrapperProxyApplication.java:459)
01-27 17:46:02.030 W/System.err(17609): 	at android.app.Application.attach(Application.java:212)
01-27 17:46:02.030 W/System.err(17609): 	at android.app.Instrumentation.newApplication(Instrumentation.java:1121)
01-27 17:46:02.030 W/System.err(17609): 	at android.app.LoadedApk.makeApplication(LoadedApk.java:1064)
01-27 17:46:02.030 W/System.err(17609): 	at android.app.ActivityThread.handleBindApplication(ActivityThread.java:5873)
01-27 17:46:02.030 W/System.err(17609): 	at android.app.ActivityThread.access$1200(ActivityThread.java:206)
01-27 17:46:02.030 W/System.err(17609): 	at android.app.ActivityThread$H.handleMessage(ActivityThread.java:1678)
01-27 17:46:02.030 W/System.err(17609): 	at android.os.Handler.dispatchMessage(Handler.java:106)
01-27 17:46:02.030 W/System.err(17609): 	at android.os.Looper.loop(Looper.java:193)
01-27 17:46:02.030 W/System.err(17609): 	at android.app.ActivityThread.main(ActivityThread.java:6702)
01-27 17:46:02.030 W/System.err(17609): 	at java.lang.reflect.Method.invoke(Native Method)
01-27 17:46:02.030 W/System.err(17609): 	at com.android.internal.os.RuntimeInit$MethodAndArgsCaller.run(RuntimeInit.java:493)
01-27 17:46:02.030 W/System.err(17609): 	at com.android.internal.os.ZygoteInit.main(ZygoteInit.java:911)
01-27 17:46:02.030 W/System.err(17609): Caused by: android.system.ErrnoException: open failed: EACCES (Permission denied)
01-27 17:46:02.031 W/System.err(17609): 	at libcore.io.Linux.open(Native Method)
01-27 17:46:02.031 W/System.err(17609): 	at libcore.io.BlockGuardOs.open(BlockGuardOs.java:210)
01-27 17:46:02.031 W/System.err(17609): 	at libcore.io.IoBridge.open(IoBridge.java:471)
01-27 17:46:02.031 W/System.err(17609): 	... 17 more
01-27 17:46:02.031 W/System.err(17609): java.io.FileNotFoundException: /data/user/0/com.zjinnova.zlink/files/prodexdir/tosversion (Permission denied)
01-27 17:46:02.032 W/System.err(17609): 	at java.io.FileOutputStream.open0(Native Method)
01-27 17:46:02.032 W/System.err(17609): 	at java.io.FileOutputStream.open(FileOutputStream.java:308)
01-27 17:46:02.032 W/System.err(17609): 	at java.io.FileOutputStream.<init>(FileOutputStream.java:238)
01-27 17:46:02.032 W/System.err(17609): 	at java.io.FileOutputStream.<init>(FileOutputStream.java:180)
01-27 17:46:02.032 W/System.err(17609): 	at com.wrapper.proxyapplication.Util.UnzipFile(Util.java:205)
01-27 17:46:02.032 W/System.err(17609): 	at com.wrapper.proxyapplication.Util.PrepareSecurefiles(Util.java:554)
01-27 17:46:02.032 W/System.err(17609): 	at com.zjinnova.zlink.MyWrapperProxyApplication.initProxyApplication(MyWrapperProxyApplication.java:33)
01-27 17:46:02.032 W/System.err(17609): 	at com.wrapper.proxyapplication.WrapperProxyApplication.attachBaseContext(WrapperProxyApplication.java:459)
01-27 17:46:02.032 W/System.err(17609): 	at android.app.Application.attach(Application.java:212)
01-27 17:46:02.032 W/System.err(17609): 	at android.app.Instrumentation.newApplication(Instrumentation.java:1121)
01-27 17:46:02.032 W/System.err(17609): 	at android.app.LoadedApk.makeApplication(LoadedApk.java:1064)
01-27 17:46:02.032 W/System.err(17609): 	at android.app.ActivityThread.handleBindApplication(ActivityThread.java:5873)
01-27 17:46:02.032 W/System.err(17609): 	at android.app.ActivityThread.access$1200(ActivityThread.java:206)
01-27 17:46:02.032 W/System.err(17609): 	at android.app.ActivityThread$H.handleMessage(ActivityThread.java:1678)
01-27 17:46:02.032 W/System.err(17609): 	at android.os.Handler.dispatchMessage(Handler.java:106)
01-27 17:46:02.032 W/System.err(17609): 	at android.os.Looper.loop(Looper.java:193)
01-27 17:46:02.032 W/System.err(17609): 	at android.app.ActivityThread.main(ActivityThread.java:6702)
01-27 17:46:02.032 W/System.err(17609): 	at java.lang.reflect.Method.invoke(Native Method)
01-27 17:46:02.032 W/System.err(17609): 	at com.android.internal.os.RuntimeInit$MethodAndArgsCaller.run(RuntimeInit.java:493)
01-27 17:46:02.032 W/System.err(17609): 	at com.android.internal.os.ZygoteInit.main(ZygoteInit.java:911)
01-27 17:46:02.050 D/NuPlayerDriver(  477): notifyListener_l(0xb1a2e8c0), (211, 0, 0, 20), loop setting(0, 0)
01-27 17:46:02.080 D/RadioLogos(17302): Checking: /sdcard/RadioLogos/89100.png
01-27 17:46:02.080 D/RadioLogos(17302): FOUND: /sdcard/RadioLogos/89100.png
01-27 17:46:02.080 D/RadioLogos(17302): Checking: /sdcard/RadioLogos/89100.png
01-27 17:46:02.080 D/RadioLogos(17302): FOUND: /sdcard/RadioLogos/89100.png
01-27 17:46:02.094 D/BufferQueueProducer(  383): [altergames.carlauncher/altergames.carlauncher.MainActivity#0](this:0xa8010000,id:134,api:1,p:1327,c:383) queueBuffer: fps=1.01 dur=1989.89 max=1000.77 min=989.13
01-27 17:46:02.129 D/DisplayManagerService(  614): Display listener for pid 17609 died.
01-27 17:46:02.130 I/ActivityManager(  614): Process com.zjinnova.zlink (pid 17609) has died: fore SVC 
01-27 17:46:02.130 W/libprocessgroup(  614): kill(-17609, 9) failed: No such process
01-27 17:46:02.130 W/ActivityManager(  614): Scheduling restart of crashed service com.zjinnova.zlink/com.zjinnova.android.zlink.features.service.DaemonService in 4000ms
01-27 17:46:02.130 I/libprocessgroup(  614): Successfully killed process cgroup uid 10115 pid 17609 in 0ms
01-27 17:46:02.132 I/SourceService(  614): Activity DIED(), com.zjinnova.zlink | com.zjinnova.zlink
01-27 17:46:02.543 D/SurfaceFlinger(  383): [Built-in Screen (type:0)] fps:4.197434,dur:1429.44,max:557.72,min:17.32
01-27 17:46:02.564 D/RadioLogos(17302): Checking: /sdcard/RadioLogos/89100.png
01-27 17:46:02.565 D/RadioLogos(17302): FOUND: /sdcard/RadioLogos/89100.png
01-27 17:46:02.565 D/RadioLogos(17302): Checking: /sdcard/RadioLogos/89100.png
01-27 17:46:02.565 D/RadioLogos(17302): FOUND: /sdcard/RadioLogos/89100.png
01-27 17:46:02.578 D/        (  454): mtk_gps_sys_agps_disaptcher_callback: wn, tow, sys_time = 2293, 233180, 1769532362,bitmap:0x1
01-27 17:46:02.578 W/        (  454): qepo_event_hdlr: mnld_qepo_download() before
01-27 17:46:02.578 D/        (  454): curl_easy_download_quarter_epo: curl_easy_download_quarter_epo
01-27 17:46:02.578 D/        (  454): mtk_epo_is_expired: current time: 1769528762, current time:Tue Jan 27 16:46:02 2026
01-27 17:46:02.578 D/        (  454): mtk_epo_is_expired: EPO start time: 1769468400, EPO start time: Tue Jan 27 00:00:00 2026
01-27 17:46:02.578 D/        (  454): mtk_epo_is_expired: EPO file is valid, no need update
01-27 17:46:02.578 D/        (  454): getQepoUrl: url = https://pgepodownload.mediatek.com/QG_R.DAT?retryCount=0
01-27 17:46:02.581 D/pseudo  (  454): mtk_gps_sys_nmea_output_to_mnld: received 467 bytes:
01-27 17:46:02.581 D/pseudo  (  454): mtk_gps_sys_nmea_output_to_app: len:467, [NMEA]$GPGGA,164603.08...
01-27 17:46:02.581 D/        (  454): mtk_gps_sys_gps_mnl_callback: msg:0
01-27 17:46:02.581 D/        (  454): send_active_notify: send clean nmea timer cmd!
01-27 17:46:02.581 D/        (  454): mtk_gps_sys_gps_mnl_callback: MTK_GPS_MSG_FIX_READY,GET_RTC_FAIL
01-27 17:46:02.581 D/        (  454): gps_control_thread: gps_control_thread wait
01-27 17:46:02.581 D/pseudo  (  454): mtk_gps_sys_nmea_output_to_app: len:46, [vAGPS_Auto_Req]:g_FirstDbtt:0,u2BitMap:0x12f
01-27 17:46:02.596 I/GnssLocationProvider(  614): WakeLock acquired by sendMessage(REPORT_SV_STATUS, 0, com.android.server.location.GnssLocationProvider$SvStatusInfo@bbb6a23)
01-27 17:46:02.599 I/GnssLocationProvider(  614): WakeLock released by handleMessage(REPORT_SV_STATUS, 0, com.android.server.location.GnssLocationProvider$SvStatusInfo@bbb6a23)
01-27 17:46:02.806 W/ps      (17633): type=1400 audit(0.0:11438): avc: denied { getattr } for path="/dev/console" dev="tmpfs" ino=10322 scontext=u:r:z-link:s0 tcontext=u:object_r:console_device:s0 tclass=chr_file permissive=0
01-27 17:46:02.806 I/chatty  (17633): uid=0(root) ps identical 1 line
01-27 17:46:02.806 W/ps      (17633): type=1400 audit(0.0:11440): avc: denied { getattr } for path="/dev/console" dev="tmpfs" ino=10322 scontext=u:r:z-link:s0 tcontext=u:object_r:console_device:s0 tclass=chr_file permissive=0
01-27 17:46:02.809 W/ps      (17633): type=1400 audit(0.0:11441): avc: denied { read } for name="drivers" dev="proc" ino=4026531853 scontext=u:r:z-link:s0 tcontext=u:object_r:proc_tty_drivers:s0 tclass=file permissive=0
01-27 17:46:02.839 W/ps      (17633): type=1400 audit(0.0:11442): avc: denied { getattr } for path="/dev/pts/1" dev="devpts" ino=4 scontext=u:r:z-link:s0 tcontext=u:object_r:devpts:s0 tclass=chr_file permissive=0
01-27 17:46:02.882 D/btopt   (  776): zlink wake_up_apk_server: cmd = 'export PATH=$PATH:/system/bin/;am start-service -a "zjinnova.android.intent.action.ZLINK_SERVICE" &'
01-27 17:46:02.959 I/ActivityManager(  614): Start proc 17643:com.zjinnova.zlink/u0a115 for service com.zjinnova.zlink/com.zjinnova.android.zlink.features.service.DaemonService
01-27 17:46:02.975 E/.zjinnova.zlin(17643): Not starting debugger since process cannot load the jdwp agent.
01-27 17:46:03.015 I/.zjinnova.zlin(17643): The ClassLoaderContext is a special shared library.
01-27 17:46:03.021 W/.zjinnova.zlin(17643): JIT profile information will not be recorded: profile file does not exits.
01-27 17:46:03.036 W/System.err(17643): java.io.FileNotFoundException: /data/user/0/com.zjinnova.zlink/files/prodexdir/tosversion: open failed: EACCES (Permission denied)
01-27 17:46:03.036 W/System.err(17643): 	at libcore.io.IoBridge.open(IoBridge.java:485)
01-27 17:46:03.036 W/System.err(17643): 	at java.io.RandomAccessFile.<init>(RandomAccessFile.java:288)
01-27 17:46:03.036 W/System.err(17643): 	at java.io.RandomAccessFile.<init>(RandomAccessFile.java:151)
01-27 17:46:03.036 W/System.err(17643): 	at com.wrapper.proxyapplication.Util.PrepareSecurefiles(Util.java:362)
01-27 17:46:03.036 W/System.err(17643): 	at com.zjinnova.zlink.MyWrapperProxyApplication.initProxyApplication(MyWrapperProxyApplication.java:33)
01-27 17:46:03.037 W/System.err(17643): 	at com.wrapper.proxyapplication.WrapperProxyApplication.attachBaseContext(WrapperProxyApplication.java:459)
01-27 17:46:03.037 W/System.err(17643): 	at android.app.Application.attach(Application.java:212)
01-27 17:46:03.037 W/System.err(17643): 	at android.app.Instrumentation.newApplication(Instrumentation.java:1121)
01-27 17:46:03.037 W/System.err(17643): 	at android.app.LoadedApk.makeApplication(LoadedApk.java:1064)
01-27 17:46:03.037 W/System.err(17643): 	at android.app.ActivityThread.handleBindApplication(ActivityThread.java:5873)
01-27 17:46:03.037 W/System.err(17643): 	at android.app.ActivityThread.access$1200(ActivityThread.java:206)
01-27 17:46:03.037 W/System.err(17643): 	at android.app.ActivityThread$H.handleMessage(ActivityThread.java:1678)
01-27 17:46:03.037 W/System.err(17643): 	at android.os.Handler.dispatchMessage(Handler.java:106)
01-27 17:46:03.037 W/System.err(17643): 	at android.os.Looper.loop(Looper.java:193)
01-27 17:46:03.037 W/System.err(17643): 	at android.app.ActivityThread.main(ActivityThread.java:6702)
01-27 17:46:03.037 W/System.err(17643): 	at java.lang.reflect.Method.invoke(Native Method)
01-27 17:46:03.037 W/System.err(17643): 	at com.android.internal.os.RuntimeInit$MethodAndArgsCaller.run(RuntimeInit.java:493)
01-27 17:46:03.037 W/System.err(17643): 	at com.android.internal.os.ZygoteInit.main(ZygoteInit.java:911)
01-27 17:46:03.037 W/System.err(17643): Caused by: android.system.ErrnoException: open failed: EACCES (Permission denied)
01-27 17:46:03.037 W/System.err(17643): 	at libcore.io.Linux.open(Native Method)
01-27 17:46:03.037 W/System.err(17643): 	at libcore.io.BlockGuardOs.open(BlockGuardOs.java:210)
01-27 17:46:03.037 W/System.err(17643): 	at libcore.io.IoBridge.open(IoBridge.java:471)
01-27 17:46:03.037 W/System.err(17643): 	... 17 more
01-27 17:46:03.038 W/System.err(17643): java.io.FileNotFoundException: /data/user/0/com.zjinnova.zlink/files/prodexdir/tosversion (Permission denied)
01-27 17:46:03.038 W/System.err(17643): 	at java.io.FileOutputStream.open0(Native Method)
01-27 17:46:03.038 W/System.err(17643): 	at java.io.FileOutputStream.open(FileOutputStream.java:308)
01-27 17:46:03.038 W/System.err(17643): 	at java.io.FileOutputStream.<init>(FileOutputStream.java:238)
01-27 17:46:03.038 W/System.err(17643): 	at java.io.FileOutputStream.<init>(FileOutputStream.java:180)
01-27 17:46:03.038 W/System.err(17643): 	at com.wrapper.proxyapplication.Util.UnzipFile(Util.java:205)
01-27 17:46:03.038 W/System.err(17643): 	at com.wrapper.proxyapplication.Util.PrepareSecurefiles(Util.java:554)
01-27 17:46:03.038 W/System.err(17643): 	at com.zjinnova.zlink.MyWrapperProxyApplication.initProxyApplication(MyWrapperProxyApplication.java:33)
01-27 17:46:03.038 W/System.err(17643): 	at com.wrapper.proxyapplication.WrapperProxyApplication.attachBaseContext(WrapperProxyApplication.java:459)
01-27 17:46:03.038 W/System.err(17643): 	at android.app.Application.attach(Application.java:212)
01-27 17:46:03.038 W/System.err(17643): 	at android.app.Instrumentation.newApplication(Instrumentation.java:1121)
01-27 17:46:03.038 W/System.err(17643): 	at android.app.LoadedApk.makeApplication(LoadedApk.java:1064)
01-27 17:46:03.038 W/System.err(17643): 	at android.app.ActivityThread.handleBindApplication(ActivityThread.java:5873)
01-27 17:46:03.038 W/System.err(17643): 	at android.app.ActivityThread.access$1200(ActivityThread.java:206)
01-27 17:46:03.039 W/System.err(17643): 	at android.app.ActivityThread$H.handleMessage(ActivityThread.java:1678)
01-27 17:46:03.039 W/System.err(17643): 	at android.os.Handler.dispatchMessage(Handler.java:106)
01-27 17:46:03.039 W/System.err(17643): 	at android.os.Looper.loop(Looper.java:193)
01-27 17:46:03.039 W/System.err(17643): 	at android.app.ActivityThread.main(ActivityThread.java:6702)
01-27 17:46:03.039 W/System.err(17643): 	at java.lang.reflect.Method.invoke(Native Method)
01-27 17:46:03.039 W/System.err(17643): 	at com.android.internal.os.RuntimeInit$MethodAndArgsCaller.run(RuntimeInit.java:493)
01-27 17:46:03.039 W/System.err(17643): 	at com.android.internal.os.ZygoteInit.main(ZygoteInit.java:911)
01-27 17:46:03.096 D/BufferQueueProducer(  383): [altergames.carlauncher/altergames.carlauncher.MainActivity#0](this:0xa8010000,id:134,api:1,p:1327,c:383) queueBuffer: fps=2.00 dur=1002.31 max=559.60 min=442.71
01-27 17:46:03.122 D/RadioLogos(17302): Checking: /sdcard/RadioLogos/89100.png
01-27 17:46:03.123 D/RadioLogos(17302): FOUND: /sdcard/RadioLogos/89100.png
01-27 17:46:03.123 D/RadioLogos(17302): Checking: /sdcard/RadioLogos/89100.png
01-27 17:46:03.123 D/RadioLogos(17302): FOUND: /sdcard/RadioLogos/89100.png
01-27 17:46:03.131 D/DisplayManagerService(  614): Display listener for pid 17643 died.
01-27 17:46:03.132 I/ActivityManager(  614): Process com.zjinnova.zlink (pid 17643) has died: fore SVC 
01-27 17:46:03.132 W/ActivityManager(  614): Canceling start item Intent { act=zjinnova.android.intent.action.ZLINK_SERVICE } in service ComponentInfo{com.zjinnova.zlink/com.zjinnova.android.zlink.features.service.DaemonService}
01-27 17:46:03.132 W/ActivityManager(  614): Scheduling restart of crashed service com.zjinnova.zlink/com.zjinnova.android.zlink.features.service.DaemonService in 1000ms
01-27 17:46:03.134 W/libprocessgroup(  614): kill(-17643, 9) failed: No such process
01-27 17:46:03.134 I/libprocessgroup(  614): Successfully killed process cgroup uid 10115 pid 17643 in 2ms
01-27 17:46:03.135 I/SourceService(  614): Activity DIED(), com.zjinnova.zlink | com.zjinnova.zlink
01-27 17:46:03.504 D/OpenSSLLib(  454): OpensslErr:Module:9(110:); file:external/boringssl/src/crypto/pem/pem_lib.c ;Line:621;Function:PEM_read_bio
01-27 17:46:03.563 D/RadioLogos(17302): Checking: /sdcard/RadioLogos/89100.png
01-27 17:46:03.563 D/RadioLogos(17302): FOUND: /sdcard/RadioLogos/89100.png
01-27 17:46:03.563 D/RadioLogos(17302): Checking: /sdcard/RadioLogos/89100.png
01-27 17:46:03.563 D/RadioLogos(17302): FOUND: /sdcard/RadioLogos/89100.png
01-27 17:46:03.580 D/pseudo  (  454): mtk_gps_sys_nmea_output_to_mnld: received 467 bytes:
01-27 17:46:03.580 D/pseudo  (  454): mtk_gps_sys_nmea_output_to_app: len:467, [NMEA]$GPGGA,164604.08...
01-27 17:46:03.580 D/        (  454): mtk_gps_sys_gps_mnl_callback: msg:0
01-27 17:46:03.580 D/        (  454): send_active_notify: send clean nmea timer cmd!
01-27 17:46:03.580 D/        (  454): mtk_gps_sys_gps_mnl_callback: MTK_GPS_MSG_FIX_READY,GET_RTC_FAIL
01-27 17:46:03.580 D/pseudo  (  454): mtk_gps_sys_nmea_output_to_app: len:46, [vAGPS_Auto_Req]:g_FirstDbtt:0,u2BitMap:0x12f
01-27 17:46:03.581 D/        (  454): gps_control_thread: gps_control_thread wait
01-27 17:46:03.584 I/GnssLocationProvider(  614): WakeLock acquired by sendMessage(REPORT_SV_STATUS, 0, com.android.server.location.GnssLocationProvider$SvStatusInfo@3350b20)
01-27 17:46:03.585 I/GnssLocationProvider(  614): WakeLock released by handleMessage(REPORT_SV_STATUS, 0, com.android.server.location.GnssLocationProvider$SvStatusInfo@3350b20)
01-27 17:46:03.686 V/AlarmManager(  614): Past alarm, need to trigger immediatly (min_futurity)
01-27 17:46:03.956 D/        (  454): curl_easy_download_quarter_epo: qepo file curl_easy_download res = 0
01-27 17:46:03.956 D/        (  454): is_quarter_epo_valid: The start time of QEPO file is Tue Jan 27 12:00:00 2026
01-27 17:46:03.957 D/        (  454): is_quarter_epo_valid: GPS time: Tue Dec 19 16:46:20 2023
01-27 17:46:03.957 D/        (  454): qepo_file_update_impl: qepo download failed try again, try_time = 2
01-27 17:46:03.957 D/        (  454): curl_easy_download_quarter_epo: curl_easy_download_quarter_epo
01-27 17:46:03.958 D/        (  454): mtk_epo_is_expired: current time: 1769528763, current time:Tue Jan 27 16:46:03 2026
01-27 17:46:03.958 D/        (  454): mtk_epo_is_expired: EPO start time: 1769468400, EPO start time: Tue Jan 27 00:00:00 2026
01-27 17:46:03.958 D/        (  454): mtk_epo_is_expired: EPO file is valid, no need update
01-27 17:46:03.958 D/        (  454): getQepoUrl: url = https://pgepodownload.mediatek.com/QG_R.DAT?retryCount=0
01-27 17:46:04.064 D/RadioLogos(17302): Checking: /sdcard/RadioLogos/89100.png
01-27 17:46:04.064 D/RadioLogos(17302): FOUND: /sdcard/RadioLogos/89100.png
01-27 17:46:04.064 D/RadioLogos(17302): Checking: /sdcard/RadioLogos/89100.png
01-27 17:46:04.064 D/RadioLogos(17302): FOUND: /sdcard/RadioLogos/89100.png
01-27 17:46:04.135 D/BufferQueueProducer(  383): [altergames.carlauncher/altergames.carlauncher.MainActivity#0](this:0xa8010000,id:134,api:1,p:1327,c:383) queueBuffer: fps=0.97 dur=1035.69 max=1035.69 min=1035.69
01-27 17:46:04.146 D/SurfaceFlinger(  383): [Built-in Screen (type:0)] fps:1.247056,dur:1603.78,max:1045.87,min:557.90
01-27 17:46:03.686 V/AlarmManager(  614): Past alarm, need to trigger immediatly (min_futurity)
01-27 17:46:04.157 I/ActivityManager(  614): Start proc 17664:com.zjinnova.zlink/u0a115 for service com.zjinnova.zlink/com.zjinnova.android.zlink.features.service.DaemonService
01-27 17:46:04.175 E/.zjinnova.zlin(17664): Not starting debugger since process cannot load the jdwp agent.
01-27 17:46:04.236 I/.zjinnova.zlin(17664): The ClassLoaderContext is a special shared library.
01-27 17:46:04.244 W/.zjinnova.zlin(17664): JIT profile information will not be recorded: profile file does not exits.
01-27 17:46:04.245 E/WifiVendorHal(  614): getWifiLinkLayerStats(l.937) failed {.code = ERROR_NOT_SUPPORTED, .description = }
01-27 17:46:04.259 W/System.err(17664): java.io.FileNotFoundException: /data/user/0/com.zjinnova.zlink/files/prodexdir/tosversion: open failed: EACCES (Permission denied)
01-27 17:46:04.259 W/System.err(17664): 	at libcore.io.IoBridge.open(IoBridge.java:485)
01-27 17:46:04.259 W/System.err(17664): 	at java.io.RandomAccessFile.<init>(RandomAccessFile.java:288)
01-27 17:46:04.259 W/System.err(17664): 	at java.io.RandomAccessFile.<init>(RandomAccessFile.java:151)
01-27 17:46:04.259 W/System.err(17664): 	at com.wrapper.proxyapplication.Util.PrepareSecurefiles(Util.java:362)
01-27 17:46:04.259 W/System.err(17664): 	at com.zjinnova.zlink.MyWrapperProxyApplication.initProxyApplication(MyWrapperProxyApplication.java:33)
01-27 17:46:04.259 W/System.err(17664): 	at com.wrapper.proxyapplication.WrapperProxyApplication.attachBaseContext(WrapperProxyApplication.java:459)
01-27 17:46:04.259 W/System.err(17664): 	at android.app.Application.attach(Application.java:212)
01-27 17:46:04.259 W/System.err(17664): 	at android.app.Instrumentation.newApplication(Instrumentation.java:1121)
01-27 17:46:04.260 W/System.err(17664): 	at android.app.LoadedApk.makeApplication(LoadedApk.java:1064)
01-27 17:46:04.260 W/System.err(17664): 	at android.app.ActivityThread.handleBindApplication(ActivityThread.java:5873)
01-27 17:46:04.260 W/System.err(17664): 	at android.app.ActivityThread.access$1200(ActivityThread.java:206)
01-27 17:46:04.260 W/System.err(17664): 	at android.app.ActivityThread$H.handleMessage(ActivityThread.java:1678)
01-27 17:46:04.260 W/System.err(17664): 	at android.os.Handler.dispatchMessage(Handler.java:106)
01-27 17:46:04.260 W/System.err(17664): 	at android.os.Looper.loop(Looper.java:193)
01-27 17:46:04.260 W/System.err(17664): 	at android.app.ActivityThread.main(ActivityThread.java:6702)
01-27 17:46:04.260 W/System.err(17664): 	at java.lang.reflect.Method.invoke(Native Method)
01-27 17:46:04.260 W/System.err(17664): 	at com.android.internal.os.RuntimeInit$MethodAndArgsCaller.run(RuntimeInit.java:493)
01-27 17:46:04.260 W/System.err(17664): 	at com.android.internal.os.ZygoteInit.main(ZygoteInit.java:911)
01-27 17:46:04.260 W/System.err(17664): Caused by: android.system.ErrnoException: open failed: EACCES (Permission denied)
01-27 17:46:04.260 W/System.err(17664): 	at libcore.io.Linux.open(Native Method)
01-27 17:46:04.260 W/System.err(17664): 	at libcore.io.BlockGuardOs.open(BlockGuardOs.java:210)
01-27 17:46:04.260 W/System.err(17664): 	at libcore.io.IoBridge.open(IoBridge.java:471)
01-27 17:46:04.260 W/System.err(17664): 	... 17 more
01-27 17:46:04.261 W/System.err(17664): java.io.FileNotFoundException: /data/user/0/com.zjinnova.zlink/files/prodexdir/tosversion (Permission denied)
01-27 17:46:04.261 W/System.err(17664): 	at java.io.FileOutputStream.open0(Native Method)
01-27 17:46:04.261 W/System.err(17664): 	at java.io.FileOutputStream.open(FileOutputStream.java:308)
01-27 17:46:04.261 W/System.err(17664): 	at java.io.FileOutputStream.<init>(FileOutputStream.java:238)
01-27 17:46:04.261 W/System.err(17664): 	at java.io.FileOutputStream.<init>(FileOutputStream.java:180)
01-27 17:46:04.261 W/System.err(17664): 	at com.wrapper.proxyapplication.Util.UnzipFile(Util.java:205)
01-27 17:46:04.261 W/System.err(17664): 	at com.wrapper.proxyapplication.Util.PrepareSecurefiles(Util.java:554)
01-27 17:46:04.261 W/System.err(17664): 	at com.zjinnova.zlink.MyWrapperProxyApplication.initProxyApplication(MyWrapperProxyApplication.java:33)
01-27 17:46:04.261 W/System.err(17664): 	at com.wrapper.proxyapplication.WrapperProxyApplication.attachBaseContext(WrapperProxyApplication.java:459)
01-27 17:46:04.261 W/System.err(17664): 	at android.app.Application.attach(Application.java:212)
01-27 17:46:04.261 W/System.err(17664): 	at android.app.Instrumentation.newApplication(Instrumentation.java:1121)
01-27 17:46:04.261 W/System.err(17664): 	at android.app.LoadedApk.makeApplication(LoadedApk.java:1064)
01-27 17:46:04.261 W/System.err(17664): 	at android.app.ActivityThread.handleBindApplication(ActivityThread.java:5873)
01-27 17:46:04.261 W/System.err(17664): 	at android.app.ActivityThread.access$1200(ActivityThread.java:206)
01-27 17:46:04.261 W/System.err(17664): 	at android.app.ActivityThread$H.handleMessage(ActivityThread.java:1678)
01-27 17:46:04.261 W/System.err(17664): 	at android.os.Handler.dispatchMessage(Handler.java:106)
01-27 17:46:04.262 W/System.err(17664): 	at android.os.Looper.loop(Looper.java:193)
01-27 17:46:04.262 W/System.err(17664): 	at android.app.ActivityThread.main(ActivityThread.java:6702)
01-27 17:46:04.262 W/System.err(17664): 	at java.lang.reflect.Method.invoke(Native Method)
01-27 17:46:04.262 W/System.err(17664): 	at com.android.internal.os.RuntimeInit$MethodAndArgsCaller.run(RuntimeInit.java:493)
01-27 17:46:04.262 W/System.err(17664): 	at com.android.internal.os.ZygoteInit.main(ZygoteInit.java:911)
01-27 17:46:04.346 D/DisplayManagerService(  614): Display listener for pid 17664 died.
01-27 17:46:04.346 I/ActivityManager(  614): Process com.zjinnova.zlink (pid 17664) has died: fore SVC 
01-27 17:46:04.346 W/libprocessgroup(  614): kill(-17664, 9) failed: No such process
01-27 17:46:04.346 W/ActivityManager(  614): Scheduling restart of crashed service com.zjinnova.zlink/com.zjinnova.android.zlink.features.service.DaemonService in 4000ms
01-27 17:46:04.346 I/libprocessgroup(  614): Successfully killed process cgroup uid 10115 pid 17664 in 0ms
01-27 17:46:04.348 I/SourceService(  614): Activity DIED(), com.zjinnova.zlink | com.zjinnova.zlink
01-27 17:46:04.382 D/OpenSSLLib(  454): OpensslErr:Module:9(110:); file:external/boringssl/src/crypto/pem/pem_lib.c ;Line:621;Function:PEM_read_bio
01-27 17:46:04.389 I/ADB_SERVICES( 4374): service_to_fd shell,v2,TERM=xterm-256color:export ANDROID_LOG_TAGS=''; exec logcat '-c'
01-27 17:46:04.424 I/ADB_SERVICES( 4374): post waitpid (pid=17680) status=0000
01-27 17:46:04.424 I/ADB_SERVICES( 4374): for fd 40, revents = 2011
01-27 17:46:04.424 I/ADB_SERVICES( 4374): for fd 40, revents = 2011
01-27 17:46:04.563 D/RadioLogos(17302): Checking: /sdcard/RadioLogos/89100.png
01-27 17:46:04.564 D/RadioLogos(17302): FOUND: /sdcard/RadioLogos/89100.png
01-27 17:46:04.564 D/RadioLogos(17302): Checking: /sdcard/RadioLogos/89100.png
01-27 17:46:04.564 D/RadioLogos(17302): FOUND: /sdcard/RadioLogos/89100.png
01-27 17:46:04.580 D/pseudo  (  454): mtk_gps_sys_nmea_output_to_mnld: received 467 bytes:
01-27 17:46:04.580 D/pseudo  (  454): mtk_gps_sys_nmea_output_to_app: len:467, [NMEA]$GPGGA,164605.08...
01-27 17:46:04.580 D/        (  454): mtk_gps_sys_gps_mnl_callback: msg:0
01-27 17:46:04.580 D/        (  454): send_active_notify: send clean nmea timer cmd!
01-27 17:46:04.580 D/        (  454): mtk_gps_sys_gps_mnl_callback: MTK_GPS_MSG_FIX_READY,GET_RTC_FAIL
01-27 17:46:04.580 D/        (  454): gps_control_thread: gps_control_thread wait
01-27 17:46:04.580 D/pseudo  (  454): mtk_gps_sys_nmea_output_to_app: len:46, [vAGPS_Auto_Req]:g_FirstDbtt:0,u2BitMap:0x12f
01-27 17:46:04.582 I/GnssLocationProvider(  614): WakeLock acquired by sendMessage(REPORT_SV_STATUS, 0, com.android.server.location.GnssLocationProvider$SvStatusInfo@1b9acd9)
01-27 17:46:04.583 I/GnssLocationProvider(  614): WakeLock released by handleMessage(REPORT_SV_STATUS, 0, com.android.server.location.GnssLocationProvider$SvStatusInfo@1b9acd9)
01-27 17:46:04.966 W/ps      (17683): type=1400 audit(0.0:11448): avc: denied { getattr } for path="/dev/console" dev="tmpfs" ino=10322 scontext=u:r:z-link:s0 tcontext=u:object_r:console_device:s0 tclass=chr_file permissive=0
01-27 17:46:04.966 I/chatty  (17683): uid=0(root) ps identical 1 line
01-27 17:46:04.966 W/ps      (17683): type=1400 audit(0.0:11450): avc: denied { getattr } for path="/dev/console" dev="tmpfs" ino=10322 scontext=u:r:z-link:s0 tcontext=u:object_r:console_device:s0 tclass=chr_file permissive=0
01-27 17:46:04.966 W/ps      (17683): type=1400 audit(0.0:11451): avc: denied { read } for name="drivers" dev="proc" ino=4026531853 scontext=u:r:z-link:s0 tcontext=u:object_r:proc_tty_drivers:s0 tclass=file permissive=0
01-27 17:46:04.999 W/ps      (17683): type=1400 audit(0.0:11452): avc: denied { getattr } for path="/dev/pts/1" dev="devpts" ino=4 scontext=u:r:z-link:s0 tcontext=u:object_r:devpts:s0 tclass=chr_file permissive=0
01-27 17:46:05.013 D/        (  454): curl_easy_download_quarter_epo: qepo file curl_easy_download res = 0
01-27 17:46:05.013 D/        (  454): is_quarter_epo_valid: The start time of QEPO file is Tue Jan 27 12:00:00 2026
01-27 17:46:05.013 D/        (  454): is_quarter_epo_valid: GPS time: Tue Dec 19 16:46:20 2023
01-27 17:46:05.013 D/        (  454): qepo_file_update_impl: qepo download failed try again, try_time = 1
01-27 17:46:05.013 D/        (  454): curl_easy_download_quarter_epo: curl_easy_download_quarter_epo
01-27 17:46:05.014 D/        (  454): mtk_epo_is_expired: current time: 1769528765, current time:Tue Jan 27 16:46:05 2026
01-27 17:46:05.014 D/        (  454): mtk_epo_is_expired: EPO start time: 1769468400, EPO start time: Tue Jan 27 00:00:00 2026
01-27 17:46:05.014 D/        (  454): mtk_epo_is_expired: EPO file is valid, no need update
01-27 17:46:05.014 D/        (  454): getQepoUrl: url = https://pgepodownload.mediatek.com/QG_R.DAT?retryCount=0
01-27 17:46:05.035 D/btopt   (  776): zlink wake_up_apk_server: cmd = 'export PATH=$PATH:/system/bin/;am start-service -a "zjinnova.android.intent.action.ZLINK_SERVICE" &'
01-27 17:46:05.100 D/RadioLogos(17302): Checking: /sdcard/RadioLogos/89100.png
01-27 17:46:05.103 D/RadioLogos(17302): FOUND: /sdcard/RadioLogos/89100.png
01-27 17:46:05.103 D/RadioLogos(17302): Checking: /sdcard/RadioLogos/89100.png
01-27 17:46:05.103 D/RadioLogos(17302): FOUND: /sdcard/RadioLogos/89100.png
01-27 17:46:05.137 I/ActivityManager(  614): Start proc 17700:com.zjinnova.zlink/u0a115 for service com.zjinnova.zlink/com.zjinnova.android.zlink.features.service.DaemonService
01-27 17:46:05.149 E/.zjinnova.zlin(17700): Not starting debugger since process cannot load the jdwp agent.
01-27 17:46:05.185 I/.zjinnova.zlin(17700): The ClassLoaderContext is a special shared library.
01-27 17:46:05.192 W/.zjinnova.zlin(17700): JIT profile information will not be recorded: profile file does not exits.
01-27 17:46:05.207 W/System.err(17700): java.io.FileNotFoundException: /data/user/0/com.zjinnova.zlink/files/prodexdir/tosversion: open failed: EACCES (Permission denied)
01-27 17:46:05.207 W/System.err(17700): 	at libcore.io.IoBridge.open(IoBridge.java:485)
01-27 17:46:05.207 W/System.err(17700): 	at java.io.RandomAccessFile.<init>(RandomAccessFile.java:288)
01-27 17:46:05.207 W/System.err(17700): 	at java.io.RandomAccessFile.<init>(RandomAccessFile.java:151)
01-27 17:46:05.207 W/System.err(17700): 	at com.wrapper.proxyapplication.Util.PrepareSecurefiles(Util.java:362)
01-27 17:46:05.207 W/System.err(17700): 	at com.zjinnova.zlink.MyWrapperProxyApplication.initProxyApplication(MyWrapperProxyApplication.java:33)
01-27 17:46:05.207 W/System.err(17700): 	at com.wrapper.proxyapplication.WrapperProxyApplication.attachBaseContext(WrapperProxyApplication.java:459)
01-27 17:46:05.207 W/System.err(17700): 	at android.app.Application.attach(Application.java:212)
01-27 17:46:05.208 W/System.err(17700): 	at android.app.Instrumentation.newApplication(Instrumentation.java:1121)
01-27 17:46:05.208 W/System.err(17700): 	at android.app.LoadedApk.makeApplication(LoadedApk.java:1064)
01-27 17:46:05.208 W/System.err(17700): 	at android.app.ActivityThread.handleBindApplication(ActivityThread.java:5873)
01-27 17:46:05.208 W/System.err(17700): 	at android.app.ActivityThread.access$1200(ActivityThread.java:206)
01-27 17:46:05.208 W/System.err(17700): 	at android.app.ActivityThread$H.handleMessage(ActivityThread.java:1678)
01-27 17:46:05.208 W/System.err(17700): 	at android.os.Handler.dispatchMessage(Handler.java:106)
01-27 17:46:05.208 W/System.err(17700): 	at android.os.Looper.loop(Looper.java:193)
01-27 17:46:05.208 W/System.err(17700): 	at android.app.ActivityThread.main(ActivityThread.java:6702)
01-27 17:46:05.208 W/System.err(17700): 	at java.lang.reflect.Method.invoke(Native Method)
01-27 17:46:05.208 W/System.err(17700): 	at com.android.internal.os.RuntimeInit$MethodAndArgsCaller.run(RuntimeInit.java:493)
01-27 17:46:05.208 W/System.err(17700): 	at com.android.internal.os.ZygoteInit.main(ZygoteInit.java:911)
01-27 17:46:05.208 W/System.err(17700): Caused by: android.system.ErrnoException: open failed: EACCES (Permission denied)
01-27 17:46:05.208 W/System.err(17700): 	at libcore.io.Linux.open(Native Method)
01-27 17:46:05.208 W/System.err(17700): 	at libcore.io.BlockGuardOs.open(BlockGuardOs.java:210)
01-27 17:46:05.208 W/System.err(17700): 	at libcore.io.IoBridge.open(IoBridge.java:471)
01-27 17:46:05.208 W/System.err(17700): 	... 17 more
01-27 17:46:05.209 W/System.err(17700): java.io.FileNotFoundException: /data/user/0/com.zjinnova.zlink/files/prodexdir/tosversion (Permission denied)
01-27 17:46:05.209 W/System.err(17700): 	at java.io.FileOutputStream.open0(Native Method)
01-27 17:46:05.209 W/System.err(17700): 	at java.io.FileOutputStream.open(FileOutputStream.java:308)
01-27 17:46:05.209 W/System.err(17700): 	at java.io.FileOutputStream.<init>(FileOutputStream.java:238)
01-27 17:46:05.209 W/System.err(17700): 	at java.io.FileOutputStream.<init>(FileOutputStream.java:180)
01-27 17:46:05.209 W/System.err(17700): 	at com.wrapper.proxyapplication.Util.UnzipFile(Util.java:205)
01-27 17:46:05.209 W/System.err(17700): 	at com.wrapper.proxyapplication.Util.PrepareSecurefiles(Util.java:554)
01-27 17:46:05.209 W/System.err(17700): 	at com.zjinnova.zlink.MyWrapperProxyApplication.initProxyApplication(MyWrapperProxyApplication.java:33)
01-27 17:46:05.209 W/System.err(17700): 	at com.wrapper.proxyapplication.WrapperProxyApplication.attachBaseContext(WrapperProxyApplication.java:459)
01-27 17:46:05.209 W/System.err(17700): 	at android.app.Application.attach(Application.java:212)
01-27 17:46:05.209 W/System.err(17700): 	at android.app.Instrumentation.newApplication(Instrumentation.java:1121)
01-27 17:46:05.209 W/System.err(17700): 	at android.app.LoadedApk.makeApplication(LoadedApk.java:1064)
01-27 17:46:05.210 W/System.err(17700): 	at android.app.ActivityThread.handleBindApplication(ActivityThread.java:5873)
01-27 17:46:05.210 W/System.err(17700): 	at android.app.ActivityThread.access$1200(ActivityThread.java:206)
