01-27 17:46:09.682 17838 17865 I RadioAudioManager: RenderThread: waiting for mRenderLock
01-27 17:46:09.682 17838 17838 D FMPlugService: FMPlugService onCreate
01-27 17:46:09.690   614  1866 D MediaSessionService: Media button session is changed to com.hcn.autoradio/RadioAudioManager (userId=0)
01-27 17:46:09.692  1275  1275 D BluetoothMusicService:  onActiveSessionsChanged : 0
01-27 17:46:09.693  1139  1139 I NewAvrcpMediaPlayerList: onAddressedPlayerChanged: token=com.hcn.autoradio
01-27 17:46:09.694  1139  1139 W NewAvrcpMediaPlayerList: com.hcn.autoradio is already the active player
01-27 17:46:09.694  1139  1139 V NewAvrcpMediaPlayerList: onActiveSessionsChanged: number of controllers: 0
01-27 17:46:09.699 17860 17860 E .zjinnova.zlin: Not starting debugger since process cannot load the jdwp agent.
01-27 17:46:09.704  1275  1275 D BluetoothMusicService:  onActiveSessionsChanged : 1
01-27 17:46:09.704  1139  1139 V NewAvrcpMediaPlayerList: onActiveSessionsChanged: number of controllers: 1
01-27 17:46:09.705  1139  1139 D NewAvrcpMediaPlayerList: onActiveSessionsChanged: controller: com.hcn.autoradio
01-27 17:46:09.707  1275  1275 D BluetoothMusicService: onActiveSessionsChanged : 0 com.hcn.autoradio Tag=RadioAudioManager
01-27 17:46:09.711  1139  1139 I NewAvrcpMediaPlayerList: sendMediaUpdate: Creating a one item queue for a player with no queue
01-27 17:46:09.712  1139  1139 D NewAvrcpTargetJni: sendMediaUpdateNative
01-27 17:46:09.712  1139  1139 I bt_stack: [INFO:avrcp_service.cc(440)] virtual void bluetooth::avrcp::AvrcpService::SendMediaUpdate(bool, bool, bool) track_changed=0 :  play_state=0 :  queue=0
01-27 17:46:09.715   477   477 E DrmMtkUtil/DrmUtil: checkDcf: not dcf type, dcf version value [255]
01-27 17:46:09.715   477   477 E Cta5File: Cta5File::isCta5NormalFile false, bad magic:2
01-27 17:46:09.715   477   477 E Cta5File: Cta5File::isCta5MultimediaFile false, bad magic:       
01-27 17:46:09.715   477   477 D NuPlayerDriver: NuPlayerDriver(0xb1a2e8c0) created, clientPid(17838)
01-27 17:46:09.722 17838 17838 I MediaPlayerNative: setDataSource: fd 42, path /system/media/audio/ringtones/zero.mp3, length 360121
01-27 17:46:09.735   477 17875 D GenericSource: FileSource remote
01-27 17:46:09.744   470  1082 E APEExtractor: getAPEInfo not ape 20484
01-27 17:46:09.748   470   561 D TableOfContentThread: TableOfContentThread Construct !0xa7e762c8
01-27 17:46:09.749   477 17872 D NuPlayerDriver: notifyListener_l(0xb1a2e8c0), (1, 0, 0, -1), loop setting(0, 0)
01-27 17:46:09.760   614  2076 V SettingsProvider: packageValueForCallResult, name = null, value : Bundle[{_track_generation=android.util.MemoryIntArray@5d, value=null, _generation_index=1, _generation=2}]
01-27 17:46:09.764   477   477 D NuPlayerDriver: start(0xb1a2e8c0), state is 4, eos is 0
01-27 17:46:09.764   477 17872 I GenericSource: start
01-27 17:46:09.766 17838 17838 I RadioAudioManager: stopRender_processing, mIsRender = false
01-27 17:46:09.771   614  2074 I MediaFocusControl: requestAudioFocus() from uid/pid 10009/17838 clientId=android.media.AudioManager@dad46ebcom.hcn.autoradio.audio.RadioAudioManager$1@324fc48 callingPack=com.hcn.autoradio req=1 flags=0x3 sdk=28 forceDuck=false
01-27 17:46:09.776   614  2074 I SourceService: onFocusStateChange [com.hcn.autoradio] requestResult 1, contentType:2,gainRequest:1, gain:1
01-27 17:46:09.777   614  2074 I MediaFocusControlExt: notifySourceInfoAudioFocusState  com.hcn.autoradio type = 2 requestResult = 1 GainRequest()1
01-27 17:46:09.778   614  2074 I WindowManager: Relayout Window{33eb062 u0 com.example.openradiofm/com.example.openradiofm.ui.main.MainActivity}: oldVis=4 newVis=0 focusMayChange = true
01-27 17:46:09.780 17838 17838 D RadioUtils: setInputPathVolume: java.lang.NoSuchMethodException: setInputPathVolume [int, int]
01-27 17:46:09.783 17838 17838 I RadioPlayer: FM-1 getPreset:[87500, 87500, 87500, 87500, 87500, 87500, 87500, 87500, 87500, 87500, 87500, 87500, 87500, 87500, 87500, 87500, 87500, 87500]
01-27 17:46:09.785   614  2076 I RadioService: setUiband :FM-1, index -1, freq 89100
01-27 17:46:09.786   614  2076 W RadioService: callManager android.radio.IRadioCallback$Stub$Proxy@ae2d7c8, lost
01-27 17:46:09.787   614  2076 W RadioService: callManager android.radio.IRadioCallback$Stub$Proxy@d050061, lost
01-27 17:46:09.789   383   639 I BufferQueue: [unnamed-383-137](this:0xa7eec000,id:137,api:0,p:-1,c:-1) BufferQueue core=(383:/system/bin/surfaceflinger)
01-27 17:46:09.789   383   639 D BufferQueueConsumer: [unnamed-383-137](this:0xa7eec000,id:137,api:0,p:-1,c:383) connect(C): consumer=(383:/system/bin/surfaceflinger) controlledByApp=false
01-27 17:46:09.789   383   639 I BufferQueueConsumer: [unnamed-383-137](this:0xa7eec000,id:137,api:0,p:-1,c:383) setConsumerName: unnamed-383-137
01-27 17:46:09.789   383   639 I BufferQueueConsumer: [com.example.openradiofm/com.example.openradiofm.ui.main.MainActivity#0](this:0xa7eec000,id:137,api:0,p:-1,c:383) setConsumerName: com.example.openradiofm/com.example.openradiofm.ui.main.MainActivity#0
01-27 17:46:09.789   383   639 D BufferQueueConsumer: [com.example.openradiofm/com.example.openradiofm.ui.main.MainActivity#0](this:0xa7eec000,id:137,api:0,p:-1,c:383) setDefaultBufferSize: width=1024 height=600
01-27 17:46:09.797   477 17881 I OMXClient: IOmx service obtained
01-27 17:46:09.797   483   866 I OMXMaster: makeComponentInstance(OMX.MTK.AUDIO.DECODER.MP3) in omx@1.0-service process
01-27 17:46:09.798   483   866 D MtkOmxMp3Dec: JB MtkOmxMp3Dec::MtkOmxMp3Dec this= 0xb07c3a00
01-27 17:46:09.798   483   866 D MtkOmxMp3Dec: JB MtkOmxMp3Dec::InitAudioParams(MP3)
01-27 17:46:09.801   614  2074 V WindowManager: Changing focus from null to Window{33eb062 u0 com.example.openradiofm/com.example.openradiofm.ui.main.MainActivity} Callers=com.android.server.wm.WindowManagerService.relayoutWindow:2205 com.android.server.wm.Session.relayout:244 android.view.IWindowSession$Stub.onTransact:309 com.android.server.wm.Session.onTransact:164 
01-27 17:46:09.801   614  2074 D WindowManager: Input focus has changed to Window{33eb062 u0 com.example.openradiofm/com.example.openradiofm.ui.main.MainActivity}
01-27 17:46:09.802   483 17883 D MtkOmxAudioDecBase: PollFd.fd = 7 
01-27 17:46:09.805 17860 17860 I .zjinnova.zlin: The ClassLoaderContext is a special shared library.
01-27 17:46:09.808   614   655 I WindowManager: Focus moving from null to Window{33eb062 u0 com.example.openradiofm/com.example.openradiofm.ui.main.MainActivity}
01-27 17:46:09.816   483 11071 E OMXNodeInstance: setConfig(0xb07c3a04:MTK.DECODER.MP3, ConfigPriority(0x6f800002)) ERROR: Undefined(0x80001001)
01-27 17:46:09.816   477 17881 I ACodec  : codec does not support config priority (err -2147483648)
01-27 17:46:09.817   483 10930 E OMXNodeInstance: getConfig(0xb07c3a04:MTK.DECODER.MP3, ConfigAndroidVendorExtension(0x6f100004)) ERROR: Undefined(0x80001001)
01-27 17:46:09.817 17860 17860 W .zjinnova.zlin: JIT profile information will not be recorded: profile file does not exits.
01-27 17:46:09.820   477 17881 I MediaCodec: MediaCodec will operate in async mode
01-27 17:46:09.820   483 17883 D MtkOmxAudioDecBase: # Got general command (OMX_CommandStateSet)
01-27 17:46:09.820   483 17883 D MtkOmxAudioDecBase: wait on mInPortAllocDoneSem(0), mOutPortAllocDoneSem(0)!!
01-27 17:46:09.823   340   340 W AshmemAllocator: ashmem_create_region(65536) returning hidl_memory(0xa8e16170, 65536)
01-27 17:46:09.824   340   340 I chatty  : uid=1000(system) allocator@1.0-s identical 1 line
01-27 17:46:09.825   340   340 W AshmemAllocator: ashmem_create_region(65536) returning hidl_memory(0xa8e16170, 65536)
01-27 17:46:09.825 17725 17725 D Surface : Surface::allocateBuffers(this=0x8e52a000)
01-27 17:46:09.836   340   340 W AshmemAllocator: ashmem_create_region(65536) returning hidl_memory(0xa8e16170, 65536)
01-27 17:46:09.839   340   340 W AshmemAllocator: ashmem_create_region(4608) returning hidl_memory(0xa8e16170, 4608)
01-27 17:46:09.840 17725 17853 I ConfigStore: android::hardware::configstore::V1_0::ISurfaceFlingerConfigs::hasWideColorDisplay retrieved: 0
01-27 17:46:09.841 17725 17853 I ConfigStore: android::hardware::configstore::V1_0::ISurfaceFlingerConfigs::hasHDRDisplay retrieved: 0
01-27 17:46:09.841 17725 17853 I OpenGLRenderer: Initialized EGL, version 1.4
01-27 17:46:09.842 17725 17853 D OpenGLRenderer: Swap behavior 2
01-27 17:46:09.844   340   340 W AshmemAllocator: ashmem_create_region(4608) returning hidl_memory(0xa8e16170, 4608)
01-27 17:46:09.845   340   340 I chatty  : uid=1000(system) allocator@1.0-s identical 1 line
01-27 17:46:09.846   340   340 W AshmemAllocator: ashmem_create_region(4608) returning hidl_memory(0xa8e16170, 4608)
01-27 17:46:09.848 17860 17860 W System.err: java.io.FileNotFoundException: /data/user/0/com.zjinnova.zlink/files/prodexdir/tosversion: open failed: EACCES (Permission denied)
01-27 17:46:09.849 17860 17860 W System.err: 	at libcore.io.IoBridge.open(IoBridge.java:485)
01-27 17:46:09.849 17860 17860 W System.err: 	at java.io.RandomAccessFile.<init>(RandomAccessFile.java:288)
01-27 17:46:09.849 17860 17860 W System.err: 	at java.io.RandomAccessFile.<init>(RandomAccessFile.java:151)
01-27 17:46:09.849 17860 17860 W System.err: 	at com.wrapper.proxyapplication.Util.PrepareSecurefiles(Util.java:362)
01-27 17:46:09.849 17860 17860 W System.err: 	at com.zjinnova.zlink.MyWrapperProxyApplication.initProxyApplication(MyWrapperProxyApplication.java:33)
01-27 17:46:09.849 17860 17860 W System.err: 	at com.wrapper.proxyapplication.WrapperProxyApplication.attachBaseContext(WrapperProxyApplication.java:459)
01-27 17:46:09.849 17860 17860 W System.err: 	at android.app.Application.attach(Application.java:212)
01-27 17:46:09.849 17860 17860 W System.err: 	at android.app.Instrumentation.newApplication(Instrumentation.java:1121)
01-27 17:46:09.849 17860 17860 W System.err: 	at android.app.LoadedApk.makeApplication(LoadedApk.java:1064)
01-27 17:46:09.849 17860 17860 W System.err: 	at android.app.ActivityThread.handleBindApplication(ActivityThread.java:5873)
01-27 17:46:09.849 17860 17860 W System.err: 	at android.app.ActivityThread.access$1200(ActivityThread.java:206)
01-27 17:46:09.849 17860 17860 W System.err: 	at android.app.ActivityThread$H.handleMessage(ActivityThread.java:1678)
01-27 17:46:09.849 17860 17860 W System.err: 	at android.os.Handler.dispatchMessage(Handler.java:106)
01-27 17:46:09.849 17860 17860 W System.err: 	at android.os.Looper.loop(Looper.java:193)
01-27 17:46:09.849 17860 17860 W System.err: 	at android.app.ActivityThread.main(ActivityThread.java:6702)
01-27 17:46:09.850 17860 17860 W System.err: 	at java.lang.reflect.Method.invoke(Native Method)
01-27 17:46:09.850 17860 17860 W System.err: 	at com.android.internal.os.RuntimeInit$MethodAndArgsCaller.run(RuntimeInit.java:493)
01-27 17:46:09.850 17860 17860 W System.err: 	at com.android.internal.os.ZygoteInit.main(ZygoteInit.java:911)
01-27 17:46:09.850 17860 17860 W System.err: Caused by: android.system.ErrnoException: open failed: EACCES (Permission denied)
01-27 17:46:09.850 17860 17860 W System.err: 	at libcore.io.Linux.open(Native Method)
01-27 17:46:09.850 17860 17860 W System.err: 	at libcore.io.BlockGuardOs.open(BlockGuardOs.java:210)
01-27 17:46:09.850 17860 17860 W System.err: 	at libcore.io.IoBridge.open(IoBridge.java:471)
01-27 17:46:09.850 17860 17860 W System.err: 	... 17 more
01-27 17:46:09.851 17860 17860 W System.err: java.io.FileNotFoundException: /data/user/0/com.zjinnova.zlink/files/prodexdir/tosversion (Permission denied)
01-27 17:46:09.851 17860 17860 W System.err: 	at java.io.FileOutputStream.open0(Native Method)
01-27 17:46:09.851 17860 17860 W System.err: 	at java.io.FileOutputStream.open(FileOutputStream.java:308)
01-27 17:46:09.851 17860 17860 W System.err: 	at java.io.FileOutputStream.<init>(FileOutputStream.java:238)
01-27 17:46:09.851 17860 17860 W System.err: 	at java.io.FileOutputStream.<init>(FileOutputStream.java:180)
01-27 17:46:09.851 17860 17860 W System.err: 	at com.wrapper.proxyapplication.Util.UnzipFile(Util.java:205)
01-27 17:46:09.852 17860 17860 W System.err: 	at com.wrapper.proxyapplication.Util.PrepareSecurefiles(Util.java:554)
01-27 17:46:09.852 17860 17860 W System.err: 	at com.zjinnova.zlink.MyWrapperProxyApplication.initProxyApplication(MyWrapperProxyApplication.java:33)
01-27 17:46:09.852 17860 17860 W System.err: 	at com.wrapper.proxyapplication.WrapperProxyApplication.attachBaseContext(WrapperProxyApplication.java:459)
01-27 17:46:09.852 17860 17860 W System.err: 	at android.app.Application.attach(Application.java:212)
01-27 17:46:09.852 17860 17860 W System.err: 	at android.app.Instrumentation.newApplication(Instrumentation.java:1121)
01-27 17:46:09.852 17860 17860 W System.err: 	at android.app.LoadedApk.makeApplication(LoadedApk.java:1064)
01-27 17:46:09.852 17860 17860 W System.err: 	at android.app.ActivityThread.handleBindApplication(ActivityThread.java:5873)
01-27 17:46:09.852 17860 17860 W System.err: 	at android.app.ActivityThread.access$1200(ActivityThread.java:206)
01-27 17:46:09.852 17860 17860 W System.err: 	at android.app.ActivityThread$H.handleMessage(ActivityThread.java:1678)
01-27 17:46:09.852 17860 17860 W System.err: 	at android.os.Handler.dispatchMessage(Handler.java:106)
01-27 17:46:09.852 17860 17860 W System.err: 	at android.os.Looper.loop(Looper.java:193)
01-27 17:46:09.852 17860 17860 W System.err: 	at android.app.ActivityThread.main(ActivityThread.java:6702)
01-27 17:46:09.852 17860 17860 W System.err: 	at java.lang.reflect.Method.invoke(Native Method)
01-27 17:46:09.852 17860 17860 W System.err: 	at com.android.internal.os.RuntimeInit$MethodAndArgsCaller.run(RuntimeInit.java:493)
01-27 17:46:09.852 17860 17860 W System.err: 	at com.android.internal.os.ZygoteInit.main(ZygoteInit.java:911)
01-27 17:46:09.852   483 17883 D MtkOmxAudioDecBase: # Got general command (OMX_CommandStateSet)
01-27 17:46:09.853   483 17883 D MtkOmxAudioDecBase: state changes to OMX_StateExecuting
01-27 17:46:09.862 17725 17853 D Surface : Surface::connect(this=0x8e52a000,api=1)
01-27 17:46:09.863   383   639 D BufferQueueProducer: [com.example.openradiofm/com.example.openradiofm.ui.main.MainActivity#0](this:0xa7eec000,id:137,api:1,p:17725,c:383) connect(P): api=1 producer=(17725:com.example.openradiofm) producerControlledByApp=true
01-27 17:46:09.864 17725 17853 D mali_winsys: EGLint new_window_surface(egl_winsys_display *, void *, EGLSurface, EGLConfig, egl_winsys_surface **, EGLBoolean) returns 0x3000
01-27 17:46:09.865   483 17884 D MtkOmxMp3Dec: JB +InitMp3Decoder
01-27 17:46:09.865   483 17884 D MtkOmxMp3Dec: -InitMp3Decoder
01-27 17:46:09.865   483 17884 D MtkOmxMp3Dec: isFirst = true
01-27 17:46:09.871 17838 17838 I RadioAudioManager: initAudioRecordSink:MT8163
01-27 17:46:09.872 17838 17838 D AudioRecord: set(): 0xa08ad000, inputSource 1998, sampleRate 44100, format 0x1, channelMask 0xc, frameCount 1764, notificationFrames 0, sessionId 0, transferType 0, flags 0, opPackageName com.hcn.autoradio uid -1, pid -1
01-27 17:46:09.875   378 14484 D APM_AudioPolicyManager: getInputForAttr() source 1998, sampling rate 44100, format 0x1, channel mask 0xc,session 281, flags 0
01-27 17:46:09.875   341   578 D AudioALSAStreamManager: openInputStream(), devices = 0x80002000, format = 0x1, channels = 0xc, sampleRate = 44100, status = 102, acoustics = 0x0
01-27 17:46:09.875   341   578 D AudioALSAStreamIn: AudioALSAStreamIn(0xad57f200)
01-27 17:46:09.875   341   578 I AudioALSAStreamIn: set(0xad57f200), devices = 0x80002000, format = 0x1, channels = 0xc, sampleRate = 44100, acoustics = 0x0, flags = 0
01-27 17:46:09.875   341   578 D AudioALSAStreamIn: CheckBesRecordInfo()
01-27 17:46:09.876   341   578 D AudioSpeechEnhanceInfo: IsAPDMNRTuningEnable(), 0
01-27 17:46:09.876   341   578 E AudioALSAStreamIn: checkOpenStreamSampleRate(), AUDIO_DEVICE_IN_FM_TUNER, wrong sampleRate 44100, use 48000 instead.
01-27 17:46:09.876   341   578 E AudioALSAStreamManager: -openInputStream(), set fail, return NULL
01-27 17:46:09.876   341   578 D AudioALSAStreamManager: openInputStream(), devices = 0x80002000, format = 0x1, channels = 0xc, sampleRate = 48000, status = 102, acoustics = 0x0
01-27 17:46:09.876   341   578 D AudioALSAStreamIn: AudioALSAStreamIn(0xad57f200)
01-27 17:46:09.876   341   578 I AudioALSAStreamIn: set(0xad57f200), devices = 0x80002000, format = 0x1, channels = 0xc, sampleRate = 48000, acoustics = 0x0, flags = 0
01-27 17:46:09.876   341   578 D AudioALSAStreamIn: CheckBesRecordInfo()
01-27 17:46:09.877   341   578 D AudioSpeechEnhanceInfo: IsAPDMNRTuningEnable(), 0
01-27 17:46:09.877   341   578 D AudioALSAStreamIn: set() done, sampleRate = 48000, num_channels = 2, buffer_size=3840, tempDebugflag = 0
01-27 17:46:09.879   378 17897 I AudioFlinger_Threads: AudioFlinger's thread 0xacf83180 tid=17897 ready to run
01-27 17:46:09.879   378 14484 D AudioFlinger: track(0xadac9200): mIsOut 0, mFrameCount 2646, mSampleRate 44100, mFormat 1, mChannelCount 2, mTrackCount 30, thread 0xacf83180, sessionId 281
01-27 17:46:09.883 17838 17838 D AudioRecord: openRecord_l: 0xa08ad000, mCblk = 0x8f0fa000
01-27 17:46:09.883 17838 17838 D AudioTrack: set(): 0xa16f2d80, streamType -1, sampleRate 44100, format 0x1, channelMask 0x3, frameCount 4410, flags #0, notificationFrames 0, sessionId 0, transferType 3, uid -1, pid -1
01-27 17:46:09.883 17838 17838 D AudioTrack: Building AudioTrack with attributes: usage = 1, content = 2, flags = 0x200, tags = []
01-27 17:46:09.884 17838 17838 D AudioTrack: set: 0xa16f2d80, Create AudioTrackThread, tid = 17898
01-27 17:46:09.885   378 14484 W AudioFlinger_Threads: createTrack_l(): mismatch between requested flags (00000008) and output flags (00000002)
01-27 17:46:09.885   614   614 I SourceService: muxMediaPlayer : [BT_CONNTECTED] --> [MUSIC, BT_CONNTECTED], session 0
01-27 17:46:09.886   614   614 D ExtAudioMuxer: send cmd [01] : [01 ]
01-27 17:46:09.886   614   614 I SourceService: muxMediaPlayer prepare to Kill , new package com.hcn.autoradio, session 0
01-27 17:46:09.886   614   614 D SourceService: set Music Fadeout session 0
01-27 17:46:09.886   378 14484 D AudioFlinger_Threads: Client defaulted notificationFrames to 1470 for frameCount 4410
01-27 17:46:09.886   378 14484 D AudioFlinger: track(0xadac6300): mIsOut 1, mFrameCount 4410, mSampleRate 44100, mFormat 1, mChannelCount 2, mTrackCount 31, thread 0xad203780, sessionId 289
01-27 17:46:09.886   378 14484 D AudioFlinger: track(0xadac6300): mFastIndex -1, mStreamType 3, mName -1
01-27 17:46:09.889   449   582 V camerad : Source changing to com.hcn.autoradio
01-27 17:46:09.890   477 17879 D AudioTrack: set(): 0xaf332000, streamType 3, sampleRate 44100, format 0x1, channelMask 0x3, frameCount 22572, flags #8, notificationFrames 0, sessionId 273, transferType 0, uid 10009, pid 17838
01-27 17:46:09.890 17838 17838 D AudioTrack: createTrack_l: 0xa16f2d80, mCblk = 0x8f0fe0e0, mLatency = 185, mAfLatency = 85, frameCount = 4410, mSampleRate = 44100, mFlags = 0, mReqFrameCount = 4410, mNotificationFramesAct = 1470
01-27 17:46:09.890 17838 17838 I AudioTrack: AudioTrack set from 'com.hcn.autoradio', mStreamType 3, mSessionId 289.
01-27 17:46:09.890   378  8565 W AudioFlinger_Threads: createTrack_l(): mismatch between requested flags (00000008) and output flags (00000002)
01-27 17:46:09.891   378  8565 D AudioFlinger_Threads: Client defaulted notificationFrames to 7524 for frameCount 22572
01-27 17:46:09.892   378  8565 D AudioFlinger: track(0xadac6600): mIsOut 1, mFrameCount 22572, mSampleRate 44100, mFormat 1, mChannelCount 2, mTrackCount 32, thread 0xad203780, sessionId 273
01-27 17:46:09.892   378  8565 D AudioFlinger: track(0xadac6600): mFastIndex -1, mStreamType 3, mName -1
01-27 17:46:09.893   477 17879 D AudioTrack: createTrack_l: 0xaf332000, mCblk = 0xaec271c0, mLatency = 596, mAfLatency = 85, frameCount = 22572, mSampleRate = 44100, mFlags = 0, mReqFrameCount = 22572, mNotificationFramesAct = 7524
01-27 17:46:09.893   477 17879 I AudioTrack: AudioTrack set from '/system/bin/mediaserver', mStreamType 3, mSessionId 273.
01-27 17:46:09.893   477 17879 E AudioTrack: start(): 0xaf332000, mState = 1
01-27 17:46:09.893   378   973 D APM_AudioPolicyManager: startOutput() output 13, stream 3, session 273
01-27 17:46:09.893   378   973 V APM::AudioOutputDescriptor: changeRefCount() stream 3, count 1
01-27 17:46:09.894   477 17872 D NuPlayerDriver: notifyListener_l(0xb1a2e8c0), (6, 0, 0, -1), loop setting(0, 0)
01-27 17:46:09.896   341  8104 D AudioALSAStreamManager: setMasterVolume(), volume = 1.000000
01-27 17:46:09.896   341  8104 D AudioALSAVolumeController: ApplyAudioGain  DegradedBGain = 9 mVolumeRange[mode] = 9 
01-27 17:46:09.896   341  8104 D AudioALSAVolumeController: ApplyAudioGain Audio_Headset
01-27 17:46:09.896   341  8104 I AudioALSAStreamOut: open(0xad57f000), mStandby 1
01-27 17:46:09.896   341  8104 D AudioALSAStreamManager: +createPlaybackHandler(), mAudioMode = 0, output_devices = 0x8
01-27 17:46:09.896   341  8104 D AudioSpeechEnhanceInfo: IsAPDMNRTuningEnable(), 0
01-27 17:46:09.897   341  8104 D AudioALSAStreamManager: createPlaybackHandler() ApplyFilter [0]/[1] Device [0x8]
01-27 17:46:09.897   341  8104 D AudioALSAPlaybackHandlerNormal: +setFilterMng() mAudioFilterManagerHandler [0xad50e110]
01-27 17:46:09.897   341  8104 D AudioALSAStreamManager: -createPlaybackHandler(), mPlaybackHandlerVector.size() = 1
01-27 17:46:09.897   341  8104 D AudioALSAPlaybackHandlerNormal: +open(), flag 2, mDevice = 0x8
01-27 17:46:09.897   341  8104 D AudioALSADeviceParser: compare pcm success = 8, stringpair = I2S0DL1_PLayback
01-27 17:46:09.897   341  8104 D AudioALSAPlaybackHandlerNormal: open(), mConfig: channels = 2, rate = 48000, period_size = 2304, period_count = 2, format = 1, avail_min = 2048, start_threshold = 4608
01-27 17:46:09.897   341  8104 D AudioALSADriverUtility: GetPropertyValue key = vendor.audiohal.resource.extdac.support value = 0
01-27 17:46:09.897   341  8104 D AudioALSAPlaybackHandlerNormal: SetLowJitterMode(), bypass low jitter mode, bEnable = 1, device = 0x8, SampleRate = 48000
01-27 17:46:09.897   341  8104 I AudioALSAPlaybackHandlerBase: AudioALSAPlaybackHandlerBase pcm_open device '/dev/snd/pcmC0D8p'.
01-27 17:46:09.899   341  8104 D AudioALSAPlaybackHandlerBase: openPcmDriverWithFlag(), pcm device = 8 flag = 0x8 mPcm = 0xad528540
01-27 17:46:09.899   341  8104 D AudioALSAPlaybackHandlerBase: initBitConverter(), audio_format: 0x1 => 0x4, bcv_pcm_format = 0x4
01-27 17:46:09.899   341  8104 D MtkAudioBitConverter: +open(), format 4, CH 2, SR 48000
01-27 17:46:09.899   341  8104 D MtkAudioBitConverter: +resetBuffer()
01-27 17:46:09.899   341  8104 D AudioALSAHardwareResourceManager: +startOutputDevice(), new_devices = 0x8, mOutputDevices = 0x0, mStartOutputDevicesCount = 0 SampleRate = 48000
01-27 17:46:09.899   341  8104 D AudioALSADriverUtility: GetPropertyValue key = vendor.af.resouce.extdac_support value = 0
01-27 17:46:09.899   341  8104 W AudioALSADeviceConfigManager: ApplyDeviceTurnonSequenceByName  DeviceName = headphone_output descriptor == NULL
01-27 17:46:09.899   341  8104 D AudioVoiceUIDL: [GetSRCInputParameter] mOutputSampleRate 16000,  mInputSampleRate 48000, mInChannel 2, mOutChannel, 0 format 4
01-27 17:46:09.899   341  8104 D AudioVoiceUIDL: [GetSRCInputParameter] create SRC handle fail
01-27 17:46:09.910   341  8104 D AudioALSAPlaybackHandlerNormal: -open()
01-27 17:46:09.910   341  8104 D AudioALSAPlaybackHandlerNormal: setScreenState, flag 2, rate 2048 0.042667, mode = 1 , buffer_size = 8192, channel 2, format4, reduceInterruptSize = 1024
01-27 17:46:09.916 17838 17838 I RadioAudioManager: mAudioRecord state = 1 mAudioTrack state=1
01-27 17:46:09.916 17838 17838 I RadioAudioManager: initAudioRecordSink: success
01-27 17:46:09.916 17838 17838 I RadioAudioManager: startRender: notifying for mRenderLock
01-27 17:46:09.917 17838 17865 D AudioRecord: start: 0xa08ad000, sync event 0 trigger session 0
01-27 17:46:09.917 17838 17838 D FMPlugService: FMPlugService onBind
01-27 17:46:09.922   378   973 D APM_AudioPolicyManager: AudioPolicyManager::startInput(input:102, session:281, silenced:0, concurrency:0)
01-27 17:46:09.926   341   578 D AudioALSAHardware: +routing createAudioPatch 80002000->Mixer Src 7ce
01-27 17:46:09.926   341   578 D AudioALSAStreamManager: Send to mStreamInVector [0]
01-27 17:46:09.926   341   578 D AudioALSAStreamManager: +routingInputDevice(), input_device: 0x80002000 => 0x80002000
01-27 17:46:09.926   341   578 W AudioALSAStreamManager: -routingInputDevice(), input_device == current_input_device(0x80002000), return
01-27 17:46:09.926   341   578 D AudioALSAStreamManager: -setParameters()
01-27 17:46:09.926   341   578 I AudioALSAFMController: +setFmEnable(), mFmEnable = 0 => enable = 1, output_device = 0x8, bForceControl = 1,  bForce2DirectConn = 0
01-27 17:46:09.927 17838 17865 D AudioRecord: start return status 0
01-27 17:46:09.927 17838 17865 I RadioAudioManager: mAudioRecord startRecording speaker mode
01-27 17:46:09.928 17838 17865 E AudioTrack: start(): 0xa16f2d80, mState = 1
01-27 17:46:09.928   378   973 D APM_AudioPolicyManager: startOutput() output 13, stream 3, session 289
01-27 17:46:09.929   378   973 V APM::AudioOutputDescriptor: changeRefCount() stream 3, count 2
01-27 17:46:09.930   378   576 D AudioFlinger_Threads: pause signal - [NOT READY] on thread
01-27 17:46:09.930 17838 17865 I RadioAudioManager: mAudioTrack play speaker mode
01-27 17:46:09.934   614  2077 E TouchFilter: setTouchFilter LOG Enable prameter: 0
01-27 17:46:09.934   614  2077 D EventHub: Event Hub Touch Filter log is disabled
01-27 17:46:09.934   614  2077 D EventHub: Event Hub Touch Filter is enabled
01-27 17:46:09.937   477 17872 D NuPlayerDriver: notifyListener_l(0xb1a2e8c0), (211, 0, 0, 20), loop setting(0, 0)
01-27 17:46:09.938   614   614 D SourceService: set Music mix volume 100, session 289
01-27 17:46:09.944   341 17899 D AudioALSACaptureHandlerFMRadio: AudioALSACaptureHandlerFMRadio()
01-27 17:46:09.944   341 17899 D AudioALSACaptureHandlerFMRadio: init()
01-27 17:46:09.944   341 17899 D AudioALSACaptureHandlerFMRadio: +open(), input_device = 0x80002000, input_source = 0x7ce
01-27 17:46:09.944   341 17899 D AudioALSACaptureDataClient: AudioALSACaptureDataClient()
01-27 17:46:09.944   341 17899 D AudioSPELayer: SPELayer+
01-27 17:46:09.944   341 17899 D AudioSPELayer: GetVoIPJitterTime JitterTime=0,ret=1
01-27 17:46:09.947   341 17899 D AudioSPELayer: SPELayer-
01-27 17:46:09.947   341 17899 D AudioALSAVolumeController: +SetCaptureGain(), mode=0, source=1998, input device=0x80002000, output device=0x8
01-27 17:46:09.949   341 17899 D AudioSpeechEnhanceInfo: IsAPDMNRTuningEnable(), 0
01-27 17:46:09.951   341 17899 D AudioALSAVolumeController: ApplyMicGain MicType = 0 DegradedBGain = 12 SwAgcGain = 16, mULTotalGain = 192, mode = 0
01-27 17:46:09.951   341 17899 D AudioALSAVolumeController: ApplyMicGain mSwAgcGain = 16, mULTotalGain=192 DegradedBGain = 12
01-27 17:46:09.951   341 17899 D AudioALSAVolumeController: SetAdcPga1 = 3
01-27 17:46:09.951   341 17899 D AudioALSAVolumeController: SetRealAdcPga1 = 3
01-27 17:46:09.951   341 17899 D AudioALSAVolumeController: SetAdcPga2 = 3
01-27 17:46:09.951   341 17899 D AudioALSAVolumeController: SetRealAdcPga2 = 3
01-27 17:46:09.951   341 17899 D AudioALSAVolumeController: SetAdcPga3 = 3
01-27 17:46:09.952   341 17899 D AudioALSAVolumeController: SetRealAdcPga3 = 3
01-27 17:46:09.952  1183  1193 D GasService: pkg a:[com.example.openradiofm] [D] pid:17725 uid:10126 audio:0,_s:0
01-27 17:46:09.953   341 17899 D AudioALSAVolumeController: SetAdcPga4 = 3
01-27 17:46:09.953   341 17899 D AudioALSAVolumeController: SetRealAdcPga4 = 3
01-27 17:46:09.953   341 17899 D AudioALSACaptureDataClient: AudioALSACaptureDataClient(), besrecord_enable=0, besrecord_scene=-1
01-27 17:46:09.953   341 17899 D AudioALSACaptureDataClient: CheckBesRecordStereoModeEnable(), mBesRecordStereoMode = 0
01-27 17:46:09.953   341 17899 D AudioALSACaptureDataProviderBase: configStreamAttribute(), audio_mode: 0 => 0, input_device: 0x80002000 => 0x80002000, flag: 0x0 => 0x0, input_source: 1998->1998, output_device: 0x8 => 0x8
01-27 17:46:09.954   341 17899 D AudioALSACaptureDataProviderBase: attach(), 0xac124500, mCaptureDataClientVector.size()=0, Identity=0xad556400
01-27 17:46:09.954   341 17899 D AudioALSACaptureDataProviderFMRadio: open()
01-27 17:46:09.954   341 17899 D AudioALSADeviceParser: compare pcm success = 22, stringpair = FM_I2S_Capture
01-27 17:46:09.954   341 17899 I AudioALSACaptureDataProviderFMRadio: AudioALSACaptureDataProviderFMRadio pcm_open device '/dev/snd/pcmC0D22c'.
01-27 17:46:09.956   614  1364 D DisplayManagerService: Display listener for pid 17860 died.
01-27 17:46:09.956   614  2077 I ActivityManager: Process com.zjinnova.zlink (pid 17860) has died: fore SVC 
01-27 17:46:09.957   614  2077 W ActivityManager: Canceling start item Intent { act=zjinnova.android.intent.action.ZLINK_SERVICE } in service ComponentInfo{com.zjinnova.zlink/com.zjinnova.android.zlink.features.service.DaemonService}
01-27 17:46:09.957   341 17899 D AudioSPELayer: SetUPLinkDropTime, 0
01-27 17:46:09.957   341 17899 D AudioALSACaptureDataClient: CheckChannelRemixOp(), ch 2->2 (mBesRecordStereoMode = 0, BesRecord enable = 0), ChannelRemixOp = 1
01-27 17:46:09.957   341 17899 D AudioALSACaptureHandlerFMRadio: -open()
01-27 17:46:09.957   614   649 W libprocessgroup: kill(-17860, 9) failed: No such process
01-27 17:46:09.957   614   649 I libprocessgroup: Successfully killed process cgroup uid 10115 pid 17860 in 0ms
01-27 17:46:09.958   614  2077 W ActivityManager: Scheduling restart of crashed service com.zjinnova.zlink/com.zjinnova.android.zlink.features.service.DaemonService in 1000ms
01-27 17:46:09.959   341 17902 D AudioALSACaptureDataProviderFMRadio: +readThread(), pid: 341, tid: 17902
01-27 17:46:09.959   341 17902 D AudioALSACaptureDataClient: IsLowLatencyCapture(), low_latency_on: 0, voip_on: 0
01-27 17:46:09.960   614   614 I SourceService: Activity DIED(), com.zjinnova.zlink | com.zjinnova.zlink
01-27 17:46:10.022   378 17897 D AudioFlinger: track(0xadac9200) pause signal - released
01-27 17:46:10.045 17725 17725 D ViewRootImpl[Toast]: hardware acceleration = true , fakeHwAccelerated = false, sRendererDisabled = false, forceHwAccelerated = false, sSystemRendererDisabled = false
01-27 17:46:10.047   614  2076 E WindowManager: App trying to use insecure INPUT_FEATURE_NO_INPUT_CHANNEL flag. Ignoring
01-27 17:46:10.065 17838 17865 I RadioAudioManager: RenderThread: notifying for mRenderingLock 1
01-27 17:46:10.107 17838 17865 I RadioAudioManager: RenderThread: notifying for mRenderingLock 1
01-27 17:46:10.130 17725 17853 E ion     : ioctl c0044901 failed with code -1: Invalid argument
01-27 17:46:10.150 17838 17865 I RadioAudioManager: RenderThread: notifying for mRenderingLock 1
01-27 17:46:10.164 17725 17853 E OpenGLRenderer: Can't load library: dlopen failed: library "libperfctl.so" not found
01-27 17:46:10.174 17828 17828 D PQ      : [PQ_PROT] [PQCust] libpq_cust_base_mtk.so absent, libpq_cust_mtk.so OK
01-27 17:46:10.180   383   395 I BufferQueue: [unnamed-383-138](this:0xa72f7000,id:138,api:0,p:-1,c:-1) BufferQueue core=(383:/system/bin/surfaceflinger)
01-27 17:46:10.181   383   395 D BufferQueueConsumer: [unnamed-383-138](this:0xa72f7000,id:138,api:0,p:-1,c:383) connect(C): consumer=(383:/system/bin/surfaceflinger) controlledByApp=false
01-27 17:46:10.181   383   395 I BufferQueueConsumer: [unnamed-383-138](this:0xa72f7000,id:138,api:0,p:-1,c:383) setConsumerName: unnamed-383-138
01-27 17:46:10.181   383   395 I BufferQueueConsumer: [Toast#0](this:0xa72f7000,id:138,api:0,p:-1,c:383) setConsumerName: Toast#0
01-27 17:46:10.181   383   395 D BufferQueueConsumer: [Toast#0](this:0xa72f7000,id:138,api:0,p:-1,c:383) setDefaultBufferSize: width=277 height=49
01-27 17:46:10.183 17828 17828 D AVStageFactory: createInstance(32bit): createVendorAVFactory success!
01-27 17:46:10.183 17828 17828 D AVStageUtils: createInstance(32bit): createVendorAVUtils success!
01-27 17:46:10.183 17828 17828 D AVStageFactory: createInstance(32bit): createVendorAVFactory success!
01-27 17:46:10.184 17828 17828 D AVStageUtils: createInstance(32bit): createVendorAVUtils success!
01-27 17:46:10.184 17828 17828 D AndroidRuntime: >>>>>> START com.android.internal.os.RuntimeInit uid 0 <<<<<<
01-27 17:46:10.194 17725 17725 D Surface : Surface::allocateBuffers(this=0x8e978800)
01-27 17:46:10.194 17725 17853 D Surface : Surface::connect(this=0x8e978800,api=1)
01-27 17:46:10.195   383   396 D BufferQueueProducer: [Toast#0](this:0xa72f7000,id:138,api:1,p:17725,c:383) connect(P): api=1 producer=(17725:com.example.openradiofm) producerControlledByApp=true
01-27 17:46:10.198   477 17872 D NuPlayerDriver: notifyListener_l(0xb1a2e8c0), (211, 0, 0, 20), loop setting(0, 0)
01-27 17:46:10.202 17725 17853 D mali_winsys: EGLint new_window_surface(egl_winsys_display *, void *, EGLSurface, EGLConfig, egl_winsys_surface **, EGLBoolean) returns 0x3000
01-27 17:46:10.204 17828 17828 W /system/bin/app_process: Could not reserve sentinel fault page
01-27 17:46:10.221   614   703 I WindowManager: selectAnimation in Window{33eb062 u0 com.example.openradiofm/com.example.openradiofm.ui.main.MainActivity}: transit=1
01-27 17:46:10.234   614   655 I ActivityManager: Displayed com.example.openradiofm/.ui.main.MainActivity: +4s231ms
01-27 17:46:10.240 17838 17855 D FMPlugService: registerRadioCallback: size=1
01-27 17:46:10.241   614   703 D View    : [Warning] assignParent to null: this = DecorView@15b615e[openradiofm]
01-27 17:46:10.246   614   703 I WindowManager: selectAnimation in Window{310334e u0 Splash Screen com.example.openradiofm}: transit=5
01-27 17:46:10.246   614   703 I WindowManager: **** STARTING EXIT
01-27 17:46:10.248   383   383 D SurfaceFlinger: [Built-in Screen (type:0)] fps:15.857443,dur:1008.99,max:209.40,min:3.47
01-27 17:46:10.260   614   732 E WifiVendorHal: getWifiLinkLayerStats(l.937) failed {.code = ERROR_NOT_SUPPORTED, .description = }
01-27 17:46:10.279 17725 17725 D HiddenRadioPlayer: RadioPlayer obtenido va getRadioPlayer().
01-27 17:46:10.284 17725 17725 D HiddenRadioPlayer: Listener registrado con xito.
01-27 17:46:10.287 17725 17725 W ple.openradiof: Accessing hidden method Landroid/os/Trace;->asyncTraceBegin(JLjava/lang/String;I)V (light greylist, reflection)
01-27 17:46:10.287 17725 17725 W ple.openradiof: Accessing hidden method Landroid/os/Trace;->asyncTraceEnd(JLjava/lang/String;I)V (light greylist, reflection)
01-27 17:46:10.287 17725 17725 W ple.openradiof: Accessing hidden method Landroid/os/Trace;->traceCounter(JLjava/lang/String;I)V (light greylist, reflection)
01-27 17:46:10.304   383   383 D BufferQueueProducer: [FramebufferSurface](this:0xa8ca0000,id:0,api:1,p:383,c:383) queueBuffer: fps=3.65 dur=4114.66 max=3872.06 min=15.22
01-27 17:46:10.306   363   431 I hwcomposer: [OVL] (0) Overlay input(0) was used with queue previously  
01-27 17:46:10.306   363   431 I hwcomposer: [DBQ] (q2:0xb21f4500) Buffer queue is destroyed  
01-27 17:46:10.306   363   431 I hwcomposer: [DBQ] (q2:0xb21f4500) Free Slot(0), handle=0xb21a8380, 2457600 -> 0  
01-27 17:46:10.327   614   703 I WindowManager: selectAnimation in Window{57971e3 u0 Toast}: transit=1
01-27 17:46:10.342   378   576 D AudioFlinger_Threads: WavePower index 0 [-18838, 17807], [-18838, 17807], diff [36645, 36645]
01-27 17:46:10.342   378   576 I AudioFlinger_Threads: setAudioOutputMute Mute:0, carstatus fd 25, audiomux fd 25
01-27 17:46:10.347 17725 17853 D Surface : Surface::disconnect(this=0x8e978800,api=1)
01-27 17:46:10.347   383   639 D BufferQueueProducer: [Toast#0](this:0xa72f7000,id:138,api:1,p:17725,c:383) disconnect(P): api 1
01-27 17:46:10.348   383   639 D BufferQueueConsumer: [Toast#0](this:0xa72f7000,id:138,api:1,p:-1,c:383) getReleasedBuffers: returning mask 0xffffffffffffffff
01-27 17:46:10.348 17725 17853 D Surface : Surface::disconnect(this=0x8e978800,api=1)
01-27 17:46:10.348   383   395 D BufferQueueProducer: [Toast#0](this:0xa72f7000,id:138,api:1,p:-1,c:383) disconnect(P): api 1
01-27 17:46:10.348   383   395 E BufferQueueProducer: [Toast#0](this:0xa72f7000,id:138,api:1,p:-1,c:383) disconnect: not connected (req=1)
01-27 17:46:10.349 17725 17853 W libEGL  : EGLNativeWindowType 0x8e978808 disconnect failed
01-27 17:46:10.349 17725 17725 D View    : [Warning] assignParent to null: this = android.widget.LinearLayout{d1ebc36 V.E...... ......ID 0,0-277,49}
01-27 17:46:10.351   614  2077 I WindowManager: selectAnimation in Window{57971e3 u0 Toast}: transit=2
01-27 17:46:10.354   383  1137 D SurfaceFlinger: duplicate layer name: changing Surface(name=57971e3 Toast)/@0x37f2137 - animation-leash to Surface(name=57971e3 Toast)/@0x37f2137 - animation-leash#1
01-27 17:46:10.358   453   471 I fan     : onMessage, temp=63.
01-27 17:46:10.365   614  2077 W NotificationService: Toast already killed. pkg=com.example.openradiofm callback=android.app.ITransientNotification$Stub$Proxy@3eb002f
01-27 17:46:10.367   383   383 I BufferQueueConsumer: [Splash Screen com.example.openradiofm#0](this:0xa8014000,id:136,api:2,p:614,c:-1) disconnect(C)
01-27 17:46:10.370   614   703 D Surface : Surface::disconnect(this=0x902d5800,api=2)
01-27 17:46:10.372   383  1137 D BufferQueueProducer: [Splash Screen com.example.openradiofm#0](this:0xa8014000,id:136,api:2,p:614,c:-1) disconnect(P): api 2
01-27 17:46:10.377   383  1137 I BufferQueue: [Splash Screen com.example.openradiofm#0](this:0xa8014000,id:136,api:2,p:-1,c:-1) ~BufferQueueCore
01-27 17:46:10.378 17725 17725 D ViewRootImpl[Toast]: hardware acceleration = true , fakeHwAccelerated = false, sRendererDisabled = false, forceHwAccelerated = false, sSystemRendererDisabled = false
01-27 17:46:10.380   614  2076 E WindowManager: App trying to use insecure INPUT_FEATURE_NO_INPUT_CHANNEL flag. Ignoring
01-27 17:46:10.380  1149  1172 I FontLog : (REDACTED) Received query %s, URI %s
01-27 17:46:10.381  1149  1172 I FontLog : (REDACTED) Query [%s] resolved to %s
01-27 17:46:10.400   383   639 D SurfaceFlinger: duplicate layer name: changing Toast to Toast#1
01-27 17:46:10.400  1149  1576 W FontLog : https://fonts.gstatic.com/s/a/7532a38de4aeb783d78af30dcd3bd48875c38c84e6bd0b4a683c58d0468aa3f6.ttf Status{statusCode=Download aborted., resolution=null}; declaring failure [CONTEXT service_id=132 ]
01-27 17:46:10.401   383   639 I BufferQueue: [unnamed-383-139](this:0xa8014000,id:139,api:0,p:-1,c:-1) BufferQueue core=(383:/system/bin/surfaceflinger)
01-27 17:46:10.401   383   639 D BufferQueueConsumer: [unnamed-383-139](this:0xa8014000,id:139,api:0,p:-1,c:383) connect(C): consumer=(383:/system/bin/surfaceflinger) controlledByApp=false
01-27 17:46:10.401   383   639 I BufferQueueConsumer: [unnamed-383-139](this:0xa8014000,id:139,api:0,p:-1,c:383) setConsumerName: unnamed-383-139
01-27 17:46:10.401   383   639 I BufferQueueConsumer: [Toast#1](this:0xa8014000,id:139,api:0,p:-1,c:383) setConsumerName: Toast#1
01-27 17:46:10.401   383   639 D BufferQueueConsumer: [Toast#1](this:0xa8014000,id:139,api:0,p:-1,c:383) setDefaultBufferSize: width=181 height=49
01-27 17:46:10.403 17828 17828 I /system/bin/app_process: The ClassLoaderContext is a special shared library.
01-27 17:46:10.403  1149  1576 W FontLog : Asked to forget https://fonts.gstatic.com/s/a/7532a38de4aeb783d78af30dcd3bd48875c38c84e6bd0b4a683c58d0468aa3f6.ttf but we weren't tracking it [CONTEXT service_id=132 ]
01-27 17:46:10.403  1149  1172 I FontLog : (REDACTED) Fetch %s end status %s
01-27 17:46:10.414 17725 17725 D Surface : Surface::allocateBuffers(this=0x8e978800)
01-27 17:46:10.414 17725 17853 D Surface : Surface::connect(this=0x8e978800,api=1)
01-27 17:46:10.414   383   881 D BufferQueueProducer: [Toast#1](this:0xa8014000,id:139,api:1,p:17725,c:383) connect(P): api=1 producer=(17725:com.example.openradiofm) producerControlledByApp=true
01-27 17:46:10.415 17725 17853 D mali_winsys: EGLint new_window_surface(egl_winsys_display *, void *, EGLSurface, EGLConfig, egl_winsys_surface **, EGLBoolean) returns 0x3000
01-27 17:46:10.452   614   703 I WindowManager: selectAnimation in Window{9196fc5 u0 Toast}: transit=1
01-27 17:46:10.453   368   435 I vendor.mediatek.hardware.power@2.0-impl: powerHintAsync hint:8, data:0
01-27 17:46:10.481  1327  1327 V PhoneWindow: DecorView setVisiblity: visibility = 4, Parent = android.view.ViewRootImpl@81dbbc1, this = DecorView@c23ef66[MainActivity]
01-27 17:46:10.481   614  2077 I PowerWrap: PowerHal_Wrap_mtkPowerHint
01-27 17:46:10.481   614  2077 I PowerWrap: PowerHal_Wrap_querySysInfo
01-27 17:46:10.482   614  2077 I PowerWrap: PowerHal_Wrap_mtkPowerHint
01-27 17:46:10.482   368   390 I libPowerHal: 16: set: 1, set max:4
01-27 17:46:10.498 17828 17828 D AndroidRuntime: Calling main entry com.android.commands.content.Content
01-27 17:46:10.503   614  2077 D ActivityManager: Raise procstate to external provider: ProcessRecord{804f094 9606:com.topjohnwu.magisk/u0a123}
01-27 17:46:10.507   383   383 I BufferQueueConsumer: [altergames.carlauncher/altergames.carlauncher.MainActivity#0](this:0xa8010000,id:134,api:1,p:-1,c:-1) disconnect(C)
01-27 17:46:10.507   383   383 I BufferQueue: [altergames.carlauncher/altergames.carlauncher.MainActivity#0](this:0xa8010000,id:134,api:1,p:-1,c:-1) ~BufferQueueCore
01-27 17:46:10.530 17828 17828 D AndroidRuntime: Shutting down VM
01-27 17:46:10.586   454  1178 D pseudo  : mtk_gps_sys_nmea_output_to_mnld: received 467 bytes:
01-27 17:46:10.588   383   395 D BufferQueueProducer: [StatusBar#0](this:0xa7e43000,id:5,api:1,p:803,c:383) queueBuffer: fps=9.53 dur=1153.76 max=719.92 min=9.44
01-27 17:46:10.590   454  1178 D pseudo  : mtk_gps_sys_nmea_output_to_app: len:467, [NMEA]$GPGGA,164611.08...
01-27 17:46:10.590   454  1178 D         : mtk_gps_sys_gps_mnl_callback: msg:0
01-27 17:46:10.590   454  1178 D         : send_active_notify: send clean nmea timer cmd!
01-27 17:46:10.590   454  1178 D         : mtk_gps_sys_gps_mnl_callback: MTK_GPS_MSG_FIX_READY,GET_RTC_FAIL
01-27 17:46:10.590   454   543 D         : gps_control_thread: gps_control_thread wait
01-27 17:46:10.590   454  1178 D pseudo  : mtk_gps_sys_nmea_output_to_app: len:46, [vAGPS_Auto_Req]:g_FirstDbtt:0,u2BitMap:0x12f
01-27 17:46:10.592   614   643 I GnssLocationProvider: WakeLock acquired by sendMessage(REPORT_SV_STATUS, 0, com.android.server.location.GnssLocationProvider$SvStatusInfo@9d2d27d)
01-27 17:46:10.593   614   880 I GnssLocationProvider: WakeLock released by handleMessage(REPORT_SV_STATUS, 0, com.android.server.location.GnssLocationProvider$SvStatusInfo@9d2d27d)
01-27 17:46:10.646   383   383 I BufferQueueConsumer: [Toast#0](this:0xa72f7000,id:138,api:1,p:-1,c:-1) disconnect(C)
01-27 17:46:10.648   383   383 I BufferQueue: [Toast#0](this:0xa72f7000,id:138,api:1,p:-1,c:-1) ~BufferQueueCore
01-27 17:46:10.724   477 17872 D NuPlayerDriver: notifyListener_l(0xb1a2e8c0), (211, 0, 0, 20), loop setting(0, 0)
01-27 17:46:10.772 17725 17903 D RadioLogos: Checking: /sdcard/RadioLogos/89100.png
01-27 17:46:10.772 17725 17903 D RadioLogos: FOUND: /sdcard/RadioLogos/89100.png
01-27 17:46:10.773 17725 17903 D RadioLogos: Checking: /sdcard/RadioLogos/89100.png
01-27 17:46:10.773 17725 17903 D RadioLogos: FOUND: /sdcard/RadioLogos/89100.png
01-27 17:46:10.778 17725 17725 D AndroidRuntime: Shutting down VM
--------- beginning of crash
01-27 17:46:10.781 17725 17725 E AndroidRuntime: FATAL EXCEPTION: main
01-27 17:46:10.781 17725 17725 E AndroidRuntime: Process: com.example.openradiofm, PID: 17725
01-27 17:46:10.781 17725 17725 E AndroidRuntime: java.lang.IllegalStateException: getStationInfo() NO DEBE llamarse desde el UI thread. Usa un ExecutorService o Handler para ejecutarlo en segundo plano.
01-27 17:46:10.781 17725 17725 E AndroidRuntime: 	at com.example.openradiofm.data.repository.RadioRepository.getStationInfo(RadioRepository.java:65)
01-27 17:46:10.781 17725 17725 E AndroidRuntime: 	at com.example.openradiofm.ui.main.MainActivity.lambda$refreshRadioStatus$27$com-example-openradiofm-ui-main-MainActivity(MainActivity.java:737)
01-27 17:46:10.781 17725 17725 E AndroidRuntime: 	at com.example.openradiofm.ui.main.MainActivity$$ExternalSyntheticLambda16.run(D8$$SyntheticClass:0)
01-27 17:46:10.781 17725 17725 E AndroidRuntime: 	at android.os.Handler.handleCallback(Handler.java:873)
01-27 17:46:10.781 17725 17725 E AndroidRuntime: 	at android.os.Handler.dispatchMessage(Handler.java:99)
01-27 17:46:10.781 17725 17725 E AndroidRuntime: 	at android.os.Looper.loop(Looper.java:193)
01-27 17:46:10.781 17725 17725 E AndroidRuntime: 	at android.app.ActivityThread.main(ActivityThread.java:6702)
01-27 17:46:10.781 17725 17725 E AndroidRuntime: 	at java.lang.reflect.Method.invoke(Native Method)
01-27 17:46:10.781 17725 17725 E AndroidRuntime: 	at com.android.internal.os.RuntimeInit$MethodAndArgsCaller.run(RuntimeInit.java:493)
01-27 17:46:10.781 17725 17725 E AndroidRuntime: 	at com.android.internal.os.ZygoteInit.main(ZygoteInit.java:911)
01-27 17:46:10.782  4374  4374 I ADB_SERVICES: local_socket_flush_outgoing read_data=188235
01-27 17:46:10.505   614  2077 I chatty  : uid=1000(system) Binder:614_15 identical 1 line
01-27 17:46:10.525   614  2077 D ActivityManager: Raise procstate to external provider: ProcessRecord{804f094 9606:com.topjohnwu.magisk/u0a123}
01-27 17:46:10.785   614  2077 W ActivityManager: crashApplicationInner, com.example.openradiofm
01-27 17:46:10.786   614  2077 W ActivityManager:   Force finishing activity com.example.openradiofm/.ui.main.MainActivity
01-27 17:46:10.787   614   614 I SourceService: Activity DESTROY(force-crash), com.example.openradiofm/.ui.main.MainActivity | .ui.main.MainActivity
01-27 17:46:10.793   614  2077 I PowerWrap: PowerHal_Wrap_mtkPowerHint
01-27 17:46:10.794   614  2077 I PowerWrap: PowerHal_Wrap_mtkPowerHint
01-27 17:46:10.795   368   390 I libPowerHal: 16: set: 2, set max:4
01-27 17:46:10.806   614 17915 W AES     : Exception Log handling...
01-27 17:46:10.806   614 17915 W AES     : Skipped - do not care third party apk
01-27 17:46:10.809   614   646 W BroadcastQueue: Background execution not allowed: receiving Intent { act=android.intent.action.DROPBOX_ENTRY_ADDED flg=0x10 (has extras) } to com.google.android.gms/.stats.service.DropBoxEntryAddedReceiver
01-27 17:46:10.834  1149 17918 E SchedPolicy: set_timerslack_ns write failed: Operation not permitted
01-27 17:46:10.889   803  1481 D XYG     : onTaskStackChangedBackground
01-27 17:46:10.894   803  1481 D XYG     : addTask MiXplorer / id=6001 windowingMode=0 user=0 lastActiveTime=29792 / com.mixplorer.activities.BrowseActivity
01-27 17:46:10.894   803  1481 D XYG     : addTask Root Checker Basic / id=6002 windowingMode=0 user=0 lastActiveTime=29872 / com.joeykrim.rootcheck.MainActivity
01-27 17:46:10.894   803  1481 D XYG     : addTask Wi-Fi / id=6034 windowingMode=0 user=0 lastActiveTime=29863 / com.android.settings.Settings$WifiSettingsActivity
01-27 17:46:10.894   803  1481 D XYG     : addTask ChangedApp / id=6025 windowingMode=0 user=0 lastActiveTime=29837 / com.hcn.changedapp.TestActivity
01-27 17:46:10.894   803  1481 D XYG     : addTask Igualada / id=6157 windowingMode=0 user=0 lastActiveTime=29881 / com.hcn.autoeq.MainActivity
01-27 17:46:10.894   803  1481 D XYG     : addTask Radio / id=6181 windowingMode=0 user=0 lastActiveTime=29853 / com.hcn.autoradio.RadioMain
01-27 17:46:10.894   803  1481 D XYG     : addTask WADB / id=6184 windowingMode=1 user=0 lastActiveTime=99369 / moe.haruue.wadb.component.HomeActivity
01-27 17:46:10.894   803  1481 D XYG     : addTask Gestor de archivos + / id=6188 windowingMode=1 user=0 lastActiveTime=3048645 / com.alphainventor.filemanager.activity.UsbAttachActivity
01-27 17:46:10.894   803  1481 D XYG     : addTask Magisk / id=6183 windowingMode=1 user=0 lastActiveTime=3102480 / com.topjohnwu.magisk.ui.MainActivity
01-27 17:46:10.894   803  1481 D XYG     : addTask AGAMA Car Launcher / id=6196 windowingMode=1 user=0 lastActiveTime=3153671 / altergames.carlauncher.AppsActivity
01-27 17:46:10.894   803  1481 D XYG     : addTask Ajustes / id=6197 windowingMode=1 user=0 lastActiveTime=3165771 / com.android.settings.Settings
01-27 17:46:10.894   803  1481 D XYG     : addTask OpenRadioFM / id=6203 windowingMode=1 user=0 lastActiveTime=3391797 / com.example.openradiofm.ui.main.MainActivity
01-27 17:46:10.969   614   648 I ActivityManager: Start proc 17919:com.zjinnova.zlink/u0a115 for service com.zjinnova.zlink/com.zjinnova.android.zlink.features.service.DaemonService
01-27 17:46:10.982 17919 17919 E .zjinnova.zlin: Not starting debugger since process cannot load the jdwp agent.
01-27 17:46:11.017   614  2074 V WindowManager: Changing focus from Window{33eb062 u0 com.example.openradiofm/com.example.openradiofm.ui.main.MainActivity} to null Callers=com.android.server.wm.WindowManagerService.relayoutWindow:2205 com.android.server.wm.Session.relayout:244 android.view.IWindowSession$Stub.onTransact:309 com.android.server.wm.Session.onTransact:164 
01-27 17:46:11.018   614  2074 D WindowManager: Input focus has changed to null
01-27 17:46:11.019   614   655 I WindowManager: Focus moving from Window{33eb062 u0 com.example.openradiofm/com.example.openradiofm.ui.main.MainActivity} to null
01-27 17:46:11.020 17919 17919 I .zjinnova.zlin: The ClassLoaderContext is a special shared library.
01-27 17:46:11.023  1327  1327 V PhoneWindow: DecorView setVisiblity: visibility = 0, Parent = android.view.ViewRootImpl@81dbbc1, this = DecorView@c23ef66[MainActivity]
01-27 17:46:11.024   614   614 I SourceService: Activity onStart(), altergames.carlauncher/.MainActivity | .MainActivity
01-27 17:46:11.028 17919 17919 W .zjinnova.zlin: JIT profile information will not be recorded: profile file does not exits.
