01-26 11:24:14.221 27786 27786 W System.err: 	at java.io.RandomAccessFile.<init>(RandomAccessFile.java:151)
01-26 11:24:14.221 27786 27786 W System.err: 	at com.wrapper.proxyapplication.Util.PrepareSecurefiles(Util.java:362)
01-26 11:24:14.221 27786 27786 W System.err: 	at com.zjinnova.zlink.MyWrapperProxyApplication.initProxyApplication(MyWrapperProxyApplication.java:33)
01-26 11:24:14.221 27786 27786 W System.err: 	at com.wrapper.proxyapplication.WrapperProxyApplication.attachBaseContext(WrapperProxyApplication.java:459)
01-26 11:24:14.221 27786 27786 W System.err: 	at android.app.Application.attach(Application.java:212)
01-26 11:24:14.221 27786 27786 W System.err: 	at android.app.Instrumentation.newApplication(Instrumentation.java:1121)
01-26 11:24:14.221 27786 27786 W System.err: 	at android.app.LoadedApk.makeApplication(LoadedApk.java:1064)
01-26 11:24:14.221 27786 27786 W System.err: 	at android.app.ActivityThread.handleBindApplication(ActivityThread.java:5873)
01-26 11:24:14.221 27786 27786 W System.err: 	at android.app.ActivityThread.access$1200(ActivityThread.java:206)
01-26 11:24:14.221 27786 27786 W System.err: 	at android.app.ActivityThread$H.handleMessage(ActivityThread.java:1678)
01-26 11:24:14.221 27786 27786 W System.err: 	at android.os.Handler.dispatchMessage(Handler.java:106)
01-26 11:24:14.221 27786 27786 W System.err: 	at android.os.Looper.loop(Looper.java:193)
01-26 11:24:14.221 27786 27786 W System.err: 	at android.app.ActivityThread.main(ActivityThread.java:6702)
01-26 11:24:14.221 27786 27786 W System.err: 	at java.lang.reflect.Method.invoke(Native Method)
01-26 11:24:14.221 27786 27786 W System.err: 	at com.android.internal.os.RuntimeInit$MethodAndArgsCaller.run(RuntimeInit.java:493)
01-26 11:24:14.221 27786 27786 W System.err: 	at com.android.internal.os.ZygoteInit.main(ZygoteInit.java:911)
01-26 11:24:14.221 27786 27786 W System.err: Caused by: android.system.ErrnoException: open failed: EACCES (Permission denied)
01-26 11:24:14.222 27786 27786 W System.err: 	at libcore.io.Linux.open(Native Method)
01-26 11:24:14.222 27786 27786 W System.err: 	at libcore.io.BlockGuardOs.open(BlockGuardOs.java:210)
01-26 11:24:14.222 27786 27786 W System.err: 	at libcore.io.IoBridge.open(IoBridge.java:471)
01-26 11:24:14.222 27786 27786 W System.err: 	... 17 more
01-26 11:24:14.222 27786 27786 W System.err: java.io.FileNotFoundException: /data/user/0/com.zjinnova.zlink/files/prodexdir/tosversion (Permission denied)
01-26 11:24:14.223 27786 27786 W System.err: 	at java.io.FileOutputStream.open0(Native Method)
01-26 11:24:14.223 27786 27786 W System.err: 	at java.io.FileOutputStream.open(FileOutputStream.java:308)
01-26 11:24:14.223 27786 27786 W System.err: 	at java.io.FileOutputStream.<init>(FileOutputStream.java:238)
01-26 11:24:14.223 27786 27786 W System.err: 	at java.io.FileOutputStream.<init>(FileOutputStream.java:180)
01-26 11:24:14.223 27786 27786 W System.err: 	at com.wrapper.proxyapplication.Util.UnzipFile(Util.java:205)
01-26 11:24:14.223 27786 27786 W System.err: 	at com.wrapper.proxyapplication.Util.PrepareSecurefiles(Util.java:554)
01-26 11:24:14.223 27786 27786 W System.err: 	at com.zjinnova.zlink.MyWrapperProxyApplication.initProxyApplication(MyWrapperProxyApplication.java:33)
01-26 11:24:14.223 27786 27786 W System.err: 	at com.wrapper.proxyapplication.WrapperProxyApplication.attachBaseContext(WrapperProxyApplication.java:459)
01-26 11:24:14.223 27786 27786 W System.err: 	at android.app.Application.attach(Application.java:212)
01-26 11:24:14.223 27786 27786 W System.err: 	at android.app.Instrumentation.newApplication(Instrumentation.java:1121)
01-26 11:24:14.223 27786 27786 W System.err: 	at android.app.LoadedApk.makeApplication(LoadedApk.java:1064)
01-26 11:24:14.223 27786 27786 W System.err: 	at android.app.ActivityThread.handleBindApplication(ActivityThread.java:5873)
01-26 11:24:14.223 27786 27786 W System.err: 	at android.app.ActivityThread.access$1200(ActivityThread.java:206)
01-26 11:24:14.223 27786 27786 W System.err: 	at android.app.ActivityThread$H.handleMessage(ActivityThread.java:1678)
01-26 11:24:14.223 27786 27786 W System.err: 	at android.os.Handler.dispatchMessage(Handler.java:106)
01-26 11:24:14.223 27786 27786 W System.err: 	at android.os.Looper.loop(Looper.java:193)
01-26 11:24:14.223 27786 27786 W System.err: 	at android.app.ActivityThread.main(ActivityThread.java:6702)
01-26 11:24:14.223 27786 27786 W System.err: 	at java.lang.reflect.Method.invoke(Native Method)
01-26 11:24:14.223 27786 27786 W System.err: 	at com.android.internal.os.RuntimeInit$MethodAndArgsCaller.run(RuntimeInit.java:493)
01-26 11:24:14.223 27786 27786 W System.err: 	at com.android.internal.os.ZygoteInit.main(ZygoteInit.java:911)
01-26 11:24:14.295   615  1361 D DisplayManagerService: Display listener for pid 27786 died.
01-26 11:24:14.296   615  5111 I ActivityManager: Process com.zjinnova.zlink (pid 27786) has died: fore SVC 
01-26 11:24:14.296   615  5111 W ActivityManager: Canceling start item Intent { act=zjinnova.android.intent.action.ZLINK_SERVICE } in service ComponentInfo{com.zjinnova.zlink/com.zjinnova.android.zlink.features.service.DaemonService}
01-26 11:24:14.296   615   650 W libprocessgroup: kill(-27786, 9) failed: No such process
01-26 11:24:14.296   615  5111 W ActivityManager: Scheduling restart of crashed service com.zjinnova.zlink/com.zjinnova.android.zlink.features.service.DaemonService in 1000ms
01-26 11:24:14.296   615   650 I libprocessgroup: Successfully killed process cgroup uid 10115 pid 27786 in 0ms
01-26 11:24:14.298   615   615 I SourceService: Activity DIED(), com.zjinnova.zlink | com.zjinnova.zlink
01-26 11:24:14.334   461  1183 D pseudo  : mtk_gps_sys_nmea_output_to_mnld: received 467 bytes:
01-26 11:24:14.335   461  1183 D pseudo  : mtk_gps_sys_nmea_output_to_app: len:467, [NMEA]$GPGGA,001825.01...
01-26 11:24:14.335   461  1183 D         : mtk_gps_sys_gps_mnl_callback: msg:0
01-26 11:24:14.335   461  1183 D         : send_active_notify: send clean nmea timer cmd!
01-26 11:24:14.335   461  1183 D         : mtk_gps_sys_gps_mnl_callback: MTK_GPS_MSG_FIX_READY,GET_RTC_FAIL
01-26 11:24:14.335   461  1183 D pseudo  : mtk_gps_sys_nmea_output_to_app: len:46, [vAGPS_Auto_Req]:g_FirstDbtt:0,u2BitMap:0x12f
01-26 11:24:14.336   461   555 D         : gps_control_thread: gps_control_thread wait
01-26 11:24:14.339   615   753 I GnssLocationProvider: WakeLock acquired by sendMessage(REPORT_SV_STATUS, 0, com.android.server.location.GnssLocationProvider$SvStatusInfo@ac6d60b)
01-26 11:24:14.339   615   879 I GnssLocationProvider: WakeLock released by handleMessage(REPORT_SV_STATUS, 0, com.android.server.location.GnssLocationProvider$SvStatusInfo@ac6d60b)
01-26 11:24:14.488   455   583 I teststub: Free memory 858MBytes.
01-26 11:24:15.308   615   649 I ActivityManager: Start proc 27803:com.zjinnova.zlink/u0a115 for service com.zjinnova.zlink/com.zjinnova.android.zlink.features.service.DaemonService
01-26 11:24:15.319 27803 27803 E .zjinnova.zlin: Not starting debugger since process cannot load the jdwp agent.
01-26 11:24:15.335   461  1183 D pseudo  : mtk_gps_sys_nmea_output_to_mnld: received 467 bytes:
01-26 11:24:15.338   461  1183 D pseudo  : mtk_gps_sys_nmea_output_to_app: len:467, [NMEA]$GPGGA,001826.01...
01-26 11:24:15.341   461  1183 D         : mtk_gps_sys_gps_mnl_callback: msg:0
01-26 11:24:15.341   615   753 I GnssLocationProvider: WakeLock acquired by sendMessage(REPORT_SV_STATUS, 0, com.android.server.location.GnssLocationProvider$SvStatusInfo@362ace8)
01-26 11:24:15.342   615   879 I GnssLocationProvider: WakeLock released by handleMessage(REPORT_SV_STATUS, 0, com.android.server.location.GnssLocationProvider$SvStatusInfo@362ace8)
01-26 11:24:15.343   461  1183 D         : send_active_notify: send clean nmea timer cmd!
01-26 11:24:15.343   461   555 D         : gps_control_thread: gps_control_thread wait
01-26 11:24:15.343   461  1183 D         : mtk_gps_sys_gps_mnl_callback: MTK_GPS_MSG_FIX_READY,GET_RTC_FAIL
01-26 11:24:15.343   461  1183 D pseudo  : mtk_gps_sys_nmea_output_to_app: len:46, [vAGPS_Auto_Req]:g_FirstDbtt:0,u2BitMap:0x12f
01-26 11:24:15.363 27803 27803 I .zjinnova.zlin: The ClassLoaderContext is a special shared library.
01-26 11:24:15.369 27803 27803 W .zjinnova.zlin: JIT profile information will not be recorded: profile file does not exits.
01-26 11:24:15.384 27803 27803 W System.err: java.io.FileNotFoundException: /data/user/0/com.zjinnova.zlink/files/prodexdir/tosversion: open failed: EACCES (Permission denied)
01-26 11:24:15.384 27803 27803 W System.err: 	at libcore.io.IoBridge.open(IoBridge.java:485)
01-26 11:24:15.384 27803 27803 W System.err: 	at java.io.RandomAccessFile.<init>(RandomAccessFile.java:288)
01-26 11:24:15.384 27803 27803 W System.err: 	at java.io.RandomAccessFile.<init>(RandomAccessFile.java:151)
01-26 11:24:15.384 27803 27803 W System.err: 	at com.wrapper.proxyapplication.Util.PrepareSecurefiles(Util.java:362)
01-26 11:24:15.384 27803 27803 W System.err: 	at com.zjinnova.zlink.MyWrapperProxyApplication.initProxyApplication(MyWrapperProxyApplication.java:33)
01-26 11:24:15.384 27803 27803 W System.err: 	at com.wrapper.proxyapplication.WrapperProxyApplication.attachBaseContext(WrapperProxyApplication.java:459)
01-26 11:24:15.384 27803 27803 W System.err: 	at android.app.Application.attach(Application.java:212)
01-26 11:24:15.385 27803 27803 W System.err: 	at android.app.Instrumentation.newApplication(Instrumentation.java:1121)
01-26 11:24:15.385 27803 27803 W System.err: 	at android.app.LoadedApk.makeApplication(LoadedApk.java:1064)
01-26 11:24:15.385 27803 27803 W System.err: 	at android.app.ActivityThread.handleBindApplication(ActivityThread.java:5873)
01-26 11:24:15.385 27803 27803 W System.err: 	at android.app.ActivityThread.access$1200(ActivityThread.java:206)
01-26 11:24:15.385 27803 27803 W System.err: 	at android.app.ActivityThread$H.handleMessage(ActivityThread.java:1678)
01-26 11:24:15.385 27803 27803 W System.err: 	at android.os.Handler.dispatchMessage(Handler.java:106)
01-26 11:24:15.385 27803 27803 W System.err: 	at android.os.Looper.loop(Looper.java:193)
01-26 11:24:15.385 27803 27803 W System.err: 	at android.app.ActivityThread.main(ActivityThread.java:6702)
01-26 11:24:15.385 27803 27803 W System.err: 	at java.lang.reflect.Method.invoke(Native Method)
01-26 11:24:15.385 27803 27803 W System.err: 	at com.android.internal.os.RuntimeInit$MethodAndArgsCaller.run(RuntimeInit.java:493)
01-26 11:24:15.385 27803 27803 W System.err: 	at com.android.internal.os.ZygoteInit.main(ZygoteInit.java:911)
01-26 11:24:15.385 27803 27803 W System.err: Caused by: android.system.ErrnoException: open failed: EACCES (Permission denied)
01-26 11:24:15.385 27803 27803 W System.err: 	at libcore.io.Linux.open(Native Method)
01-26 11:24:15.385 27803 27803 W System.err: 	at libcore.io.BlockGuardOs.open(BlockGuardOs.java:210)
01-26 11:24:15.385 27803 27803 W System.err: 	at libcore.io.IoBridge.open(IoBridge.java:471)
01-26 11:24:15.385 27803 27803 W System.err: 	... 17 more
01-26 11:24:15.389 27803 27803 W System.err: java.io.FileNotFoundException: /data/user/0/com.zjinnova.zlink/files/prodexdir/tosversion (Permission denied)
01-26 11:24:15.389 27803 27803 W System.err: 	at java.io.FileOutputStream.open0(Native Method)
01-26 11:24:15.389 27803 27803 W System.err: 	at java.io.FileOutputStream.open(FileOutputStream.java:308)
01-26 11:24:15.389 27803 27803 W System.err: 	at java.io.FileOutputStream.<init>(FileOutputStream.java:238)
01-26 11:24:15.389 27803 27803 W System.err: 	at java.io.FileOutputStream.<init>(FileOutputStream.java:180)
01-26 11:24:15.389 27803 27803 W System.err: 	at com.wrapper.proxyapplication.Util.UnzipFile(Util.java:205)
01-26 11:24:15.389 27803 27803 W System.err: 	at com.wrapper.proxyapplication.Util.PrepareSecurefiles(Util.java:554)
01-26 11:24:15.389 27803 27803 W System.err: 	at com.zjinnova.zlink.MyWrapperProxyApplication.initProxyApplication(MyWrapperProxyApplication.java:33)
01-26 11:24:15.389 27803 27803 W System.err: 	at com.wrapper.proxyapplication.WrapperProxyApplication.attachBaseContext(WrapperProxyApplication.java:459)
01-26 11:24:15.389 27803 27803 W System.err: 	at android.app.Application.attach(Application.java:212)
01-26 11:24:15.389 27803 27803 W System.err: 	at android.app.Instrumentation.newApplication(Instrumentation.java:1121)
01-26 11:24:15.389 27803 27803 W System.err: 	at android.app.LoadedApk.makeApplication(LoadedApk.java:1064)
01-26 11:24:15.389 27803 27803 W System.err: 	at android.app.ActivityThread.handleBindApplication(ActivityThread.java:5873)
01-26 11:24:15.389 27803 27803 W System.err: 	at android.app.ActivityThread.access$1200(ActivityThread.java:206)
01-26 11:24:15.389 27803 27803 W System.err: 	at android.app.ActivityThread$H.handleMessage(ActivityThread.java:1678)
01-26 11:24:15.389 27803 27803 W System.err: 	at android.os.Handler.dispatchMessage(Handler.java:106)
01-26 11:24:15.389 27803 27803 W System.err: 	at android.os.Looper.loop(Looper.java:193)
01-26 11:24:15.389 27803 27803 W System.err: 	at android.app.ActivityThread.main(ActivityThread.java:6702)
01-26 11:24:15.389 27803 27803 W System.err: 	at java.lang.reflect.Method.invoke(Native Method)
01-26 11:24:15.389 27803 27803 W System.err: 	at com.android.internal.os.RuntimeInit$MethodAndArgsCaller.run(RuntimeInit.java:493)
01-26 11:24:15.389 27803 27803 W System.err: 	at com.android.internal.os.ZygoteInit.main(ZygoteInit.java:911)
01-26 11:24:15.438   615  5111 D DisplayManagerService: Display listener for pid 27803 died.
01-26 11:24:15.439   615 23329 I ActivityManager: Process com.zjinnova.zlink (pid 27803) has died: fore SVC 
01-26 11:24:15.439   615 23329 W ActivityManager: Scheduling restart of crashed service com.zjinnova.zlink/com.zjinnova.android.zlink.features.service.DaemonService in 4000ms
01-26 11:24:15.439   615   650 W libprocessgroup: kill(-27803, 9) failed: No such process
01-26 11:24:15.439   615   650 I libprocessgroup: Successfully killed process cgroup uid 10115 pid 27803 in 0ms
01-26 11:24:15.441   615   615 I SourceService: Activity DIED(), com.zjinnova.zlink | com.zjinnova.zlink
01-26 11:24:16.178 27820 27820 W ps      : type=1400 audit(0.0:4383): avc: denied { getattr } for path="/dev/console" dev="tmpfs" ino=9361 scontext=u:r:z-link:s0 tcontext=u:object_r:console_device:s0 tclass=chr_file permissive=0
01-26 11:24:16.178 27820 27820 I chatty  : uid=0(root) ps identical 1 line
01-26 11:24:16.178 27820 27820 W ps      : type=1400 audit(0.0:4385): avc: denied { getattr } for path="/dev/console" dev="tmpfs" ino=9361 scontext=u:r:z-link:s0 tcontext=u:object_r:console_device:s0 tclass=chr_file permissive=0
01-26 11:24:16.178 27820 27820 W ps      : type=1400 audit(0.0:4386): avc: denied { read } for name="drivers" dev="proc" ino=4026531853 scontext=u:r:z-link:s0 tcontext=u:object_r:proc_tty_drivers:s0 tclass=file permissive=0
01-26 11:24:16.208 27820 27820 W ps      : type=1400 audit(0.0:4387): avc: denied { getattr } for path="/dev/pts/0" dev="devpts" ino=3 scontext=u:r:z-link:s0 tcontext=u:object_r:devpts:s0 tclass=chr_file permissive=0
01-26 11:24:16.246   782   785 D btopt   : zlink wake_up_apk_server: cmd = 'export PATH=$PATH:/system/bin/;am start-service -a "zjinnova.android.intent.action.ZLINK_SERVICE" &'
01-26 11:24:16.325   615   649 I ActivityManager: Start proc 27830:com.zjinnova.zlink/u0a115 for service com.zjinnova.zlink/com.zjinnova.android.zlink.features.service.DaemonService
01-26 11:24:16.335   461  1183 D pseudo  : mtk_gps_sys_nmea_output_to_mnld: received 467 bytes:
01-26 11:24:16.338   461  1183 D pseudo  : mtk_gps_sys_nmea_output_to_app: len:467, [NMEA]$GPGGA,001827.01...
01-26 11:24:16.338   461  1183 D         : mtk_gps_sys_gps_mnl_callback: msg:0
01-26 11:24:16.339   615   753 I GnssLocationProvider: WakeLock acquired by sendMessage(REPORT_SV_STATUS, 0, com.android.server.location.GnssLocationProvider$SvStatusInfo@5227f01)
01-26 11:24:16.339   461  1183 D         : send_active_notify: send clean nmea timer cmd!
01-26 11:24:16.340   615   879 I GnssLocationProvider: WakeLock released by handleMessage(REPORT_SV_STATUS, 0, com.android.server.location.GnssLocationProvider$SvStatusInfo@5227f01)
01-26 11:24:16.340   461  1183 D         : mtk_gps_sys_gps_mnl_callback: MTK_GPS_MSG_FIX_READY,GET_RTC_FAIL
01-26 11:24:16.340   461  1183 D pseudo  : mtk_gps_sys_nmea_output_to_app: len:46, [vAGPS_Auto_Req]:g_FirstDbtt:0,u2BitMap:0x12f
01-26 11:24:16.341   461   555 D         : gps_control_thread: gps_control_thread wait
01-26 11:24:16.343 27830 27830 E .zjinnova.zlin: Not starting debugger since process cannot load the jdwp agent.
01-26 11:24:16.378 27830 27830 I .zjinnova.zlin: The ClassLoaderContext is a special shared library.
01-26 11:24:16.385 27830 27830 W .zjinnova.zlin: JIT profile information will not be recorded: profile file does not exits.
01-26 11:24:16.400 27830 27830 W System.err: java.io.FileNotFoundException: /data/user/0/com.zjinnova.zlink/files/prodexdir/tosversion: open failed: EACCES (Permission denied)
01-26 11:24:16.401 27830 27830 W System.err: 	at libcore.io.IoBridge.open(IoBridge.java:485)
01-26 11:24:16.401 27830 27830 W System.err: 	at java.io.RandomAccessFile.<init>(RandomAccessFile.java:288)
01-26 11:24:16.401 27830 27830 W System.err: 	at java.io.RandomAccessFile.<init>(RandomAccessFile.java:151)
01-26 11:24:16.401 27830 27830 W System.err: 	at com.wrapper.proxyapplication.Util.PrepareSecurefiles(Util.java:362)
01-26 11:24:16.401 27830 27830 W System.err: 	at com.zjinnova.zlink.MyWrapperProxyApplication.initProxyApplication(MyWrapperProxyApplication.java:33)
01-26 11:24:16.401 27830 27830 W System.err: 	at com.wrapper.proxyapplication.WrapperProxyApplication.attachBaseContext(WrapperProxyApplication.java:459)
01-26 11:24:16.401 27830 27830 W System.err: 	at android.app.Application.attach(Application.java:212)
01-26 11:24:16.401 27830 27830 W System.err: 	at android.app.Instrumentation.newApplication(Instrumentation.java:1121)
01-26 11:24:16.401 27830 27830 W System.err: 	at android.app.LoadedApk.makeApplication(LoadedApk.java:1064)
01-26 11:24:16.401 27830 27830 W System.err: 	at android.app.ActivityThread.handleBindApplication(ActivityThread.java:5873)
01-26 11:24:16.401 27830 27830 W System.err: 	at android.app.ActivityThread.access$1200(ActivityThread.java:206)
01-26 11:24:16.401 27830 27830 W System.err: 	at android.app.ActivityThread$H.handleMessage(ActivityThread.java:1678)
01-26 11:24:16.401 27830 27830 W System.err: 	at android.os.Handler.dispatchMessage(Handler.java:106)
01-26 11:24:16.401 27830 27830 W System.err: 	at android.os.Looper.loop(Looper.java:193)
01-26 11:24:16.401 27830 27830 W System.err: 	at android.app.ActivityThread.main(ActivityThread.java:6702)
01-26 11:24:16.401 27830 27830 W System.err: 	at java.lang.reflect.Method.invoke(Native Method)
01-26 11:24:16.401 27830 27830 W System.err: 	at com.android.internal.os.RuntimeInit$MethodAndArgsCaller.run(RuntimeInit.java:493)
01-26 11:24:16.401 27830 27830 W System.err: 	at com.android.internal.os.ZygoteInit.main(ZygoteInit.java:911)
01-26 11:24:16.401 27830 27830 W System.err: Caused by: android.system.ErrnoException: open failed: EACCES (Permission denied)
01-26 11:24:16.401 27830 27830 W System.err: 	at libcore.io.Linux.open(Native Method)
01-26 11:24:16.401 27830 27830 W System.err: 	at libcore.io.BlockGuardOs.open(BlockGuardOs.java:210)
01-26 11:24:16.401 27830 27830 W System.err: 	at libcore.io.IoBridge.open(IoBridge.java:471)
01-26 11:24:16.402 27830 27830 W System.err: 	... 17 more
01-26 11:24:16.402 27830 27830 W System.err: java.io.FileNotFoundException: /data/user/0/com.zjinnova.zlink/files/prodexdir/tosversion (Permission denied)
01-26 11:24:16.403 27830 27830 W System.err: 	at java.io.FileOutputStream.open0(Native Method)
01-26 11:24:16.403 27830 27830 W System.err: 	at java.io.FileOutputStream.open(FileOutputStream.java:308)
01-26 11:24:16.403 27830 27830 W System.err: 	at java.io.FileOutputStream.<init>(FileOutputStream.java:238)
01-26 11:24:16.403 27830 27830 W System.err: 	at java.io.FileOutputStream.<init>(FileOutputStream.java:180)
01-26 11:24:16.403 27830 27830 W System.err: 	at com.wrapper.proxyapplication.Util.UnzipFile(Util.java:205)
01-26 11:24:16.403 27830 27830 W System.err: 	at com.wrapper.proxyapplication.Util.PrepareSecurefiles(Util.java:554)
01-26 11:24:16.403 27830 27830 W System.err: 	at com.zjinnova.zlink.MyWrapperProxyApplication.initProxyApplication(MyWrapperProxyApplication.java:33)
01-26 11:24:16.403 27830 27830 W System.err: 	at com.wrapper.proxyapplication.WrapperProxyApplication.attachBaseContext(WrapperProxyApplication.java:459)
01-26 11:24:16.403 27830 27830 W System.err: 	at android.app.Application.attach(Application.java:212)
01-26 11:24:16.403 27830 27830 W System.err: 	at android.app.Instrumentation.newApplication(Instrumentation.java:1121)
01-26 11:24:16.403 27830 27830 W System.err: 	at android.app.LoadedApk.makeApplication(LoadedApk.java:1064)
01-26 11:24:16.403 27830 27830 W System.err: 	at android.app.ActivityThread.handleBindApplication(ActivityThread.java:5873)
01-26 11:24:16.403 27830 27830 W System.err: 	at android.app.ActivityThread.access$1200(ActivityThread.java:206)
01-26 11:24:16.403 27830 27830 W System.err: 	at android.app.ActivityThread$H.handleMessage(ActivityThread.java:1678)
01-26 11:24:16.403 27830 27830 W System.err: 	at android.os.Handler.dispatchMessage(Handler.java:106)
01-26 11:24:16.403 27830 27830 W System.err: 	at android.os.Looper.loop(Looper.java:193)
01-26 11:24:16.403 27830 27830 W System.err: 	at android.app.ActivityThread.main(ActivityThread.java:6702)
01-26 11:24:16.403 27830 27830 W System.err: 	at java.lang.reflect.Method.invoke(Native Method)
01-26 11:24:16.403 27830 27830 W System.err: 	at com.android.internal.os.RuntimeInit$MethodAndArgsCaller.run(RuntimeInit.java:493)
01-26 11:24:16.403 27830 27830 W System.err: 	at com.android.internal.os.ZygoteInit.main(ZygoteInit.java:911)
01-26 11:24:16.492   615  1361 D DisplayManagerService: Display listener for pid 27830 died.
01-26 11:24:16.492   615  1972 I ActivityManager: Process com.zjinnova.zlink (pid 27830) has died: fore SVC 
01-26 11:24:16.492   615  1972 W ActivityManager: Canceling start item Intent { act=zjinnova.android.intent.action.ZLINK_SERVICE } in service ComponentInfo{com.zjinnova.zlink/com.zjinnova.android.zlink.features.service.DaemonService}
01-26 11:24:16.492   615  1972 W ActivityManager: Scheduling restart of crashed service com.zjinnova.zlink/com.zjinnova.android.zlink.features.service.DaemonService in 1000ms
01-26 11:24:16.492   615   650 W libprocessgroup: kill(-27830, 9) failed: No such process
01-26 11:24:16.494   615   615 I SourceService: Activity DIED(), com.zjinnova.zlink | com.zjinnova.zlink
01-26 11:24:16.495   615   650 I libprocessgroup: Successfully killed process cgroup uid 10115 pid 27830 in 2ms
01-26 11:24:16.990   347  1242 D [BT]    : mtk_bt_op: BT_VND_OP_LPM_WAKE_SET_STATE
01-26 11:24:17.068   615   738 E WifiVendorHal: getWifiLinkLayerStats(l.937) failed {.code = ERROR_NOT_SUPPORTED, .description = }
01-26 11:24:17.334   461  1183 D pseudo  : mtk_gps_sys_nmea_output_to_mnld: received 467 bytes:
01-26 11:24:17.335   461  1183 D pseudo  : mtk_gps_sys_nmea_output_to_app: len:467, [NMEA]$GPGGA,001828.01...
01-26 11:24:17.335   461  1183 D         : mtk_gps_sys_gps_mnl_callback: msg:0
01-26 11:24:17.335   461  1183 D         : send_active_notify: send clean nmea timer cmd!
01-26 11:24:17.335   461  1183 D         : mtk_gps_sys_gps_mnl_callback: MTK_GPS_MSG_FIX_READY,GET_RTC_FAIL
01-26 11:24:17.335   461  1183 D pseudo  : mtk_gps_sys_nmea_output_to_app: len:46, [vAGPS_Auto_Req]:g_FirstDbtt:0,u2BitMap:0x12f
01-26 11:24:17.335   461   555 D         : gps_control_thread: gps_control_thread wait
01-26 11:24:17.338   615   889 I GnssLocationProvider: WakeLock acquired by sendMessage(REPORT_SV_STATUS, 0, com.android.server.location.GnssLocationProvider$SvStatusInfo@e2891a6)
01-26 11:24:17.339   615   879 I GnssLocationProvider: WakeLock released by handleMessage(REPORT_SV_STATUS, 0, com.android.server.location.GnssLocationProvider$SvStatusInfo@e2891a6)
01-26 11:24:17.505   615   649 I ActivityManager: Start proc 27851:com.zjinnova.zlink/u0a115 for service com.zjinnova.zlink/com.zjinnova.android.zlink.features.service.DaemonService
01-26 11:24:17.517 27851 27851 E .zjinnova.zlin: Not starting debugger since process cannot load the jdwp agent.
01-26 11:24:17.553 27851 27851 I .zjinnova.zlin: The ClassLoaderContext is a special shared library.
01-26 11:24:17.559 27851 27851 W .zjinnova.zlin: JIT profile information will not be recorded: profile file does not exits.
01-26 11:24:17.582 27851 27851 W System.err: java.io.FileNotFoundException: /data/user/0/com.zjinnova.zlink/files/prodexdir/tosversion: open failed: EACCES (Permission denied)
01-26 11:24:17.582 27851 27851 W System.err: 	at libcore.io.IoBridge.open(IoBridge.java:485)
01-26 11:24:17.582 27851 27851 W System.err: 	at java.io.RandomAccessFile.<init>(RandomAccessFile.java:288)
01-26 11:24:17.582 27851 27851 W System.err: 	at java.io.RandomAccessFile.<init>(RandomAccessFile.java:151)
01-26 11:24:17.583 27851 27851 W System.err: 	at com.wrapper.proxyapplication.Util.PrepareSecurefiles(Util.java:362)
01-26 11:24:17.583 27851 27851 W System.err: 	at com.zjinnova.zlink.MyWrapperProxyApplication.initProxyApplication(MyWrapperProxyApplication.java:33)
01-26 11:24:17.583 27851 27851 W System.err: 	at com.wrapper.proxyapplication.WrapperProxyApplication.attachBaseContext(WrapperProxyApplication.java:459)
01-26 11:24:17.583 27851 27851 W System.err: 	at android.app.Application.attach(Application.java:212)
01-26 11:24:17.583 27851 27851 W System.err: 	at android.app.Instrumentation.newApplication(Instrumentation.java:1121)
01-26 11:24:17.583 27851 27851 W System.err: 	at android.app.LoadedApk.makeApplication(LoadedApk.java:1064)
01-26 11:24:17.583 27851 27851 W System.err: 	at android.app.ActivityThread.handleBindApplication(ActivityThread.java:5873)
01-26 11:24:17.583 27851 27851 W System.err: 	at android.app.ActivityThread.access$1200(ActivityThread.java:206)
01-26 11:24:17.583 27851 27851 W System.err: 	at android.app.ActivityThread$H.handleMessage(ActivityThread.java:1678)
01-26 11:24:17.583 27851 27851 W System.err: 	at android.os.Handler.dispatchMessage(Handler.java:106)
01-26 11:24:17.583 27851 27851 W System.err: 	at android.os.Looper.loop(Looper.java:193)
01-26 11:24:17.583 27851 27851 W System.err: 	at android.app.ActivityThread.main(ActivityThread.java:6702)
01-26 11:24:17.583 27851 27851 W System.err: 	at java.lang.reflect.Method.invoke(Native Method)
01-26 11:24:17.583 27851 27851 W System.err: 	at com.android.internal.os.RuntimeInit$MethodAndArgsCaller.run(RuntimeInit.java:493)
01-26 11:24:17.583 27851 27851 W System.err: 	at com.android.internal.os.ZygoteInit.main(ZygoteInit.java:911)
01-26 11:24:17.583 27851 27851 W System.err: Caused by: android.system.ErrnoException: open failed: EACCES (Permission denied)
01-26 11:24:17.583 27851 27851 W System.err: 	at libcore.io.Linux.open(Native Method)
01-26 11:24:17.583 27851 27851 W System.err: 	at libcore.io.BlockGuardOs.open(BlockGuardOs.java:210)
01-26 11:24:17.583 27851 27851 W System.err: 	at libcore.io.IoBridge.open(IoBridge.java:471)
01-26 11:24:17.583 27851 27851 W System.err: 	... 17 more
01-26 11:24:17.584 27851 27851 W System.err: java.io.FileNotFoundException: /data/user/0/com.zjinnova.zlink/files/prodexdir/tosversion (Permission denied)
01-26 11:24:17.584 27851 27851 W System.err: 	at java.io.FileOutputStream.open0(Native Method)
01-26 11:24:17.584 27851 27851 W System.err: 	at java.io.FileOutputStream.open(FileOutputStream.java:308)
01-26 11:24:17.584 27851 27851 W System.err: 	at java.io.FileOutputStream.<init>(FileOutputStream.java:238)
01-26 11:24:17.584 27851 27851 W System.err: 	at java.io.FileOutputStream.<init>(FileOutputStream.java:180)
01-26 11:24:17.584 27851 27851 W System.err: 	at com.wrapper.proxyapplication.Util.UnzipFile(Util.java:205)
01-26 11:24:17.584 27851 27851 W System.err: 	at com.wrapper.proxyapplication.Util.PrepareSecurefiles(Util.java:554)
01-26 11:24:17.584 27851 27851 W System.err: 	at com.zjinnova.zlink.MyWrapperProxyApplication.initProxyApplication(MyWrapperProxyApplication.java:33)
01-26 11:24:17.584 27851 27851 W System.err: 	at com.wrapper.proxyapplication.WrapperProxyApplication.attachBaseContext(WrapperProxyApplication.java:459)
01-26 11:24:17.584 27851 27851 W System.err: 	at android.app.Application.attach(Application.java:212)
01-26 11:24:17.584 27851 27851 W System.err: 	at android.app.Instrumentation.newApplication(Instrumentation.java:1121)
01-26 11:24:17.585 27851 27851 W System.err: 	at android.app.LoadedApk.makeApplication(LoadedApk.java:1064)
01-26 11:24:17.585 27851 27851 W System.err: 	at android.app.ActivityThread.handleBindApplication(ActivityThread.java:5873)
01-26 11:24:17.585 27851 27851 W System.err: 	at android.app.ActivityThread.access$1200(ActivityThread.java:206)
01-26 11:24:17.585 27851 27851 W System.err: 	at android.app.ActivityThread$H.handleMessage(ActivityThread.java:1678)
01-26 11:24:17.585 27851 27851 W System.err: 	at android.os.Handler.dispatchMessage(Handler.java:106)
01-26 11:24:17.585 27851 27851 W System.err: 	at android.os.Looper.loop(Looper.java:193)
01-26 11:24:17.585 27851 27851 W System.err: 	at android.app.ActivityThread.main(ActivityThread.java:6702)
01-26 11:24:17.585 27851 27851 W System.err: 	at java.lang.reflect.Method.invoke(Native Method)
01-26 11:24:17.585 27851 27851 W System.err: 	at com.android.internal.os.RuntimeInit$MethodAndArgsCaller.run(RuntimeInit.java:493)
01-26 11:24:17.585 27851 27851 W System.err: 	at com.android.internal.os.ZygoteInit.main(ZygoteInit.java:911)
01-26 11:24:17.655   615  5111 D DisplayManagerService: Display listener for pid 27851 died.
01-26 11:24:17.655   615  1972 I ActivityManager: Process com.zjinnova.zlink (pid 27851) has died: fore SVC 
01-26 11:24:17.656   615  1972 W ActivityManager: Scheduling restart of crashed service com.zjinnova.zlink/com.zjinnova.android.zlink.features.service.DaemonService in 4000ms
01-26 11:24:17.656   615   650 W libprocessgroup: kill(-27851, 9) failed: No such process
01-26 11:24:17.656   615   650 I libprocessgroup: Successfully killed process cgroup uid 10115 pid 27851 in 0ms
01-26 11:24:17.657   615   615 I SourceService: Activity DIED(), com.zjinnova.zlink | com.zjinnova.zlink
01-26 11:24:18.335   461  1183 D pseudo  : mtk_gps_sys_nmea_output_to_mnld: received 467 bytes:
01-26 11:24:18.336   461  1183 D pseudo  : mtk_gps_sys_nmea_output_to_app: len:467, [NMEA]$GPGGA,001829.01...
01-26 11:24:18.342   615   889 I GnssLocationProvider: WakeLock acquired by sendMessage(REPORT_SV_STATUS, 0, com.android.server.location.GnssLocationProvider$SvStatusInfo@ac7e7)
01-26 11:24:18.344   615   879 I GnssLocationProvider: WakeLock released by handleMessage(REPORT_SV_STATUS, 0, com.android.server.location.GnssLocationProvider$SvStatusInfo@ac7e7)
01-26 11:24:18.345   461  1183 D         : mtk_gps_sys_gps_mnl_callback: msg:0
01-26 11:24:18.345   461  1183 D         : send_active_notify: send clean nmea timer cmd!
01-26 11:24:18.346   461   555 D         : gps_control_thread: gps_control_thread wait
01-26 11:24:18.346   461  1183 D         : mtk_gps_sys_gps_mnl_callback: MTK_GPS_MSG_FIX_READY,GET_RTC_FAIL
01-26 11:24:18.346   461  1183 D pseudo  : mtk_gps_sys_nmea_output_to_app: len:46, [vAGPS_Auto_Req]:g_FirstDbtt:0,u2BitMap:0x12f
01-26 11:24:18.348 27868 27868 W ps      : type=1400 audit(0.0:4393): avc: denied { getattr } for path="/dev/console" dev="tmpfs" ino=9361 scontext=u:r:z-link:s0 tcontext=u:object_r:console_device:s0 tclass=chr_file permissive=0
01-26 11:24:18.348 27868 27868 I chatty  : uid=0(root) ps identical 1 line
01-26 11:24:18.348 27868 27868 W ps      : type=1400 audit(0.0:4395): avc: denied { getattr } for path="/dev/console" dev="tmpfs" ino=9361 scontext=u:r:z-link:s0 tcontext=u:object_r:console_device:s0 tclass=chr_file permissive=0
01-26 11:24:18.348 27868 27868 W ps      : type=1400 audit(0.0:4396): avc: denied { read } for name="drivers" dev="proc" ino=4026531853 scontext=u:r:z-link:s0 tcontext=u:object_r:proc_tty_drivers:s0 tclass=file permissive=0
01-26 11:24:18.375 27868 27868 W ps      : type=1400 audit(0.0:4397): avc: denied { getattr } for path="/dev/pts/0" dev="devpts" ino=3 scontext=u:r:z-link:s0 tcontext=u:object_r:devpts:s0 tclass=chr_file permissive=0
01-26 11:24:18.416   782   785 D btopt   : zlink wake_up_apk_server: cmd = 'export PATH=$PATH:/system/bin/;am start-service -a "zjinnova.android.intent.action.ZLINK_SERVICE" &'
01-26 11:24:18.520   615   649 I ActivityManager: Start proc 27878:com.zjinnova.zlink/u0a115 for service com.zjinnova.zlink/com.zjinnova.android.zlink.features.service.DaemonService
01-26 11:24:18.533 27878 27878 E .zjinnova.zlin: Not starting debugger since process cannot load the jdwp agent.
01-26 11:24:18.570 27878 27878 I .zjinnova.zlin: The ClassLoaderContext is a special shared library.
01-26 11:24:18.577 27878 27878 W .zjinnova.zlin: JIT profile information will not be recorded: profile file does not exits.
01-26 11:24:18.592 27878 27878 W System.err: java.io.FileNotFoundException: /data/user/0/com.zjinnova.zlink/files/prodexdir/tosversion: open failed: EACCES (Permission denied)
01-26 11:24:18.593 27878 27878 W System.err: 	at libcore.io.IoBridge.open(IoBridge.java:485)
01-26 11:24:18.593 27878 27878 W System.err: 	at java.io.RandomAccessFile.<init>(RandomAccessFile.java:288)
01-26 11:24:18.593 27878 27878 W System.err: 	at java.io.RandomAccessFile.<init>(RandomAccessFile.java:151)
01-26 11:24:18.593 27878 27878 W System.err: 	at com.wrapper.proxyapplication.Util.PrepareSecurefiles(Util.java:362)
01-26 11:24:18.593 27878 27878 W System.err: 	at com.zjinnova.zlink.MyWrapperProxyApplication.initProxyApplication(MyWrapperProxyApplication.java:33)
01-26 11:24:18.593 27878 27878 W System.err: 	at com.wrapper.proxyapplication.WrapperProxyApplication.attachBaseContext(WrapperProxyApplication.java:459)
01-26 11:24:18.593 27878 27878 W System.err: 	at android.app.Application.attach(Application.java:212)
01-26 11:24:18.593 27878 27878 W System.err: 	at android.app.Instrumentation.newApplication(Instrumentation.java:1121)
01-26 11:24:18.593 27878 27878 W System.err: 	at android.app.LoadedApk.makeApplication(LoadedApk.java:1064)
01-26 11:24:18.593 27878 27878 W System.err: 	at android.app.ActivityThread.handleBindApplication(ActivityThread.java:5873)
01-26 11:24:18.593 27878 27878 W System.err: 	at android.app.ActivityThread.access$1200(ActivityThread.java:206)
01-26 11:24:18.593 27878 27878 W System.err: 	at android.app.ActivityThread$H.handleMessage(ActivityThread.java:1678)
01-26 11:24:18.593 27878 27878 W System.err: 	at android.os.Handler.dispatchMessage(Handler.java:106)
01-26 11:24:18.593 27878 27878 W System.err: 	at android.os.Looper.loop(Looper.java:193)
01-26 11:24:18.593 27878 27878 W System.err: 	at android.app.ActivityThread.main(ActivityThread.java:6702)
01-26 11:24:18.593 27878 27878 W System.err: 	at java.lang.reflect.Method.invoke(Native Method)
01-26 11:24:18.593 27878 27878 W System.err: 	at com.android.internal.os.RuntimeInit$MethodAndArgsCaller.run(RuntimeInit.java:493)
01-26 11:24:18.593 27878 27878 W System.err: 	at com.android.internal.os.ZygoteInit.main(ZygoteInit.java:911)
01-26 11:24:18.594 27878 27878 W System.err: Caused by: android.system.ErrnoException: open failed: EACCES (Permission denied)
01-26 11:24:18.594 27878 27878 W System.err: 	at libcore.io.Linux.open(Native Method)
01-26 11:24:18.594 27878 27878 W System.err: 	at libcore.io.BlockGuardOs.open(BlockGuardOs.java:210)
01-26 11:24:18.594 27878 27878 W System.err: 	at libcore.io.IoBridge.open(IoBridge.java:471)
01-26 11:24:18.594 27878 27878 W System.err: 	... 17 more
01-26 11:24:18.594 27878 27878 W System.err: java.io.FileNotFoundException: /data/user/0/com.zjinnova.zlink/files/prodexdir/tosversion (Permission denied)
01-26 11:24:18.595 27878 27878 W System.err: 	at java.io.FileOutputStream.open0(Native Method)
01-26 11:24:18.595 27878 27878 W System.err: 	at java.io.FileOutputStream.open(FileOutputStream.java:308)
01-26 11:24:18.595 27878 27878 W System.err: 	at java.io.FileOutputStream.<init>(FileOutputStream.java:238)
01-26 11:24:18.595 27878 27878 W System.err: 	at java.io.FileOutputStream.<init>(FileOutputStream.java:180)
01-26 11:24:18.595 27878 27878 W System.err: 	at com.wrapper.proxyapplication.Util.UnzipFile(Util.java:205)
01-26 11:24:18.595 27878 27878 W System.err: 	at com.wrapper.proxyapplication.Util.PrepareSecurefiles(Util.java:554)
01-26 11:24:18.595 27878 27878 W System.err: 	at com.zjinnova.zlink.MyWrapperProxyApplication.initProxyApplication(MyWrapperProxyApplication.java:33)
01-26 11:24:18.595 27878 27878 W System.err: 	at com.wrapper.proxyapplication.WrapperProxyApplication.attachBaseContext(WrapperProxyApplication.java:459)
01-26 11:24:18.595 27878 27878 W System.err: 	at android.app.Application.attach(Application.java:212)
01-26 11:24:18.595 27878 27878 W System.err: 	at android.app.Instrumentation.newApplication(Instrumentation.java:1121)
01-26 11:24:18.595 27878 27878 W System.err: 	at android.app.LoadedApk.makeApplication(LoadedApk.java:1064)
01-26 11:24:18.595 27878 27878 W System.err: 	at android.app.ActivityThread.handleBindApplication(ActivityThread.java:5873)
01-26 11:24:18.595 27878 27878 W System.err: 	at android.app.ActivityThread.access$1200(ActivityThread.java:206)
01-26 11:24:18.595 27878 27878 W System.err: 	at android.app.ActivityThread$H.handleMessage(ActivityThread.java:1678)
01-26 11:24:18.595 27878 27878 W System.err: 	at android.os.Handler.dispatchMessage(Handler.java:106)
01-26 11:24:18.595 27878 27878 W System.err: 	at android.os.Looper.loop(Looper.java:193)
01-26 11:24:18.595 27878 27878 W System.err: 	at android.app.ActivityThread.main(ActivityThread.java:6702)
01-26 11:24:18.595 27878 27878 W System.err: 	at java.lang.reflect.Method.invoke(Native Method)
01-26 11:24:18.595 27878 27878 W System.err: 	at com.android.internal.os.RuntimeInit$MethodAndArgsCaller.run(RuntimeInit.java:493)
01-26 11:24:18.595 27878 27878 W System.err: 	at com.android.internal.os.ZygoteInit.main(ZygoteInit.java:911)
01-26 11:24:18.665   615  1361 D DisplayManagerService: Display listener for pid 27878 died.
01-26 11:24:18.666   615  1972 I ActivityManager: Process com.zjinnova.zlink (pid 27878) has died: fore SVC 
01-26 11:24:18.666   615  1972 W ActivityManager: Canceling start item Intent { act=zjinnova.android.intent.action.ZLINK_SERVICE } in service ComponentInfo{com.zjinnova.zlink/com.zjinnova.android.zlink.features.service.DaemonService}
01-26 11:24:18.666   615   650 W libprocessgroup: kill(-27878, 9) failed: No such process
01-26 11:24:18.666   615  1972 W ActivityManager: Scheduling restart of crashed service com.zjinnova.zlink/com.zjinnova.android.zlink.features.service.DaemonService in 1000ms
01-26 11:24:18.666   615   650 I libprocessgroup: Successfully killed process cgroup uid 10115 pid 27878 in 0ms
01-26 11:24:18.667   615   615 I SourceService: Activity DIED(), com.zjinnova.zlink | com.zjinnova.zlink
01-26 11:24:18.936  1298  1298 D BTAdapterService: MSG_AutoConnect
01-26 11:24:18.937  1298  1298 D BTAdapterService: isBluetoothEnable:true
01-26 11:24:18.938  1298  1298 D BTAdapterService: MSG_AUTO_CONNECT times=32 delay:30000
01-26 11:24:18.938  1298  1298 D CachedBluetoothDeviceManager: findDeviceByAddr() == A8:6A:86:B3:96:EA
01-26 11:24:18.944  1298  1298 D BTAdapterService: startConnect A8:6A:86:B3:96:EA
01-26 11:24:18.945  1298  1298 D Car_CachedBluetoothDevice: Address:A8:6A:86:B3:96:EA Profile:HEADSET_CLIENT isPreferred : true
01-26 11:24:18.947  1298  1298 D Car_CachedBluetoothDevice: connectInt, mDevice = A8:6A:86:B3:96:EA
01-26 11:24:18.947  1298  1298 D BluetoothHeadsetClient: connect(A8:6A:86:B3:96:EA)
01-26 11:24:18.948  1298  1298 D Car_CachedBluetoothDevice: Command sent successfully:CONNECT Address:A8:6A:86:B3:96:EA Profile:HEADSET_CLIENT
01-26 11:24:18.948  1152  1259 D HeadsetClientStateMachine: Disconnected process message: 1
01-26 11:24:18.949  1152  1213 I bt_btif_queue: queue_int_add: adding connection request: address=a8:6a:86:b3:96:ea UUID=111E busy=false
01-26 11:24:18.949  1152  1213 I bt_btif_queue: btif_queue_connect_next: executing connection request: address=a8:6a:86:b3:96:ea UUID=111E busy=false
01-26 11:24:18.949  1152  1213 E bt_btif : is_connected: not connected!
01-26 11:24:18.949  1152  1213 W bt_btif : bta_hf_client_find_cb_by_bda: bdaddr mismatch for handle 0 alloc 0
01-26 11:24:18.949  1152  1213 E bt_btif : bta_hf_client_find_cb_by_bda: block not found
01-26 11:24:18.950   615   615 I McuService: headset state changing to : 1
01-26 11:24:18.950   615   615 I SourceService: headset state changed. device : A8:6A:86:B3:96:EA, state : 1
01-26 11:24:18.951   812   995 V BluetoothEventManager: Received android.bluetooth.headsetclient.profile.action.CONNECTION_STATE_CHANGED
01-26 11:24:18.952   347  1236 D [BT]    : mtk_bt_op: BT_VND_OP_LPM_WAKE_SET_STATE
01-26 11:24:18.952  1152  1152 D AdapterProperties: PROFILE_CONNECTION_STATE_CHANGE: profile=16, device=A8:6A:86:B3:96:EA, 0 -> 1
01-26 11:24:18.952  1152  1152 D AdapterProperties: ADAPTER_CONNECTION_STATE_CHANGE: A8:6A:86:B3:96:EA: 0 -> 1
01-26 11:24:18.951   812   995 D CachedBluetoothDevice: onProfileStateChanged: profile HEADSET_CLIENT newProfileState 1
01-26 11:24:18.954   615   646 W BroadcastQueue: Background execution not allowed: receiving Intent { act=android.bluetooth.adapter.action.CONNECTION_STATE_CHANGED flg=0x4000010 (has extras) } to com.google.android.gms/.chimera.GmsIntentOperationService$PersistentTrustedReceiver
01-26 11:24:18.957  1223  1223 I wpa_supplicant: wpa_driver_nl80211_driver_cmd: wlan0 recv cmd BTCOEXSCAN-START
01-26 11:24:18.962  1298  1298 D Car_CachedBluetoothDevice: Address:A8:6A:86:B3:96:EA Profile:A2DPSink isPreferred : true
01-26 11:24:18.964  1298  1298 D Car_CachedBluetoothDevice: connectInt, mDevice = A8:6A:86:B3:96:EA
01-26 11:24:18.964   812   995 D BluetoothController: updateConnected: devices size=0 state=1
01-26 11:24:18.965   812   995 D BluetoothController: updateConnected: state=1 mConnectionState=0
01-26 11:24:18.968   812   995 D BluetoothController: updateConnected: devices size=0 state=1
01-26 11:24:18.969   812   995 D BluetoothController: updateConnected: state=1 mConnectionState=1
01-26 11:24:18.969  1298  1298 D BluetoothA2dpSink: connect(A8:6A:86:B3:96:EA)
01-26 11:24:18.970  1152  1254 D A2dpSinkStateMachine: Disconnected process message: 1
01-26 11:24:18.970  1152  1254 I BluetoothA2dpSinkServiceJni: connectA2dpNative: sBluetoothA2dpInterface: 0x8b9657d8
01-26 11:24:18.970  1152  1254 I btif_av : sink_connect_src: Peer a8:6a:86:b3:96:ea
01-26 11:24:18.971  1152  1213 I bt_btif_queue: queue_int_add: adding connection request: address=a8:6a:86:b3:96:ea UUID=110B busy=false
01-26 11:24:18.971  1152  1213 I bt_btif_queue: btif_queue_connect_next: executing connection request: address=a8:6a:86:b3:96:ea UUID=111E busy=true
01-26 11:24:18.971  1152  1254 D A2dpSinkStateMachine: Exit Disconnected: 1
01-26 11:24:18.971  1152  1254 D A2dpSinkStateMachine: Enter Pending: 1
01-26 11:24:18.971  1298  1298 D Car_CachedBluetoothDevice: Command sent successfully:CONNECT Address:A8:6A:86:B3:96:EA Profile:A2DPSink
01-26 11:24:18.971  1298  1298 D Car_CachedBluetoothDevice: Address:A8:6A:86:B3:96:EA Profile:PAN isPreferred : true
01-26 11:24:18.974  1152  1152 D A2dpSinkStateMachine: Connection state A8:6A:86:B3:96:EA: 0->1
01-26 11:24:18.975  1298  1298 D Car_CachedBluetoothDevice: connectInt, mDevice = A8:6A:86:B3:96:EA
01-26 11:24:18.975   812   995 D BluetoothController: updateConnected: devices size=0 state=1
01-26 11:24:18.975   812   995 D BluetoothController: updateConnected: state=1 mConnectionState=1
01-26 11:24:18.975   812   995 V BluetoothEventManager: Received android.bluetooth.a2dp-sink.profile.action.CONNECTION_STATE_CHANGED
01-26 11:24:18.976   812   995 D CachedBluetoothDevice: onProfileStateChanged: profile A2DPSink newProfileState 1
01-26 11:24:18.976  1298  1298 D BluetoothPan: connect(A8:6A:86:B3:96:EA)
01-26 11:24:18.977  1152  1152 D BluetoothPanServiceJni: connectPanNative(L193): in
01-26 11:24:18.977  1298  1298 D Car_CachedBluetoothDevice: Command sent successfully:CONNECT Address:A8:6A:86:B3:96:EA Profile:PAN
01-26 11:24:18.978  1152  1246 I bt_stack: [INFO:pan_api.cc(355)] PAN_Connect for BD Addr: a8:6a:86:b3:96:ea
01-26 11:24:18.978  1152  1246 I bt_stack: [INFO:bnep_api.cc(133)] BNEP_Connect BDA:a8:6a:86:b3:96:ea
01-26 11:24:18.978  1152  1213 D BluetoothPanServiceJni: connection_state_callback(L82): state:1, local_role:2, remote_role:1
01-26 11:24:18.978  1152  1152 I PanService: state 1 Num of connected pan devices: 0
01-26 11:24:18.978  1152  1152 D PanService: handlePanDeviceStateChange preState: 0 state: 1
01-26 11:24:18.978  1298  1298 D Car_CachedBluetoothDevice: Address:A8:6A:86:B3:96:EA Profile:PbapClient isPreferred : true
01-26 11:24:18.978  1152  1152 D PanService: handlePanDeviceStateChange LOCAL_PANU_ROLE:REMOTE_NAP_ROLE state = 1, prevState = 0
01-26 11:24:18.978  1152  1152 D PanService: Pan Device state : device: A8:6A:86:B3:96:EA State:0->1
01-26 11:24:18.980   812   995 D BluetoothController: updateConnected: devices size=0 state=1
01-26 11:24:18.980   812   995 D BluetoothController: updateConnected: state=1 mConnectionState=1
01-26 11:24:18.981  1298  1298 D Car_CachedBluetoothDevice: connectInt, mDevice = A8:6A:86:B3:96:EA
01-26 11:24:18.982  1298  1298 D PbapClientProfile: PBAPClientProfile attempting to connect to A8:6A:86:B3:96:EA
01-26 11:24:18.983   812   995 D BluetoothController: updateConnected: devices size=0 state=1
01-26 11:24:18.983   812   995 D BluetoothController: updateConnected: state=1 mConnectionState=1
01-26 11:24:18.985   812   995 V BluetoothEventManager: Received android.bluetooth.pan.profile.action.CONNECTION_STATE_CHANGED
01-26 11:24:18.986  1152  1152 D AdapterProperties: PROFILE_CONNECTION_STATE_CHANGE: profile=11, device=A8:6A:86:B3:96:EA, 0 -> 1
01-26 11:24:18.986  1152  1152 D AdapterProperties: PROFILE_CONNECTION_STATE_CHANGE: profile=5, device=A8:6A:86:B3:96:EA, 0 -> 1
01-26 11:24:18.986   812   995 D LocalBluetoothProfileManager: pan profile state change, role is 2
01-26 11:24:18.986   812   995 D CachedBluetoothDevice: onProfileStateChanged: profile PAN newProfileState 1
01-26 11:24:18.988   812   812 I PhoneStatusBarPolicy: bluetooth pan state changed by system, state : 1
01-26 11:24:18.988  1152  1756 D PbapClientService: Received request to ConnectPBAPPhonebook A8:6A:86:B3:96:EA
01-26 11:24:18.990  1298  1298 D Car_CachedBluetoothDevice: Command sent successfully:CONNECT Address:A8:6A:86:B3:96:EA Profile:PbapClient
01-26 11:24:18.990  1298  1298 D Car_CachedBluetoothDevice: Preferred profiles = 4
01-26 11:24:18.990   386   634 D BufferQueueProducer: [StatusBar#0](this:0xb0ec4000,id:5,api:1,p:812,c:386) queueBuffer: fps=0.20 dur=14647.96 max=14618.46 min=5.42
01-26 11:24:18.990  1298  1298 V BluetoothEventManager: Received android.bluetooth.headsetclient.profile.action.CONNECTION_STATE_CHANGED
01-26 11:24:18.990  1298  1298 D CachedBluetoothDeviceManager: findDevice() == A8:6A:86:B3:96:EA
01-26 11:24:18.990  1298  1298 D CachedBluetoothDeviceManager: findDevice() mCachedDevices size == 3
01-26 11:24:18.990  1298  1298 D CachedBluetoothDeviceManager: findDevice() mCachedDevices == A8:6A:86:B3:96:EA
01-26 11:24:18.990  1298  1298 D Car_LocalBluetoothProfileManager: StateChangedHandler cachedDevice ==A8:6A:86:B3:96:EA
01-26 11:24:18.990  1298  1298 D Car_CachedBluetoothDevice: onProfileStateChanged: profile HEADSET_CLIENT newProfileState 1
01-26 11:24:18.991  1298  1298 V LocalBluetoothAdapter: getBluetoothState mState:12
01-26 11:24:18.992  1152 27894 D PbapClientStateMachine: Connection state A8:6A:86:B3:96:EA: 0->1
01-26 11:24:18.992  1298  1298 D Car_CachedBluetoothDevice: localUuids : [Landroid.os.ParcelUuid;@f50cc0f isA2dpSinkSupport : true
01-26 11:24:18.992  1298  1298 D BTAdapterService: onReceive: HFP ACTION_CONNECTION_STATE_CHANGED 1
01-26 11:24:18.994  1298  1298 D BTAdapterService: callListener: count=0
01-26 11:24:18.994  1298  1298 I HfpClientService: onReceive:android.bluetooth.headsetclient.profile.action.CONNECTION_STATE_CHANGED
01-26 11:24:18.994  1298  1298 V BluetoothEventManager: Received android.bluetooth.adapter.action.CONNECTION_STATE_CHANGED
01-26 11:24:18.994  1298  1298 D CachedBluetoothDeviceManager: findDevice() == A8:6A:86:B3:96:EA
01-26 11:24:18.995  1298  1298 D CachedBluetoothDeviceManager: findDevice() mCachedDevices size == 3
01-26 11:24:18.995  1298  1298 D CachedBluetoothDeviceManager: findDevice() mCachedDevices == A8:6A:86:B3:96:EA
01-26 11:24:18.995  1298  1298 V BluetoothEventManager: Received android.bluetooth.a2dp-sink.profile.action.CONNECTION_STATE_CHANGED
01-26 11:24:18.995  1298  1298 D CachedBluetoothDeviceManager: findDevice() == A8:6A:86:B3:96:EA
01-26 11:24:18.995  1298  1298 D CachedBluetoothDeviceManager: findDevice() mCachedDevices size == 3
01-26 11:24:18.995  1298  1298 D CachedBluetoothDeviceManager: findDevice() mCachedDevices == A8:6A:86:B3:96:EA
01-26 11:24:18.995  1298  1298 D Car_LocalBluetoothProfileManager: StateChangedHandler cachedDevice ==A8:6A:86:B3:96:EA
01-26 11:24:18.995  1298  1298 D Car_CachedBluetoothDevice: onProfileStateChanged: profile A2DPSink newProfileState 1
01-26 11:24:18.995  1152  1152 D AdapterProperties: PROFILE_CONNECTION_STATE_CHANGE: profile=17, device=A8:6A:86:B3:96:EA, 0 -> 1
01-26 11:24:18.996  1298  1298 V LocalBluetoothAdapter: getBluetoothState mState:12
01-26 11:24:18.997  1152 27894 D SdpManager: Starting search for UUID: 0000112f-0000-1000-8000-00805f9b34fb
01-26 11:24:18.998  1152 27894 D BluetoothSdpJni: sdpSearchNative
