01-26 11:33:48.227 W/System.err( 8988): 	at java.lang.reflect.Method.invoke(Native Method)
01-26 11:33:48.227 W/System.err( 8988): 	at com.android.internal.os.RuntimeInit$MethodAndArgsCaller.run(RuntimeInit.java:493)
01-26 11:33:48.227 W/System.err( 8988): 	at com.android.internal.os.ZygoteInit.main(ZygoteInit.java:911)
01-26 11:33:48.228 W/System.err( 8988): Caused by: android.system.ErrnoException: open failed: EACCES (Permission denied)
01-26 11:33:48.228 W/System.err( 8988): 	at libcore.io.Linux.open(Native Method)
01-26 11:33:48.228 W/System.err( 8988): 	at libcore.io.BlockGuardOs.open(BlockGuardOs.java:210)
01-26 11:33:48.228 W/System.err( 8988): 	at libcore.io.IoBridge.open(IoBridge.java:471)
01-26 11:33:48.228 W/System.err( 8988): 	... 17 more
01-26 11:33:48.228 W/System.err( 8988): java.io.FileNotFoundException: /data/user/0/com.zjinnova.zlink/files/prodexdir/tosversion (Permission denied)
01-26 11:33:48.229 W/System.err( 8988): 	at java.io.FileOutputStream.open0(Native Method)
01-26 11:33:48.229 W/System.err( 8988): 	at java.io.FileOutputStream.open(FileOutputStream.java:308)
01-26 11:33:48.229 W/System.err( 8988): 	at java.io.FileOutputStream.<init>(FileOutputStream.java:238)
01-26 11:33:48.229 W/System.err( 8988): 	at java.io.FileOutputStream.<init>(FileOutputStream.java:180)
01-26 11:33:48.229 W/System.err( 8988): 	at com.wrapper.proxyapplication.Util.UnzipFile(Util.java:205)
01-26 11:33:48.229 W/System.err( 8988): 	at com.wrapper.proxyapplication.Util.PrepareSecurefiles(Util.java:554)
01-26 11:33:48.229 W/System.err( 8988): 	at com.zjinnova.zlink.MyWrapperProxyApplication.initProxyApplication(MyWrapperProxyApplication.java:33)
01-26 11:33:48.229 W/System.err( 8988): 	at com.wrapper.proxyapplication.WrapperProxyApplication.attachBaseContext(WrapperProxyApplication.java:459)
01-26 11:33:48.229 W/System.err( 8988): 	at android.app.Application.attach(Application.java:212)
01-26 11:33:48.229 W/System.err( 8988): 	at android.app.Instrumentation.newApplication(Instrumentation.java:1121)
01-26 11:33:48.229 W/System.err( 8988): 	at android.app.LoadedApk.makeApplication(LoadedApk.java:1064)
01-26 11:33:48.229 W/System.err( 8988): 	at android.app.ActivityThread.handleBindApplication(ActivityThread.java:5873)
01-26 11:33:48.229 W/System.err( 8988): 	at android.app.ActivityThread.access$1200(ActivityThread.java:206)
01-26 11:33:48.229 W/System.err( 8988): 	at android.app.ActivityThread$H.handleMessage(ActivityThread.java:1678)
01-26 11:33:48.229 W/System.err( 8988): 	at android.os.Handler.dispatchMessage(Handler.java:106)
01-26 11:33:48.229 W/System.err( 8988): 	at android.os.Looper.loop(Looper.java:193)
01-26 11:33:48.229 W/System.err( 8988): 	at android.app.ActivityThread.main(ActivityThread.java:6702)
01-26 11:33:48.229 W/System.err( 8988): 	at java.lang.reflect.Method.invoke(Native Method)
01-26 11:33:48.229 W/System.err( 8988): 	at com.android.internal.os.RuntimeInit$MethodAndArgsCaller.run(RuntimeInit.java:493)
01-26 11:33:48.229 W/System.err( 8988): 	at com.android.internal.os.ZygoteInit.main(ZygoteInit.java:911)
01-26 11:33:48.239 E/WifiVendorHal(  615): getWifiLinkLayerStats(l.937) failed {.code = ERROR_NOT_SUPPORTED, .description = }
01-26 11:33:48.282 D/DisplayManagerService(  615): Display listener for pid 8988 died.
01-26 11:33:48.282 I/ActivityManager(  615): Process com.zjinnova.zlink (pid 8988) has died: fore SVC 
01-26 11:33:48.282 W/ActivityManager(  615): Scheduling restart of crashed service com.zjinnova.zlink/com.zjinnova.android.zlink.features.service.DaemonService in 4000ms
01-26 11:33:48.282 W/libprocessgroup(  615): kill(-8988, 9) failed: No such process
01-26 11:33:48.284 I/SourceService(  615): Activity DIED(), com.zjinnova.zlink | com.zjinnova.zlink
01-26 11:33:48.285 I/libprocessgroup(  615): Successfully killed process cgroup uid 10115 pid 8988 in 2ms
01-26 11:33:48.334 D/pseudo  (  461): mtk_gps_sys_nmea_output_to_mnld: received 467 bytes:
01-26 11:33:48.338 D/pseudo  (  461): mtk_gps_sys_nmea_output_to_app: len:467, [NMEA]$GPGGA,002759.00...
01-26 11:33:48.338 I/GnssLocationProvider(  615): WakeLock acquired by sendMessage(REPORT_SV_STATUS, 0, com.android.server.location.GnssLocationProvider$SvStatusInfo@b10004f)
01-26 11:33:48.339 D/        (  461): mtk_gps_sys_gps_mnl_callback: msg:0
01-26 11:33:48.339 D/        (  461): send_active_notify: send clean nmea timer cmd!
01-26 11:33:48.339 D/        (  461): gps_control_thread: gps_control_thread wait
01-26 11:33:48.339 D/        (  461): mtk_gps_sys_gps_mnl_callback: MTK_GPS_MSG_FIX_READY,GET_RTC_FAIL
01-26 11:33:48.339 D/pseudo  (  461): mtk_gps_sys_nmea_output_to_app: len:46, [vAGPS_Auto_Req]:g_FirstDbtt:0,u2BitMap:0x12f
01-26 11:33:48.341 I/GnssLocationProvider(  615): WakeLock released by handleMessage(REPORT_SV_STATUS, 0, com.android.server.location.GnssLocationProvider$SvStatusInfo@b10004f)
01-26 11:33:48.991 W/ps      ( 9005): type=1400 audit(0.0:7033): avc: denied { getattr } for path="/dev/console" dev="tmpfs" ino=9361 scontext=u:r:z-link:s0 tcontext=u:object_r:console_device:s0 tclass=chr_file permissive=0
01-26 11:33:49.021 W/ps      ( 9005): type=1400 audit(0.0:7037): avc: denied { getattr } for path="/dev/pts/0" dev="devpts" ino=3 scontext=u:r:z-link:s0 tcontext=u:object_r:devpts:s0 tclass=chr_file permissive=0
01-26 11:33:49.052 D/btopt   (  782): zlink wake_up_apk_server: cmd = 'export PATH=$PATH:/system/bin/;am start-service -a "zjinnova.android.intent.action.ZLINK_SERVICE" &'
01-26 11:33:49.127 I/ADB_SERVICES( 4402): fdevent_loop length=1
01-26 11:33:49.140 I/ActivityManager(  615): Start proc 9015:com.zjinnova.zlink/u0a115 for service com.zjinnova.zlink/com.zjinnova.android.zlink.features.service.DaemonService
01-26 11:33:49.156 E/.zjinnova.zlin( 9015): Not starting debugger since process cannot load the jdwp agent.
01-26 11:33:49.192 I/.zjinnova.zlin( 9015): The ClassLoaderContext is a special shared library.
01-26 11:33:49.195 D/BTAdapterService( 1298): MSG_AutoConnect
01-26 11:33:49.197 D/BTAdapterService( 1298): isBluetoothEnable:true
01-26 11:33:49.199 W/.zjinnova.zlin( 9015): JIT profile information will not be recorded: profile file does not exits.
01-26 11:33:49.200 D/BTAdapterService( 1298): MSG_AUTO_CONNECT times=51 delay:30000
01-26 11:33:49.200 D/CachedBluetoothDeviceManager( 1298): findDeviceByAddr() == A8:6A:86:B3:96:EA
01-26 11:33:49.215 W/System.err( 9015): java.io.FileNotFoundException: /data/user/0/com.zjinnova.zlink/files/prodexdir/tosversion: open failed: EACCES (Permission denied)
01-26 11:33:49.215 W/System.err( 9015): 	at libcore.io.IoBridge.open(IoBridge.java:485)
01-26 11:33:49.215 W/System.err( 9015): 	at java.io.RandomAccessFile.<init>(RandomAccessFile.java:288)
01-26 11:33:49.215 W/System.err( 9015): 	at java.io.RandomAccessFile.<init>(RandomAccessFile.java:151)
01-26 11:33:49.215 W/System.err( 9015): 	at com.wrapper.proxyapplication.Util.PrepareSecurefiles(Util.java:362)
01-26 11:33:49.215 W/System.err( 9015): 	at com.zjinnova.zlink.MyWrapperProxyApplication.initProxyApplication(MyWrapperProxyApplication.java:33)
01-26 11:33:49.215 W/System.err( 9015): 	at com.wrapper.proxyapplication.WrapperProxyApplication.attachBaseContext(WrapperProxyApplication.java:459)
01-26 11:33:49.215 W/System.err( 9015): 	at android.app.Application.attach(Application.java:212)
01-26 11:33:49.215 W/System.err( 9015): 	at android.app.Instrumentation.newApplication(Instrumentation.java:1121)
01-26 11:33:49.215 W/System.err( 9015): 	at android.app.LoadedApk.makeApplication(LoadedApk.java:1064)
01-26 11:33:49.215 W/System.err( 9015): 	at android.app.ActivityThread.handleBindApplication(ActivityThread.java:5873)
01-26 11:33:49.215 W/System.err( 9015): 	at android.app.ActivityThread.access$1200(ActivityThread.java:206)
01-26 11:33:49.215 W/System.err( 9015): 	at android.app.ActivityThread$H.handleMessage(ActivityThread.java:1678)
01-26 11:33:49.215 W/System.err( 9015): 	at android.os.Handler.dispatchMessage(Handler.java:106)
01-26 11:33:49.215 W/System.err( 9015): 	at android.os.Looper.loop(Looper.java:193)
01-26 11:33:49.216 W/System.err( 9015): 	at android.app.ActivityThread.main(ActivityThread.java:6702)
01-26 11:33:49.216 W/System.err( 9015): 	at java.lang.reflect.Method.invoke(Native Method)
01-26 11:33:49.216 W/System.err( 9015): 	at com.android.internal.os.RuntimeInit$MethodAndArgsCaller.run(RuntimeInit.java:493)
01-26 11:33:49.216 W/System.err( 9015): 	at com.android.internal.os.ZygoteInit.main(ZygoteInit.java:911)
01-26 11:33:49.216 W/System.err( 9015): Caused by: android.system.ErrnoException: open failed: EACCES (Permission denied)
01-26 11:33:49.216 W/System.err( 9015): 	at libcore.io.Linux.open(Native Method)
01-26 11:33:49.216 W/System.err( 9015): 	at libcore.io.BlockGuardOs.open(BlockGuardOs.java:210)
01-26 11:33:49.216 W/System.err( 9015): 	at libcore.io.IoBridge.open(IoBridge.java:471)
01-26 11:33:49.216 W/System.err( 9015): 	... 17 more
01-26 11:33:49.217 W/System.err( 9015): java.io.FileNotFoundException: /data/user/0/com.zjinnova.zlink/files/prodexdir/tosversion (Permission denied)
01-26 11:33:49.217 W/System.err( 9015): 	at java.io.FileOutputStream.open0(Native Method)
01-26 11:33:49.217 W/System.err( 9015): 	at java.io.FileOutputStream.open(FileOutputStream.java:308)
01-26 11:33:49.217 W/System.err( 9015): 	at java.io.FileOutputStream.<init>(FileOutputStream.java:238)
01-26 11:33:49.217 W/System.err( 9015): 	at java.io.FileOutputStream.<init>(FileOutputStream.java:180)
01-26 11:33:49.217 W/System.err( 9015): 	at com.wrapper.proxyapplication.Util.UnzipFile(Util.java:205)
01-26 11:33:49.217 W/System.err( 9015): 	at com.wrapper.proxyapplication.Util.PrepareSecurefiles(Util.java:554)
01-26 11:33:49.217 W/System.err( 9015): 	at com.zjinnova.zlink.MyWrapperProxyApplication.initProxyApplication(MyWrapperProxyApplication.java:33)
01-26 11:33:49.217 W/System.err( 9015): 	at com.wrapper.proxyapplication.WrapperProxyApplication.attachBaseContext(WrapperProxyApplication.java:459)
01-26 11:33:49.217 W/System.err( 9015): 	at android.app.Application.attach(Application.java:212)
01-26 11:33:49.217 W/System.err( 9015): 	at android.app.Instrumentation.newApplication(Instrumentation.java:1121)
01-26 11:33:49.217 W/System.err( 9015): 	at android.app.LoadedApk.makeApplication(LoadedApk.java:1064)
01-26 11:33:49.217 W/System.err( 9015): 	at android.app.ActivityThread.handleBindApplication(ActivityThread.java:5873)
01-26 11:33:49.217 W/System.err( 9015): 	at android.app.ActivityThread.access$1200(ActivityThread.java:206)
01-26 11:33:49.218 W/System.err( 9015): 	at android.app.ActivityThread$H.handleMessage(ActivityThread.java:1678)
01-26 11:33:49.218 W/System.err( 9015): 	at android.os.Handler.dispatchMessage(Handler.java:106)
01-26 11:33:49.218 W/System.err( 9015): 	at android.os.Looper.loop(Looper.java:193)
01-26 11:33:49.218 W/System.err( 9015): 	at android.app.ActivityThread.main(ActivityThread.java:6702)
01-26 11:33:49.218 W/System.err( 9015): 	at java.lang.reflect.Method.invoke(Native Method)
01-26 11:33:49.218 W/System.err( 9015): 	at com.android.internal.os.RuntimeInit$MethodAndArgsCaller.run(RuntimeInit.java:493)
01-26 11:33:49.218 W/System.err( 9015): 	at com.android.internal.os.ZygoteInit.main(ZygoteInit.java:911)
01-26 11:33:49.221 D/BTAdapterService( 1298): startConnect A8:6A:86:B3:96:EA
01-26 11:33:49.226 D/Car_CachedBluetoothDevice( 1298): Address:A8:6A:86:B3:96:EA Profile:HEADSET_CLIENT isPreferred : true
01-26 11:33:49.228 D/Car_CachedBluetoothDevice( 1298): connectInt, mDevice = A8:6A:86:B3:96:EA
01-26 11:33:49.229 D/BluetoothHeadsetClient( 1298): connect(A8:6A:86:B3:96:EA)
01-26 11:33:49.231 D/HeadsetClientStateMachine( 1152): Disconnected process message: 1
01-26 11:33:49.232 D/Car_CachedBluetoothDevice( 1298): Command sent successfully:CONNECT Address:A8:6A:86:B3:96:EA Profile:HEADSET_CLIENT
01-26 11:33:49.232 I/bt_btif_queue( 1152): queue_int_add: adding connection request: address=a8:6a:86:b3:96:ea UUID=111E busy=false
01-26 11:33:49.232 I/bt_btif_queue( 1152): btif_queue_connect_next: executing connection request: address=a8:6a:86:b3:96:ea UUID=111E busy=false
01-26 11:33:49.232 E/bt_btif ( 1152): is_connected: not connected!
01-26 11:33:49.232 W/bt_btif ( 1152): bta_hf_client_find_cb_by_bda: bdaddr mismatch for handle 0 alloc 0
01-26 11:33:49.232 E/bt_btif ( 1152): bta_hf_client_find_cb_by_bda: block not found
01-26 11:33:49.233 I/McuService(  615): headset state changing to : 1
01-26 11:33:49.233 I/SourceService(  615): headset state changed. device : A8:6A:86:B3:96:EA, state : 1
01-26 11:33:49.234 D/AdapterProperties( 1152): PROFILE_CONNECTION_STATE_CHANGE: profile=16, device=A8:6A:86:B3:96:EA, 0 -> 1
01-26 11:33:49.234 D/AdapterProperties( 1152): ADAPTER_CONNECTION_STATE_CHANGE: A8:6A:86:B3:96:EA: 0 -> 1
01-26 11:33:49.236 V/BluetoothEventManager(  812): Received android.bluetooth.headsetclient.profile.action.CONNECTION_STATE_CHANGED
01-26 11:33:49.237 D/[BT]    (  347): mtk_bt_op: BT_VND_OP_LPM_WAKE_SET_STATE
01-26 11:33:49.246 W/BroadcastQueue(  615): Background execution not allowed: receiving Intent { act=android.bluetooth.adapter.action.CONNECTION_STATE_CHANGED flg=0x4000010 (has extras) } to com.google.android.gms/.chimera.GmsIntentOperationService$PersistentTrustedReceiver
01-26 11:33:49.248 I/wpa_supplicant( 1223): wpa_driver_nl80211_driver_cmd: wlan0 recv cmd BTCOEXSCAN-START
01-26 11:33:49.249 D/Car_CachedBluetoothDevice( 1298): Address:A8:6A:86:B3:96:EA Profile:A2DPSink isPreferred : true
01-26 11:33:49.251 D/Car_CachedBluetoothDevice( 1298): connectInt, mDevice = A8:6A:86:B3:96:EA
01-26 11:33:49.253 D/CachedBluetoothDevice(  812): onProfileStateChanged: profile HEADSET_CLIENT newProfileState 1
01-26 11:33:49.255 D/BluetoothA2dpSink( 1298): connect(A8:6A:86:B3:96:EA)
01-26 11:33:49.256 D/A2dpSinkStateMachine( 1152): Disconnected process message: 1
01-26 11:33:49.256 I/BluetoothA2dpSinkServiceJni( 1152): connectA2dpNative: sBluetoothA2dpInterface: 0x8b9657d8
01-26 11:33:49.256 I/btif_av ( 1152): sink_connect_src: Peer a8:6a:86:b3:96:ea
01-26 11:33:49.256 D/A2dpSinkStateMachine( 1152): Exit Disconnected: 1
01-26 11:33:49.256 D/A2dpSinkStateMachine( 1152): Enter Pending: 1
01-26 11:33:49.256 I/bt_btif_queue( 1152): queue_int_add: adding connection request: address=a8:6a:86:b3:96:ea UUID=110B busy=false
01-26 11:33:49.256 I/bt_btif_queue( 1152): btif_queue_connect_next: executing connection request: address=a8:6a:86:b3:96:ea UUID=111E busy=true
01-26 11:33:49.257 D/Car_CachedBluetoothDevice( 1298): Command sent successfully:CONNECT Address:A8:6A:86:B3:96:EA Profile:A2DPSink
01-26 11:33:49.257 D/Car_CachedBluetoothDevice( 1298): Address:A8:6A:86:B3:96:EA Profile:PAN isPreferred : true
01-26 11:33:49.261 D/A2dpSinkStateMachine( 1152): Connection state A8:6A:86:B3:96:EA: 0->1
01-26 11:33:49.263 D/AdapterProperties( 1152): PROFILE_CONNECTION_STATE_CHANGE: profile=11, device=A8:6A:86:B3:96:EA, 0 -> 1
01-26 11:33:49.264 D/Car_CachedBluetoothDevice( 1298): connectInt, mDevice = A8:6A:86:B3:96:EA
01-26 11:33:49.265 D/BluetoothPan( 1298): connect(A8:6A:86:B3:96:EA)
01-26 11:33:49.266 D/BluetoothPanServiceJni( 1152): connectPanNative(L193): in
01-26 11:33:49.266 I/bt_stack( 1152): [INFO:pan_api.cc(355)] PAN_Connect for BD Addr: a8:6a:86:b3:96:ea
01-26 11:33:49.266 I/bt_stack( 1152): [INFO:bnep_api.cc(133)] BNEP_Connect BDA:a8:6a:86:b3:96:ea
01-26 11:33:49.266 D/BluetoothPanServiceJni( 1152): connection_state_callback(L82): state:1, local_role:2, remote_role:1
01-26 11:33:49.267 I/PanService( 1152): state 1 Num of connected pan devices: 0
01-26 11:33:49.267 D/PanService( 1152): handlePanDeviceStateChange preState: 0 state: 1
01-26 11:33:49.267 D/PanService( 1152): handlePanDeviceStateChange LOCAL_PANU_ROLE:REMOTE_NAP_ROLE state = 1, prevState = 0
01-26 11:33:49.267 D/PanService( 1152): Pan Device state : device: A8:6A:86:B3:96:EA State:0->1
01-26 11:33:49.269 D/Car_CachedBluetoothDevice( 1298): Command sent successfully:CONNECT Address:A8:6A:86:B3:96:EA Profile:PAN
01-26 11:33:49.271 I/PhoneStatusBarPolicy(  812): bluetooth pan state changed by system, state : 1
01-26 11:33:49.272 D/AdapterProperties( 1152): PROFILE_CONNECTION_STATE_CHANGE: profile=5, device=A8:6A:86:B3:96:EA, 0 -> 1
01-26 11:33:49.273 D/Car_CachedBluetoothDevice( 1298): Address:A8:6A:86:B3:96:EA Profile:PbapClient isPreferred : true
01-26 11:33:49.275 D/Car_CachedBluetoothDevice( 1298): connectInt, mDevice = A8:6A:86:B3:96:EA
01-26 11:33:49.276 D/PbapClientProfile( 1298): PBAPClientProfile attempting to connect to A8:6A:86:B3:96:EA
01-26 11:33:49.277 D/PbapClientService( 1152): Received request to ConnectPBAPPhonebook A8:6A:86:B3:96:EA
01-26 11:33:49.286 D/Car_CachedBluetoothDevice( 1298): Command sent successfully:CONNECT Address:A8:6A:86:B3:96:EA Profile:PbapClient
01-26 11:33:49.286 D/Car_CachedBluetoothDevice( 1298): Preferred profiles = 4
01-26 11:33:49.286 V/BluetoothEventManager( 1298): Received android.bluetooth.headsetclient.profile.action.CONNECTION_STATE_CHANGED
01-26 11:33:49.286 D/CachedBluetoothDeviceManager( 1298): findDevice() == A8:6A:86:B3:96:EA
01-26 11:33:49.286 D/CachedBluetoothDeviceManager( 1298): findDevice() mCachedDevices size == 3
01-26 11:33:49.286 D/CachedBluetoothDeviceManager( 1298): findDevice() mCachedDevices == A8:6A:86:B3:96:EA
01-26 11:33:49.286 D/Car_LocalBluetoothProfileManager( 1298): StateChangedHandler cachedDevice ==A8:6A:86:B3:96:EA
01-26 11:33:49.286 D/Car_CachedBluetoothDevice( 1298): onProfileStateChanged: profile HEADSET_CLIENT newProfileState 1
01-26 11:33:49.288 V/LocalBluetoothAdapter( 1298): getBluetoothState mState:12
01-26 11:33:49.289 D/Car_CachedBluetoothDevice( 1298): localUuids : [Landroid.os.ParcelUuid;@4d143b2 isA2dpSinkSupport : true
01-26 11:33:49.289 D/BTAdapterService( 1298): onReceive: HFP ACTION_CONNECTION_STATE_CHANGED 1
01-26 11:33:49.291 D/BTAdapterService( 1298): callListener: count=0
01-26 11:33:49.291 I/HfpClientService( 1298): onReceive:android.bluetooth.headsetclient.profile.action.CONNECTION_STATE_CHANGED
01-26 11:33:49.291 V/BluetoothEventManager( 1298): Received android.bluetooth.adapter.action.CONNECTION_STATE_CHANGED
01-26 11:33:49.291 D/CachedBluetoothDeviceManager( 1298): findDevice() == A8:6A:86:B3:96:EA
01-26 11:33:49.292 D/CachedBluetoothDeviceManager( 1298): findDevice() mCachedDevices size == 3
01-26 11:33:49.292 D/CachedBluetoothDeviceManager( 1298): findDevice() mCachedDevices == A8:6A:86:B3:96:EA
01-26 11:33:49.292 V/BluetoothEventManager( 1298): Received android.bluetooth.a2dp-sink.profile.action.CONNECTION_STATE_CHANGED
01-26 11:33:49.292 D/CachedBluetoothDeviceManager( 1298): findDevice() == A8:6A:86:B3:96:EA
01-26 11:33:49.292 D/CachedBluetoothDeviceManager( 1298): findDevice() mCachedDevices size == 3
01-26 11:33:49.292 D/CachedBluetoothDeviceManager( 1298): findDevice() mCachedDevices == A8:6A:86:B3:96:EA
01-26 11:33:49.292 D/Car_LocalBluetoothProfileManager( 1298): StateChangedHandler cachedDevice ==A8:6A:86:B3:96:EA
01-26 11:33:49.292 D/Car_CachedBluetoothDevice( 1298): onProfileStateChanged: profile A2DPSink newProfileState 1
01-26 11:33:49.294 V/LocalBluetoothAdapter( 1298): getBluetoothState mState:12
01-26 11:33:49.295 D/Car_CachedBluetoothDevice( 1298): localUuids : [Landroid.os.ParcelUuid;@d663f03 isA2dpSinkSupport : true
01-26 11:33:49.295 D/A2dpRoleSwitcher( 1298): [changeProfileState] profile : A2DPSink, device : A8:6A:86:B3:96:EA, state : 1
01-26 11:33:49.295 D/BTAdapterService( 1298): a2dpsink connectstatus:1
01-26 11:33:49.295 D/BluetoothMusicService( 1298): A2dpStateChanged:1
01-26 11:33:49.295 D/BTAdapterService( 1298): onReceive: PanProfile state=1
01-26 11:33:49.296 V/BluetoothEventManager( 1298): Received android.bluetooth.pan.profile.action.CONNECTION_STATE_CHANGED
01-26 11:33:49.296 D/Car_LocalBluetoothProfileManager( 1298): pan profile state change, role is 2
01-26 11:33:49.296 D/CachedBluetoothDeviceManager( 1298): findDevice() == A8:6A:86:B3:96:EA
01-26 11:33:49.296 D/CachedBluetoothDeviceManager( 1298): findDevice() mCachedDevices size == 3
01-26 11:33:49.296 D/CachedBluetoothDeviceManager( 1298): findDevice() mCachedDevices == A8:6A:86:B3:96:EA
01-26 11:33:49.296 D/Car_LocalBluetoothProfileManager( 1298): StateChangedHandler cachedDevice ==A8:6A:86:B3:96:EA
01-26 11:33:49.296 D/Car_CachedBluetoothDevice( 1298): onProfileStateChanged: profile PAN newProfileState 1
01-26 11:33:49.298 V/LocalBluetoothAdapter( 1298): getBluetoothState mState:12
01-26 11:33:49.299 D/Car_CachedBluetoothDevice( 1298): localUuids : [Landroid.os.ParcelUuid;@b0dee80 isA2dpSinkSupport : true
01-26 11:33:49.299 D/PbapClientStateMachine( 1152): Connection state A8:6A:86:B3:96:EA: 0->1
01-26 11:33:49.301 V/BluetoothEventManager( 1298): Received android.bluetooth.pbapclient.profile.action.CONNECTION_STATE_CHANGED
01-26 11:33:49.302 D/CachedBluetoothDeviceManager( 1298): findDevice() == A8:6A:86:B3:96:EA
01-26 11:33:49.302 D/CachedBluetoothDeviceManager( 1298): findDevice() mCachedDevices size == 3
01-26 11:33:49.302 D/CachedBluetoothDeviceManager( 1298): findDevice() mCachedDevices == A8:6A:86:B3:96:EA
01-26 11:33:49.302 D/Car_LocalBluetoothProfileManager( 1298): StateChangedHandler cachedDevice ==A8:6A:86:B3:96:EA
01-26 11:33:49.302 D/Car_CachedBluetoothDevice( 1298): onProfileStateChanged: profile PbapClient newProfileState 1
01-26 11:33:49.303 D/AdapterProperties( 1152): PROFILE_CONNECTION_STATE_CHANGE: profile=17, device=A8:6A:86:B3:96:EA, 0 -> 1
01-26 11:33:49.304 V/LocalBluetoothAdapter( 1298): getBluetoothState mState:12
01-26 11:33:49.305 D/Car_CachedBluetoothDevice( 1298): localUuids : [Landroid.os.ParcelUuid;@a99bcb9 isA2dpSinkSupport : true
01-26 11:33:49.306 D/BluetoothPbapClientHelper( 1298): callPbapListener: count=0
01-26 11:33:49.308 D/SdpManager( 1152): Starting search for UUID: 0000112f-0000-1000-8000-00805f9b34fb
01-26 11:33:49.309 D/BluetoothSdpJni( 1152): sdpSearchNative
01-26 11:33:49.315 D/BluetoothController(  812): updateConnected: devices size=0 state=1
01-26 11:33:49.316 D/BluetoothSdpJni( 1152): sdpSearchNative UUID 
01-26 11:33:49.316 W/bt_sdp  ( 1152): one SDP - active on cid = 58 
01-26 11:33:49.317 D/BluetoothController(  812): updateConnected: state=1 mConnectionState=0
01-26 11:33:49.319 D/XNM_007 ( 1152): now Bt address=A8:6A:86:B3:96:EA preAddress=A8:6A:86:B3:96:EA
01-26 11:33:49.320 D/XNM_007 ( 1152): same bt notifyDBReady
01-26 11:33:49.325 D/BluetoothController(  812): updateConnected: devices size=0 state=1
01-26 11:33:49.327 D/BluetoothController(  812): updateConnected: state=1 mConnectionState=1
01-26 11:33:49.330 D/BluetoothController(  812): updateConnected: devices size=0 state=1
01-26 11:33:49.330 D/BluetoothController(  812): updateConnected: state=1 mConnectionState=1
01-26 11:33:49.330 V/BluetoothEventManager(  812): Received android.bluetooth.a2dp-sink.profile.action.CONNECTION_STATE_CHANGED
01-26 11:33:49.331 D/CachedBluetoothDevice(  812): onProfileStateChanged: profile A2DPSink newProfileState 1
01-26 11:33:49.340 D/DisplayManagerService(  615): Display listener for pid 9015 died.
01-26 11:33:49.341 I/ActivityManager(  615): Process com.zjinnova.zlink (pid 9015) has died: fore SVC 
01-26 11:33:49.341 W/ActivityManager(  615): Canceling start item Intent { act=zjinnova.android.intent.action.ZLINK_SERVICE } in service ComponentInfo{com.zjinnova.zlink/com.zjinnova.android.zlink.features.service.DaemonService}
01-26 11:33:49.342 W/ActivityManager(  615): Scheduling restart of crashed service com.zjinnova.zlink/com.zjinnova.android.zlink.features.service.DaemonService in 1000ms
01-26 11:33:49.342 W/libprocessgroup(  615): kill(-9015, 9) failed: No such process
01-26 11:33:49.342 I/libprocessgroup(  615): Successfully killed process cgroup uid 10115 pid 9015 in 0ms
01-26 11:33:49.345 I/SourceService(  615): Activity DIED(), com.zjinnova.zlink | com.zjinnova.zlink
01-26 11:33:49.347 D/pseudo  (  461): mtk_gps_sys_nmea_output_to_mnld: received 467 bytes:
01-26 11:33:49.347 D/BufferQueueProducer(  386): [StatusBar#0](this:0xb0ec4000,id:5,api:1,p:812,c:386) queueBuffer: fps=0.14 dur=14699.87 max=14680.12 min=19.74
01-26 11:33:49.349 D/pseudo  (  461): mtk_gps_sys_nmea_output_to_app: len:467, [NMEA]$GPGGA,002800.00...
01-26 11:33:49.349 D/        (  461): mtk_gps_sys_gps_mnl_callback: msg:0
01-26 11:33:49.349 D/        (  461): send_active_notify: send clean nmea timer cmd!
01-26 11:33:49.349 D/        (  461): mtk_gps_sys_gps_mnl_callback: MTK_GPS_MSG_FIX_READY,GET_RTC_FAIL
01-26 11:33:49.349 D/pseudo  (  461): mtk_gps_sys_nmea_output_to_app: len:46, [vAGPS_Auto_Req]:g_FirstDbtt:0,u2BitMap:0x12f
01-26 11:33:49.350 D/        (  461): gps_control_thread: gps_control_thread wait
01-26 11:33:49.356 I/GnssLocationProvider(  615): WakeLock acquired by sendMessage(REPORT_SV_STATUS, 0, com.android.server.location.GnssLocationProvider$SvStatusInfo@73fe1c8)
01-26 11:33:49.357 I/GnssLocationProvider(  615): WakeLock released by handleMessage(REPORT_SV_STATUS, 0, com.android.server.location.GnssLocationProvider$SvStatusInfo@73fe1c8)
01-26 11:33:49.357 D/SurfaceFlinger(  386): [Built-in Screen (type:0)] fps:0.136122,dur:14692.75,max:14679.42,min:13.32
01-26 11:33:49.366 D/BluetoothController(  812): updateConnected: devices size=0 state=1
01-26 11:33:49.366 D/BluetoothController(  812): updateConnected: state=1 mConnectionState=1
01-26 11:33:49.367 D/BluetoothController(  812): updateConnected: devices size=0 state=1
01-26 11:33:49.367 D/BluetoothController(  812): updateConnected: state=1 mConnectionState=1
01-26 11:33:49.367 V/BluetoothEventManager(  812): Received android.bluetooth.pan.profile.action.CONNECTION_STATE_CHANGED
01-26 11:33:49.367 D/LocalBluetoothProfileManager(  812): pan profile state change, role is 2
01-26 11:33:49.368 D/CachedBluetoothDevice(  812): onProfileStateChanged: profile PAN newProfileState 1
01-26 11:33:49.369 D/BluetoothController(  812): updateConnected: devices size=0 state=1
01-26 11:33:49.369 D/BluetoothController(  812): updateConnected: state=1 mConnectionState=1
01-26 11:33:49.372 D/BluetoothController(  812): updateConnected: devices size=0 state=1
01-26 11:33:49.372 D/BluetoothController(  812): updateConnected: state=1 mConnectionState=1
01-26 11:33:50.334 D/pseudo  (  461): mtk_gps_sys_nmea_output_to_mnld: received 467 bytes:
01-26 11:33:50.335 D/pseudo  (  461): mtk_gps_sys_nmea_output_to_app: len:467, [NMEA]$GPGGA,002801.00...
01-26 11:33:50.335 D/        (  461): mtk_gps_sys_gps_mnl_callback: msg:0
01-26 11:33:50.335 D/        (  461): send_active_notify: send clean nmea timer cmd!
01-26 11:33:50.335 D/        (  461): mtk_gps_sys_gps_mnl_callback: MTK_GPS_MSG_FIX_READY,GET_RTC_FAIL
01-26 11:33:50.335 D/pseudo  (  461): mtk_gps_sys_nmea_output_to_app: len:46, [vAGPS_Auto_Req]:g_FirstDbtt:0,u2BitMap:0x12f
01-26 11:33:50.335 D/        (  461): gps_control_thread: gps_control_thread wait
01-26 11:33:50.337 I/GnssLocationProvider(  615): WakeLock acquired by sendMessage(REPORT_SV_STATUS, 0, com.android.server.location.GnssLocationProvider$SvStatusInfo@5ae4261)
01-26 11:33:50.338 I/GnssLocationProvider(  615): WakeLock released by handleMessage(REPORT_SV_STATUS, 0, com.android.server.location.GnssLocationProvider$SvStatusInfo@5ae4261)
01-26 11:33:50.354 I/ActivityManager(  615): Start proc 9034:com.zjinnova.zlink/u0a115 for service com.zjinnova.zlink/com.zjinnova.android.zlink.features.service.DaemonService
01-26 11:33:50.364 E/.zjinnova.zlin( 9034): Not starting debugger since process cannot load the jdwp agent.
01-26 11:33:50.397 I/.zjinnova.zlin( 9034): The ClassLoaderContext is a special shared library.
01-26 11:33:50.404 W/.zjinnova.zlin( 9034): JIT profile information will not be recorded: profile file does not exits.
01-26 11:33:50.418 W/System.err( 9034): java.io.FileNotFoundException: /data/user/0/com.zjinnova.zlink/files/prodexdir/tosversion: open failed: EACCES (Permission denied)
01-26 11:33:50.419 W/System.err( 9034): 	at libcore.io.IoBridge.open(IoBridge.java:485)
01-26 11:33:50.419 W/System.err( 9034): 	at java.io.RandomAccessFile.<init>(RandomAccessFile.java:288)
01-26 11:33:50.419 W/System.err( 9034): 	at java.io.RandomAccessFile.<init>(RandomAccessFile.java:151)
01-26 11:33:50.419 W/System.err( 9034): 	at com.wrapper.proxyapplication.Util.PrepareSecurefiles(Util.java:362)
01-26 11:33:50.419 W/System.err( 9034): 	at com.zjinnova.zlink.MyWrapperProxyApplication.initProxyApplication(MyWrapperProxyApplication.java:33)
01-26 11:33:50.419 W/System.err( 9034): 	at com.wrapper.proxyapplication.WrapperProxyApplication.attachBaseContext(WrapperProxyApplication.java:459)
01-26 11:33:50.419 W/System.err( 9034): 	at android.app.Application.attach(Application.java:212)
01-26 11:33:50.419 W/System.err( 9034): 	at android.app.Instrumentation.newApplication(Instrumentation.java:1121)
01-26 11:33:50.419 W/System.err( 9034): 	at android.app.LoadedApk.makeApplication(LoadedApk.java:1064)
01-26 11:33:50.419 W/System.err( 9034): 	at android.app.ActivityThread.handleBindApplication(ActivityThread.java:5873)
01-26 11:33:50.419 W/System.err( 9034): 	at android.app.ActivityThread.access$1200(ActivityThread.java:206)
01-26 11:33:50.419 W/System.err( 9034): 	at android.app.ActivityThread$H.handleMessage(ActivityThread.java:1678)
01-26 11:33:50.419 W/System.err( 9034): 	at android.os.Handler.dispatchMessage(Handler.java:106)
01-26 11:33:50.419 W/System.err( 9034): 	at android.os.Looper.loop(Looper.java:193)
01-26 11:33:50.419 W/System.err( 9034): 	at android.app.ActivityThread.main(ActivityThread.java:6702)
01-26 11:33:50.419 W/System.err( 9034): 	at java.lang.reflect.Method.invoke(Native Method)
01-26 11:33:50.419 W/System.err( 9034): 	at com.android.internal.os.RuntimeInit$MethodAndArgsCaller.run(RuntimeInit.java:493)
01-26 11:33:50.419 W/System.err( 9034): 	at com.android.internal.os.ZygoteInit.main(ZygoteInit.java:911)
01-26 11:33:50.419 W/System.err( 9034): Caused by: android.system.ErrnoException: open failed: EACCES (Permission denied)
01-26 11:33:50.419 W/System.err( 9034): 	at libcore.io.Linux.open(Native Method)
01-26 11:33:50.419 W/System.err( 9034): 	at libcore.io.BlockGuardOs.open(BlockGuardOs.java:210)
01-26 11:33:50.419 W/System.err( 9034): 	at libcore.io.IoBridge.open(IoBridge.java:471)
01-26 11:33:50.419 W/System.err( 9034): 	... 17 more
01-26 11:33:50.420 W/System.err( 9034): java.io.FileNotFoundException: /data/user/0/com.zjinnova.zlink/files/prodexdir/tosversion (Permission denied)
01-26 11:33:50.420 W/System.err( 9034): 	at java.io.FileOutputStream.open0(Native Method)
01-26 11:33:50.421 W/System.err( 9034): 	at java.io.FileOutputStream.open(FileOutputStream.java:308)
01-26 11:33:50.421 W/System.err( 9034): 	at java.io.FileOutputStream.<init>(FileOutputStream.java:238)
01-26 11:33:50.421 W/System.err( 9034): 	at java.io.FileOutputStream.<init>(FileOutputStream.java:180)
01-26 11:33:50.421 W/System.err( 9034): 	at com.wrapper.proxyapplication.Util.UnzipFile(Util.java:205)
01-26 11:33:50.421 W/System.err( 9034): 	at com.wrapper.proxyapplication.Util.PrepareSecurefiles(Util.java:554)
01-26 11:33:50.421 W/System.err( 9034): 	at com.zjinnova.zlink.MyWrapperProxyApplication.initProxyApplication(MyWrapperProxyApplication.java:33)
01-26 11:33:50.421 W/System.err( 9034): 	at com.wrapper.proxyapplication.WrapperProxyApplication.attachBaseContext(WrapperProxyApplication.java:459)
01-26 11:33:50.421 W/System.err( 9034): 	at android.app.Application.attach(Application.java:212)
01-26 11:33:50.421 W/System.err( 9034): 	at android.app.Instrumentation.newApplication(Instrumentation.java:1121)
01-26 11:33:50.421 W/System.err( 9034): 	at android.app.LoadedApk.makeApplication(LoadedApk.java:1064)
01-26 11:33:50.421 W/System.err( 9034): 	at android.app.ActivityThread.handleBindApplication(ActivityThread.java:5873)
01-26 11:33:50.421 W/System.err( 9034): 	at android.app.ActivityThread.access$1200(ActivityThread.java:206)
01-26 11:33:50.421 W/System.err( 9034): 	at android.app.ActivityThread$H.handleMessage(ActivityThread.java:1678)
01-26 11:33:50.421 W/System.err( 9034): 	at android.os.Handler.dispatchMessage(Handler.java:106)
01-26 11:33:50.421 W/System.err( 9034): 	at android.os.Looper.loop(Looper.java:193)
01-26 11:33:50.421 W/System.err( 9034): 	at android.app.ActivityThread.main(ActivityThread.java:6702)
01-26 11:33:50.421 W/System.err( 9034): 	at java.lang.reflect.Method.invoke(Native Method)
01-26 11:33:50.421 W/System.err( 9034): 	at com.android.internal.os.RuntimeInit$MethodAndArgsCaller.run(RuntimeInit.java:493)
01-26 11:33:50.421 W/System.err( 9034): 	at com.android.internal.os.ZygoteInit.main(ZygoteInit.java:911)
01-26 11:33:50.465 D/DisplayManagerService(  615): Display listener for pid 9034 died.
01-26 11:33:50.465 I/ActivityManager(  615): Process com.zjinnova.zlink (pid 9034) has died: fore SVC 
01-26 11:33:50.465 W/ActivityManager(  615): Scheduling restart of crashed service com.zjinnova.zlink/com.zjinnova.android.zlink.features.service.DaemonService in 4000ms
01-26 11:33:50.465 W/libprocessgroup(  615): kill(-9034, 9) failed: No such process
01-26 11:33:50.466 I/libprocessgroup(  615): Successfully killed process cgroup uid 10115 pid 9034 in 0ms
01-26 11:33:50.467 I/SourceService(  615): Activity DIED(), com.zjinnova.zlink | com.zjinnova.zlink
01-26 11:33:51.137 W/ps      ( 9054): type=1400 audit(0.0:7043): avc: denied { getattr } for path="/dev/console" dev="tmpfs" ino=9361 scontext=u:r:z-link:s0 tcontext=u:object_r:console_device:s0 tclass=chr_file permissive=0
01-26 11:33:51.141 W/ps      ( 9054): type=1400 audit(0.0:7046): avc: denied { read } for name="drivers" dev="proc" ino=4026531853 scontext=u:r:z-link:s0 tcontext=u:object_r:proc_tty_drivers:s0 tclass=file permissive=0
01-26 11:33:51.167 W/ps      ( 9054): type=1400 audit(0.0:7047): avc: denied { getattr } for path="/dev/pts/0" dev="devpts" ino=3 scontext=u:r:z-link:s0 tcontext=u:object_r:devpts:s0 tclass=chr_file permissive=0
01-26 11:33:51.199 D/btopt   (  782): zlink wake_up_apk_server: cmd = 'export PATH=$PATH:/system/bin/;am start-service -a "zjinnova.android.intent.action.ZLINK_SERVICE" &'
01-26 11:33:51.243 E/WifiVendorHal(  615): getWifiLinkLayerStats(l.937) failed {.code = ERROR_NOT_SUPPORTED, .description = }
01-26 11:33:51.273 I/ActivityManager(  615): Start proc 9064:com.zjinnova.zlink/u0a115 for service com.zjinnova.zlink/com.zjinnova.android.zlink.features.service.DaemonService
01-26 11:33:51.285 E/.zjinnova.zlin( 9064): Not starting debugger since process cannot load the jdwp agent.
01-26 11:33:51.319 I/.zjinnova.zlin( 9064): The ClassLoaderContext is a special shared library.
01-26 11:33:51.326 W/.zjinnova.zlin( 9064): JIT profile information will not be recorded: profile file does not exits.
01-26 11:33:51.334 D/pseudo  (  461): mtk_gps_sys_nmea_output_to_mnld: received 467 bytes:
01-26 11:33:51.335 D/pseudo  (  461): mtk_gps_sys_nmea_output_to_app: len:467, [NMEA]$GPGGA,002802.00...
01-26 11:33:51.335 D/        (  461): mtk_gps_sys_gps_mnl_callback: msg:0
01-26 11:33:51.335 D/        (  461): send_active_notify: send clean nmea timer cmd!
01-26 11:33:51.335 D/        (  461): mtk_gps_sys_gps_mnl_callback: MTK_GPS_MSG_FIX_READY,GET_RTC_FAIL
01-26 11:33:51.335 D/        (  461): gps_control_thread: gps_control_thread wait
01-26 11:33:51.335 D/pseudo  (  461): mtk_gps_sys_nmea_output_to_app: len:46, [vAGPS_Auto_Req]:g_FirstDbtt:0,u2BitMap:0x12f
01-26 11:33:51.339 I/GnssLocationProvider(  615): WakeLock acquired by sendMessage(REPORT_SV_STATUS, 0, com.android.server.location.GnssLocationProvider$SvStatusInfo@b720186)
01-26 11:33:51.339 I/GnssLocationProvider(  615): WakeLock released by handleMessage(REPORT_SV_STATUS, 0, com.android.server.location.GnssLocationProvider$SvStatusInfo@b720186)
01-26 11:33:51.342 W/System.err( 9064): java.io.FileNotFoundException: /data/user/0/com.zjinnova.zlink/files/prodexdir/tosversion: open failed: EACCES (Permission denied)
01-26 11:33:51.343 W/System.err( 9064): 	at libcore.io.IoBridge.open(IoBridge.java:485)
01-26 11:33:51.343 W/System.err( 9064): 	at java.io.RandomAccessFile.<init>(RandomAccessFile.java:288)
01-26 11:33:51.343 W/System.err( 9064): 	at java.io.RandomAccessFile.<init>(RandomAccessFile.java:151)
01-26 11:33:51.343 W/System.err( 9064): 	at com.wrapper.proxyapplication.Util.PrepareSecurefiles(Util.java:362)
01-26 11:33:51.343 W/System.err( 9064): 	at com.zjinnova.zlink.MyWrapperProxyApplication.initProxyApplication(MyWrapperProxyApplication.java:33)
01-26 11:33:51.343 W/System.err( 9064): 	at com.wrapper.proxyapplication.WrapperProxyApplication.attachBaseContext(WrapperProxyApplication.java:459)
01-26 11:33:51.343 W/System.err( 9064): 	at android.app.Application.attach(Application.java:212)
01-26 11:33:51.343 W/System.err( 9064): 	at android.app.Instrumentation.newApplication(Instrumentation.java:1121)
01-26 11:33:51.343 W/System.err( 9064): 	at android.app.LoadedApk.makeApplication(LoadedApk.java:1064)
01-26 11:33:51.343 W/System.err( 9064): 	at android.app.ActivityThread.handleBindApplication(ActivityThread.java:5873)
01-26 11:33:51.343 W/System.err( 9064): 	at android.app.ActivityThread.access$1200(ActivityThread.java:206)
01-26 11:33:51.343 W/System.err( 9064): 	at android.app.ActivityThread$H.handleMessage(ActivityThread.java:1678)
01-26 11:33:51.343 W/System.err( 9064): 	at android.os.Handler.dispatchMessage(Handler.java:106)
01-26 11:33:51.343 W/System.err( 9064): 	at android.os.Looper.loop(Looper.java:193)
01-26 11:33:51.343 W/System.err( 9064): 	at android.app.ActivityThread.main(ActivityThread.java:6702)
01-26 11:33:51.343 W/System.err( 9064): 	at java.lang.reflect.Method.invoke(Native Method)
01-26 11:33:51.343 W/System.err( 9064): 	at com.android.internal.os.RuntimeInit$MethodAndArgsCaller.run(RuntimeInit.java:493)
01-26 11:33:51.343 W/System.err( 9064): 	at com.android.internal.os.ZygoteInit.main(ZygoteInit.java:911)
01-26 11:33:51.343 W/System.err( 9064): Caused by: android.system.ErrnoException: open failed: EACCES (Permission denied)
01-26 11:33:51.343 W/System.err( 9064): 	at libcore.io.Linux.open(Native Method)
01-26 11:33:51.343 W/System.err( 9064): 	at libcore.io.BlockGuardOs.open(BlockGuardOs.java:210)
01-26 11:33:51.343 W/System.err( 9064): 	at libcore.io.IoBridge.open(IoBridge.java:471)
01-26 11:33:51.343 W/System.err( 9064): 	... 17 more
01-26 11:33:51.344 W/System.err( 9064): java.io.FileNotFoundException: /data/user/0/com.zjinnova.zlink/files/prodexdir/tosversion (Permission denied)
01-26 11:33:51.344 W/System.err( 9064): 	at java.io.FileOutputStream.open0(Native Method)
01-26 11:33:51.344 W/System.err( 9064): 	at java.io.FileOutputStream.open(FileOutputStream.java:308)
01-26 11:33:51.345 W/System.err( 9064): 	at java.io.FileOutputStream.<init>(FileOutputStream.java:238)
01-26 11:33:51.345 W/System.err( 9064): 	at java.io.FileOutputStream.<init>(FileOutputStream.java:180)
01-26 11:33:51.345 W/System.err( 9064): 	at com.wrapper.proxyapplication.Util.UnzipFile(Util.java:205)
01-26 11:33:51.345 W/System.err( 9064): 	at com.wrapper.proxyapplication.Util.PrepareSecurefiles(Util.java:554)
01-26 11:33:51.345 W/System.err( 9064): 	at com.zjinnova.zlink.MyWrapperProxyApplication.initProxyApplication(MyWrapperProxyApplication.java:33)
01-26 11:33:51.345 W/System.err( 9064): 	at com.wrapper.proxyapplication.WrapperProxyApplication.attachBaseContext(WrapperProxyApplication.java:459)
01-26 11:33:51.345 W/System.err( 9064): 	at android.app.Application.attach(Application.java:212)
01-26 11:33:51.345 W/System.err( 9064): 	at android.app.Instrumentation.newApplication(Instrumentation.java:1121)
01-26 11:33:51.345 W/System.err( 9064): 	at android.app.LoadedApk.makeApplication(LoadedApk.java:1064)
01-26 11:33:51.345 W/System.err( 9064): 	at android.app.ActivityThread.handleBindApplication(ActivityThread.java:5873)
01-26 11:33:51.345 W/System.err( 9064): 	at android.app.ActivityThread.access$1200(ActivityThread.java:206)
01-26 11:33:51.345 W/System.err( 9064): 	at android.app.ActivityThread$H.handleMessage(ActivityThread.java:1678)
01-26 11:33:51.345 W/System.err( 9064): 	at android.os.Handler.dispatchMessage(Handler.java:106)
01-26 11:33:51.345 W/System.err( 9064): 	at android.os.Looper.loop(Looper.java:193)
01-26 11:33:51.345 W/System.err( 9064): 	at android.app.ActivityThread.main(ActivityThread.java:6702)
01-26 11:33:51.345 W/System.err( 9064): 	at java.lang.reflect.Method.invoke(Native Method)
01-26 11:33:51.345 W/System.err( 9064): 	at com.android.internal.os.RuntimeInit$MethodAndArgsCaller.run(RuntimeInit.java:493)
01-26 11:33:51.345 W/System.err( 9064): 	at com.android.internal.os.ZygoteInit.main(ZygoteInit.java:911)
01-26 11:33:51.425 D/DisplayManagerService(  615): Display listener for pid 9064 died.
01-26 11:33:51.425 I/ActivityManager(  615): Process com.zjinnova.zlink (pid 9064) has died: fore SVC 
01-26 11:33:51.425 W/ActivityManager(  615): Canceling start item Intent { act=zjinnova.android.intent.action.ZLINK_SERVICE } in service ComponentInfo{com.zjinnova.zlink/com.zjinnova.android.zlink.features.service.DaemonService}
01-26 11:33:51.425 W/libprocessgroup(  615): kill(-9064, 9) failed: No such process
01-26 11:33:51.425 I/libprocessgroup(  615): Successfully killed process cgroup uid 10115 pid 9064 in 0ms
01-26 11:33:51.425 W/ActivityManager(  615): Scheduling restart of crashed service com.zjinnova.zlink/com.zjinnova.android.zlink.features.service.DaemonService in 1000ms
01-26 11:33:51.427 I/SourceService(  615): Activity DIED(), com.zjinnova.zlink | com.zjinnova.zlink
01-26 11:33:52.131 I/fan     (  460): onMessage, temp=40.
01-26 11:33:52.335 D/pseudo  (  461): mtk_gps_sys_nmea_output_to_mnld: received 467 bytes:
01-26 11:33:52.343 I/GnssLocationProvider(  615): WakeLock acquired by sendMessage(REPORT_SV_STATUS, 0, com.android.server.location.GnssLocationProvider$SvStatusInfo@fa5aa47)
01-26 11:33:52.345 D/pseudo  (  461): mtk_gps_sys_nmea_output_to_app: len:467, [NMEA]$GPGGA,002803.00...
01-26 11:33:52.346 D/        (  461): mtk_gps_sys_gps_mnl_callback: msg:0
01-26 11:33:52.346 D/        (  461): send_active_notify: send clean nmea timer cmd!
01-26 11:33:52.346 D/        (  461): gps_control_thread: gps_control_thread wait
01-26 11:33:52.347 D/        (  461): mtk_gps_sys_gps_mnl_callback: MTK_GPS_MSG_FIX_READY,GET_RTC_FAIL
01-26 11:33:52.347 D/pseudo  (  461): mtk_gps_sys_nmea_output_to_app: len:46, [vAGPS_Auto_Req]:g_FirstDbtt:0,u2BitMap:0x12f
01-26 11:33:52.349 I/GnssLocationProvider(  615): WakeLock released by handleMessage(REPORT_SV_STATUS, 0, com.android.server.location.GnssLocationProvider$SvStatusInfo@fa5aa47)
01-26 11:33:52.446 I/ActivityManager(  615): Start proc 9081:com.zjinnova.zlink/u0a115 for service com.zjinnova.zlink/com.zjinnova.android.zlink.features.service.DaemonService
01-26 11:33:52.461 E/.zjinnova.zlin( 9081): Not starting debugger since process cannot load the jdwp agent.
01-26 11:33:52.505 I/.zjinnova.zlin( 9081): The ClassLoaderContext is a special shared library.
01-26 11:33:52.512 W/.zjinnova.zlin( 9081): JIT profile information will not be recorded: profile file does not exits.
01-26 11:33:52.528 W/System.err( 9081): java.io.FileNotFoundException: /data/user/0/com.zjinnova.zlink/files/prodexdir/tosversion: open failed: EACCES (Permission denied)
01-26 11:33:52.529 W/System.err( 9081): 	at libcore.io.IoBridge.open(IoBridge.java:485)
01-26 11:33:52.529 W/System.err( 9081): 	at java.io.RandomAccessFile.<init>(RandomAccessFile.java:288)
01-26 11:33:52.529 W/System.err( 9081): 	at java.io.RandomAccessFile.<init>(RandomAccessFile.java:151)
01-26 11:33:52.529 W/System.err( 9081): 	at com.wrapper.proxyapplication.Util.PrepareSecurefiles(Util.java:362)
01-26 11:33:52.530 W/System.err( 9081): 	at com.zjinnova.zlink.MyWrapperProxyApplication.initProxyApplication(MyWrapperProxyApplication.java:33)
01-26 11:33:52.530 W/System.err( 9081): 	at com.wrapper.proxyapplication.WrapperProxyApplication.attachBaseContext(WrapperProxyApplication.java:459)
01-26 11:33:52.530 W/System.err( 9081): 	at android.app.Application.attach(Application.java:212)
01-26 11:33:52.530 W/System.err( 9081): 	at android.app.Instrumentation.newApplication(Instrumentation.java:1121)
01-26 11:33:52.530 W/System.err( 9081): 	at android.app.LoadedApk.makeApplication(LoadedApk.java:1064)
01-26 11:33:52.531 W/System.err( 9081): 	at android.app.ActivityThread.handleBindApplication(ActivityThread.java:5873)
01-26 11:33:52.531 W/System.err( 9081): 	at android.app.ActivityThread.access$1200(ActivityThread.java:206)
01-26 11:33:52.531 W/System.err( 9081): 	at android.app.ActivityThread$H.handleMessage(ActivityThread.java:1678)
01-26 11:33:52.531 W/System.err( 9081): 	at android.os.Handler.dispatchMessage(Handler.java:106)
01-26 11:33:52.531 W/System.err( 9081): 	at android.os.Looper.loop(Looper.java:193)
01-26 11:33:52.531 W/System.err( 9081): 	at android.app.ActivityThread.main(ActivityThread.java:6702)
01-26 11:33:52.532 W/System.err( 9081): 	at java.lang.reflect.Method.invoke(Native Method)
01-26 11:33:52.532 W/System.err( 9081): 	at com.android.internal.os.RuntimeInit$MethodAndArgsCaller.run(RuntimeInit.java:493)
01-26 11:33:52.532 W/System.err( 9081): 	at com.android.internal.os.ZygoteInit.main(ZygoteInit.java:911)
01-26 11:33:52.533 W/System.err( 9081): Caused by: android.system.ErrnoException: open failed: EACCES (Permission denied)
01-26 11:33:52.533 W/System.err( 9081): 	at libcore.io.Linux.open(Native Method)
01-26 11:33:52.533 W/System.err( 9081): 	at libcore.io.BlockGuardOs.open(BlockGuardOs.java:210)
01-26 11:33:52.533 W/System.err( 9081): 	at libcore.io.IoBridge.open(IoBridge.java:471)
01-26 11:33:52.533 W/System.err( 9081): 	... 17 more
01-26 11:33:52.534 W/System.err( 9081): java.io.FileNotFoundException: /data/user/0/com.zjinnova.zlink/files/prodexdir/tosversion (Permission denied)
01-26 11:33:52.535 W/System.err( 9081): 	at java.io.FileOutputStream.open0(Native Method)
01-26 11:33:52.535 W/System.err( 9081): 	at java.io.FileOutputStream.open(FileOutputStream.java:308)
01-26 11:33:52.535 W/System.err( 9081): 	at java.io.FileOutputStream.<init>(FileOutputStream.java:238)
01-26 11:33:52.535 W/System.err( 9081): 	at java.io.FileOutputStream.<init>(FileOutputStream.java:180)
01-26 11:33:52.536 W/System.err( 9081): 	at com.wrapper.proxyapplication.Util.UnzipFile(Util.java:205)
01-26 11:33:52.536 W/System.err( 9081): 	at com.wrapper.proxyapplication.Util.PrepareSecurefiles(Util.java:554)
01-26 11:33:52.536 W/System.err( 9081): 	at com.zjinnova.zlink.MyWrapperProxyApplication.initProxyApplication(MyWrapperProxyApplication.java:33)
01-26 11:33:52.536 W/System.err( 9081): 	at com.wrapper.proxyapplication.WrapperProxyApplication.attachBaseContext(WrapperProxyApplication.java:459)
01-26 11:33:52.536 W/System.err( 9081): 	at android.app.Application.attach(Application.java:212)
01-26 11:33:52.536 W/System.err( 9081): 	at android.app.Instrumentation.newApplication(Instrumentation.java:1121)
01-26 11:33:52.536 W/System.err( 9081): 	at android.app.LoadedApk.makeApplication(LoadedApk.java:1064)
01-26 11:33:52.537 W/System.err( 9081): 	at android.app.ActivityThread.handleBindApplication(ActivityThread.java:5873)
01-26 11:33:52.537 W/System.err( 9081): 	at android.app.ActivityThread.access$1200(ActivityThread.java:206)
01-26 11:33:52.537 W/System.err( 9081): 	at android.app.ActivityThread$H.handleMessage(ActivityThread.java:1678)
01-26 11:33:52.537 W/System.err( 9081): 	at android.os.Handler.dispatchMessage(Handler.java:106)
01-26 11:33:52.537 W/System.err( 9081): 	at android.os.Looper.loop(Looper.java:193)
01-26 11:33:52.537 W/System.err( 9081): 	at android.app.ActivityThread.main(ActivityThread.java:6702)
01-26 11:33:52.538 W/System.err( 9081): 	at java.lang.reflect.Method.invoke(Native Method)
01-26 11:33:52.538 W/System.err( 9081): 	at com.android.internal.os.RuntimeInit$MethodAndArgsCaller.run(RuntimeInit.java:493)
01-26 11:33:52.538 W/System.err( 9081): 	at com.android.internal.os.ZygoteInit.main(ZygoteInit.java:911)
01-26 11:33:52.609 D/DisplayManagerService(  615): Display listener for pid 9081 died.
01-26 11:33:52.609 I/ActivityManager(  615): Process com.zjinnova.zlink (pid 9081) has died: fore SVC 
01-26 11:33:52.610 W/ActivityManager(  615): Scheduling restart of crashed service com.zjinnova.zlink/com.zjinnova.android.zlink.features.service.DaemonService in 4000ms
01-26 11:33:52.612 I/SourceService(  615): Activity DIED(), com.zjinnova.zlink | com.zjinnova.zlink
01-26 11:33:52.622 W/libprocessgroup(  615): kill(-9081, 9) failed: No such process
01-26 11:33:52.624 W/libprocessgroup(  615): kill(9081, 9) failed: No such process
01-26 11:33:52.663 W/libprocessgroup(  615): kill(-9081, 9) failed: No such process
01-26 11:33:52.664 I/libprocessgroup(  615): Successfully killed process cgroup uid 10115 pid 9081 in 42ms
01-26 11:33:53.334 D/pseudo  (  461): mtk_gps_sys_nmea_output_to_mnld: received 467 bytes:
01-26 11:33:53.335 D/pseudo  (  461): mtk_gps_sys_nmea_output_to_app: len:467, [NMEA]$GPGGA,002804.00...
01-26 11:33:53.339 I/GnssLocationProvider(  615): WakeLock acquired by sendMessage(REPORT_SV_STATUS, 0, com.android.server.location.GnssLocationProvider$SvStatusInfo@d555274)
01-26 11:33:53.340 I/GnssLocationProvider(  615): WakeLock released by handleMessage(REPORT_SV_STATUS, 0, com.android.server.location.GnssLocationProvider$SvStatusInfo@d555274)
01-26 11:33:53.345 D/        (  461): mtk_gps_sys_gps_mnl_callback: msg:0
01-26 11:33:53.345 D/        (  461): send_active_notify: send clean nmea timer cmd!
01-26 11:33:53.345 D/        (  461): gps_control_thread: gps_control_thread wait
01-26 11:33:53.345 D/        (  461): mtk_gps_sys_gps_mnl_callback: MTK_GPS_MSG_FIX_READY,GET_RTC_FAIL
01-26 11:33:53.346 D/pseudo  (  461): mtk_gps_sys_nmea_output_to_app: len:46, [vAGPS_Auto_Req]:g_FirstDbtt:0,u2BitMap:0x12f
01-26 11:33:53.364 W/ps      ( 9098): type=1400 audit(0.0:7053): avc: denied { getattr } for path="/dev/console" dev="tmpfs" ino=9361 scontext=u:r:z-link:s0 tcontext=u:object_r:console_device:s0 tclass=chr_file permissive=0
