01-26 11:36:22.846 W/System.err(12948): 	at java.io.FileOutputStream.open(FileOutputStream.java:308)
01-26 11:36:22.846 W/System.err(12948): 	at java.io.FileOutputStream.<init>(FileOutputStream.java:238)
01-26 11:36:22.846 W/System.err(12948): 	at java.io.FileOutputStream.<init>(FileOutputStream.java:180)
01-26 11:36:22.846 W/System.err(12948): 	at com.wrapper.proxyapplication.Util.UnzipFile(Util.java:205)
01-26 11:36:22.846 W/System.err(12948): 	at com.wrapper.proxyapplication.Util.PrepareSecurefiles(Util.java:554)
01-26 11:36:22.846 W/System.err(12948): 	at com.zjinnova.zlink.MyWrapperProxyApplication.initProxyApplication(MyWrapperProxyApplication.java:33)
01-26 11:36:22.846 W/System.err(12948): 	at com.wrapper.proxyapplication.WrapperProxyApplication.attachBaseContext(WrapperProxyApplication.java:459)
01-26 11:36:22.846 W/System.err(12948): 	at android.app.Application.attach(Application.java:212)
01-26 11:36:22.846 W/System.err(12948): 	at android.app.Instrumentation.newApplication(Instrumentation.java:1121)
01-26 11:36:22.846 W/System.err(12948): 	at android.app.LoadedApk.makeApplication(LoadedApk.java:1064)
01-26 11:36:22.846 W/System.err(12948): 	at android.app.ActivityThread.handleBindApplication(ActivityThread.java:5873)
01-26 11:36:22.846 W/System.err(12948): 	at android.app.ActivityThread.access$1200(ActivityThread.java:206)
01-26 11:36:22.846 W/System.err(12948): 	at android.app.ActivityThread$H.handleMessage(ActivityThread.java:1678)
01-26 11:36:22.846 W/System.err(12948): 	at android.os.Handler.dispatchMessage(Handler.java:106)
01-26 11:36:22.847 W/System.err(12948): 	at android.os.Looper.loop(Looper.java:193)
01-26 11:36:22.847 W/System.err(12948): 	at android.app.ActivityThread.main(ActivityThread.java:6702)
01-26 11:36:22.847 W/System.err(12948): 	at java.lang.reflect.Method.invoke(Native Method)
01-26 11:36:22.847 W/System.err(12948): 	at com.android.internal.os.RuntimeInit$MethodAndArgsCaller.run(RuntimeInit.java:493)
01-26 11:36:22.847 W/System.err(12948): 	at com.android.internal.os.ZygoteInit.main(ZygoteInit.java:911)
01-26 11:36:22.928 D/DisplayManagerService(  615): Display listener for pid 12948 died.
01-26 11:36:22.929 I/ActivityManager(  615): Process com.zjinnova.zlink (pid 12948) has died: fore SVC 
01-26 11:36:22.929 W/ActivityManager(  615): Canceling start item Intent { act=zjinnova.android.intent.action.ZLINK_SERVICE } in service ComponentInfo{com.zjinnova.zlink/com.zjinnova.android.zlink.features.service.DaemonService}
01-26 11:36:22.929 W/libprocessgroup(  615): kill(-12948, 9) failed: No such process
01-26 11:36:22.929 W/ActivityManager(  615): Scheduling restart of crashed service com.zjinnova.zlink/com.zjinnova.android.zlink.features.service.DaemonService in 1000ms
01-26 11:36:22.929 I/libprocessgroup(  615): Successfully killed process cgroup uid 10115 pid 12948 in 0ms
01-26 11:36:22.931 I/SourceService(  615): Activity DIED(), com.zjinnova.zlink | com.zjinnova.zlink
01-26 11:36:23.147 I/system_server(  615): Background concurrent copying GC freed 52065(5MB) AllocSpace objects, 32(640KB) LOS objects, 29% free, 14MB/20MB, paused 214us total 212.794ms
01-26 11:36:23.334 D/pseudo  (  461): mtk_gps_sys_nmea_output_to_mnld: received 467 bytes:
01-26 11:36:23.335 D/pseudo  (  461): mtk_gps_sys_nmea_output_to_app: len:467, [NMEA]$GPGGA,003034.00...
01-26 11:36:23.335 D/        (  461): mtk_gps_sys_gps_mnl_callback: msg:0
01-26 11:36:23.335 D/        (  461): send_active_notify: send clean nmea timer cmd!
01-26 11:36:23.335 D/        (  461): mtk_gps_sys_gps_mnl_callback: MTK_GPS_MSG_FIX_READY,GET_RTC_FAIL
01-26 11:36:23.335 D/pseudo  (  461): mtk_gps_sys_nmea_output_to_app: len:46, [vAGPS_Auto_Req]:g_FirstDbtt:0,u2BitMap:0x12f
01-26 11:36:23.335 D/        (  461): gps_control_thread: gps_control_thread wait
01-26 11:36:23.338 I/GnssLocationProvider(  615): WakeLock acquired by sendMessage(REPORT_SV_STATUS, 0, com.android.server.location.GnssLocationProvider$SvStatusInfo@7cc6277)
01-26 11:36:23.339 I/GnssLocationProvider(  615): WakeLock released by handleMessage(REPORT_SV_STATUS, 0, com.android.server.location.GnssLocationProvider$SvStatusInfo@7cc6277)
01-26 11:36:23.941 I/ActivityManager(  615): Start proc 12969:com.zjinnova.zlink/u0a115 for service com.zjinnova.zlink/com.zjinnova.android.zlink.features.service.DaemonService
01-26 11:36:23.952 E/.zjinnova.zlin(12969): Not starting debugger since process cannot load the jdwp agent.
01-26 11:36:23.986 I/.zjinnova.zlin(12969): The ClassLoaderContext is a special shared library.
01-26 11:36:23.992 W/.zjinnova.zlin(12969): JIT profile information will not be recorded: profile file does not exits.
01-26 11:36:24.007 W/System.err(12969): java.io.FileNotFoundException: /data/user/0/com.zjinnova.zlink/files/prodexdir/tosversion: open failed: EACCES (Permission denied)
01-26 11:36:24.007 W/System.err(12969): 	at libcore.io.IoBridge.open(IoBridge.java:485)
01-26 11:36:24.007 W/System.err(12969): 	at java.io.RandomAccessFile.<init>(RandomAccessFile.java:288)
01-26 11:36:24.007 W/System.err(12969): 	at java.io.RandomAccessFile.<init>(RandomAccessFile.java:151)
01-26 11:36:24.007 W/System.err(12969): 	at com.wrapper.proxyapplication.Util.PrepareSecurefiles(Util.java:362)
01-26 11:36:24.007 W/System.err(12969): 	at com.zjinnova.zlink.MyWrapperProxyApplication.initProxyApplication(MyWrapperProxyApplication.java:33)
01-26 11:36:24.007 W/System.err(12969): 	at com.wrapper.proxyapplication.WrapperProxyApplication.attachBaseContext(WrapperProxyApplication.java:459)
01-26 11:36:24.008 W/System.err(12969): 	at android.app.Application.attach(Application.java:212)
01-26 11:36:24.008 W/System.err(12969): 	at android.app.Instrumentation.newApplication(Instrumentation.java:1121)
01-26 11:36:24.008 W/System.err(12969): 	at android.app.LoadedApk.makeApplication(LoadedApk.java:1064)
01-26 11:36:24.008 W/System.err(12969): 	at android.app.ActivityThread.handleBindApplication(ActivityThread.java:5873)
01-26 11:36:24.008 W/System.err(12969): 	at android.app.ActivityThread.access$1200(ActivityThread.java:206)
01-26 11:36:24.008 W/System.err(12969): 	at android.app.ActivityThread$H.handleMessage(ActivityThread.java:1678)
01-26 11:36:24.008 W/System.err(12969): 	at android.os.Handler.dispatchMessage(Handler.java:106)
01-26 11:36:24.008 W/System.err(12969): 	at android.os.Looper.loop(Looper.java:193)
01-26 11:36:24.008 W/System.err(12969): 	at android.app.ActivityThread.main(ActivityThread.java:6702)
01-26 11:36:24.008 W/System.err(12969): 	at java.lang.reflect.Method.invoke(Native Method)
01-26 11:36:24.008 W/System.err(12969): 	at com.android.internal.os.RuntimeInit$MethodAndArgsCaller.run(RuntimeInit.java:493)
01-26 11:36:24.008 W/System.err(12969): 	at com.android.internal.os.ZygoteInit.main(ZygoteInit.java:911)
01-26 11:36:24.008 W/System.err(12969): Caused by: android.system.ErrnoException: open failed: EACCES (Permission denied)
01-26 11:36:24.008 W/System.err(12969): 	at libcore.io.Linux.open(Native Method)
01-26 11:36:24.008 W/System.err(12969): 	at libcore.io.BlockGuardOs.open(BlockGuardOs.java:210)
01-26 11:36:24.008 W/System.err(12969): 	at libcore.io.IoBridge.open(IoBridge.java:471)
01-26 11:36:24.008 W/System.err(12969): 	... 17 more
01-26 11:36:24.009 W/System.err(12969): java.io.FileNotFoundException: /data/user/0/com.zjinnova.zlink/files/prodexdir/tosversion (Permission denied)
01-26 11:36:24.009 W/System.err(12969): 	at java.io.FileOutputStream.open0(Native Method)
01-26 11:36:24.009 W/System.err(12969): 	at java.io.FileOutputStream.open(FileOutputStream.java:308)
01-26 11:36:24.009 W/System.err(12969): 	at java.io.FileOutputStream.<init>(FileOutputStream.java:238)
01-26 11:36:24.009 W/System.err(12969): 	at java.io.FileOutputStream.<init>(FileOutputStream.java:180)
01-26 11:36:24.009 W/System.err(12969): 	at com.wrapper.proxyapplication.Util.UnzipFile(Util.java:205)
01-26 11:36:24.009 W/System.err(12969): 	at com.wrapper.proxyapplication.Util.PrepareSecurefiles(Util.java:554)
01-26 11:36:24.009 W/System.err(12969): 	at com.zjinnova.zlink.MyWrapperProxyApplication.initProxyApplication(MyWrapperProxyApplication.java:33)
01-26 11:36:24.009 W/System.err(12969): 	at com.wrapper.proxyapplication.WrapperProxyApplication.attachBaseContext(WrapperProxyApplication.java:459)
01-26 11:36:24.009 W/System.err(12969): 	at android.app.Application.attach(Application.java:212)
01-26 11:36:24.009 W/System.err(12969): 	at android.app.Instrumentation.newApplication(Instrumentation.java:1121)
01-26 11:36:24.010 W/System.err(12969): 	at android.app.LoadedApk.makeApplication(LoadedApk.java:1064)
01-26 11:36:24.010 W/System.err(12969): 	at android.app.ActivityThread.handleBindApplication(ActivityThread.java:5873)
01-26 11:36:24.010 W/System.err(12969): 	at android.app.ActivityThread.access$1200(ActivityThread.java:206)
01-26 11:36:24.010 W/System.err(12969): 	at android.app.ActivityThread$H.handleMessage(ActivityThread.java:1678)
01-26 11:36:24.010 W/System.err(12969): 	at android.os.Handler.dispatchMessage(Handler.java:106)
01-26 11:36:24.010 W/System.err(12969): 	at android.os.Looper.loop(Looper.java:193)
01-26 11:36:24.010 W/System.err(12969): 	at android.app.ActivityThread.main(ActivityThread.java:6702)
01-26 11:36:24.010 W/System.err(12969): 	at java.lang.reflect.Method.invoke(Native Method)
01-26 11:36:24.010 W/System.err(12969): 	at com.android.internal.os.RuntimeInit$MethodAndArgsCaller.run(RuntimeInit.java:493)
01-26 11:36:24.010 W/System.err(12969): 	at com.android.internal.os.ZygoteInit.main(ZygoteInit.java:911)
01-26 11:36:24.062 D/DisplayManagerService(  615): Display listener for pid 12969 died.
01-26 11:36:24.062 I/ActivityManager(  615): Process com.zjinnova.zlink (pid 12969) has died: fore SVC 
01-26 11:36:24.062 W/ActivityManager(  615): Scheduling restart of crashed service com.zjinnova.zlink/com.zjinnova.android.zlink.features.service.DaemonService in 4000ms
01-26 11:36:24.062 W/libprocessgroup(  615): kill(-12969, 9) failed: No such process
01-26 11:36:24.062 I/libprocessgroup(  615): Successfully killed process cgroup uid 10115 pid 12969 in 0ms
01-26 11:36:24.064 I/SourceService(  615): Activity DIED(), com.zjinnova.zlink | com.zjinnova.zlink
01-26 11:36:24.334 D/pseudo  (  461): mtk_gps_sys_nmea_output_to_mnld: received 467 bytes:
01-26 11:36:24.335 D/pseudo  (  461): mtk_gps_sys_nmea_output_to_app: len:467, [NMEA]$GPGGA,003035.00...
01-26 11:36:24.335 D/        (  461): mtk_gps_sys_gps_mnl_callback: msg:0
01-26 11:36:24.335 D/        (  461): send_active_notify: send clean nmea timer cmd!
01-26 11:36:24.335 D/        (  461): mtk_gps_sys_gps_mnl_callback: MTK_GPS_MSG_FIX_READY,GET_RTC_FAIL
01-26 11:36:24.335 D/pseudo  (  461): mtk_gps_sys_nmea_output_to_app: len:46, [vAGPS_Auto_Req]:g_FirstDbtt:0,u2BitMap:0x12f
01-26 11:36:24.335 D/        (  461): gps_control_thread: gps_control_thread wait
01-26 11:36:24.341 I/GnssLocationProvider(  615): WakeLock acquired by sendMessage(REPORT_SV_STATUS, 0, com.android.server.location.GnssLocationProvider$SvStatusInfo@7105ee4)
01-26 11:36:24.342 I/GnssLocationProvider(  615): WakeLock released by handleMessage(REPORT_SV_STATUS, 0, com.android.server.location.GnssLocationProvider$SvStatusInfo@7105ee4)
01-26 11:36:24.550 E/WifiVendorHal(  615): getWifiLinkLayerStats(l.937) failed {.code = ERROR_NOT_SUPPORTED, .description = }
01-26 11:36:24.783 W/ps      (12986): type=1400 audit(0.0:7831): avc: denied { getattr } for path="/dev/console" dev="tmpfs" ino=9361 scontext=u:r:z-link:s0 tcontext=u:object_r:console_device:s0 tclass=chr_file permissive=0
01-26 11:36:24.783 I/chatty  (12986): uid=0(root) ps identical 1 line
01-26 11:36:24.783 W/ps      (12986): type=1400 audit(0.0:7833): avc: denied { getattr } for path="/dev/console" dev="tmpfs" ino=9361 scontext=u:r:z-link:s0 tcontext=u:object_r:console_device:s0 tclass=chr_file permissive=0
01-26 11:36:24.783 W/ps      (12986): type=1400 audit(0.0:7834): avc: denied { read } for name="drivers" dev="proc" ino=4026531853 scontext=u:r:z-link:s0 tcontext=u:object_r:proc_tty_drivers:s0 tclass=file permissive=0
01-26 11:36:24.810 W/ps      (12986): type=1400 audit(0.0:7835): avc: denied { getattr } for path="/dev/pts/0" dev="devpts" ino=3 scontext=u:r:z-link:s0 tcontext=u:object_r:devpts:s0 tclass=chr_file permissive=0
01-26 11:36:24.845 D/btopt   (  782): zlink wake_up_apk_server: cmd = 'export PATH=$PATH:/system/bin/;am start-service -a "zjinnova.android.intent.action.ZLINK_SERVICE" &'
01-26 11:36:24.861 I/teststub(  455): Free memory 869MBytes.
01-26 11:36:24.923 I/ActivityManager(  615): Start proc 12997:com.zjinnova.zlink/u0a115 for service com.zjinnova.zlink/com.zjinnova.android.zlink.features.service.DaemonService
01-26 11:36:24.944 E/.zjinnova.zlin(12997): Not starting debugger since process cannot load the jdwp agent.
01-26 11:36:24.988 I/.zjinnova.zlin(12997): The ClassLoaderContext is a special shared library.
01-26 11:36:24.995 W/.zjinnova.zlin(12997): JIT profile information will not be recorded: profile file does not exits.
01-26 11:36:25.010 W/System.err(12997): java.io.FileNotFoundException: /data/user/0/com.zjinnova.zlink/files/prodexdir/tosversion: open failed: EACCES (Permission denied)
01-26 11:36:25.011 W/System.err(12997): 	at libcore.io.IoBridge.open(IoBridge.java:485)
01-26 11:36:25.011 W/System.err(12997): 	at java.io.RandomAccessFile.<init>(RandomAccessFile.java:288)
01-26 11:36:25.011 W/System.err(12997): 	at java.io.RandomAccessFile.<init>(RandomAccessFile.java:151)
01-26 11:36:25.011 W/System.err(12997): 	at com.wrapper.proxyapplication.Util.PrepareSecurefiles(Util.java:362)
01-26 11:36:25.011 W/System.err(12997): 	at com.zjinnova.zlink.MyWrapperProxyApplication.initProxyApplication(MyWrapperProxyApplication.java:33)
01-26 11:36:25.011 W/System.err(12997): 	at com.wrapper.proxyapplication.WrapperProxyApplication.attachBaseContext(WrapperProxyApplication.java:459)
01-26 11:36:25.011 W/System.err(12997): 	at android.app.Application.attach(Application.java:212)
01-26 11:36:25.011 W/System.err(12997): 	at android.app.Instrumentation.newApplication(Instrumentation.java:1121)
01-26 11:36:25.011 W/System.err(12997): 	at android.app.LoadedApk.makeApplication(LoadedApk.java:1064)
01-26 11:36:25.011 W/System.err(12997): 	at android.app.ActivityThread.handleBindApplication(ActivityThread.java:5873)
01-26 11:36:25.011 W/System.err(12997): 	at android.app.ActivityThread.access$1200(ActivityThread.java:206)
01-26 11:36:25.011 W/System.err(12997): 	at android.app.ActivityThread$H.handleMessage(ActivityThread.java:1678)
01-26 11:36:25.011 W/System.err(12997): 	at android.os.Handler.dispatchMessage(Handler.java:106)
01-26 11:36:25.011 W/System.err(12997): 	at android.os.Looper.loop(Looper.java:193)
01-26 11:36:25.011 W/System.err(12997): 	at android.app.ActivityThread.main(ActivityThread.java:6702)
01-26 11:36:25.011 W/System.err(12997): 	at java.lang.reflect.Method.invoke(Native Method)
01-26 11:36:25.011 W/System.err(12997): 	at com.android.internal.os.RuntimeInit$MethodAndArgsCaller.run(RuntimeInit.java:493)
01-26 11:36:25.011 W/System.err(12997): 	at com.android.internal.os.ZygoteInit.main(ZygoteInit.java:911)
01-26 11:36:25.011 W/System.err(12997): Caused by: android.system.ErrnoException: open failed: EACCES (Permission denied)
01-26 11:36:25.012 W/System.err(12997): 	at libcore.io.Linux.open(Native Method)
01-26 11:36:25.012 W/System.err(12997): 	at libcore.io.BlockGuardOs.open(BlockGuardOs.java:210)
01-26 11:36:25.012 W/System.err(12997): 	at libcore.io.IoBridge.open(IoBridge.java:471)
01-26 11:36:25.012 W/System.err(12997): 	... 17 more
01-26 11:36:25.012 W/System.err(12997): java.io.FileNotFoundException: /data/user/0/com.zjinnova.zlink/files/prodexdir/tosversion (Permission denied)
01-26 11:36:25.013 W/System.err(12997): 	at java.io.FileOutputStream.open0(Native Method)
01-26 11:36:25.013 W/System.err(12997): 	at java.io.FileOutputStream.open(FileOutputStream.java:308)
01-26 11:36:25.013 W/System.err(12997): 	at java.io.FileOutputStream.<init>(FileOutputStream.java:238)
01-26 11:36:25.013 W/System.err(12997): 	at java.io.FileOutputStream.<init>(FileOutputStream.java:180)
01-26 11:36:25.013 W/System.err(12997): 	at com.wrapper.proxyapplication.Util.UnzipFile(Util.java:205)
01-26 11:36:25.013 W/System.err(12997): 	at com.wrapper.proxyapplication.Util.PrepareSecurefiles(Util.java:554)
01-26 11:36:25.013 W/System.err(12997): 	at com.zjinnova.zlink.MyWrapperProxyApplication.initProxyApplication(MyWrapperProxyApplication.java:33)
01-26 11:36:25.013 W/System.err(12997): 	at com.wrapper.proxyapplication.WrapperProxyApplication.attachBaseContext(WrapperProxyApplication.java:459)
01-26 11:36:25.013 W/System.err(12997): 	at android.app.Application.attach(Application.java:212)
01-26 11:36:25.013 W/System.err(12997): 	at android.app.Instrumentation.newApplication(Instrumentation.java:1121)
01-26 11:36:25.013 W/System.err(12997): 	at android.app.LoadedApk.makeApplication(LoadedApk.java:1064)
01-26 11:36:25.013 W/System.err(12997): 	at android.app.ActivityThread.handleBindApplication(ActivityThread.java:5873)
01-26 11:36:25.013 W/System.err(12997): 	at android.app.ActivityThread.access$1200(ActivityThread.java:206)
01-26 11:36:25.013 W/System.err(12997): 	at android.app.ActivityThread$H.handleMessage(ActivityThread.java:1678)
01-26 11:36:25.013 W/System.err(12997): 	at android.os.Handler.dispatchMessage(Handler.java:106)
01-26 11:36:25.013 W/System.err(12997): 	at android.os.Looper.loop(Looper.java:193)
01-26 11:36:25.013 W/System.err(12997): 	at android.app.ActivityThread.main(ActivityThread.java:6702)
01-26 11:36:25.013 W/System.err(12997): 	at java.lang.reflect.Method.invoke(Native Method)
01-26 11:36:25.013 W/System.err(12997): 	at com.android.internal.os.RuntimeInit$MethodAndArgsCaller.run(RuntimeInit.java:493)
01-26 11:36:25.013 W/System.err(12997): 	at com.android.internal.os.ZygoteInit.main(ZygoteInit.java:911)
01-26 11:36:25.085 D/DisplayManagerService(  615): Display listener for pid 12997 died.
01-26 11:36:25.085 I/ActivityManager(  615): Process com.zjinnova.zlink (pid 12997) has died: fore SVC 
01-26 11:36:25.085 W/ActivityManager(  615): Canceling start item Intent { act=zjinnova.android.intent.action.ZLINK_SERVICE } in service ComponentInfo{com.zjinnova.zlink/com.zjinnova.android.zlink.features.service.DaemonService}
01-26 11:36:25.085 W/ActivityManager(  615): Scheduling restart of crashed service com.zjinnova.zlink/com.zjinnova.android.zlink.features.service.DaemonService in 1000ms
01-26 11:36:25.085 W/libprocessgroup(  615): kill(-12997, 9) failed: No such process
01-26 11:36:25.085 I/libprocessgroup(  615): Successfully killed process cgroup uid 10115 pid 12997 in 0ms
01-26 11:36:25.087 I/SourceService(  615): Activity DIED(), com.zjinnova.zlink | com.zjinnova.zlink
01-26 11:36:25.335 D/pseudo  (  461): mtk_gps_sys_nmea_output_to_mnld: received 467 bytes:
01-26 11:36:25.335 D/pseudo  (  461): mtk_gps_sys_nmea_output_to_app: len:467, [NMEA]$GPGGA,003036.00...
01-26 11:36:25.335 D/        (  461): mtk_gps_sys_gps_mnl_callback: msg:0
01-26 11:36:25.335 D/        (  461): send_active_notify: send clean nmea timer cmd!
01-26 11:36:25.335 D/        (  461): mtk_gps_sys_gps_mnl_callback: MTK_GPS_MSG_FIX_READY,GET_RTC_FAIL
01-26 11:36:25.335 D/pseudo  (  461): mtk_gps_sys_nmea_output_to_app: len:46, [vAGPS_Auto_Req]:g_FirstDbtt:0,u2BitMap:0x12f
01-26 11:36:25.335 D/        (  461): gps_control_thread: gps_control_thread wait
01-26 11:36:25.337 I/GnssLocationProvider(  615): WakeLock acquired by sendMessage(REPORT_SV_STATUS, 0, com.android.server.location.GnssLocationProvider$SvStatusInfo@73a0f4d)
01-26 11:36:25.338 I/GnssLocationProvider(  615): WakeLock released by handleMessage(REPORT_SV_STATUS, 0, com.android.server.location.GnssLocationProvider$SvStatusInfo@73a0f4d)
01-26 11:36:26.097 I/ActivityManager(  615): Start proc 13013:com.zjinnova.zlink/u0a115 for service com.zjinnova.zlink/com.zjinnova.android.zlink.features.service.DaemonService
01-26 11:36:26.107 E/.zjinnova.zlin(13013): Not starting debugger since process cannot load the jdwp agent.
01-26 11:36:26.144 I/.zjinnova.zlin(13013): The ClassLoaderContext is a special shared library.
01-26 11:36:26.152 W/.zjinnova.zlin(13013): JIT profile information will not be recorded: profile file does not exits.
01-26 11:36:26.167 W/System.err(13013): java.io.FileNotFoundException: /data/user/0/com.zjinnova.zlink/files/prodexdir/tosversion: open failed: EACCES (Permission denied)
01-26 11:36:26.168 W/System.err(13013): 	at libcore.io.IoBridge.open(IoBridge.java:485)
01-26 11:36:26.168 W/System.err(13013): 	at java.io.RandomAccessFile.<init>(RandomAccessFile.java:288)
01-26 11:36:26.168 W/System.err(13013): 	at java.io.RandomAccessFile.<init>(RandomAccessFile.java:151)
01-26 11:36:26.168 W/System.err(13013): 	at com.wrapper.proxyapplication.Util.PrepareSecurefiles(Util.java:362)
01-26 11:36:26.168 W/System.err(13013): 	at com.zjinnova.zlink.MyWrapperProxyApplication.initProxyApplication(MyWrapperProxyApplication.java:33)
01-26 11:36:26.168 W/System.err(13013): 	at com.wrapper.proxyapplication.WrapperProxyApplication.attachBaseContext(WrapperProxyApplication.java:459)
01-26 11:36:26.168 W/System.err(13013): 	at android.app.Application.attach(Application.java:212)
01-26 11:36:26.168 W/System.err(13013): 	at android.app.Instrumentation.newApplication(Instrumentation.java:1121)
01-26 11:36:26.168 W/System.err(13013): 	at android.app.LoadedApk.makeApplication(LoadedApk.java:1064)
01-26 11:36:26.168 W/System.err(13013): 	at android.app.ActivityThread.handleBindApplication(ActivityThread.java:5873)
01-26 11:36:26.168 W/System.err(13013): 	at android.app.ActivityThread.access$1200(ActivityThread.java:206)
01-26 11:36:26.168 W/System.err(13013): 	at android.app.ActivityThread$H.handleMessage(ActivityThread.java:1678)
01-26 11:36:26.168 W/System.err(13013): 	at android.os.Handler.dispatchMessage(Handler.java:106)
01-26 11:36:26.168 W/System.err(13013): 	at android.os.Looper.loop(Looper.java:193)
01-26 11:36:26.168 W/System.err(13013): 	at android.app.ActivityThread.main(ActivityThread.java:6702)
01-26 11:36:26.168 W/System.err(13013): 	at java.lang.reflect.Method.invoke(Native Method)
01-26 11:36:26.168 W/System.err(13013): 	at com.android.internal.os.RuntimeInit$MethodAndArgsCaller.run(RuntimeInit.java:493)
01-26 11:36:26.168 W/System.err(13013): 	at com.android.internal.os.ZygoteInit.main(ZygoteInit.java:911)
01-26 11:36:26.168 W/System.err(13013): Caused by: android.system.ErrnoException: open failed: EACCES (Permission denied)
01-26 11:36:26.168 W/System.err(13013): 	at libcore.io.Linux.open(Native Method)
01-26 11:36:26.169 W/System.err(13013): 	at libcore.io.BlockGuardOs.open(BlockGuardOs.java:210)
01-26 11:36:26.169 W/System.err(13013): 	at libcore.io.IoBridge.open(IoBridge.java:471)
01-26 11:36:26.169 W/System.err(13013): 	... 17 more
01-26 11:36:26.169 W/System.err(13013): java.io.FileNotFoundException: /data/user/0/com.zjinnova.zlink/files/prodexdir/tosversion (Permission denied)
01-26 11:36:26.170 W/System.err(13013): 	at java.io.FileOutputStream.open0(Native Method)
01-26 11:36:26.170 W/System.err(13013): 	at java.io.FileOutputStream.open(FileOutputStream.java:308)
01-26 11:36:26.170 W/System.err(13013): 	at java.io.FileOutputStream.<init>(FileOutputStream.java:238)
01-26 11:36:26.170 W/System.err(13013): 	at java.io.FileOutputStream.<init>(FileOutputStream.java:180)
01-26 11:36:26.170 W/System.err(13013): 	at com.wrapper.proxyapplication.Util.UnzipFile(Util.java:205)
01-26 11:36:26.170 W/System.err(13013): 	at com.wrapper.proxyapplication.Util.PrepareSecurefiles(Util.java:554)
01-26 11:36:26.170 W/System.err(13013): 	at com.zjinnova.zlink.MyWrapperProxyApplication.initProxyApplication(MyWrapperProxyApplication.java:33)
01-26 11:36:26.170 W/System.err(13013): 	at com.wrapper.proxyapplication.WrapperProxyApplication.attachBaseContext(WrapperProxyApplication.java:459)
01-26 11:36:26.170 W/System.err(13013): 	at android.app.Application.attach(Application.java:212)
01-26 11:36:26.170 W/System.err(13013): 	at android.app.Instrumentation.newApplication(Instrumentation.java:1121)
01-26 11:36:26.170 W/System.err(13013): 	at android.app.LoadedApk.makeApplication(LoadedApk.java:1064)
01-26 11:36:26.170 W/System.err(13013): 	at android.app.ActivityThread.handleBindApplication(ActivityThread.java:5873)
01-26 11:36:26.170 W/System.err(13013): 	at android.app.ActivityThread.access$1200(ActivityThread.java:206)
01-26 11:36:26.170 W/System.err(13013): 	at android.app.ActivityThread$H.handleMessage(ActivityThread.java:1678)
01-26 11:36:26.170 W/System.err(13013): 	at android.os.Handler.dispatchMessage(Handler.java:106)
01-26 11:36:26.170 W/System.err(13013): 	at android.os.Looper.loop(Looper.java:193)
01-26 11:36:26.170 W/System.err(13013): 	at android.app.ActivityThread.main(ActivityThread.java:6702)
01-26 11:36:26.170 W/System.err(13013): 	at java.lang.reflect.Method.invoke(Native Method)
01-26 11:36:26.170 W/System.err(13013): 	at com.android.internal.os.RuntimeInit$MethodAndArgsCaller.run(RuntimeInit.java:493)
01-26 11:36:26.170 W/System.err(13013): 	at com.android.internal.os.ZygoteInit.main(ZygoteInit.java:911)
01-26 11:36:26.215 D/DisplayManagerService(  615): Display listener for pid 13013 died.
01-26 11:36:26.215 I/ActivityManager(  615): Process com.zjinnova.zlink (pid 13013) has died: fore SVC 
01-26 11:36:26.215 W/libprocessgroup(  615): kill(-13013, 9) failed: No such process
01-26 11:36:26.215 I/libprocessgroup(  615): Successfully killed process cgroup uid 10115 pid 13013 in 0ms
01-26 11:36:26.215 W/ActivityManager(  615): Scheduling restart of crashed service com.zjinnova.zlink/com.zjinnova.android.zlink.features.service.DaemonService in 4000ms
01-26 11:36:26.217 I/SourceService(  615): Activity DIED(), com.zjinnova.zlink | com.zjinnova.zlink
01-26 11:36:26.334 D/pseudo  (  461): mtk_gps_sys_nmea_output_to_mnld: received 467 bytes:
01-26 11:36:26.335 D/pseudo  (  461): mtk_gps_sys_nmea_output_to_app: len:467, [NMEA]$GPGGA,003037.00...
01-26 11:36:26.335 D/        (  461): mtk_gps_sys_gps_mnl_callback: msg:0
01-26 11:36:26.335 D/        (  461): send_active_notify: send clean nmea timer cmd!
01-26 11:36:26.335 D/        (  461): mtk_gps_sys_gps_mnl_callback: MTK_GPS_MSG_FIX_READY,GET_RTC_FAIL
01-26 11:36:26.335 D/        (  461): gps_control_thread: gps_control_thread wait
01-26 11:36:26.335 D/pseudo  (  461): mtk_gps_sys_nmea_output_to_app: len:46, [vAGPS_Auto_Req]:g_FirstDbtt:0,u2BitMap:0x12f
01-26 11:36:26.337 I/GnssLocationProvider(  615): WakeLock acquired by sendMessage(REPORT_SV_STATUS, 0, com.android.server.location.GnssLocationProvider$SvStatusInfo@6f02a02)
01-26 11:36:26.338 I/GnssLocationProvider(  615): WakeLock released by handleMessage(REPORT_SV_STATUS, 0, com.android.server.location.GnssLocationProvider$SvStatusInfo@6f02a02)
01-26 11:36:26.930 W/ps      (13035): type=1400 audit(0.0:7841): avc: denied { getattr } for path="/dev/console" dev="tmpfs" ino=9361 scontext=u:r:z-link:s0 tcontext=u:object_r:console_device:s0 tclass=chr_file permissive=0
01-26 11:36:26.930 I/chatty  (13035): uid=0(root) ps identical 1 line
01-26 11:36:26.930 W/ps      (13035): type=1400 audit(0.0:7843): avc: denied { getattr } for path="/dev/console" dev="tmpfs" ino=9361 scontext=u:r:z-link:s0 tcontext=u:object_r:console_device:s0 tclass=chr_file permissive=0
01-26 11:36:26.930 W/ps      (13035): type=1400 audit(0.0:7844): avc: denied { read } for name="drivers" dev="proc" ino=4026531853 scontext=u:r:z-link:s0 tcontext=u:object_r:proc_tty_drivers:s0 tclass=file permissive=0
01-26 11:36:26.935 W/bt_sdp  ( 1152): SDP - Rcvd conn cnf with error: 0x4  CID 0x42
01-26 11:36:26.935 W/bt_bnep ( 1152): BNEP - Rcvd conn cnf with error: 0x4  CID 0x52
01-26 11:36:26.935 W/bt_sdp  ( 1152): SDP - Rcvd conn cnf with error: 0x4  CID 0x54
01-26 11:36:26.935 D/BluetoothSdpJni( 1152): sdp_search_callback: Status is: 1, Record count: 0
01-26 11:36:26.936 D/SdpManager( 1152): UUID: [0, 0, 17, 47, 0, 0, 16, 0, -128, 0, 0, -128, 95, -101, 52, -5]
01-26 11:36:26.936 D/SdpManager( 1152): UUID in parcel: 0000112f-0000-1000-8000-00805f9b34fb
01-26 11:36:26.937 D/SdpManager( 1152): startSearch(): nextInst = null mSearchInProgress = false - search busy or queue empty.
01-26 11:36:26.937 D/BluetoothHeadsetClientServiceJni( 1152): connection_state_cb: state 0 peer_feat 0 chld_feat 0
01-26 11:36:26.938 D/HeadsetClientService( 1152): messageFromNative stackEvent=StackEvent {type:EVENT_TYPE_CONNECTION_STATE_CHANGED, value1:0, value2:0, value3:0, value4:0, string: "null", device:A8:6A:86:B3:96:EA}
01-26 11:36:26.938 D/HeadsetClientService( 1152): java.lang.Throwable
01-26 11:36:26.938 D/HeadsetClientService( 1152): 	at com.android.bluetooth.hfpclient.HeadsetClientService.messageFromNative(HeadsetClientService.java:855)
01-26 11:36:26.938 D/HeadsetClientService( 1152): 	at com.android.bluetooth.hfpclient.NativeInterface.onConnectionStateChanged(NativeInterface.java:86)
01-26 11:36:26.938 E/bt_btif ( 1152): btif_hf_client_get_cb_by_bda: could not find block for bdaddr
01-26 11:36:26.938 E/bt_btif ( 1152): btif_hf_client_upstreams_evt: event 3 but not allocating block: cb not found
01-26 11:36:26.938 D/BluetoothPanServiceJni( 1152): connection_state_callback(L82): state:2, local_role:2, remote_role:1
01-26 11:36:26.938 D/HeadsetClientStateMachine( 1152): Enter Disconnected: 100
01-26 11:36:26.938 I/bt_btif_queue( 1152): queue_int_advance: removing connection request: address=a8:6a:86:b3:96:ea UUID=111E busy=true
01-26 11:36:26.938 I/bt_btif_queue( 1152): btif_queue_connect_next: executing connection request: address=a8:6a:86:b3:96:ea UUID=110B busy=false
01-26 11:36:26.938 I/btif_av ( 1152): BtifAvPeer *BtifAvSink::FindOrCreatePeer(const RawAddress &, tBTA_AV_HNDL): Create peer: peer_address=a8:6a:86:b3:96:ea bta_handle=0x41 peer_id=0
01-26 11:36:26.938 W/bt_btif ( 1152): btif_av_get_peer_sep: No active peer found
01-26 11:36:26.938 I/bt_btif_a2dp( 1152): btif_a2dp_on_idle: ## ON A2DP IDLE ## peer_sep = 1
01-26 11:36:26.938 W/bt_btif ( 1152): btif_av_get_peer_sep: No active peer found
01-26 11:36:26.938 I/bt_btif_a2dp_source( 1152): btif_a2dp_source_on_idle
01-26 11:36:26.938 D/PBAP PCE handler( 1152): Handling Message = 1
01-26 11:36:26.938 I/bt_bta_av( 1152): BTA_AvOpen: peer a8:6a:86:b3:96:ea handle:0x41 use_rc=true sec_mask=0x12 uuid=0x110b
01-26 11:36:26.938 I/btif_av ( 1152): btif_report_connection_state: peer_address=a8:6a:86:b3:96:ea state=1
01-26 11:36:26.938 I/bt_bta_av( 1152): bta_av_save_addr: reset flags old_addr=00:00:00:00:00:00 new_addr=a8:6a:86:b3:96:ea
01-26 11:36:26.938 I/BluetoothA2dpSinkServiceJni( 1152): bta2dp_connection_state_callback
01-26 11:36:26.938 D/bt_bta_av( 1152): SetAvdtpVersion: AVDTP version for a8:6a:86:b3:96:ea set to 0x103
01-26 11:36:26.938 V/PBAP PCE handler( 1152): connectSocket: UUID: 0000112f-0000-1000-8000-00805f9b34fb
01-26 11:36:26.938 I/a2dp_api( 1152): A2DP_FindService: peer: a8:6a:86:b3:96:ea UUID: 0x110a
01-26 11:36:26.939 D/A2dpSinkStateMachine( 1152): Pending process message: 101
01-26 11:36:26.939 D/A2dpSinkStateMachine( 1152): STACK_EVENT 1
01-26 11:36:26.939 D/A2dpSinkStateMachine( 1152): processConnectionEvent state 1
01-26 11:36:26.939 D/A2dpSinkStateMachine( 1152): Devices curr: null target: A8:6A:86:B3:96:EA incoming: null device: A8:6A:86:B3:96:EA
01-26 11:36:26.939 D/A2dpSinkStateMachine( 1152): Stack and target device are connecting
01-26 11:36:26.940 D/PanService( 1152): handlePanDeviceStateChange preState: 1 state: 0
01-26 11:36:26.940 D/PanService( 1152): handlePanDeviceStateChange LOCAL_PANU_ROLE:REMOTE_NAP_ROLE state = 0, prevState = 1
01-26 11:36:26.940 E/BluetoothTetheringNetworkFactory( 1152): attempted to stop reverse tether with nothing tethered
01-26 11:36:26.940 D/PanService( 1152): Pan Device state : device: A8:6A:86:B3:96:EA State:1->0
01-26 11:36:26.942 I/McuService(  615): headset state changing to : 0
01-26 11:36:26.942 I/SourceService(  615): headset state changed. device : A8:6A:86:B3:96:EA, state : 0
01-26 11:36:26.943 V/BluetoothEventManager(  812): Received android.bluetooth.headsetclient.profile.action.CONNECTION_STATE_CHANGED
01-26 11:36:26.943 I/LocalBluetoothProfileManager(  812): Failed to connect HEADSET_CLIENT device
01-26 11:36:26.943 V/BluetoothEventManager( 1298): Received android.bluetooth.headsetclient.profile.action.CONNECTION_STATE_CHANGED
01-26 11:36:26.943 D/CachedBluetoothDevice(  812): onProfileStateChanged: profile HEADSET_CLIENT newProfileState 0
01-26 11:36:26.943 D/CachedBluetoothDeviceManager( 1298): findDevice() == A8:6A:86:B3:96:EA
01-26 11:36:26.943 D/CachedBluetoothDeviceManager( 1298): findDevice() mCachedDevices size == 3
01-26 11:36:26.943 D/CachedBluetoothDeviceManager( 1298): findDevice() mCachedDevices == A8:6A:86:B3:96:EA
01-26 11:36:26.943 D/Car_LocalBluetoothProfileManager( 1298): StateChangedHandler cachedDevice ==A8:6A:86:B3:96:EA
01-26 11:36:26.943 I/Car_LocalBluetoothProfileManager( 1298): Failed to connect HEADSET_CLIENT device
01-26 11:36:26.943 D/Car_CachedBluetoothDevice( 1298): onProfileStateChanged: profile HEADSET_CLIENT newProfileState 0
01-26 11:36:26.944 V/LocalBluetoothAdapter( 1298): getBluetoothState mState:12
01-26 11:36:26.946 W/BluetoothAdapter( 1152): getBluetoothService() called with no BluetoothManagerCallback
01-26 11:36:26.947 I/PhoneStatusBarPolicy(  812): bluetooth pan state changed by system, state : 0
01-26 11:36:26.947 W/bt_sdp  ( 1152): one SDP - active on cid = 53 
01-26 11:36:26.947 D/AdapterProperties( 1152): PROFILE_CONNECTION_STATE_CHANGE: profile=16, device=A8:6A:86:B3:96:EA, 1 -> 0
01-26 11:36:26.949 D/AdapterProperties( 1152): PROFILE_CONNECTION_STATE_CHANGE: profile=5, device=A8:6A:86:B3:96:EA, 1 -> 0
01-26 11:36:26.950 D/Car_CachedBluetoothDevice( 1298): localUuids : [Landroid.os.ParcelUuid;@c5ce2d3 isA2dpSinkSupport : true
01-26 11:36:26.950 D/BluetoothController(  812): updateConnected: devices size=0 state=1
01-26 11:36:26.950 D/BluetoothController(  812): updateConnected: state=1 mConnectionState=1
01-26 11:36:26.950 D/BTAdapterService( 1298): onReceive: HFP ACTION_CONNECTION_STATE_CHANGED 0
01-26 11:36:26.951 D/BTAdapterService( 1298): stopAutoConnectedNetwork!!!
01-26 11:36:26.953 D/BTAdapterService( 1298): callListener: count=0
01-26 11:36:26.953 I/HfpClientService( 1298): onReceive:android.bluetooth.headsetclient.profile.action.CONNECTION_STATE_CHANGED
01-26 11:36:26.953 D/HfpClientService( 1298): onEndCall: 
01-26 11:36:26.953 D/BTAdapterService( 1298): onReceive: PanProfile state=0
01-26 11:36:26.953 V/BluetoothEventManager( 1298): Received android.bluetooth.pan.profile.action.CONNECTION_STATE_CHANGED
01-26 11:36:26.953 D/Car_LocalBluetoothProfileManager( 1298): pan profile state change, role is 2
01-26 11:36:26.953 D/CachedBluetoothDeviceManager( 1298): findDevice() == A8:6A:86:B3:96:EA
01-26 11:36:26.953 D/CachedBluetoothDeviceManager( 1298): findDevice() mCachedDevices size == 3
01-26 11:36:26.953 D/CachedBluetoothDeviceManager( 1298): findDevice() mCachedDevices == A8:6A:86:B3:96:EA
01-26 11:36:26.953 D/Car_LocalBluetoothProfileManager( 1298): StateChangedHandler cachedDevice ==A8:6A:86:B3:96:EA
01-26 11:36:26.953 I/Car_LocalBluetoothProfileManager( 1298): Failed to connect PAN device
01-26 11:36:26.953 D/Car_CachedBluetoothDevice( 1298): onProfileStateChanged: profile PAN newProfileState 0
01-26 11:36:26.954 D/BluetoothController(  812): updateConnected: devices size=0 state=1
01-26 11:36:26.954 V/LocalBluetoothAdapter( 1298): getBluetoothState mState:12
01-26 11:36:26.954 D/BluetoothController(  812): updateConnected: state=1 mConnectionState=1
01-26 11:36:26.955 V/BluetoothEventManager(  812): Received android.bluetooth.pan.profile.action.CONNECTION_STATE_CHANGED
01-26 11:36:26.956 D/LocalBluetoothProfileManager(  812): pan profile state change, role is 2
01-26 11:36:26.956 D/Car_CachedBluetoothDevice( 1298): localUuids : [Landroid.os.ParcelUuid;@2db0e10 isA2dpSinkSupport : true
01-26 11:36:26.956 I/LocalBluetoothProfileManager(  812): Failed to connect PAN device
01-26 11:36:26.956 D/CachedBluetoothDevice(  812): onProfileStateChanged: profile PAN newProfileState 0
01-26 11:36:26.957 D/BluetoothController(  812): updateConnected: devices size=0 state=1
01-26 11:36:26.957 D/BluetoothController(  812): updateConnected: state=1 mConnectionState=1
01-26 11:36:26.958 D/BluetoothController(  812): updateConnected: devices size=0 state=1
01-26 11:36:26.958 D/BluetoothController(  812): updateConnected: state=1 mConnectionState=1
01-26 11:36:26.963 W/ps      (13035): type=1400 audit(0.0:7845): avc: denied { getattr } for path="/dev/pts/0" dev="devpts" ino=3 scontext=u:r:z-link:s0 tcontext=u:object_r:devpts:s0 tclass=chr_file permissive=0
01-26 11:36:26.967 D/BufferQueueProducer(  386): [StatusBar#0](this:0xb0ec4000,id:5,api:1,p:812,c:386) queueBuffer: fps=0.39 dur=7663.07 max=7633.97 min=12.65
01-26 11:36:26.986 D/SurfaceFlinger(  386): [Built-in Screen (type:0)] fps:0.391185,dur:7669.02,max:7638.19,min:13.46
01-26 11:36:26.997 D/btopt   (  782): zlink wake_up_apk_server: cmd = 'export PATH=$PATH:/system/bin/;am start-service -a "zjinnova.android.intent.action.ZLINK_SERVICE" &'
01-26 11:36:27.071 I/ActivityManager(  615): Start proc 13045:com.zjinnova.zlink/u0a115 for service com.zjinnova.zlink/com.zjinnova.android.zlink.features.service.DaemonService
01-26 11:36:27.083 E/.zjinnova.zlin(13045): Not starting debugger since process cannot load the jdwp agent.
01-26 11:36:27.117 I/.zjinnova.zlin(13045): The ClassLoaderContext is a special shared library.
01-26 11:36:27.124 W/.zjinnova.zlin(13045): JIT profile information will not be recorded: profile file does not exits.
01-26 11:36:27.140 W/System.err(13045): java.io.FileNotFoundException: /data/user/0/com.zjinnova.zlink/files/prodexdir/tosversion: open failed: EACCES (Permission denied)
01-26 11:36:27.140 W/System.err(13045): 	at libcore.io.IoBridge.open(IoBridge.java:485)
01-26 11:36:27.140 W/System.err(13045): 	at java.io.RandomAccessFile.<init>(RandomAccessFile.java:288)
01-26 11:36:27.140 W/System.err(13045): 	at java.io.RandomAccessFile.<init>(RandomAccessFile.java:151)
01-26 11:36:27.140 W/System.err(13045): 	at com.wrapper.proxyapplication.Util.PrepareSecurefiles(Util.java:362)
01-26 11:36:27.140 W/System.err(13045): 	at com.zjinnova.zlink.MyWrapperProxyApplication.initProxyApplication(MyWrapperProxyApplication.java:33)
01-26 11:36:27.140 W/System.err(13045): 	at com.wrapper.proxyapplication.WrapperProxyApplication.attachBaseContext(WrapperProxyApplication.java:459)
01-26 11:36:27.140 W/System.err(13045): 	at android.app.Application.attach(Application.java:212)
01-26 11:36:27.140 W/System.err(13045): 	at android.app.Instrumentation.newApplication(Instrumentation.java:1121)
01-26 11:36:27.140 W/System.err(13045): 	at android.app.LoadedApk.makeApplication(LoadedApk.java:1064)
01-26 11:36:27.140 W/System.err(13045): 	at android.app.ActivityThread.handleBindApplication(ActivityThread.java:5873)
01-26 11:36:27.140 W/System.err(13045): 	at android.app.ActivityThread.access$1200(ActivityThread.java:206)
01-26 11:36:27.140 W/System.err(13045): 	at android.app.ActivityThread$H.handleMessage(ActivityThread.java:1678)
01-26 11:36:27.140 W/System.err(13045): 	at android.os.Handler.dispatchMessage(Handler.java:106)
01-26 11:36:27.141 W/System.err(13045): 	at android.os.Looper.loop(Looper.java:193)
01-26 11:36:27.141 W/System.err(13045): 	at android.app.ActivityThread.main(ActivityThread.java:6702)
01-26 11:36:27.141 W/System.err(13045): 	at java.lang.reflect.Method.invoke(Native Method)
01-26 11:36:27.141 W/System.err(13045): 	at com.android.internal.os.RuntimeInit$MethodAndArgsCaller.run(RuntimeInit.java:493)
01-26 11:36:27.141 W/System.err(13045): 	at com.android.internal.os.ZygoteInit.main(ZygoteInit.java:911)
01-26 11:36:27.141 W/System.err(13045): Caused by: android.system.ErrnoException: open failed: EACCES (Permission denied)
01-26 11:36:27.141 W/System.err(13045): 	at libcore.io.Linux.open(Native Method)
01-26 11:36:27.141 W/System.err(13045): 	at libcore.io.BlockGuardOs.open(BlockGuardOs.java:210)
01-26 11:36:27.141 W/System.err(13045): 	at libcore.io.IoBridge.open(IoBridge.java:471)
01-26 11:36:27.141 W/System.err(13045): 	... 17 more
01-26 11:36:27.142 W/System.err(13045): java.io.FileNotFoundException: /data/user/0/com.zjinnova.zlink/files/prodexdir/tosversion (Permission denied)
01-26 11:36:27.142 W/System.err(13045): 	at java.io.FileOutputStream.open0(Native Method)
01-26 11:36:27.142 W/System.err(13045): 	at java.io.FileOutputStream.open(FileOutputStream.java:308)
01-26 11:36:27.142 W/System.err(13045): 	at java.io.FileOutputStream.<init>(FileOutputStream.java:238)
01-26 11:36:27.142 W/System.err(13045): 	at java.io.FileOutputStream.<init>(FileOutputStream.java:180)
01-26 11:36:27.142 W/System.err(13045): 	at com.wrapper.proxyapplication.Util.UnzipFile(Util.java:205)
01-26 11:36:27.142 W/System.err(13045): 	at com.wrapper.proxyapplication.Util.PrepareSecurefiles(Util.java:554)
01-26 11:36:27.143 W/System.err(13045): 	at com.zjinnova.zlink.MyWrapperProxyApplication.initProxyApplication(MyWrapperProxyApplication.java:33)
01-26 11:36:27.143 W/System.err(13045): 	at com.wrapper.proxyapplication.WrapperProxyApplication.attachBaseContext(WrapperProxyApplication.java:459)
01-26 11:36:27.143 W/System.err(13045): 	at android.app.Application.attach(Application.java:212)
01-26 11:36:27.143 W/System.err(13045): 	at android.app.Instrumentation.newApplication(Instrumentation.java:1121)
01-26 11:36:27.143 W/System.err(13045): 	at android.app.LoadedApk.makeApplication(LoadedApk.java:1064)
01-26 11:36:27.143 W/System.err(13045): 	at android.app.ActivityThread.handleBindApplication(ActivityThread.java:5873)
01-26 11:36:27.143 W/System.err(13045): 	at android.app.ActivityThread.access$1200(ActivityThread.java:206)
01-26 11:36:27.143 W/System.err(13045): 	at android.app.ActivityThread$H.handleMessage(ActivityThread.java:1678)
01-26 11:36:27.143 W/System.err(13045): 	at android.os.Handler.dispatchMessage(Handler.java:106)
01-26 11:36:27.143 W/System.err(13045): 	at android.os.Looper.loop(Looper.java:193)
01-26 11:36:27.143 W/System.err(13045): 	at android.app.ActivityThread.main(ActivityThread.java:6702)
01-26 11:36:27.143 W/System.err(13045): 	at java.lang.reflect.Method.invoke(Native Method)
01-26 11:36:27.143 W/System.err(13045): 	at com.android.internal.os.RuntimeInit$MethodAndArgsCaller.run(RuntimeInit.java:493)
01-26 11:36:27.143 W/System.err(13045): 	at com.android.internal.os.ZygoteInit.main(ZygoteInit.java:911)
01-26 11:36:27.218 D/DisplayManagerService(  615): Display listener for pid 13045 died.
01-26 11:36:27.218 I/ActivityManager(  615): Process com.zjinnova.zlink (pid 13045) has died: fore SVC 
01-26 11:36:27.218 W/ActivityManager(  615): Canceling start item Intent { act=zjinnova.android.intent.action.ZLINK_SERVICE } in service ComponentInfo{com.zjinnova.zlink/com.zjinnova.android.zlink.features.service.DaemonService}
01-26 11:36:27.219 W/ActivityManager(  615): Scheduling restart of crashed service com.zjinnova.zlink/com.zjinnova.android.zlink.features.service.DaemonService in 1000ms
01-26 11:36:27.219 W/libprocessgroup(  615): kill(-13045, 9) failed: No such process
01-26 11:36:27.220 I/SourceService(  615): Activity DIED(), com.zjinnova.zlink | com.zjinnova.zlink
01-26 11:36:27.265 W/libprocessgroup(  615): kill(-13045, 9) failed: No such process
01-26 11:36:27.265 I/libprocessgroup(  615): Successfully killed process cgroup uid 10115 pid 13045 in 47ms
01-26 11:36:27.334 D/pseudo  (  461): mtk_gps_sys_nmea_output_to_mnld: received 467 bytes:
01-26 11:36:27.336 D/pseudo  (  461): mtk_gps_sys_nmea_output_to_app: len:467, [NMEA]$GPGGA,003038.00...
01-26 11:36:27.343 I/GnssLocationProvider(  615): WakeLock acquired by sendMessage(REPORT_SV_STATUS, 0, com.android.server.location.GnssLocationProvider$SvStatusInfo@9aaf13)
01-26 11:36:27.345 I/GnssLocationProvider(  615): WakeLock released by handleMessage(REPORT_SV_STATUS, 0, com.android.server.location.GnssLocationProvider$SvStatusInfo@9aaf13)
01-26 11:36:27.346 D/        (  461): mtk_gps_sys_gps_mnl_callback: msg:0
01-26 11:36:27.346 D/        (  461): send_active_notify: send clean nmea timer cmd!
01-26 11:36:27.347 D/        (  461): gps_control_thread: gps_control_thread wait
01-26 11:36:27.347 D/        (  461): mtk_gps_sys_gps_mnl_callback: MTK_GPS_MSG_FIX_READY,GET_RTC_FAIL
01-26 11:36:27.348 D/pseudo  (  461): mtk_gps_sys_nmea_output_to_app: len:46, [vAGPS_Auto_Req]:g_FirstDbtt:0,u2BitMap:0x12f
01-26 11:36:27.556 E/WifiVendorHal(  615): getWifiLinkLayerStats(l.937) failed {.code = ERROR_NOT_SUPPORTED, .description = }
01-26 11:36:28.237 I/ActivityManager(  615): Start proc 13060:com.zjinnova.zlink/u0a115 for service com.zjinnova.zlink/com.zjinnova.android.zlink.features.service.DaemonService
01-26 11:36:28.257 E/.zjinnova.zlin(13060): Not starting debugger since process cannot load the jdwp agent.
01-26 11:36:28.305 I/.zjinnova.zlin(13060): The ClassLoaderContext is a special shared library.
01-26 11:36:28.312 W/.zjinnova.zlin(13060): JIT profile information will not be recorded: profile file does not exits.
01-26 11:36:28.328 W/System.err(13060): java.io.FileNotFoundException: /data/user/0/com.zjinnova.zlink/files/prodexdir/tosversion: open failed: EACCES (Permission denied)
01-26 11:36:28.329 W/System.err(13060): 	at libcore.io.IoBridge.open(IoBridge.java:485)
01-26 11:36:28.330 W/System.err(13060): 	at java.io.RandomAccessFile.<init>(RandomAccessFile.java:288)
01-26 11:36:28.330 W/System.err(13060): 	at java.io.RandomAccessFile.<init>(RandomAccessFile.java:151)
01-26 11:36:28.331 W/System.err(13060): 	at com.wrapper.proxyapplication.Util.PrepareSecurefiles(Util.java:362)
01-26 11:36:28.331 W/System.err(13060): 	at com.zjinnova.zlink.MyWrapperProxyApplication.initProxyApplication(MyWrapperProxyApplication.java:33)
01-26 11:36:28.331 W/System.err(13060): 	at com.wrapper.proxyapplication.WrapperProxyApplication.attachBaseContext(WrapperProxyApplication.java:459)
01-26 11:36:28.331 W/System.err(13060): 	at android.app.Application.attach(Application.java:212)
01-26 11:36:28.332 W/System.err(13060): 	at android.app.Instrumentation.newApplication(Instrumentation.java:1121)
01-26 11:36:28.332 W/System.err(13060): 	at android.app.LoadedApk.makeApplication(LoadedApk.java:1064)
01-26 11:36:28.332 W/System.err(13060): 	at android.app.ActivityThread.handleBindApplication(ActivityThread.java:5873)
01-26 11:36:28.332 W/System.err(13060): 	at android.app.ActivityThread.access$1200(ActivityThread.java:206)
01-26 11:36:28.332 W/System.err(13060): 	at android.app.ActivityThread$H.handleMessage(ActivityThread.java:1678)
01-26 11:36:28.332 W/System.err(13060): 	at android.os.Handler.dispatchMessage(Handler.java:106)
01-26 11:36:28.333 W/System.err(13060): 	at android.os.Looper.loop(Looper.java:193)
01-26 11:36:28.335 D/pseudo  (  461): mtk_gps_sys_nmea_output_to_mnld: received 467 bytes:
01-26 11:36:28.335 D/pseudo  (  461): mtk_gps_sys_nmea_output_to_app: len:467, [NMEA]$GPGGA,003039.00...
01-26 11:36:28.335 D/        (  461): mtk_gps_sys_gps_mnl_callback: msg:0
01-26 11:36:28.335 D/        (  461): send_active_notify: send clean nmea timer cmd!
01-26 11:36:28.335 D/        (  461): gps_control_thread: gps_control_thread wait
01-26 11:36:28.336 D/        (  461): mtk_gps_sys_gps_mnl_callback: MTK_GPS_MSG_FIX_READY,GET_RTC_FAIL
01-26 11:36:28.336 D/pseudo  (  461): mtk_gps_sys_nmea_output_to_app: len:46, [vAGPS_Auto_Req]:g_FirstDbtt:0,u2BitMap:0x12f
01-26 11:36:28.340 I/GnssLocationProvider(  615): WakeLock acquired by sendMessage(REPORT_SV_STATUS, 0, com.android.server.location.GnssLocationProvider$SvStatusInfo@ee68550)
01-26 11:36:28.342 I/GnssLocationProvider(  615): WakeLock released by handleMessage(REPORT_SV_STATUS, 0, com.android.server.location.GnssLocationProvider$SvStatusInfo@ee68550)
01-26 11:36:28.343 W/System.err(13060): 	at android.app.ActivityThread.main(ActivityThread.java:6702)
01-26 11:36:28.343 W/System.err(13060): 	at java.lang.reflect.Method.invoke(Native Method)
01-26 11:36:28.344 W/System.err(13060): 	at com.android.internal.os.RuntimeInit$MethodAndArgsCaller.run(RuntimeInit.java:493)
01-26 11:36:28.344 W/System.err(13060): 	at com.android.internal.os.ZygoteInit.main(ZygoteInit.java:911)
01-26 11:36:28.345 W/System.err(13060): Caused by: android.system.ErrnoException: open failed: EACCES (Permission denied)
01-26 11:36:28.345 W/System.err(13060): 	at libcore.io.Linux.open(Native Method)
01-26 11:36:28.345 W/System.err(13060): 	at libcore.io.BlockGuardOs.open(BlockGuardOs.java:210)
01-26 11:36:28.345 W/System.err(13060): 	at libcore.io.IoBridge.open(IoBridge.java:471)
01-26 11:36:28.346 W/System.err(13060): 	... 17 more
01-26 11:36:28.346 W/System.err(13060): java.io.FileNotFoundException: /data/user/0/com.zjinnova.zlink/files/prodexdir/tosversion (Permission denied)
01-26 11:36:28.347 W/System.err(13060): 	at java.io.FileOutputStream.open0(Native Method)
01-26 11:36:28.347 W/System.err(13060): 	at java.io.FileOutputStream.open(FileOutputStream.java:308)
01-26 11:36:28.347 W/System.err(13060): 	at java.io.FileOutputStream.<init>(FileOutputStream.java:238)
01-26 11:36:28.347 W/System.err(13060): 	at java.io.FileOutputStream.<init>(FileOutputStream.java:180)
01-26 11:36:28.348 W/System.err(13060): 	at com.wrapper.proxyapplication.Util.UnzipFile(Util.java:205)
01-26 11:36:28.348 W/System.err(13060): 	at com.wrapper.proxyapplication.Util.PrepareSecurefiles(Util.java:554)
01-26 11:36:28.348 W/System.err(13060): 	at com.zjinnova.zlink.MyWrapperProxyApplication.initProxyApplication(MyWrapperProxyApplication.java:33)
01-26 11:36:28.348 W/System.err(13060): 	at com.wrapper.proxyapplication.WrapperProxyApplication.attachBaseContext(WrapperProxyApplication.java:459)
01-26 11:36:28.348 W/System.err(13060): 	at android.app.Application.attach(Application.java:212)
