01-26 11:34:22.829 W/BroadcastQueue(  615): Background execution not allowed: receiving Intent { act=android.intent.action.PACKAGE_REMOVED dat=package:com.example.openradiofm flg=0x4000010 (has extras) } to com.android.vending/com.google.android.finsky.packagemonitor.backgroundimpl.BackgroundPackageMonitorReceiverImpl$RegisteredReceiver
01-26 11:34:22.829 W/BroadcastQueue(  615): Background execution not allowed: receiving Intent { act=android.intent.action.PACKAGE_REMOVED dat=package:com.example.openradiofm flg=0x4000010 (has extras) } to com.android.vending/com.google.android.finsky.instantapps.appmanagement.InstantAppRemoveMonitor
01-26 11:34:22.832 W/BroadcastQueue(  615): Background execution not allowed: receiving Intent { act=android.intent.action.PACKAGE_REMOVED dat=package:com.example.openradiofm flg=0x4000010 (has extras) } to com.google.android.apps.maps/com.google.android.libraries.social.peoplekit.thirdparty.viewcontrollers.ThirdPartyReceiver
01-26 11:34:22.849 W/BroadcastQueue(  615): Background execution not allowed: receiving Intent { act=android.intent.action.PACKAGE_REMOVED dat=package:com.example.openradiofm flg=0x4000010 (has extras) } to com.google.android.gms/.chimera.GmsIntentOperationService$PersistentTrustedReceiver
01-26 11:34:22.849 W/BroadcastQueue(  615): Background execution not allowed: receiving Intent { act=android.intent.action.PACKAGE_ADDED dat=package:com.example.openradiofm flg=0x4000010 (has extras) } to com.mixplorer/.BroadcastReceiver
01-26 11:34:22.849 W/BroadcastQueue(  615): Background execution not allowed: receiving Intent { act=android.intent.action.PACKAGE_ADDED dat=package:com.example.openradiofm flg=0x4000010 (has extras) } to com.android.vending/com.google.android.finsky.packagemonitor.impl.PackageMonitorReceiverImpl$RegisteredReceiver
01-26 11:34:22.850 W/BroadcastQueue(  615): Background execution not allowed: receiving Intent { act=android.intent.action.PACKAGE_ADDED dat=package:com.example.openradiofm flg=0x4000010 (has extras) } to com.android.vending/com.google.android.finsky.packagemonitor.backgroundimpl.BackgroundPackageMonitorReceiverImpl$RegisteredReceiver
01-26 11:34:22.850 W/BroadcastQueue(  615): Background execution not allowed: receiving Intent { act=android.intent.action.PACKAGE_ADDED dat=package:com.example.openradiofm flg=0x4000010 (has extras) } to com.google.android.gms/.chimera.GmsIntentOperationService$PersistentTrustedReceiver
01-26 11:34:22.850 W/BroadcastQueue(  615): Background execution not allowed: receiving Intent { act=android.intent.action.PACKAGE_ADDED dat=package:com.example.openradiofm flg=0x4000010 (has extras) } to com.google.android.gms/.gass.chimera.PackageChangeBroadcastReceiver
01-26 11:34:22.858 I/ActivityManager(  615): Start proc 9773:com.android.keychain/1000 for service com.android.keychain/.KeyChainService
01-26 11:34:22.901 I/ActivityManager(  615): Start proc 9780:com.google.android.youtube/u0a47 for service com.google.android.youtube/com.google.android.apps.youtube.app.extensions.mediabrowser.impl.MainAppMediaBrowserService
01-26 11:34:22.948 W/ActivityManager(  615): Slow operation: 86ms so far, now at startProcess: returned from zygote!
01-26 11:34:22.948 W/ActivityManager(  615): Slow operation: 87ms so far, now at startProcess: done updating battery stats
01-26 11:34:22.949 W/ActivityManager(  615): Slow operation: 87ms so far, now at startProcess: building log message
01-26 11:34:22.949 I/ActivityManager(  615): Start proc 9802:com.alphainventor.filemanager/u0a83 for service com.alphainventor.filemanager/com.example.android.uamp.MusicService
01-26 11:34:22.949 W/ActivityManager(  615): Slow operation: 87ms so far, now at startProcess: starting to update pids map
01-26 11:34:22.949 W/ActivityManager(  615): Slow operation: 87ms so far, now at startProcess: done updating pids map
01-26 11:34:22.949 W/ActivityManager(  615): Slow operation: 85ms so far, now at startProcess: asking zygote to start proc
01-26 11:34:22.954 W/Looper  (  615): Slow dispatch took 124ms main h=android.app.ActivityThread$H c=android.app.-$$Lambda$LoadedApk$ReceiverDispatcher$Args$_BumDX2UKsnxLVrE6UJsJZkotuA@b22562a m=0
01-26 11:34:23.031 W/ActivityManager(  615): Slow operation: 167ms so far, now at startProcess: returned from zygote!
01-26 11:34:23.038 W/Looper  (  615): Slow delivery took 247ms main h=android.app.ActivityThread$H c=android.app.-$$Lambda$LoadedApk$ReceiverDispatcher$Args$_BumDX2UKsnxLVrE6UJsJZkotuA@9949dda m=0
01-26 11:34:23.069 W/ActivityManager(  615): Slow operation: 205ms so far, now at startProcess: done updating battery stats
01-26 11:34:23.070 W/ActivityManager(  615): Slow operation: 206ms so far, now at startProcess: building log message
01-26 11:34:23.070 I/ActivityManager(  615): Start proc 9820:com.google.android.googlequicksearchbox:search/u0a84 for service com.google.android.googlequicksearchbox/com.google.android.libraries.assistant.auto.tng.media.mediabrowser.NewsMediaBrowserService
01-26 11:34:23.070 W/ActivityManager(  615): Slow operation: 206ms so far, now at startProcess: starting to update pids map
01-26 11:34:23.070 W/ActivityManager(  615): Slow operation: 206ms so far, now at startProcess: done updating pids map
01-26 11:34:23.070 W/ActivityManager(  615): Slow operation: 203ms so far, now at startProcess: asking zygote to start proc
01-26 11:34:23.076 V/BackupManagerConstants(  615): getFullBackupIntervalMilliseconds(...) returns 86400000
01-26 11:34:23.103 W/ActivityManager(  615): Slow operation: 236ms so far, now at startProcess: returned from zygote!
01-26 11:34:23.113 W/ActivityManager(  615): Slow operation: 246ms so far, now at startProcess: done updating battery stats
01-26 11:34:23.113 W/ActivityManager(  615): Slow operation: 247ms so far, now at startProcess: building log message
01-26 11:34:23.113 I/ActivityManager(  615): Start proc 9837:com.spotify.music/u0a110 for service com.spotify.music/com.spotify.mediabrowserservice.mediabrowserservice.SpotifyMediaBrowserService
01-26 11:34:23.113 W/ActivityManager(  615): Slow operation: 247ms so far, now at startProcess: starting to update pids map
01-26 11:34:23.114 W/ActivityManager(  615): Slow operation: 247ms so far, now at startProcess: done updating pids map
01-26 11:34:23.114 W/ActivityManager(  615): Slow operation: 242ms so far, now at startProcess: asking zygote to start proc
01-26 11:34:23.125 V/SettingsProvider(  615): packageValueForCallResult, name = sqlite_compatibility_wal_flags, value : Bundle[{_track_generation=android.util.MemoryIntArray@5d, value=, _generation_index=0, _generation=8}]
01-26 11:34:23.205 W/ActivityManager(  615): Slow operation: 333ms so far, now at startProcess: returned from zygote!
01-26 11:34:23.205 W/ActivityManager(  615): Slow operation: 334ms so far, now at startProcess: done updating battery stats
01-26 11:34:23.206 W/ActivityManager(  615): Slow operation: 334ms so far, now at startProcess: building log message
01-26 11:34:23.206 I/ActivityManager(  615): Start proc 9849:com.streema.simpleradio/u0a120 for service com.streema.simpleradio/.service.media.MediaService
01-26 11:34:23.206 W/ActivityManager(  615): Slow operation: 334ms so far, now at startProcess: starting to update pids map
01-26 11:34:23.206 W/ActivityManager(  615): Slow operation: 334ms so far, now at startProcess: done updating pids map
01-26 11:34:23.206 W/ActivityManager(  615): Slow operation: 287ms so far, now at startProcess: asking zygote to start proc
01-26 11:34:23.261 V/SettingsProvider(  615): packageValueForCallResult, name = fake_version, value : Bundle[{_track_generation=android.util.MemoryIntArray@5d, value=13, _generation_index=2, _generation=6}]
01-26 11:34:23.278 W/ActivityManager(  615): Slow operation: 359ms so far, now at startProcess: returned from zygote!
01-26 11:34:23.314 W/ActivityManager(  615): Slow operation: 394ms so far, now at startProcess: done updating battery stats
01-26 11:34:23.314 W/ActivityManager(  615): Slow operation: 395ms so far, now at startProcess: building log message
01-26 11:34:23.315 I/ActivityManager(  615): Start proc 9862:com.zjinnova.zlink/u0a115 for service com.zjinnova.zlink/com.zjinnova.android.zlink.features.service.DaemonService
01-26 11:34:23.315 W/ActivityManager(  615): Slow operation: 395ms so far, now at startProcess: starting to update pids map
01-26 11:34:23.315 W/ActivityManager(  615): Slow operation: 395ms so far, now at startProcess: done updating pids map
01-26 11:34:23.332 W/Looper  (  615): Drained
01-26 11:34:23.561 W/ActivityManager(  615): Slow operation: 81ms so far, now at startProcess: returned from zygote!
01-26 11:34:23.561 V/SettingsProvider(  615): packageValueForCallResult, name = fake_version, value : Bundle[{_track_generation=android.util.MemoryIntArray@5d, value=13, _generation_index=2, _generation=6}]
01-26 11:34:23.561 W/ActivityManager(  615): Slow operation: 81ms so far, now at startProcess: done updating battery stats
01-26 11:34:23.561 W/ActivityManager(  615): Slow operation: 81ms so far, now at startProcess: building log message
01-26 11:34:23.561 I/ActivityManager(  615): Start proc 9906:com.android.vending:background/u0a14 for broadcast com.android.vending/com.google.android.finsky.packagemonitor.backgroundimpl.BackgroundPackageMonitorReceiverImpl$RegisteredReceiver
01-26 11:34:23.561 W/ActivityManager(  615): Slow operation: 82ms so far, now at startProcess: starting to update pids map
01-26 11:34:23.561 W/ActivityManager(  615): Slow operation: 82ms so far, now at startProcess: done updating pids map
01-26 11:34:23.581 V/SettingsProvider(  615): packageValueForCallResult, name = fake_version, value : Bundle[{_track_generation=android.util.MemoryIntArray@5d, value=13, _generation_index=2, _generation=6}]
01-26 11:34:23.708 E/SchedPolicy( 1159): set_timerslack_ns write failed: Operation not permitted
01-26 11:34:23.719 E/SchedPolicy( 1159): set_timerslack_ns write failed: Operation not permitted
01-26 11:34:23.728 E/SchedPolicy( 1159): set_timerslack_ns write failed: Operation not permitted
01-26 11:34:23.739 E/SchedPolicy( 1159): set_timerslack_ns write failed: Operation not permitted
01-26 11:34:23.776 D/DisplayManagerService(  615): Display listener for pid 9862 died.
01-26 11:34:23.787 E/SchedPolicy( 1470): set_timerslack_ns write failed: Operation not permitted
01-26 11:34:23.793 I/ActivityManager(  615): Process com.zjinnova.zlink (pid 9862) has died: fore SVC 
01-26 11:34:23.794 W/ActivityManager(  615): Scheduling restart of crashed service com.zjinnova.zlink/com.zjinnova.android.zlink.features.service.DaemonService in 4000ms
01-26 11:34:23.843 E/SchedPolicy( 1159): set_timerslack_ns write failed: Operation not permitted
01-26 11:34:24.124 V/SettingsProvider(  615): packageValueForCallResult, name = fake_version, value : Bundle[{_track_generation=android.util.MemoryIntArray@5d, value=13, _generation_index=2, _generation=6}]
01-26 11:34:24.164 V/SettingsProvider(  615): packageValueForCallResult, name = sqlite_compatibility_wal_flags, value : Bundle[{_track_generation=android.util.MemoryIntArray@5d, value=, _generation_index=0, _generation=8}]
01-26 11:34:24.326 V/SettingsProvider(  615): packageValueForCallResult, name = sqlite_compatibility_wal_flags, value : Bundle[{_track_generation=android.util.MemoryIntArray@5d, value=, _generation_index=0, _generation=8}]
01-26 11:34:24.378 V/SettingsProvider(  615): packageValueForCallResult, name = device_provisioned, value : Bundle[{_track_generation=android.util.MemoryIntArray@5d, value=1, _generation_index=0, _generation=8}]
01-26 11:34:24.456 D/MtkConnectivityService(  615): requestNetwork for uid/pid:10047/9780 NetworkRequest [ TRACK_DEFAULT id=64, [ Capabilities: INTERNET&NOT_RESTRICTED&TRUSTED Unwanted:  Uid: 10047] ]
01-26 11:34:24.683 I/ActivityManager(  615): Start proc 10050:com.zjinnova.zlink/u0a115 for service com.zjinnova.zlink/com.zjinnova.android.zlink.features.service.DaemonService
01-26 11:34:24.948 W/BroadcastQueue(  615): Background execution not allowed: receiving Intent { act=android.intent.action.PACKAGE_REPLACED dat=package:com.example.openradiofm flg=0x4000010 (has extras) } to com.mixplorer/.BroadcastReceiver
01-26 11:34:24.953 W/BroadcastQueue(  615): Background execution not allowed: receiving Intent { act=android.intent.action.PACKAGE_REPLACED dat=package:com.example.openradiofm flg=0x4000010 (has extras) } to com.google.android.gms/.chimera.GmsIntentOperationService$PersistentTrustedReceiver
01-26 11:34:24.954 W/BroadcastQueue(  615): Background execution not allowed: receiving Intent { act=android.intent.action.PACKAGE_REPLACED dat=package:com.example.openradiofm flg=0x4000010 (has extras) } to com.google.android.gms/.gass.chimera.PackageChangeBroadcastReceiver
01-26 11:34:24.954 W/BroadcastQueue(  615): Background execution not allowed: receiving Intent { act=android.intent.action.PACKAGE_REPLACED dat=package:com.example.openradiofm flg=0x4000010 (has extras) } to com.topjohnwu.magisk/.core.Receiver
01-26 11:34:25.257 D/DisplayManagerService(  615): Display listener for pid 10050 died.
01-26 11:34:25.257 I/ActivityManager(  615): Process com.zjinnova.zlink (pid 10050) has died: fore SVC 
01-26 11:34:25.258 W/ActivityManager(  615): Canceling start item Intent { act=zjinnova.android.intent.action.ZLINK_SERVICE } in service ComponentInfo{com.zjinnova.zlink/com.zjinnova.android.zlink.features.service.DaemonService}
01-26 11:34:25.258 W/ActivityManager(  615): Scheduling restart of crashed service com.zjinnova.zlink/com.zjinnova.android.zlink.features.service.DaemonService in 1000ms
01-26 11:34:25.303 V/SettingsProvider(  615): packageValueForCallResult, name = sqlite_compatibility_wal_flags, value : Bundle[{_track_generation=android.util.MemoryIntArray@5d, value=, _generation_index=0, _generation=8}]
01-26 11:34:25.388 D/MtkConnectivityService(  615): requestNetwork for uid/pid:10047/9780 NetworkRequest [ TRACK_DEFAULT id=65, [ Capabilities: INTERNET&NOT_RESTRICTED&TRUSTED Unwanted:  Uid: 10047] ]
01-26 11:34:25.615 V/BackupManagerConstants(  615): getFullBackupRequiredNetworkType(...) returns 2
01-26 11:34:25.616 V/BackupManagerConstants(  615): getFullBackupRequireCharging(...) returns true
01-26 11:34:25.616 I/ActivityManager(  615): Killing 32202:com.google.android.apps.maps/u0a106 (adj 906): empty #4
01-26 11:34:25.621 I/ActivityManager(  615): Killing 9773:com.android.keychain/1000 (adj 906): empty #4
01-26 11:34:25.741 E/SchedPolicy( 1159): set_timerslack_ns write failed: Operation not permitted
01-26 11:34:25.742 E/SchedPolicy( 1159): set_timerslack_ns write failed: Operation not permitted
01-26 11:34:25.749 E/SchedPolicy( 1159): set_timerslack_ns write failed: Operation not permitted
01-26 11:34:25.749 E/SchedPolicy( 1159): set_timerslack_ns write failed: Operation not permitted
01-26 11:34:25.750 D/DisplayManagerService(  615): Display listener for pid 9773 died.
01-26 11:34:25.806 V/SettingsProvider(  615): packageValueForCallResult, name = android_id, value : Bundle[{_track_generation=android.util.MemoryIntArray@5d, value=f920ff64e6dfa582, _generation_index=1, _generation=2}]
01-26 11:34:26.032 V/SettingsProvider(  615): packageValueForCallResult, name = sqlite_compatibility_wal_flags, value : Bundle[{_track_generation=android.util.MemoryIntArray@5d, value=, _generation_index=0, _generation=8}]
01-26 11:34:26.034 D/MtkConnectivityService(  615): requestNetwork for uid/pid:10014/9906 NetworkRequest [ TRACK_DEFAULT id=67, [ Capabilities: INTERNET&NOT_RESTRICTED&TRUSTED Unwanted:  Uid: 10014] ]
01-26 11:34:26.081 E/SchedPolicy( 1159): set_timerslack_ns write failed: Operation not permitted
01-26 11:34:26.081 E/SchedPolicy( 1159): set_timerslack_ns write failed: Operation not permitted
01-26 11:34:26.108 E/SchedPolicy( 1159): set_timerslack_ns write failed: Operation not permitted
01-26 11:34:26.120 E/SchedPolicy( 1159): set_timerslack_ns write failed: Operation not permitted
01-26 11:34:26.175 E/SchedPolicy( 1159): set_timerslack_ns write failed: Operation not permitted
01-26 11:34:26.198 I/chatty  ( 1159): uid=10078(com.google.android.gms) highpool[7] identical 2 lines
01-26 11:34:26.198 E/SchedPolicy( 1159): set_timerslack_ns write failed: Operation not permitted
01-26 11:34:26.285 I/ActivityManager(  615): Start proc 10151:com.zjinnova.zlink/u0a115 for service com.zjinnova.zlink/com.zjinnova.android.zlink.features.service.DaemonService
01-26 11:34:26.380 W/FileUtils( 9837): Failed to chmod(/data/user/0/com.spotify.music/app_remote-config): android.system.ErrnoException: chmod failed: EACCES (Permission denied)
01-26 11:34:26.426 I/chatty  ( 9837): uid=10110(com.spotify.music) identical 3 lines
01-26 11:34:26.431 W/FileUtils( 9837): Failed to chmod(/data/user/0/com.spotify.music/app_remote-config): android.system.ErrnoException: chmod failed: EACCES (Permission denied)
01-26 11:34:26.433 D/MtkConnectivityService(  615): ConnectivityService NetworkRequestInfo binderDied(NetworkRequest [ LISTEN id=63, [ Capabilities: INTERNET&NOT_RESTRICTED&TRUSTED Unwanted:  Uid: 10106] ], android.os.BinderProxy@5d4cbe9)
01-26 11:34:26.433 D/MtkConnectivityService(  615): ConnectivityService NetworkRequestInfo binderDied(NetworkRequest [ TRACK_DEFAULT id=62, [ Capabilities: INTERNET&NOT_RESTRICTED&TRUSTED Unwanted:  Uid: 10106] ], android.os.BinderProxy@9fbfc70)
01-26 11:34:26.434 D/DisplayManagerService(  615): Display listener for pid 32202 died.
01-26 11:34:26.434 D/MtkConnectivityService(  615): ConnectivityService NetworkRequestInfo binderDied(NetworkRequest [ TRACK_DEFAULT id=61, [ Capabilities: INTERNET&NOT_RESTRICTED&TRUSTED Unwanted:  Uid: 10106] ], android.os.BinderProxy@f2006e)
01-26 11:34:26.434 D/MtkConnectivityService(  615): releasing NetworkRequest [ TRACK_DEFAULT id=61, [ Capabilities: INTERNET&NOT_RESTRICTED&TRUSTED Unwanted:  Uid: 10106] ] (release request)
01-26 11:34:26.437 D/MtkConnectivityService(  615): releasing NetworkRequest [ TRACK_DEFAULT id=62, [ Capabilities: INTERNET&NOT_RESTRICTED&TRUSTED Unwanted:  Uid: 10106] ] (release request)
01-26 11:34:26.439 V/SettingsProvider(  615): packageValueForCallResult, name = sqlite_compatibility_wal_flags, value : Bundle[{_track_generation=android.util.MemoryIntArray@5d, value=, _generation_index=0, _generation=8}]
01-26 11:34:26.471 W/FileUtils( 9837): Failed to chmod(/data/user/0/com.spotify.music/app_remote-config): android.system.ErrnoException: chmod failed: EACCES (Permission denied)
01-26 11:34:26.478 I/chatty  ( 9837): uid=10110(com.spotify.music) identical 3 lines
01-26 11:34:26.479 W/FileUtils( 9837): Failed to chmod(/data/user/0/com.spotify.music/app_remote-config): android.system.ErrnoException: chmod failed: EACCES (Permission denied)
01-26 11:34:26.860 D/DisplayManagerService(  615): Display listener for pid 10151 died.
01-26 11:34:26.860 I/ActivityManager(  615): Process com.zjinnova.zlink (pid 10151) has died: fore SVC 
01-26 11:34:26.860 W/ActivityManager(  615): Scheduling restart of crashed service com.zjinnova.zlink/com.zjinnova.android.zlink.features.service.DaemonService in 4000ms
01-26 11:34:26.910 E/BluetoothTetheringNetworkFactory( 1152): attempted to stop reverse tether with nothing tethered
01-26 11:34:26.927 E/SchedPolicy( 1159): set_timerslack_ns write failed: Operation not permitted
01-26 11:34:26.927 E/SchedPolicy( 1159): set_timerslack_ns write failed: Operation not permitted
01-26 11:34:26.984 E/SchedPolicy( 1159): set_timerslack_ns write failed: Operation not permitted
01-26 11:34:26.996 E/SchedPolicy( 1159): set_timerslack_ns write failed: Operation not permitted
01-26 11:34:27.037 I/ActivityManager(  615): Killing 9906:com.android.vending:background/u0a14 (adj 906): empty #4
01-26 11:34:27.186 D/DisplayManagerService(  615): Display listener for pid 9906 died.
01-26 11:34:27.186 D/MtkConnectivityService(  615): ConnectivityService NetworkRequestInfo binderDied(NetworkRequest [ TRACK_DEFAULT id=67, [ Capabilities: INTERNET&NOT_RESTRICTED&TRUSTED Unwanted:  Uid: 10014] ], android.os.BinderProxy@9cc14ef)
01-26 11:34:27.186 D/MtkConnectivityService(  615): releasing NetworkRequest [ TRACK_DEFAULT id=67, [ Capabilities: INTERNET&NOT_RESTRICTED&TRUSTED Unwanted:  Uid: 10014] ] (release request)
01-26 11:34:27.242 I/ActivityManager(  615): Start proc 10240:com.zjinnova.zlink/u0a115 for service com.zjinnova.zlink/com.zjinnova.android.zlink.features.service.DaemonService
01-26 11:34:27.502 E/SchedPolicy( 1159): set_timerslack_ns write failed: Operation not permitted
01-26 11:34:27.502 E/SchedPolicy( 1159): set_timerslack_ns write failed: Operation not permitted
01-26 11:34:27.586 I/ActivityManager(  615): Process com.zjinnova.zlink (pid 10240) has died: fore SVC 
01-26 11:34:27.586 W/ActivityManager(  615): Canceling start item Intent { act=zjinnova.android.intent.action.ZLINK_SERVICE } in service ComponentInfo{com.zjinnova.zlink/com.zjinnova.android.zlink.features.service.DaemonService}
01-26 11:34:27.586 W/ActivityManager(  615): Scheduling restart of crashed service com.zjinnova.zlink/com.zjinnova.android.zlink.features.service.DaemonService in 1000ms
01-26 11:34:27.587 D/DisplayManagerService(  615): Display listener for pid 10240 died.
01-26 11:34:27.632 E/SchedPolicy( 1470): set_timerslack_ns write failed: Operation not permitted
01-26 11:34:27.666 W/FileUtils( 9849): Failed to chmod(/data/user/0/com.streema.simpleradio/app_SafeDK_INTERSTITIAL): android.system.ErrnoException: chmod failed: EACCES (Permission denied)
01-26 11:34:27.667 W/FileUtils( 9849): Failed to chmod(/data/user/0/com.streema.simpleradio/app_SafeDK_MREC): android.system.ErrnoException: chmod failed: EACCES (Permission denied)
01-26 11:34:27.667 W/FileUtils( 9849): Failed to chmod(/data/user/0/com.streema.simpleradio/app_SafeDK_BANNER): android.system.ErrnoException: chmod failed: EACCES (Permission denied)
01-26 11:34:27.667 W/FileUtils( 9849): Failed to chmod(/data/user/0/com.streema.simpleradio/app_SafeDK_NATIVE): android.system.ErrnoException: chmod failed: EACCES (Permission denied)
01-26 11:34:27.667 W/FileUtils( 9849): Failed to chmod(/data/user/0/com.streema.simpleradio/app_SafeDK_Files): android.system.ErrnoException: chmod failed: EACCES (Permission denied)
--------- beginning of crash
01-26 11:34:27.776 E/AndroidRuntime( 9849): FATAL EXCEPTION: main
01-26 11:34:27.776 E/AndroidRuntime( 9849): Process: com.streema.simpleradio, PID: 9849
01-26 11:34:27.776 E/AndroidRuntime( 9849): java.lang.RuntimeException: Unable to create application com.streema.simpleradio.SimpleRadioApplication: android.database.sqlite.SQLiteCantOpenDatabaseException: unknown error (code 14 SQLITE_CANTOPEN): Could not open database
01-26 11:34:27.776 E/AndroidRuntime( 9849): 	at android.app.ActivityThread.handleBindApplication(ActivityThread.java:5907)
01-26 11:34:27.776 E/AndroidRuntime( 9849): 	at android.app.ActivityThread.access$1200(ActivityThread.java:206)
01-26 11:34:27.776 E/AndroidRuntime( 9849): 	at android.app.ActivityThread$H.handleMessage(ActivityThread.java:1678)
01-26 11:34:27.776 E/AndroidRuntime( 9849): 	at android.os.Handler.dispatchMessage(Handler.java:106)
01-26 11:34:27.776 E/AndroidRuntime( 9849): 	at android.os.Looper.loop(Looper.java:193)
01-26 11:34:27.776 E/AndroidRuntime( 9849): 	at android.app.ActivityThread.main(ActivityThread.java:6702)
01-26 11:34:27.776 E/AndroidRuntime( 9849): 	at java.lang.reflect.Method.invoke(Native Method)
01-26 11:34:27.776 E/AndroidRuntime( 9849): 	at com.android.internal.os.RuntimeInit$MethodAndArgsCaller.run(RuntimeInit.java:493)
01-26 11:34:27.776 E/AndroidRuntime( 9849): 	at com.android.internal.os.ZygoteInit.main(ZygoteInit.java:911)
01-26 11:34:27.776 E/AndroidRuntime( 9849): Caused by: android.database.sqlite.SQLiteCantOpenDatabaseException: unknown error (code 14 SQLITE_CANTOPEN): Could not open database
01-26 11:34:27.776 E/AndroidRuntime( 9849): 	at android.database.sqlite.SQLiteConnection.nativeOpen(Native Method)
01-26 11:34:27.776 E/AndroidRuntime( 9849): 	at android.database.sqlite.SQLiteConnection.open(SQLiteConnection.java:211)
01-26 11:34:27.776 E/AndroidRuntime( 9849): 	at android.database.sqlite.SQLiteConnection.open(SQLiteConnection.java:195)
01-26 11:34:27.776 E/AndroidRuntime( 9849): 	at android.database.sqlite.SQLiteConnectionPool.openConnectionLocked(SQLiteConnectionPool.java:503)
01-26 11:34:27.776 E/AndroidRuntime( 9849): 	at android.database.sqlite.SQLiteConnectionPool.open(SQLiteConnectionPool.java:204)
01-26 11:34:27.776 E/AndroidRuntime( 9849): 	at android.database.sqlite.SQLiteConnectionPool.open(SQLiteConnectionPool.java:196)
01-26 11:34:27.776 E/AndroidRuntime( 9849): 	at android.database.sqlite.SQLiteDatabase.openInner(SQLiteDatabase.java:880)
01-26 11:34:27.776 E/AndroidRuntime( 9849): 	at android.database.sqlite.SQLiteDatabase.open(SQLiteDatabase.java:865)
01-26 11:34:27.776 E/AndroidRuntime( 9849): 	at android.database.sqlite.SQLiteDatabase.openDatabase(SQLiteDatabase.java:739)
01-26 11:34:27.776 E/AndroidRuntime( 9849): 	at android.database.sqlite.SQLiteDatabase.openDatabase(SQLiteDatabase.java:729)
01-26 11:34:27.776 E/AndroidRuntime( 9849): 	at android.database.sqlite.SQLiteOpenHelper.getDatabaseLocked(SQLiteOpenHelper.java:355)
01-26 11:34:27.776 E/AndroidRuntime( 9849): 	at android.database.sqlite.SQLiteOpenHelper.getWritableDatabase(SQLiteOpenHelper.java:298)
01-26 11:34:27.776 E/AndroidRuntime( 9849): 	at com.streema.simpleradio.database.SimpleRadioDatabaseHelper.<init>(Unknown Source:18)
01-26 11:34:27.776 E/AndroidRuntime( 9849): 	at com.streema.simpleradio.i1.e(Unknown Source:4)
01-26 11:34:27.776 E/AndroidRuntime( 9849): 	at com.streema.simpleradio.n1.c(Unknown Source:0)
01-26 11:34:27.776 E/AndroidRuntime( 9849): 	at com.streema.simpleradio.n1.b(Unknown Source:2)
01-26 11:34:27.776 E/AndroidRuntime( 9849): 	at com.streema.simpleradio.n1.get(Unknown Source:0)
01-26 11:34:27.776 E/AndroidRuntime( 9849): 	at ua.b.a(Unknown Source:9)
01-26 11:34:27.776 E/AndroidRuntime( 9849): 	at ua.b.get(Unknown Source:6)
01-26 11:34:27.776 E/AndroidRuntime( 9849): 	at com.streema.simpleradio.g$b.g0(Unknown Source:4)
01-26 11:34:27.776 E/AndroidRuntime( 9849): 	at com.streema.simpleradio.g$b.d1(Unknown Source:0)
01-26 11:34:27.776 E/AndroidRuntime( 9849): 	at com.streema.simpleradio.g$b.C(Unknown Source:0)
01-26 11:34:27.776 E/AndroidRuntime( 9849): 	at com.streema.simpleradio.analytics.b.<init>(Unknown Source:21)
01-26 11:34:27.776 E/AndroidRuntime( 9849): 	at com.streema.simpleradio.i1.k(Unknown Source:4)
01-26 11:34:27.776 E/AndroidRuntime( 9849): 	at com.streema.simpleradio.t1.c(Unknown Source:0)
01-26 11:34:27.776 E/AndroidRuntime( 9849): 	at com.streema.simpleradio.t1.b(Unknown Source:2)
01-26 11:34:27.776 E/AndroidRuntime( 9849): 	at com.streema.simpleradio.t1.get(Unknown Source:0)
01-26 11:34:27.776 E/AndroidRuntime( 9849): 	at ua.b.a(Unknown Source:9)
01-26 11:34:27.776 E/AndroidRuntime( 9849): 	at ua.b.get(Unknown Source:6)
01-26 11:34:27.776 E/AndroidRuntime( 9849): 	at com.streema.simpleradio.g$b.e1(Unknown Source:2)
01-26 11:34:27.776 E/AndroidRuntime( 9849): 	at com.streema.simpleradio.g$b.s(Unknown Source:0)
01-26 11:34:27.776 E/AndroidRuntime( 9849): 	at com.streema.simpleradio.SimpleRadioApplication.safedk_SimpleRadioApplication_onCreate_9a06299d9e511ccb0e7b29a3b3bc1bec(Unknown Source:26)
01-26 11:34:27.776 E/AndroidRuntime( 9849): 	at com.streema.simpleradio.SimpleRadioApplication.onCreate(Unknown Source:8)
01-26 11:34:27.776 E/AndroidRuntime( 9849): 	at android.app.Instrumentation.callApplicationOnCreate(Instrumentation.java:1154)
01-26 11:34:27.776 E/AndroidRuntime( 9849): 	at android.app.ActivityThread.handleBindApplication(ActivityThread.java:5902)
01-26 11:34:27.776 E/AndroidRuntime( 9849): 	... 8 more
01-26 11:34:27.800 W/ActivityManager(  615): crashApplicationInner, com.streema.simpleradio
01-26 11:34:27.834 W/BroadcastQueue(  615): Background execution not allowed: receiving Intent { act=android.intent.action.DROPBOX_ENTRY_ADDED flg=0x10 (has extras) } to com.google.android.gms/.stats.service.DropBoxEntryAddedReceiver
01-26 11:34:27.843 E/SchedPolicy( 1470): set_timerslack_ns write failed: Operation not permitted
01-26 11:34:27.870 I/chatty  ( 1470): uid=10078(com.google.android.gms) identical 1 line
01-26 11:34:27.905 E/SchedPolicy( 1470): set_timerslack_ns write failed: Operation not permitted
01-26 11:34:27.914 E/SchedPolicy( 1159): set_timerslack_ns write failed: Operation not permitted
01-26 11:34:27.930 E/SchedPolicy( 1470): set_timerslack_ns write failed: Operation not permitted
01-26 11:34:27.940 E/SchedPolicy( 1470): set_timerslack_ns write failed: Operation not permitted
01-26 11:34:28.034 W/BroadcastQueue(  615): Permission Denial: broadcasting Intent { act=android.net.conn.CONNECTIVITY_CHANGE flg=0x4200010 (has extras) } from null (pid=-1, uid=-1) requires com.google.android.youtube.DYNAMIC_RECEIVER_NOT_EXPORTED_PERMISSION due to registered receiver BroadcastFilter{d464e1d u0 ReceiverList{bde16f4 9780 com.google.android.youtube/10047/u0 remote:87cb0c7}}
01-26 11:34:28.100 I/ActivityManager(  615): Killing 9820:com.google.android.googlequicksearchbox:search/u0a84 (adj 906): empty #4
01-26 11:34:28.123 E/SchedPolicy( 1470): set_timerslack_ns write failed: Operation not permitted
01-26 11:34:28.147 E/SchedPolicy( 1470): set_timerslack_ns write failed: Operation not permitted
01-26 11:34:28.162 D/DisplayManagerService(  615): Display listener for pid 9820 died.
01-26 11:34:28.172 E/SchedPolicy( 1470): set_timerslack_ns write failed: Operation not permitted
01-26 11:34:28.247 E/SchedPolicy( 1470): set_timerslack_ns write failed: Operation not permitted
01-26 11:34:28.254 D/MtkConnectivityService(  615): requestNetwork for uid/pid:10047/9780 NetworkRequest [ TRACK_DEFAULT id=69, [ Capabilities: INTERNET&NOT_RESTRICTED&TRUSTED Unwanted:  Uid: 10047] ]
01-26 11:34:28.294 E/SchedPolicy( 1470): set_timerslack_ns write failed: Operation not permitted
01-26 11:34:28.300 E/SchedPolicy( 1470): set_timerslack_ns write failed: Operation not permitted
01-26 11:34:28.597 I/ActivityManager(  615): Start proc 10302:com.zjinnova.zlink/u0a115 for service com.zjinnova.zlink/com.zjinnova.android.zlink.features.service.DaemonService
01-26 11:34:28.751 D/DisplayManagerService(  615): Display listener for pid 10302 died.
01-26 11:34:28.752 I/ActivityManager(  615): Process com.zjinnova.zlink (pid 10302) has died: fore SVC 
01-26 11:34:28.752 W/ActivityManager(  615): Scheduling restart of crashed service com.zjinnova.zlink/com.zjinnova.android.zlink.features.service.DaemonService in 4000ms
01-26 11:34:28.896 E/AndroidRuntime( 9837): FATAL EXCEPTION: WM.task-1
01-26 11:34:28.896 E/AndroidRuntime( 9837): Process: com.spotify.music, PID: 9837
01-26 11:34:28.896 E/AndroidRuntime( 9837): java.lang.IllegalStateException: The file system on the device is in a bad state. WorkManager cannot access the app's internal data store.
01-26 11:34:28.896 E/AndroidRuntime( 9837): 	at p.duq.run(SourceFile:106)
01-26 11:34:28.896 E/AndroidRuntime( 9837): 	at p.ib50.run(SourceFile:261)
01-26 11:34:28.896 E/AndroidRuntime( 9837): 	at java.util.concurrent.ThreadPoolExecutor.runWorker(ThreadPoolExecutor.java:1167)
01-26 11:34:28.896 E/AndroidRuntime( 9837): 	at java.util.concurrent.ThreadPoolExecutor$Worker.run(ThreadPoolExecutor.java:641)
01-26 11:34:28.896 E/AndroidRuntime( 9837): 	at java.lang.Thread.run(Thread.java:764)
01-26 11:34:28.896 E/AndroidRuntime( 9837): Caused by: android.database.sqlite.SQLiteCantOpenDatabaseException: unknown error (code 14 SQLITE_CANTOPEN): Could not open database
01-26 11:34:28.896 E/AndroidRuntime( 9837): 	at android.database.sqlite.SQLiteConnection.nativeOpen(Native Method)
01-26 11:34:28.896 E/AndroidRuntime( 9837): 	at android.database.sqlite.SQLiteConnection.open(SQLiteConnection.java:211)
01-26 11:34:28.896 E/AndroidRuntime( 9837): 	at android.database.sqlite.SQLiteConnection.open(SQLiteConnection.java:195)
01-26 11:34:28.896 E/AndroidRuntime( 9837): 	at android.database.sqlite.SQLiteConnectionPool.openConnectionLocked(SQLiteConnectionPool.java:503)
01-26 11:34:28.896 E/AndroidRuntime( 9837): 	at android.database.sqlite.SQLiteConnectionPool.open(SQLiteConnectionPool.java:204)
01-26 11:34:28.896 E/AndroidRuntime( 9837): 	at android.database.sqlite.SQLiteConnectionPool.open(SQLiteConnectionPool.java:196)
01-26 11:34:28.896 E/AndroidRuntime( 9837): 	at android.database.sqlite.SQLiteDatabase.openInner(SQLiteDatabase.java:880)
01-26 11:34:28.896 E/AndroidRuntime( 9837): 	at android.database.sqlite.SQLiteDatabase.open(SQLiteDatabase.java:865)
01-26 11:34:28.896 E/AndroidRuntime( 9837): 	at android.database.sqlite.SQLiteDatabase.openDatabase(SQLiteDatabase.java:739)
01-26 11:34:28.896 E/AndroidRuntime( 9837): 	at android.database.sqlite.SQLiteDatabase.openDatabase(SQLiteDatabase.java:729)
01-26 11:34:28.896 E/AndroidRuntime( 9837): 	at android.database.sqlite.SQLiteOpenHelper.getDatabaseLocked(SQLiteOpenHelper.java:355)
01-26 11:34:28.896 E/AndroidRuntime( 9837): 	at android.database.sqlite.SQLiteOpenHelper.getWritableDatabase(SQLiteOpenHelper.java:298)
01-26 11:34:28.896 E/AndroidRuntime( 9837): 	at p.n1r.e(SourceFile:115)
01-26 11:34:28.896 E/AndroidRuntime( 9837): 	at p.n1r.a(SourceFile:24)
01-26 11:34:28.896 E/AndroidRuntime( 9837): 	at p.o1r.getWritableDatabase(SourceFile:10)
01-26 11:34:28.896 E/AndroidRuntime( 9837): 	at p.mse0.b(SourceFile:5)
01-26 11:34:28.896 E/AndroidRuntime( 9837): 	at p.duq.a(SourceFile:42)
01-26 11:34:28.896 E/AndroidRuntime( 9837): 	at p.duq.run(SourceFile:54)
01-26 11:34:28.896 E/AndroidRuntime( 9837): 	... 4 more
01-26 11:34:28.924 W/ActivityManager(  615): crashApplicationInner, com.spotify.music
01-26 11:34:28.938 W/BroadcastQueue(  615): Background execution not allowed: receiving Intent { act=android.intent.action.DROPBOX_ENTRY_ADDED flg=0x10 (has extras) } to com.google.android.gms/.stats.service.DropBoxEntryAddedReceiver
01-26 11:34:28.941 I/ActivityManager(  615): Force stopping com.example.openradiofm appid=10125 user=0: from pid 10325
01-26 11:34:28.975 E/SchedPolicy( 1159): set_timerslack_ns write failed: Operation not permitted
01-26 11:34:29.200 E/SchedPolicy( 1159): set_timerslack_ns write failed: Operation not permitted
01-26 11:34:29.205 E/SchedPolicy( 1159): set_timerslack_ns write failed: Operation not permitted
01-26 11:34:29.291 W/BroadcastQueue(  615): Background execution not allowed: receiving Intent { act=android.bluetooth.adapter.action.CONNECTION_STATE_CHANGED flg=0x4000010 (has extras) } to com.google.android.gms/.chimera.GmsIntentOperationService$PersistentTrustedReceiver
01-26 11:34:29.333 E/SchedPolicy( 1159): set_timerslack_ns write failed: Operation not permitted
01-26 11:34:29.333 E/SchedPolicy( 1159): set_timerslack_ns write failed: Operation not permitted
01-26 11:34:29.465 I/ActivityManager(  615): Start proc 10364:com.zjinnova.zlink/u0a115 for service com.zjinnova.zlink/com.zjinnova.android.zlink.features.service.DaemonService
01-26 11:34:29.612 E/SchedPolicy( 1159): set_timerslack_ns write failed: Operation not permitted
01-26 11:34:29.613 E/SchedPolicy( 1159): set_timerslack_ns write failed: Operation not permitted
01-26 11:34:29.672 D/DisplayManagerService(  615): Display listener for pid 10364 died.
01-26 11:34:29.673 I/ActivityManager(  615): Process com.zjinnova.zlink (pid 10364) has died: fore SVC 
01-26 11:34:29.673 W/ActivityManager(  615): Canceling start item Intent { act=zjinnova.android.intent.action.ZLINK_SERVICE } in service ComponentInfo{com.zjinnova.zlink/com.zjinnova.android.zlink.features.service.DaemonService}
01-26 11:34:29.673 W/ActivityManager(  615): Scheduling restart of crashed service com.zjinnova.zlink/com.zjinnova.android.zlink.features.service.DaemonService in 1000ms
01-26 11:34:29.699 E/SchedPolicy( 1470): set_timerslack_ns write failed: Operation not permitted
01-26 11:34:29.750 I/chatty  ( 1470): uid=10078(com.google.android.gms) identical 3 lines
01-26 11:34:29.753 E/SchedPolicy( 1470): set_timerslack_ns write failed: Operation not permitted
01-26 11:34:29.762 D/MtkConnectivityService(  615): requestNetwork for uid/pid:10047/9780 NetworkRequest [ TRACK_DEFAULT id=70, [ Capabilities: INTERNET&NOT_RESTRICTED&TRUSTED Unwanted:  Uid: 10047] ]
01-26 11:34:30.072 D/DisplayManagerService(  615): Display listener for pid 9849 died.
01-26 11:34:30.073 I/ActivityManager(  615): Process com.streema.simpleradio (pid 9849) has died: fore IMPF
01-26 11:34:30.074 W/ActivityManager(  615): Scheduling restart of crashed service com.streema.simpleradio/.service.media.MediaService in 10599ms
01-26 11:34:30.079 W/ActivityManager(  615): Ignoring remove of inactive process: ProcessRecord{27331eb 0:com.streema.simpleradio/u0a120}
01-26 11:34:30.688 I/ActivityManager(  615): Start proc 10392:com.zjinnova.zlink/u0a115 for service com.zjinnova.zlink/com.zjinnova.android.zlink.features.service.DaemonService
01-26 11:34:30.827 I/ActivityManager(  615): START u0 {act=android.intent.action.MAIN cat=[android.intent.category.LAUNCHER] flg=0x10000000 cmp=com.example.openradiofm/.ui.main.MainActivity} from uid 2000
01-26 11:34:30.845 D/DisplayManagerService(  615): Display listener for pid 10392 died.
01-26 11:34:30.850 I/ActivityManager(  615): Process com.zjinnova.zlink (pid 10392) has died: fore SVC 
01-26 11:34:30.851 W/ActivityManager(  615): Scheduling restart of crashed service com.zjinnova.zlink/com.zjinnova.android.zlink.features.service.DaemonService in 19822ms
01-26 11:34:30.885 I/ActivityManager(  615): Start proc 10412:com.example.openradiofm/u0a125 for activity com.example.openradiofm/.ui.main.MainActivity
01-26 11:34:30.892 V/WindowManager(  615): Changing focus from Window{6aa6ef0 u0 moe.haruue.wadb/moe.haruue.wadb.ui.activity.LaunchActivity} to null Callers=com.android.server.wm.WindowManagerService.relayoutWindow:2205 com.android.server.wm.Session.relayout:244 android.view.ViewRootImpl.relayoutWindow:6733 android.view.ViewRootImpl.performTraversals:2073 
01-26 11:34:30.892 D/WindowManager(  615): Input focus has changed to null
01-26 11:34:30.894 I/WindowManager(  615): Focus moving from Window{6aa6ef0 u0 moe.haruue.wadb/moe.haruue.wadb.ui.activity.LaunchActivity} to null
01-26 11:34:30.988 V/WindowManager(  615): rotationForOrientationLw(orientation=0, lastRotation=0); mUserRotation=0 USER_ROTATION_LOCKED
01-26 11:34:30.994 V/WindowManager(  615): Set focused app to: AppWindowToken{5a3b66c token=Token{a8fc31f ActivityRecord{2b416be u0 com.example.openradiofm/.ui.main.MainActivity t6125}}} old focus=AppWindowToken{fc27419 token=Token{8d36760 ActivityRecord{c248f63 u0 moe.haruue.wadb/.ui.activity.LaunchActivity t6122}}} moveFocusNow=true
01-26 11:34:31.656 I/ActivityManager(  615): Start proc 10439:com.zjinnova.zlink/u0a115 for service com.zjinnova.zlink/com.zjinnova.android.zlink.features.service.DaemonService
01-26 11:34:31.776 I/ActivityManager(  615): Killing 9802:com.alphainventor.filemanager/u0a83 (adj 904): empty #4
01-26 11:34:31.836 D/DisplayManagerService(  615): Display listener for pid 10439 died.
01-26 11:34:31.836 I/ActivityManager(  615): Process com.zjinnova.zlink (pid 10439) has died: fore SVC 
01-26 11:34:31.837 W/ActivityManager(  615): Canceling start item Intent { act=zjinnova.android.intent.action.ZLINK_SERVICE } in service ComponentInfo{com.zjinnova.zlink/com.zjinnova.android.zlink.features.service.DaemonService}
01-26 11:34:31.837 W/ActivityManager(  615): Scheduling restart of crashed service com.zjinnova.zlink/com.zjinnova.android.zlink.features.service.DaemonService in 18836ms
01-26 11:34:31.856 D/DisplayManagerService(  615): Display listener for pid 9802 died.
01-26 11:34:33.849 E/SchedPolicy( 1159): set_timerslack_ns write failed: Operation not permitted
01-26 11:34:33.850 I/ActivityManager(  615): Start proc 10481:com.zjinnova.zlink/u0a115 for service com.zjinnova.zlink/com.zjinnova.android.zlink.features.service.DaemonService
01-26 11:34:33.865 E/SchedPolicy( 1159): set_timerslack_ns write failed: Operation not permitted
01-26 11:34:33.947 V/SettingsProvider(  615): packageValueForCallResult, name = enable_gpu_debug_layers, value : Bundle[{_track_generation=android.util.MemoryIntArray@5d, value=0, _generation_index=0, _generation=8}]
01-26 11:34:33.955 V/SettingsProvider(  615): packageValueForCallResult, name = fake_version, value : Bundle[{_track_generation=android.util.MemoryIntArray@5d, value=13, _generation_index=2, _generation=6}]
01-26 11:34:33.995 D/DisplayManagerService(  615): Display listener for pid 10481 died.
01-26 11:34:33.995 I/ActivityManager(  615): Process com.zjinnova.zlink (pid 10481) has died: fore SVC 
01-26 11:34:33.996 W/ActivityManager(  615): Scheduling restart of crashed service com.zjinnova.zlink/com.zjinnova.android.zlink.features.service.DaemonService in 1000ms
01-26 11:34:34.610 W/BroadcastQueue(  615): Background execution not allowed: receiving Intent { act=android.bluetooth.adapter.action.CONNECTION_STATE_CHANGED flg=0x4000010 (has extras) } to com.google.android.gms/.chimera.GmsIntentOperationService$PersistentTrustedReceiver
01-26 11:34:35.013 I/ActivityManager(  615): Start proc 10504:com.zjinnova.zlink/u0a115 for service com.zjinnova.zlink/com.zjinnova.android.zlink.features.service.DaemonService
01-26 11:34:35.196 D/DisplayManagerService(  615): Display listener for pid 10504 died.
01-26 11:34:35.196 I/ActivityManager(  615): Process com.zjinnova.zlink (pid 10504) has died: fore SVC 
01-26 11:34:35.196 W/ActivityManager(  615): Canceling start item Intent { act=zjinnova.android.intent.action.ZLINK_SERVICE } in service ComponentInfo{com.zjinnova.zlink/com.zjinnova.android.zlink.features.service.DaemonService}
01-26 11:34:35.196 W/ActivityManager(  615): Scheduling restart of crashed service com.zjinnova.zlink/com.zjinnova.android.zlink.features.service.DaemonService in 4000ms
01-26 11:34:35.287 E/AndroidRuntime(10412): FATAL EXCEPTION: main
01-26 11:34:35.287 E/AndroidRuntime(10412): Process: com.example.openradiofm, PID: 10412
01-26 11:34:35.287 E/AndroidRuntime(10412): java.lang.RuntimeException: Unable to start activity ComponentInfo{com.example.openradiofm/com.example.openradiofm.ui.main.MainActivity}: java.lang.ClassCastException: androidx.appcompat.widget.AppCompatButton cannot be cast to android.widget.ImageButton
01-26 11:34:35.287 E/AndroidRuntime(10412): 	at android.app.ActivityThread.performLaunchActivity(ActivityThread.java:2944)
01-26 11:34:35.287 E/AndroidRuntime(10412): 	at android.app.ActivityThread.handleLaunchActivity(ActivityThread.java:3079)
01-26 11:34:35.287 E/AndroidRuntime(10412): 	at android.app.servertransaction.LaunchActivityItem.execute(LaunchActivityItem.java:78)
01-26 11:34:35.287 E/AndroidRuntime(10412): 	at android.app.servertransaction.TransactionExecutor.executeCallbacks(TransactionExecutor.java:108)
01-26 11:34:35.287 E/AndroidRuntime(10412): 	at android.app.servertransaction.TransactionExecutor.execute(TransactionExecutor.java:68)
01-26 11:34:35.287 E/AndroidRuntime(10412): 	at android.app.ActivityThread$H.handleMessage(ActivityThread.java:1836)
01-26 11:34:35.287 E/AndroidRuntime(10412): 	at android.os.Handler.dispatchMessage(Handler.java:106)
01-26 11:34:35.287 E/AndroidRuntime(10412): 	at android.os.Looper.loop(Looper.java:193)
01-26 11:34:35.287 E/AndroidRuntime(10412): 	at android.app.ActivityThread.main(ActivityThread.java:6702)
01-26 11:34:35.287 E/AndroidRuntime(10412): 	at java.lang.reflect.Method.invoke(Native Method)
01-26 11:34:35.287 E/AndroidRuntime(10412): 	at com.android.internal.os.RuntimeInit$MethodAndArgsCaller.run(RuntimeInit.java:493)
01-26 11:34:35.287 E/AndroidRuntime(10412): 	at com.android.internal.os.ZygoteInit.main(ZygoteInit.java:911)
01-26 11:34:35.287 E/AndroidRuntime(10412): Caused by: java.lang.ClassCastException: androidx.appcompat.widget.AppCompatButton cannot be cast to android.widget.ImageButton
01-26 11:34:35.287 E/AndroidRuntime(10412): 	at com.example.openradiofm.ui.main.MainActivity.setupSeekButtons(MainActivity.java:186)
01-26 11:34:35.287 E/AndroidRuntime(10412): 	at com.example.openradiofm.ui.main.MainActivity.onCreate(MainActivity.java:175)
01-26 11:34:35.287 E/AndroidRuntime(10412): 	at android.app.Activity.performCreate(Activity.java:7137)
01-26 11:34:35.287 E/AndroidRuntime(10412): 	at android.app.Activity.performCreate(Activity.java:7128)
01-26 11:34:35.287 E/AndroidRuntime(10412): 	at android.app.Instrumentation.callActivityOnCreate(Instrumentation.java:1271)
01-26 11:34:35.287 E/AndroidRuntime(10412): 	at android.app.ActivityThread.performLaunchActivity(ActivityThread.java:2924)
01-26 11:34:35.287 E/AndroidRuntime(10412): 	... 11 more
01-26 11:34:35.293 W/ActivityManager(  615): crashApplicationInner, com.example.openradiofm
01-26 11:34:35.293 W/ActivityManager(  615):   Force finishing activity com.example.openradiofm/.ui.main.MainActivity
01-26 11:34:35.305 W/BroadcastQueue(  615): Background execution not allowed: receiving Intent { act=android.intent.action.DROPBOX_ENTRY_ADDED flg=0x10 (has extras) } to com.google.android.gms/.stats.service.DropBoxEntryAddedReceiver
01-26 11:34:35.325 E/SchedPolicy( 1159): set_timerslack_ns write failed: Operation not permitted
01-26 11:34:35.799 W/ActivityManager(  615): Activity pause timeout for ActivityRecord{2b416be u0 com.example.openradiofm/.ui.main.MainActivity t6125 f}
01-26 11:34:35.808 V/WindowManager(  615): Set focused app to: AppWindowToken{fc27419 token=Token{8d36760 ActivityRecord{c248f63 u0 moe.haruue.wadb/.ui.activity.LaunchActivity t6122}}} old focus=AppWindowToken{5a3b66c token=Token{a8fc31f ActivityRecord{2b416be u0 com.example.openradiofm/.ui.main.MainActivity t6125}}} moveFocusNow=true
01-26 11:34:35.810 V/WindowManager(  615): rotationForOrientationLw(orientation=0, lastRotation=0); mUserRotation=0 USER_ROTATION_LOCKED
01-26 11:34:35.820 I/WindowManager(  615): Relayout Window{6aa6ef0 u0 moe.haruue.wadb/moe.haruue.wadb.ui.activity.LaunchActivity}: oldVis=8 newVis=0 focusMayChange = true
01-26 11:34:35.827 V/WindowManager(  615): Changing focus from null to Window{6aa6ef0 u0 moe.haruue.wadb/moe.haruue.wadb.ui.activity.LaunchActivity} Callers=com.android.server.wm.WindowSurfacePlacer.handleAppTransitionReadyLocked:349 com.android.server.wm.RootWindowContainer.performSurfacePlacement:615 com.android.server.wm.WindowSurfacePlacer.performSurfacePlacementLoop:207 com.android.server.wm.WindowSurfacePlacer.performSurfacePlacement:155 
01-26 11:34:35.827 D/WindowManager(  615): Input focus has changed to Window{6aa6ef0 u0 moe.haruue.wadb/moe.haruue.wadb.ui.activity.LaunchActivity}
01-26 11:34:35.858 I/WindowManager(  615): Focus moving from null to Window{6aa6ef0 u0 moe.haruue.wadb/moe.haruue.wadb.ui.activity.LaunchActivity}
01-26 11:34:36.096 I/ActivityManager(  615): Start proc 10551:com.zjinnova.zlink/u0a115 for service com.zjinnova.zlink/com.zjinnova.android.zlink.features.service.DaemonService
01-26 11:34:36.137 D/ActivityManager(  615): Raise procstate to external provider: ProcessRecord{f4f37bc 2879:com.topjohnwu.magisk/u0a123}
01-26 11:34:36.171 D/ActivityManager(  615): Raise procstate to external provider: ProcessRecord{f4f37bc 2879:com.topjohnwu.magisk/u0a123}
01-26 11:34:36.188 E/WindowManager(  615): App trying to use insecure INPUT_FEATURE_NO_INPUT_CHANNEL flag. Ignoring
01-26 11:34:36.258 D/DisplayManagerService(  615): Display listener for pid 10551 died.
01-26 11:34:36.258 I/ActivityManager(  615): Process com.zjinnova.zlink (pid 10551) has died: fore SVC 
01-26 11:34:36.259 W/ActivityManager(  615): Canceling start item Intent { act=zjinnova.android.intent.action.ZLINK_SERVICE } in service ComponentInfo{com.zjinnova.zlink/com.zjinnova.android.zlink.features.service.DaemonService}
01-26 11:34:36.259 W/ActivityManager(  615): Scheduling restart of crashed service com.zjinnova.zlink/com.zjinnova.android.zlink.features.service.DaemonService in 1000ms
01-26 11:34:37.157 E/SchedPolicy( 1159): set_timerslack_ns write failed: Operation not permitted
01-26 11:34:37.158 E/SchedPolicy( 1159): set_timerslack_ns write failed: Operation not permitted
01-26 11:34:37.271 I/ActivityManager(  615): Start proc 10571:com.zjinnova.zlink/u0a115 for service com.zjinnova.zlink/com.zjinnova.android.zlink.features.service.DaemonService
01-26 11:34:37.405 D/DisplayManagerService(  615): Display listener for pid 10571 died.
01-26 11:34:37.405 I/ActivityManager(  615): Process com.zjinnova.zlink (pid 10571) has died: fore SVC 
01-26 11:34:37.406 W/ActivityManager(  615): Scheduling restart of crashed service com.zjinnova.zlink/com.zjinnova.android.zlink.features.service.DaemonService in 4000ms
01-26 11:34:37.554 E/SchedPolicy( 1159): set_timerslack_ns write failed: Operation not permitted
01-26 11:34:37.942 I/ActivityManager(  615): Killing 9837:com.spotify.music/u0a110 (adj 906): crash
01-26 11:34:38.053 D/DisplayManagerService(  615): Display listener for pid 9837 died.
01-26 11:34:38.054 D/MtkConnectivityService(  615): ConnectivityService NetworkRequestInfo binderDied(NetworkRequest [ LISTEN id=68, [ Capabilities: INTERNET&NOT_RESTRICTED&TRUSTED&NOT_VPN&FOREGROUND Unwanted:  Uid: 10110] ], android.os.BinderProxy@a099252)
01-26 11:34:38.204 W/NotificationService(  615): Toast already killed. pkg=com.topjohnwu.magisk callback=android.app.ITransientNotification$Stub$Proxy@8e4bf32
01-26 11:34:38.324 I/ActivityManager(  615): Start proc 10608:com.zjinnova.zlink/u0a115 for service com.zjinnova.zlink/com.zjinnova.android.zlink.features.service.DaemonService
01-26 11:34:38.526 D/DisplayManagerService(  615): Display listener for pid 10608 died.
01-26 11:34:38.527 I/ActivityManager(  615): Process com.zjinnova.zlink (pid 10608) has died: fore SVC 
01-26 11:34:38.527 W/ActivityManager(  615): Canceling start item Intent { act=zjinnova.android.intent.action.ZLINK_SERVICE } in service ComponentInfo{com.zjinnova.zlink/com.zjinnova.android.zlink.features.service.DaemonService}
