01-26 11:36:28.349 W/System.err(13060): 	at android.app.Instrumentation.newApplication(Instrumentation.java:1121)
01-26 11:36:28.349 W/System.err(13060): 	at android.app.LoadedApk.makeApplication(LoadedApk.java:1064)
01-26 11:36:28.349 W/System.err(13060): 	at android.app.ActivityThread.handleBindApplication(ActivityThread.java:5873)
01-26 11:36:28.349 W/System.err(13060): 	at android.app.ActivityThread.access$1200(ActivityThread.java:206)
01-26 11:36:28.349 W/System.err(13060): 	at android.app.ActivityThread$H.handleMessage(ActivityThread.java:1678)
01-26 11:36:28.349 W/System.err(13060): 	at android.os.Handler.dispatchMessage(Handler.java:106)
01-26 11:36:28.349 W/System.err(13060): 	at android.os.Looper.loop(Looper.java:193)
01-26 11:36:28.350 W/System.err(13060): 	at android.app.ActivityThread.main(ActivityThread.java:6702)
01-26 11:36:28.350 W/System.err(13060): 	at java.lang.reflect.Method.invoke(Native Method)
01-26 11:36:28.350 W/System.err(13060): 	at com.android.internal.os.RuntimeInit$MethodAndArgsCaller.run(RuntimeInit.java:493)
01-26 11:36:28.350 W/System.err(13060): 	at com.android.internal.os.ZygoteInit.main(ZygoteInit.java:911)
01-26 11:36:28.422 D/DisplayManagerService(  615): Display listener for pid 13060 died.
01-26 11:36:28.422 I/ActivityManager(  615): Process com.zjinnova.zlink (pid 13060) has died: fore SVC 
01-26 11:36:28.422 W/ActivityManager(  615): Scheduling restart of crashed service com.zjinnova.zlink/com.zjinnova.android.zlink.features.service.DaemonService in 4000ms
01-26 11:36:28.423 W/libprocessgroup(  615): kill(-13060, 9) failed: No such process
01-26 11:36:28.425 I/SourceService(  615): Activity DIED(), com.zjinnova.zlink | com.zjinnova.zlink
01-26 11:36:28.467 W/libprocessgroup(  615): kill(-13060, 9) failed: No such process
01-26 11:36:28.468 I/libprocessgroup(  615): Successfully killed process cgroup uid 10115 pid 13060 in 45ms
01-26 11:36:29.173 W/ps      (13078): type=1400 audit(0.0:7851): avc: denied { getattr } for path="/dev/console" dev="tmpfs" ino=9361 scontext=u:r:z-link:s0 tcontext=u:object_r:console_device:s0 tclass=chr_file permissive=0
01-26 11:36:29.173 I/chatty  (13078): uid=0(root) ps identical 1 line
01-26 11:36:29.173 W/ps      (13078): type=1400 audit(0.0:7853): avc: denied { getattr } for path="/dev/console" dev="tmpfs" ino=9361 scontext=u:r:z-link:s0 tcontext=u:object_r:console_device:s0 tclass=chr_file permissive=0
01-26 11:36:29.173 W/ps      (13078): type=1400 audit(0.0:7854): avc: denied { read } for name="drivers" dev="proc" ino=4026531853 scontext=u:r:z-link:s0 tcontext=u:object_r:proc_tty_drivers:s0 tclass=file permissive=0
01-26 11:36:29.200 W/ps      (13078): type=1400 audit(0.0:7855): avc: denied { getattr } for path="/dev/pts/0" dev="devpts" ino=3 scontext=u:r:z-link:s0 tcontext=u:object_r:devpts:s0 tclass=chr_file permissive=0
01-26 11:36:29.234 D/btopt   (  782): zlink wake_up_apk_server: cmd = 'export PATH=$PATH:/system/bin/;am start-service -a "zjinnova.android.intent.action.ZLINK_SERVICE" &'
01-26 11:36:29.308 I/ActivityManager(  615): Start proc 13092:com.zjinnova.zlink/u0a115 for service com.zjinnova.zlink/com.zjinnova.android.zlink.features.service.DaemonService
01-26 11:36:29.320 E/.zjinnova.zlin(13092): Not starting debugger since process cannot load the jdwp agent.
01-26 11:36:29.324 D/PbapClientStateMachine( 1152): Enter Disconnecting: 3
01-26 11:36:29.324 D/PbapClientStateMachine( 1152): Connection state A8:6A:86:B3:96:EA: 1->3
01-26 11:36:29.326 D/AdapterProperties( 1152): PROFILE_CONNECTION_STATE_CHANGE: profile=17, device=A8:6A:86:B3:96:EA, 1 -> 3
01-26 11:36:29.326 W/AdapterProperties( 1152): PROFILE_CONNECTION_STATE_CHANGE: unexpected transition for profile=17, device=A8:6A:86:B3:96:EA, 1 -> 3
01-26 11:36:29.326 D/AdapterProperties( 1152): ADAPTER_CONNECTION_STATE_CHANGE: A8:6A:86:B3:96:EA: 1 -> 3
01-26 11:36:29.326 W/AdapterProperties( 1152): ADAPTER_CONNECTION_STATE_CHANGE: unexpected transition for profile=17, device=A8:6A:86:B3:96:EA, 1 -> 3
01-26 11:36:29.327 V/BluetoothEventManager( 1298): Received android.bluetooth.pbapclient.profile.action.CONNECTION_STATE_CHANGED
01-26 11:36:29.328 D/CachedBluetoothDeviceManager( 1298): findDevice() == A8:6A:86:B3:96:EA
01-26 11:36:29.328 D/CachedBluetoothDeviceManager( 1298): findDevice() mCachedDevices size == 3
01-26 11:36:29.328 W/BroadcastQueue(  615): Background execution not allowed: receiving Intent { act=android.bluetooth.adapter.action.CONNECTION_STATE_CHANGED flg=0x4000010 (has extras) } to com.google.android.gms/.chimera.GmsIntentOperationService$PersistentTrustedReceiver
01-26 11:36:29.328 D/CachedBluetoothDeviceManager( 1298): findDevice() mCachedDevices == A8:6A:86:B3:96:EA
01-26 11:36:29.328 D/Car_LocalBluetoothProfileManager( 1298): StateChangedHandler cachedDevice ==A8:6A:86:B3:96:EA
01-26 11:36:29.328 D/Car_CachedBluetoothDevice( 1298): onProfileStateChanged: profile PbapClient newProfileState 3
01-26 11:36:29.329 I/wpa_supplicant( 1223): wpa_driver_nl80211_driver_cmd: wlan0 recv cmd BTCOEXSCAN-START
01-26 11:36:29.332 V/LocalBluetoothAdapter( 1298): getBluetoothState mState:12
01-26 11:36:29.332 D/BluetoothController(  812): updateConnected: devices size=0 state=3
01-26 11:36:29.332 D/BluetoothController(  812): updateConnected: state=3 mConnectionState=1
01-26 11:36:29.335 D/pseudo  (  461): mtk_gps_sys_nmea_output_to_mnld: received 467 bytes:
01-26 11:36:29.336 D/pseudo  (  461): mtk_gps_sys_nmea_output_to_app: len:467, [NMEA]$GPGGA,003040.00...
01-26 11:36:29.336 D/        (  461): mtk_gps_sys_gps_mnl_callback: msg:0
01-26 11:36:29.337 D/        (  461): send_active_notify: send clean nmea timer cmd!
01-26 11:36:29.337 D/        (  461): mtk_gps_sys_gps_mnl_callback: MTK_GPS_MSG_FIX_READY,GET_RTC_FAIL
01-26 11:36:29.337 D/        (  461): gps_control_thread: gps_control_thread wait
01-26 11:36:29.337 D/pseudo  (  461): mtk_gps_sys_nmea_output_to_app: len:46, [vAGPS_Auto_Req]:g_FirstDbtt:0,u2BitMap:0x12f
01-26 11:36:29.340 I/GnssLocationProvider(  615): WakeLock acquired by sendMessage(REPORT_SV_STATUS, 0, com.android.server.location.GnssLocationProvider$SvStatusInfo@93ae44e)
01-26 11:36:29.344 D/Car_CachedBluetoothDevice( 1298): localUuids : [Landroid.os.ParcelUuid;@5ee0d09 isA2dpSinkSupport : true
01-26 11:36:29.345 D/BluetoothPbapClientHelper( 1298): callPbapListener: count=0
01-26 11:36:29.345 V/BluetoothEventManager( 1298): Received android.bluetooth.adapter.action.CONNECTION_STATE_CHANGED
01-26 11:36:29.345 D/CachedBluetoothDeviceManager( 1298): findDevice() == A8:6A:86:B3:96:EA
01-26 11:36:29.345 D/CachedBluetoothDeviceManager( 1298): findDevice() mCachedDevices size == 3
01-26 11:36:29.345 D/CachedBluetoothDeviceManager( 1298): findDevice() mCachedDevices == A8:6A:86:B3:96:EA
01-26 11:36:29.345 I/GnssLocationProvider(  615): WakeLock released by handleMessage(REPORT_SV_STATUS, 0, com.android.server.location.GnssLocationProvider$SvStatusInfo@93ae44e)
01-26 11:36:29.355 D/BufferQueueProducer(  386): [StatusBar#0](this:0xb0ec4000,id:5,api:1,p:812,c:386) queueBuffer: fps=0.84 dur=2387.94 max=2370.69 min=17.25
01-26 11:36:29.364 I/.zjinnova.zlin(13092): The ClassLoaderContext is a special shared library.
01-26 11:36:29.372 W/.zjinnova.zlin(13092): JIT profile information will not be recorded: profile file does not exits.
01-26 11:36:29.374 D/SurfaceFlinger(  386): [Built-in Screen (type:0)] fps:0.837565,dur:2387.87,max:2374.40,min:13.47
01-26 11:36:29.387 W/System.err(13092): java.io.FileNotFoundException: /data/user/0/com.zjinnova.zlink/files/prodexdir/tosversion: open failed: EACCES (Permission denied)
01-26 11:36:29.388 W/System.err(13092): 	at libcore.io.IoBridge.open(IoBridge.java:485)
01-26 11:36:29.388 W/System.err(13092): 	at java.io.RandomAccessFile.<init>(RandomAccessFile.java:288)
01-26 11:36:29.388 W/System.err(13092): 	at java.io.RandomAccessFile.<init>(RandomAccessFile.java:151)
01-26 11:36:29.388 W/System.err(13092): 	at com.wrapper.proxyapplication.Util.PrepareSecurefiles(Util.java:362)
01-26 11:36:29.388 W/System.err(13092): 	at com.zjinnova.zlink.MyWrapperProxyApplication.initProxyApplication(MyWrapperProxyApplication.java:33)
01-26 11:36:29.388 W/System.err(13092): 	at com.wrapper.proxyapplication.WrapperProxyApplication.attachBaseContext(WrapperProxyApplication.java:459)
01-26 11:36:29.388 W/System.err(13092): 	at android.app.Application.attach(Application.java:212)
01-26 11:36:29.388 W/System.err(13092): 	at android.app.Instrumentation.newApplication(Instrumentation.java:1121)
01-26 11:36:29.388 W/System.err(13092): 	at android.app.LoadedApk.makeApplication(LoadedApk.java:1064)
01-26 11:36:29.388 W/System.err(13092): 	at android.app.ActivityThread.handleBindApplication(ActivityThread.java:5873)
01-26 11:36:29.388 W/System.err(13092): 	at android.app.ActivityThread.access$1200(ActivityThread.java:206)
01-26 11:36:29.388 W/System.err(13092): 	at android.app.ActivityThread$H.handleMessage(ActivityThread.java:1678)
01-26 11:36:29.388 W/System.err(13092): 	at android.os.Handler.dispatchMessage(Handler.java:106)
01-26 11:36:29.388 W/System.err(13092): 	at android.os.Looper.loop(Looper.java:193)
01-26 11:36:29.388 W/System.err(13092): 	at android.app.ActivityThread.main(ActivityThread.java:6702)
01-26 11:36:29.388 W/System.err(13092): 	at java.lang.reflect.Method.invoke(Native Method)
01-26 11:36:29.388 W/System.err(13092): 	at com.android.internal.os.RuntimeInit$MethodAndArgsCaller.run(RuntimeInit.java:493)
01-26 11:36:29.388 W/System.err(13092): 	at com.android.internal.os.ZygoteInit.main(ZygoteInit.java:911)
01-26 11:36:29.388 W/System.err(13092): Caused by: android.system.ErrnoException: open failed: EACCES (Permission denied)
01-26 11:36:29.388 W/System.err(13092): 	at libcore.io.Linux.open(Native Method)
01-26 11:36:29.388 W/System.err(13092): 	at libcore.io.BlockGuardOs.open(BlockGuardOs.java:210)
01-26 11:36:29.388 W/System.err(13092): 	at libcore.io.IoBridge.open(IoBridge.java:471)
01-26 11:36:29.388 W/System.err(13092): 	... 17 more
01-26 11:36:29.389 W/System.err(13092): java.io.FileNotFoundException: /data/user/0/com.zjinnova.zlink/files/prodexdir/tosversion (Permission denied)
01-26 11:36:29.390 W/System.err(13092): 	at java.io.FileOutputStream.open0(Native Method)
01-26 11:36:29.390 W/System.err(13092): 	at java.io.FileOutputStream.open(FileOutputStream.java:308)
01-26 11:36:29.390 W/System.err(13092): 	at java.io.FileOutputStream.<init>(FileOutputStream.java:238)
01-26 11:36:29.390 W/System.err(13092): 	at java.io.FileOutputStream.<init>(FileOutputStream.java:180)
01-26 11:36:29.390 W/System.err(13092): 	at com.wrapper.proxyapplication.Util.UnzipFile(Util.java:205)
01-26 11:36:29.390 W/System.err(13092): 	at com.wrapper.proxyapplication.Util.PrepareSecurefiles(Util.java:554)
01-26 11:36:29.390 W/System.err(13092): 	at com.zjinnova.zlink.MyWrapperProxyApplication.initProxyApplication(MyWrapperProxyApplication.java:33)
01-26 11:36:29.390 W/System.err(13092): 	at com.wrapper.proxyapplication.WrapperProxyApplication.attachBaseContext(WrapperProxyApplication.java:459)
01-26 11:36:29.390 W/System.err(13092): 	at android.app.Application.attach(Application.java:212)
01-26 11:36:29.390 W/System.err(13092): 	at android.app.Instrumentation.newApplication(Instrumentation.java:1121)
01-26 11:36:29.390 W/System.err(13092): 	at android.app.LoadedApk.makeApplication(LoadedApk.java:1064)
01-26 11:36:29.390 W/System.err(13092): 	at android.app.ActivityThread.handleBindApplication(ActivityThread.java:5873)
01-26 11:36:29.390 W/System.err(13092): 	at android.app.ActivityThread.access$1200(ActivityThread.java:206)
01-26 11:36:29.390 W/System.err(13092): 	at android.app.ActivityThread$H.handleMessage(ActivityThread.java:1678)
01-26 11:36:29.390 W/System.err(13092): 	at android.os.Handler.dispatchMessage(Handler.java:106)
01-26 11:36:29.390 W/System.err(13092): 	at android.os.Looper.loop(Looper.java:193)
01-26 11:36:29.390 W/System.err(13092): 	at android.app.ActivityThread.main(ActivityThread.java:6702)
01-26 11:36:29.390 W/System.err(13092): 	at java.lang.reflect.Method.invoke(Native Method)
01-26 11:36:29.390 W/System.err(13092): 	at com.android.internal.os.RuntimeInit$MethodAndArgsCaller.run(RuntimeInit.java:493)
01-26 11:36:29.390 W/System.err(13092): 	at com.android.internal.os.ZygoteInit.main(ZygoteInit.java:911)
01-26 11:36:29.458 D/DisplayManagerService(  615): Display listener for pid 13092 died.
01-26 11:36:29.459 I/ActivityManager(  615): Process com.zjinnova.zlink (pid 13092) has died: fore SVC 
01-26 11:36:29.459 W/ActivityManager(  615): Canceling start item Intent { act=zjinnova.android.intent.action.ZLINK_SERVICE } in service ComponentInfo{com.zjinnova.zlink/com.zjinnova.android.zlink.features.service.DaemonService}
01-26 11:36:29.459 W/ActivityManager(  615): Scheduling restart of crashed service com.zjinnova.zlink/com.zjinnova.android.zlink.features.service.DaemonService in 1000ms
01-26 11:36:29.460 W/libprocessgroup(  615): kill(-13092, 9) failed: No such process
01-26 11:36:29.460 I/libprocessgroup(  615): Successfully killed process cgroup uid 10115 pid 13092 in 0ms
01-26 11:36:29.461 I/SourceService(  615): Activity DIED(), com.zjinnova.zlink | com.zjinnova.zlink
01-26 11:36:30.241 I/ADB_SERVICES( 4402): fdevent_loop length=1
01-26 11:36:30.334 D/pseudo  (  461): mtk_gps_sys_nmea_output_to_mnld: received 467 bytes:
01-26 11:36:30.335 D/pseudo  (  461): mtk_gps_sys_nmea_output_to_app: len:467, [NMEA]$GPGGA,003041.00...
01-26 11:36:30.335 D/        (  461): mtk_gps_sys_gps_mnl_callback: msg:0
01-26 11:36:30.335 D/        (  461): send_active_notify: send clean nmea timer cmd!
01-26 11:36:30.335 D/        (  461): mtk_gps_sys_gps_mnl_callback: MTK_GPS_MSG_FIX_READY,GET_RTC_FAIL
01-26 11:36:30.335 D/pseudo  (  461): mtk_gps_sys_nmea_output_to_app: len:46, [vAGPS_Auto_Req]:g_FirstDbtt:0,u2BitMap:0x12f
01-26 11:36:30.335 D/        (  461): gps_control_thread: gps_control_thread wait
01-26 11:36:30.337 I/GnssLocationProvider(  615): WakeLock acquired by sendMessage(REPORT_SV_STATUS, 0, com.android.server.location.GnssLocationProvider$SvStatusInfo@1f7296f)
01-26 11:36:30.337 I/GnssLocationProvider(  615): WakeLock released by handleMessage(REPORT_SV_STATUS, 0, com.android.server.location.GnssLocationProvider$SvStatusInfo@1f7296f)
01-26 11:36:30.470 I/ActivityManager(  615): Start proc 13108:com.zjinnova.zlink/u0a115 for service com.zjinnova.zlink/com.zjinnova.android.zlink.features.service.DaemonService
01-26 11:36:30.480 E/.zjinnova.zlin(13108): Not starting debugger since process cannot load the jdwp agent.
01-26 11:36:30.515 I/.zjinnova.zlin(13108): The ClassLoaderContext is a special shared library.
01-26 11:36:30.521 W/.zjinnova.zlin(13108): JIT profile information will not be recorded: profile file does not exits.
01-26 11:36:30.536 W/System.err(13108): java.io.FileNotFoundException: /data/user/0/com.zjinnova.zlink/files/prodexdir/tosversion: open failed: EACCES (Permission denied)
01-26 11:36:30.536 W/System.err(13108): 	at libcore.io.IoBridge.open(IoBridge.java:485)
01-26 11:36:30.536 W/System.err(13108): 	at java.io.RandomAccessFile.<init>(RandomAccessFile.java:288)
01-26 11:36:30.536 W/System.err(13108): 	at java.io.RandomAccessFile.<init>(RandomAccessFile.java:151)
01-26 11:36:30.536 W/System.err(13108): 	at com.wrapper.proxyapplication.Util.PrepareSecurefiles(Util.java:362)
01-26 11:36:30.536 W/System.err(13108): 	at com.zjinnova.zlink.MyWrapperProxyApplication.initProxyApplication(MyWrapperProxyApplication.java:33)
01-26 11:36:30.536 W/System.err(13108): 	at com.wrapper.proxyapplication.WrapperProxyApplication.attachBaseContext(WrapperProxyApplication.java:459)
01-26 11:36:30.536 W/System.err(13108): 	at android.app.Application.attach(Application.java:212)
01-26 11:36:30.536 W/System.err(13108): 	at android.app.Instrumentation.newApplication(Instrumentation.java:1121)
01-26 11:36:30.536 W/System.err(13108): 	at android.app.LoadedApk.makeApplication(LoadedApk.java:1064)
01-26 11:36:30.536 W/System.err(13108): 	at android.app.ActivityThread.handleBindApplication(ActivityThread.java:5873)
01-26 11:36:30.537 W/System.err(13108): 	at android.app.ActivityThread.access$1200(ActivityThread.java:206)
01-26 11:36:30.537 W/System.err(13108): 	at android.app.ActivityThread$H.handleMessage(ActivityThread.java:1678)
01-26 11:36:30.537 W/System.err(13108): 	at android.os.Handler.dispatchMessage(Handler.java:106)
01-26 11:36:30.537 W/System.err(13108): 	at android.os.Looper.loop(Looper.java:193)
01-26 11:36:30.537 W/System.err(13108): 	at android.app.ActivityThread.main(ActivityThread.java:6702)
01-26 11:36:30.537 W/System.err(13108): 	at java.lang.reflect.Method.invoke(Native Method)
01-26 11:36:30.537 W/System.err(13108): 	at com.android.internal.os.RuntimeInit$MethodAndArgsCaller.run(RuntimeInit.java:493)
01-26 11:36:30.537 W/System.err(13108): 	at com.android.internal.os.ZygoteInit.main(ZygoteInit.java:911)
01-26 11:36:30.537 W/System.err(13108): Caused by: android.system.ErrnoException: open failed: EACCES (Permission denied)
01-26 11:36:30.537 W/System.err(13108): 	at libcore.io.Linux.open(Native Method)
01-26 11:36:30.537 W/System.err(13108): 	at libcore.io.BlockGuardOs.open(BlockGuardOs.java:210)
01-26 11:36:30.537 W/System.err(13108): 	at libcore.io.IoBridge.open(IoBridge.java:471)
01-26 11:36:30.537 W/System.err(13108): 	... 17 more
01-26 11:36:30.538 W/System.err(13108): java.io.FileNotFoundException: /data/user/0/com.zjinnova.zlink/files/prodexdir/tosversion (Permission denied)
01-26 11:36:30.538 W/System.err(13108): 	at java.io.FileOutputStream.open0(Native Method)
01-26 11:36:30.538 W/System.err(13108): 	at java.io.FileOutputStream.open(FileOutputStream.java:308)
01-26 11:36:30.538 W/System.err(13108): 	at java.io.FileOutputStream.<init>(FileOutputStream.java:238)
01-26 11:36:30.538 W/System.err(13108): 	at java.io.FileOutputStream.<init>(FileOutputStream.java:180)
01-26 11:36:30.538 W/System.err(13108): 	at com.wrapper.proxyapplication.Util.UnzipFile(Util.java:205)
01-26 11:36:30.538 W/System.err(13108): 	at com.wrapper.proxyapplication.Util.PrepareSecurefiles(Util.java:554)
01-26 11:36:30.538 W/System.err(13108): 	at com.zjinnova.zlink.MyWrapperProxyApplication.initProxyApplication(MyWrapperProxyApplication.java:33)
01-26 11:36:30.538 W/System.err(13108): 	at com.wrapper.proxyapplication.WrapperProxyApplication.attachBaseContext(WrapperProxyApplication.java:459)
01-26 11:36:30.538 W/System.err(13108): 	at android.app.Application.attach(Application.java:212)
01-26 11:36:30.538 W/System.err(13108): 	at android.app.Instrumentation.newApplication(Instrumentation.java:1121)
01-26 11:36:30.538 W/System.err(13108): 	at android.app.LoadedApk.makeApplication(LoadedApk.java:1064)
01-26 11:36:30.538 W/System.err(13108): 	at android.app.ActivityThread.handleBindApplication(ActivityThread.java:5873)
01-26 11:36:30.538 W/System.err(13108): 	at android.app.ActivityThread.access$1200(ActivityThread.java:206)
01-26 11:36:30.538 W/System.err(13108): 	at android.app.ActivityThread$H.handleMessage(ActivityThread.java:1678)
01-26 11:36:30.539 W/System.err(13108): 	at android.os.Handler.dispatchMessage(Handler.java:106)
01-26 11:36:30.539 W/System.err(13108): 	at android.os.Looper.loop(Looper.java:193)
01-26 11:36:30.539 W/System.err(13108): 	at android.app.ActivityThread.main(ActivityThread.java:6702)
01-26 11:36:30.539 W/System.err(13108): 	at java.lang.reflect.Method.invoke(Native Method)
01-26 11:36:30.539 W/System.err(13108): 	at com.android.internal.os.RuntimeInit$MethodAndArgsCaller.run(RuntimeInit.java:493)
01-26 11:36:30.539 W/System.err(13108): 	at com.android.internal.os.ZygoteInit.main(ZygoteInit.java:911)
01-26 11:36:30.562 E/WifiVendorHal(  615): getWifiLinkLayerStats(l.937) failed {.code = ERROR_NOT_SUPPORTED, .description = }
01-26 11:36:30.601 D/DisplayManagerService(  615): Display listener for pid 13108 died.
01-26 11:36:30.602 I/ActivityManager(  615): Process com.zjinnova.zlink (pid 13108) has died: fore SVC 
01-26 11:36:30.602 W/libprocessgroup(  615): kill(-13108, 9) failed: No such process
01-26 11:36:30.602 I/libprocessgroup(  615): Successfully killed process cgroup uid 10115 pid 13108 in 0ms
01-26 11:36:30.602 W/ActivityManager(  615): Scheduling restart of crashed service com.zjinnova.zlink/com.zjinnova.android.zlink.features.service.DaemonService in 4000ms
01-26 11:36:30.603 I/SourceService(  615): Activity DIED(), com.zjinnova.zlink | com.zjinnova.zlink
01-26 11:36:30.901 I/teststub(  455): Free memory 867MBytes.
01-26 11:36:31.320 W/ps      (13126): type=1400 audit(0.0:7861): avc: denied { getattr } for path="/dev/console" dev="tmpfs" ino=9361 scontext=u:r:z-link:s0 tcontext=u:object_r:console_device:s0 tclass=chr_file permissive=0
01-26 11:36:31.320 I/chatty  (13126): uid=0(root) ps identical 1 line
01-26 11:36:31.320 W/ps      (13126): type=1400 audit(0.0:7863): avc: denied { getattr } for path="/dev/console" dev="tmpfs" ino=9361 scontext=u:r:z-link:s0 tcontext=u:object_r:console_device:s0 tclass=chr_file permissive=0
01-26 11:36:31.320 W/ps      (13126): type=1400 audit(0.0:7864): avc: denied { read } for name="drivers" dev="proc" ino=4026531853 scontext=u:r:z-link:s0 tcontext=u:object_r:proc_tty_drivers:s0 tclass=file permissive=0
01-26 11:36:31.335 D/pseudo  (  461): mtk_gps_sys_nmea_output_to_mnld: received 467 bytes:
01-26 11:36:31.336 D/pseudo  (  461): mtk_gps_sys_nmea_output_to_app: len:467, [NMEA]$GPGGA,003042.00...
01-26 11:36:31.337 D/        (  461): mtk_gps_sys_gps_mnl_callback: msg:0
01-26 11:36:31.337 D/        (  461): send_active_notify: send clean nmea timer cmd!
01-26 11:36:31.337 D/        (  461): gps_control_thread: gps_control_thread wait
01-26 11:36:31.337 D/        (  461): mtk_gps_sys_gps_mnl_callback: MTK_GPS_MSG_FIX_READY,GET_RTC_FAIL
01-26 11:36:31.337 D/pseudo  (  461): mtk_gps_sys_nmea_output_to_app: len:46, [vAGPS_Auto_Req]:g_FirstDbtt:0,u2BitMap:0x12f
01-26 11:36:31.343 I/GnssLocationProvider(  615): WakeLock acquired by sendMessage(REPORT_SV_STATUS, 0, com.android.server.location.GnssLocationProvider$SvStatusInfo@fb6a67c)
01-26 11:36:31.346 I/GnssLocationProvider(  615): WakeLock released by handleMessage(REPORT_SV_STATUS, 0, com.android.server.location.GnssLocationProvider$SvStatusInfo@fb6a67c)
01-26 11:36:31.350 W/ps      (13126): type=1400 audit(0.0:7865): avc: denied { getattr } for path="/dev/pts/0" dev="devpts" ino=3 scontext=u:r:z-link:s0 tcontext=u:object_r:devpts:s0 tclass=chr_file permissive=0
01-26 11:36:31.387 D/btopt   (  782): zlink wake_up_apk_server: cmd = 'export PATH=$PATH:/system/bin/;am start-service -a "zjinnova.android.intent.action.ZLINK_SERVICE" &'
01-26 11:36:31.469 I/ActivityManager(  615): Start proc 13136:com.zjinnova.zlink/u0a115 for service com.zjinnova.zlink/com.zjinnova.android.zlink.features.service.DaemonService
01-26 11:36:31.486 E/.zjinnova.zlin(13136): Not starting debugger since process cannot load the jdwp agent.
01-26 11:36:31.521 I/.zjinnova.zlin(13136): The ClassLoaderContext is a special shared library.
01-26 11:36:31.528 W/.zjinnova.zlin(13136): JIT profile information will not be recorded: profile file does not exits.
01-26 11:36:31.542 W/System.err(13136): java.io.FileNotFoundException: /data/user/0/com.zjinnova.zlink/files/prodexdir/tosversion: open failed: EACCES (Permission denied)
01-26 11:36:31.543 W/System.err(13136): 	at libcore.io.IoBridge.open(IoBridge.java:485)
01-26 11:36:31.543 W/System.err(13136): 	at java.io.RandomAccessFile.<init>(RandomAccessFile.java:288)
01-26 11:36:31.543 W/System.err(13136): 	at java.io.RandomAccessFile.<init>(RandomAccessFile.java:151)
01-26 11:36:31.543 W/System.err(13136): 	at com.wrapper.proxyapplication.Util.PrepareSecurefiles(Util.java:362)
01-26 11:36:31.543 W/System.err(13136): 	at com.zjinnova.zlink.MyWrapperProxyApplication.initProxyApplication(MyWrapperProxyApplication.java:33)
01-26 11:36:31.543 W/System.err(13136): 	at com.wrapper.proxyapplication.WrapperProxyApplication.attachBaseContext(WrapperProxyApplication.java:459)
01-26 11:36:31.543 W/System.err(13136): 	at android.app.Application.attach(Application.java:212)
01-26 11:36:31.543 W/System.err(13136): 	at android.app.Instrumentation.newApplication(Instrumentation.java:1121)
01-26 11:36:31.543 W/System.err(13136): 	at android.app.LoadedApk.makeApplication(LoadedApk.java:1064)
01-26 11:36:31.543 W/System.err(13136): 	at android.app.ActivityThread.handleBindApplication(ActivityThread.java:5873)
01-26 11:36:31.543 W/System.err(13136): 	at android.app.ActivityThread.access$1200(ActivityThread.java:206)
01-26 11:36:31.543 W/System.err(13136): 	at android.app.ActivityThread$H.handleMessage(ActivityThread.java:1678)
01-26 11:36:31.543 W/System.err(13136): 	at android.os.Handler.dispatchMessage(Handler.java:106)
01-26 11:36:31.543 W/System.err(13136): 	at android.os.Looper.loop(Looper.java:193)
01-26 11:36:31.543 W/System.err(13136): 	at android.app.ActivityThread.main(ActivityThread.java:6702)
01-26 11:36:31.543 W/System.err(13136): 	at java.lang.reflect.Method.invoke(Native Method)
01-26 11:36:31.543 W/System.err(13136): 	at com.android.internal.os.RuntimeInit$MethodAndArgsCaller.run(RuntimeInit.java:493)
01-26 11:36:31.543 W/System.err(13136): 	at com.android.internal.os.ZygoteInit.main(ZygoteInit.java:911)
01-26 11:36:31.543 W/System.err(13136): Caused by: android.system.ErrnoException: open failed: EACCES (Permission denied)
01-26 11:36:31.543 W/System.err(13136): 	at libcore.io.Linux.open(Native Method)
01-26 11:36:31.543 W/System.err(13136): 	at libcore.io.BlockGuardOs.open(BlockGuardOs.java:210)
01-26 11:36:31.543 W/System.err(13136): 	at libcore.io.IoBridge.open(IoBridge.java:471)
01-26 11:36:31.543 W/System.err(13136): 	... 17 more
01-26 11:36:31.544 W/System.err(13136): java.io.FileNotFoundException: /data/user/0/com.zjinnova.zlink/files/prodexdir/tosversion (Permission denied)
01-26 11:36:31.544 W/System.err(13136): 	at java.io.FileOutputStream.open0(Native Method)
01-26 11:36:31.545 W/System.err(13136): 	at java.io.FileOutputStream.open(FileOutputStream.java:308)
01-26 11:36:31.545 W/System.err(13136): 	at java.io.FileOutputStream.<init>(FileOutputStream.java:238)
01-26 11:36:31.545 W/System.err(13136): 	at java.io.FileOutputStream.<init>(FileOutputStream.java:180)
01-26 11:36:31.545 W/System.err(13136): 	at com.wrapper.proxyapplication.Util.UnzipFile(Util.java:205)
01-26 11:36:31.545 W/System.err(13136): 	at com.wrapper.proxyapplication.Util.PrepareSecurefiles(Util.java:554)
01-26 11:36:31.545 W/System.err(13136): 	at com.zjinnova.zlink.MyWrapperProxyApplication.initProxyApplication(MyWrapperProxyApplication.java:33)
01-26 11:36:31.545 W/System.err(13136): 	at com.wrapper.proxyapplication.WrapperProxyApplication.attachBaseContext(WrapperProxyApplication.java:459)
01-26 11:36:31.545 W/System.err(13136): 	at android.app.Application.attach(Application.java:212)
01-26 11:36:31.545 W/System.err(13136): 	at android.app.Instrumentation.newApplication(Instrumentation.java:1121)
01-26 11:36:31.545 W/System.err(13136): 	at android.app.LoadedApk.makeApplication(LoadedApk.java:1064)
01-26 11:36:31.545 W/System.err(13136): 	at android.app.ActivityThread.handleBindApplication(ActivityThread.java:5873)
01-26 11:36:31.545 W/System.err(13136): 	at android.app.ActivityThread.access$1200(ActivityThread.java:206)
01-26 11:36:31.545 W/System.err(13136): 	at android.app.ActivityThread$H.handleMessage(ActivityThread.java:1678)
01-26 11:36:31.545 W/System.err(13136): 	at android.os.Handler.dispatchMessage(Handler.java:106)
01-26 11:36:31.545 W/System.err(13136): 	at android.os.Looper.loop(Looper.java:193)
01-26 11:36:31.545 W/System.err(13136): 	at android.app.ActivityThread.main(ActivityThread.java:6702)
01-26 11:36:31.545 W/System.err(13136): 	at java.lang.reflect.Method.invoke(Native Method)
01-26 11:36:31.545 W/System.err(13136): 	at com.android.internal.os.RuntimeInit$MethodAndArgsCaller.run(RuntimeInit.java:493)
01-26 11:36:31.545 W/System.err(13136): 	at com.android.internal.os.ZygoteInit.main(ZygoteInit.java:911)
01-26 11:36:31.618 D/DisplayManagerService(  615): Display listener for pid 13136 died.
01-26 11:36:31.618 I/ActivityManager(  615): Process com.zjinnova.zlink (pid 13136) has died: fore SVC 
01-26 11:36:31.619 W/ActivityManager(  615): Canceling start item Intent { act=zjinnova.android.intent.action.ZLINK_SERVICE } in service ComponentInfo{com.zjinnova.zlink/com.zjinnova.android.zlink.features.service.DaemonService}
01-26 11:36:31.619 W/ActivityManager(  615): Scheduling restart of crashed service com.zjinnova.zlink/com.zjinnova.android.zlink.features.service.DaemonService in 1000ms
01-26 11:36:31.619 W/libprocessgroup(  615): kill(-13136, 9) failed: No such process
01-26 11:36:31.620 I/libprocessgroup(  615): Successfully killed process cgroup uid 10115 pid 13136 in 1ms
01-26 11:36:31.621 I/SourceService(  615): Activity DIED(), com.zjinnova.zlink | com.zjinnova.zlink
01-26 11:36:32.327 W/PbapClientStateMachine( 1152): Disconnect Timeout, Forcing
01-26 11:36:32.327 D/PBAP PCE handler( 1152): Closing socketandroid.bluetooth.BluetoothSocket@5f8e5ce
01-26 11:36:32.328 D/BluetoothSocket( 1152): close() this: android.bluetooth.BluetoothSocket@5f8e5ce, channel: -1, mSocketIS: android.net.LocalSocketImpl$SocketInputStream@c52ccef, mSocketOS: android.net.LocalSocketImpl$SocketOutputStream@98c43fcmSocket: android.net.LocalSocket@e57ea85 impl:android.net.LocalSocketImpl@cc190da fd:java.io.FileDescriptor@b29490b, mSocketState: INIT
01-26 11:36:32.328 E/bt_btif_sock_rfcomm( 1152): btsock_rfc_signaled socket signaled for read while disconnected, slot: 47, channel: -1
01-26 11:36:32.328 E/PBAP PCE handler( 1152): Error while connecting socket
01-26 11:36:32.328 E/PBAP PCE handler( 1152): java.io.IOException: read failed, socket might closed or timeout, read ret: -1
01-26 11:36:32.328 E/PBAP PCE handler( 1152): 	at android.bluetooth.BluetoothSocket.readAll(BluetoothSocket.java:762)
01-26 11:36:32.328 E/PBAP PCE handler( 1152): 	at android.bluetooth.BluetoothSocket.readInt(BluetoothSocket.java:776)
01-26 11:36:32.328 E/PBAP PCE handler( 1152): 	at android.bluetooth.BluetoothSocket.connect(BluetoothSocket.java:399)
01-26 11:36:32.328 E/PBAP PCE handler( 1152): 	at com.android.bluetooth.pbapclient.PbapClientConnectionHandler.connectSocket(PbapClientConnectionHandler.java:487)
01-26 11:36:32.328 E/PBAP PCE handler( 1152): 	at com.android.bluetooth.pbapclient.PbapClientConnectionHandler.handleMessage(PbapClientConnectionHandler.java:269)
01-26 11:36:32.328 E/PBAP PCE handler( 1152): 	at android.os.Handler.dispatchMessage(Handler.java:106)
01-26 11:36:32.328 E/PBAP PCE handler( 1152): 	at android.os.Looper.loop(Looper.java:193)
01-26 11:36:32.328 E/PBAP PCE handler( 1152): 	at android.os.HandlerThread.run(HandlerThread.java:65)
01-26 11:36:32.328 W/PBAP PCE handler( 1152): Socket CONNECT Failure 
01-26 11:36:32.328 D/PBAP PCE handler( 1152): Handling Message = 2
01-26 11:36:32.328 D/PBAP PCE handler( 1152): Starting Disconnect
01-26 11:36:32.328 D/PBAP PCE handler( 1152): Closing Socket
01-26 11:36:32.328 D/PBAP PCE handler( 1152): Completing Disconnect
01-26 11:36:32.328 W/PbapClientStateMachine( 1152): Received unexpected message while Disconnecting
01-26 11:36:32.329 D/PbapClientStateMachine( 1152): Enter Disconnected: 7
01-26 11:36:32.329 D/PbapClientStateMachine( 1152): Connection state A8:6A:86:B3:96:EA: 3->0
01-26 11:36:32.330 W/PbapClientService( 1152): Cleanup device: A8:6A:86:B3:96:EA
01-26 11:36:32.330 D/AdapterProperties( 1152): PROFILE_CONNECTION_STATE_CHANGE: profile=17, device=A8:6A:86:B3:96:EA, 3 -> 0
01-26 11:36:32.330 V/BluetoothEventManager( 1298): Received android.bluetooth.pbapclient.profile.action.CONNECTION_STATE_CHANGED
01-26 11:36:32.331 D/CachedBluetoothDeviceManager( 1298): findDevice() == A8:6A:86:B3:96:EA
01-26 11:36:32.331 D/CachedBluetoothDeviceManager( 1298): findDevice() mCachedDevices size == 3
01-26 11:36:32.331 D/CachedBluetoothDeviceManager( 1298): findDevice() mCachedDevices == A8:6A:86:B3:96:EA
01-26 11:36:32.331 D/Car_LocalBluetoothProfileManager( 1298): StateChangedHandler cachedDevice ==A8:6A:86:B3:96:EA
01-26 11:36:32.331 D/Car_CachedBluetoothDevice( 1298): onProfileStateChanged: profile PbapClient newProfileState 0
01-26 11:36:32.331 V/LocalBluetoothAdapter( 1298): getBluetoothState mState:12
01-26 11:36:32.332 D/Car_CachedBluetoothDevice( 1298): localUuids : [Landroid.os.ParcelUuid;@c4a7b0e isA2dpSinkSupport : true
01-26 11:36:32.332 D/BluetoothPbapClientHelper( 1298): handlePbapConnectStateChange pbap disconnect!
01-26 11:36:32.332 D/BluetoothPbapClientHelper( 1298): callPbapListener: count=0
01-26 11:36:32.334 D/pseudo  (  461): mtk_gps_sys_nmea_output_to_mnld: received 467 bytes:
01-26 11:36:32.335 D/pseudo  (  461): mtk_gps_sys_nmea_output_to_app: len:467, [NMEA]$GPGGA,003043.00...
01-26 11:36:32.335 D/        (  461): mtk_gps_sys_gps_mnl_callback: msg:0
01-26 11:36:32.335 D/        (  461): send_active_notify: send clean nmea timer cmd!
01-26 11:36:32.335 D/        (  461): gps_control_thread: gps_control_thread wait
01-26 11:36:32.336 D/        (  461): mtk_gps_sys_gps_mnl_callback: MTK_GPS_MSG_FIX_READY,GET_RTC_FAIL
01-26 11:36:32.336 D/pseudo  (  461): mtk_gps_sys_nmea_output_to_app: len:46, [vAGPS_Auto_Req]:g_FirstDbtt:0,u2BitMap:0x12f
01-26 11:36:32.338 I/GnssLocationProvider(  615): WakeLock acquired by sendMessage(REPORT_SV_STATUS, 0, com.android.server.location.GnssLocationProvider$SvStatusInfo@766db05)
01-26 11:36:32.338 I/GnssLocationProvider(  615): WakeLock released by handleMessage(REPORT_SV_STATUS, 0, com.android.server.location.GnssLocationProvider$SvStatusInfo@766db05)
01-26 11:36:32.633 I/ActivityManager(  615): Start proc 13156:com.zjinnova.zlink/u0a115 for service com.zjinnova.zlink/com.zjinnova.android.zlink.features.service.DaemonService
01-26 11:36:32.640 E/.zjinnova.zlin(13156): Not starting debugger since process cannot load the jdwp agent.
01-26 11:36:32.674 I/.zjinnova.zlin(13156): The ClassLoaderContext is a special shared library.
01-26 11:36:32.680 W/.zjinnova.zlin(13156): JIT profile information will not be recorded: profile file does not exits.
01-26 11:36:32.695 W/System.err(13156): java.io.FileNotFoundException: /data/user/0/com.zjinnova.zlink/files/prodexdir/tosversion: open failed: EACCES (Permission denied)
01-26 11:36:32.695 W/System.err(13156): 	at libcore.io.IoBridge.open(IoBridge.java:485)
01-26 11:36:32.695 W/System.err(13156): 	at java.io.RandomAccessFile.<init>(RandomAccessFile.java:288)
01-26 11:36:32.695 W/System.err(13156): 	at java.io.RandomAccessFile.<init>(RandomAccessFile.java:151)
01-26 11:36:32.695 W/System.err(13156): 	at com.wrapper.proxyapplication.Util.PrepareSecurefiles(Util.java:362)
01-26 11:36:32.695 W/System.err(13156): 	at com.zjinnova.zlink.MyWrapperProxyApplication.initProxyApplication(MyWrapperProxyApplication.java:33)
01-26 11:36:32.695 W/System.err(13156): 	at com.wrapper.proxyapplication.WrapperProxyApplication.attachBaseContext(WrapperProxyApplication.java:459)
01-26 11:36:32.695 W/System.err(13156): 	at android.app.Application.attach(Application.java:212)
01-26 11:36:32.695 W/System.err(13156): 	at android.app.Instrumentation.newApplication(Instrumentation.java:1121)
01-26 11:36:32.695 W/System.err(13156): 	at android.app.LoadedApk.makeApplication(LoadedApk.java:1064)
01-26 11:36:32.696 W/System.err(13156): 	at android.app.ActivityThread.handleBindApplication(ActivityThread.java:5873)
01-26 11:36:32.696 W/System.err(13156): 	at android.app.ActivityThread.access$1200(ActivityThread.java:206)
01-26 11:36:32.696 W/System.err(13156): 	at android.app.ActivityThread$H.handleMessage(ActivityThread.java:1678)
01-26 11:36:32.696 W/System.err(13156): 	at android.os.Handler.dispatchMessage(Handler.java:106)
01-26 11:36:32.696 W/System.err(13156): 	at android.os.Looper.loop(Looper.java:193)
01-26 11:36:32.696 W/System.err(13156): 	at android.app.ActivityThread.main(ActivityThread.java:6702)
01-26 11:36:32.696 W/System.err(13156): 	at java.lang.reflect.Method.invoke(Native Method)
01-26 11:36:32.696 W/System.err(13156): 	at com.android.internal.os.RuntimeInit$MethodAndArgsCaller.run(RuntimeInit.java:493)
01-26 11:36:32.696 W/System.err(13156): 	at com.android.internal.os.ZygoteInit.main(ZygoteInit.java:911)
01-26 11:36:32.696 W/System.err(13156): Caused by: android.system.ErrnoException: open failed: EACCES (Permission denied)
01-26 11:36:32.696 W/System.err(13156): 	at libcore.io.Linux.open(Native Method)
01-26 11:36:32.696 W/System.err(13156): 	at libcore.io.BlockGuardOs.open(BlockGuardOs.java:210)
01-26 11:36:32.696 W/System.err(13156): 	at libcore.io.IoBridge.open(IoBridge.java:471)
01-26 11:36:32.696 W/System.err(13156): 	... 17 more
01-26 11:36:32.697 W/System.err(13156): java.io.FileNotFoundException: /data/user/0/com.zjinnova.zlink/files/prodexdir/tosversion (Permission denied)
01-26 11:36:32.697 W/System.err(13156): 	at java.io.FileOutputStream.open0(Native Method)
01-26 11:36:32.697 W/System.err(13156): 	at java.io.FileOutputStream.open(FileOutputStream.java:308)
01-26 11:36:32.697 W/System.err(13156): 	at java.io.FileOutputStream.<init>(FileOutputStream.java:238)
01-26 11:36:32.697 W/System.err(13156): 	at java.io.FileOutputStream.<init>(FileOutputStream.java:180)
01-26 11:36:32.697 W/System.err(13156): 	at com.wrapper.proxyapplication.Util.UnzipFile(Util.java:205)
01-26 11:36:32.697 W/System.err(13156): 	at com.wrapper.proxyapplication.Util.PrepareSecurefiles(Util.java:554)
01-26 11:36:32.697 W/System.err(13156): 	at com.zjinnova.zlink.MyWrapperProxyApplication.initProxyApplication(MyWrapperProxyApplication.java:33)
01-26 11:36:32.697 W/System.err(13156): 	at com.wrapper.proxyapplication.WrapperProxyApplication.attachBaseContext(WrapperProxyApplication.java:459)
01-26 11:36:32.697 W/System.err(13156): 	at android.app.Application.attach(Application.java:212)
01-26 11:36:32.697 W/System.err(13156): 	at android.app.Instrumentation.newApplication(Instrumentation.java:1121)
01-26 11:36:32.697 W/System.err(13156): 	at android.app.LoadedApk.makeApplication(LoadedApk.java:1064)
01-26 11:36:32.697 W/System.err(13156): 	at android.app.ActivityThread.handleBindApplication(ActivityThread.java:5873)
01-26 11:36:32.697 W/System.err(13156): 	at android.app.ActivityThread.access$1200(ActivityThread.java:206)
01-26 11:36:32.697 W/System.err(13156): 	at android.app.ActivityThread$H.handleMessage(ActivityThread.java:1678)
01-26 11:36:32.697 W/System.err(13156): 	at android.os.Handler.dispatchMessage(Handler.java:106)
01-26 11:36:32.697 W/System.err(13156): 	at android.os.Looper.loop(Looper.java:193)
01-26 11:36:32.698 W/System.err(13156): 	at android.app.ActivityThread.main(ActivityThread.java:6702)
01-26 11:36:32.698 W/System.err(13156): 	at java.lang.reflect.Method.invoke(Native Method)
01-26 11:36:32.698 W/System.err(13156): 	at com.android.internal.os.RuntimeInit$MethodAndArgsCaller.run(RuntimeInit.java:493)
01-26 11:36:32.698 W/System.err(13156): 	at com.android.internal.os.ZygoteInit.main(ZygoteInit.java:911)
01-26 11:36:32.761 D/DisplayManagerService(  615): Display listener for pid 13156 died.
01-26 11:36:32.762 I/ActivityManager(  615): Process com.zjinnova.zlink (pid 13156) has died: fore SVC 
01-26 11:36:32.762 W/ActivityManager(  615): Scheduling restart of crashed service com.zjinnova.zlink/com.zjinnova.android.zlink.features.service.DaemonService in 4000ms
01-26 11:36:32.762 W/libprocessgroup(  615): kill(-13156, 9) failed: No such process
01-26 11:36:32.763 I/libprocessgroup(  615): Successfully killed process cgroup uid 10115 pid 13156 in 0ms
01-26 11:36:32.763 I/SourceService(  615): Activity DIED(), com.zjinnova.zlink | com.zjinnova.zlink
01-26 11:36:33.334 D/pseudo  (  461): mtk_gps_sys_nmea_output_to_mnld: received 467 bytes:
01-26 11:36:33.335 D/pseudo  (  461): mtk_gps_sys_nmea_output_to_app: len:467, [NMEA]$GPGGA,003044.00...
01-26 11:36:33.335 D/        (  461): mtk_gps_sys_gps_mnl_callback: msg:0
01-26 11:36:33.335 D/        (  461): send_active_notify: send clean nmea timer cmd!
01-26 11:36:33.335 D/        (  461): gps_control_thread: gps_control_thread wait
01-26 11:36:33.336 D/        (  461): mtk_gps_sys_gps_mnl_callback: MTK_GPS_MSG_FIX_READY,GET_RTC_FAIL
01-26 11:36:33.336 D/pseudo  (  461): mtk_gps_sys_nmea_output_to_app: len:46, [vAGPS_Auto_Req]:g_FirstDbtt:0,u2BitMap:0x12f
01-26 11:36:33.338 I/GnssLocationProvider(  615): WakeLock acquired by sendMessage(REPORT_SV_STATUS, 0, com.android.server.location.GnssLocationProvider$SvStatusInfo@864f75a)
01-26 11:36:33.338 I/GnssLocationProvider(  615): WakeLock released by handleMessage(REPORT_SV_STATUS, 0, com.android.server.location.GnssLocationProvider$SvStatusInfo@864f75a)
01-26 11:36:33.476 W/ps      (13174): type=1400 audit(0.0:7871): avc: denied { getattr } for path="/dev/console" dev="tmpfs" ino=9361 scontext=u:r:z-link:s0 tcontext=u:object_r:console_device:s0 tclass=chr_file permissive=0
01-26 11:36:33.476 I/chatty  (13174): uid=0(root) ps identical 1 line
01-26 11:36:33.476 W/ps      (13174): type=1400 audit(0.0:7873): avc: denied { getattr } for path="/dev/console" dev="tmpfs" ino=9361 scontext=u:r:z-link:s0 tcontext=u:object_r:console_device:s0 tclass=chr_file permissive=0
01-26 11:36:33.476 W/ps      (13174): type=1400 audit(0.0:7874): avc: denied { read } for name="drivers" dev="proc" ino=4026531853 scontext=u:r:z-link:s0 tcontext=u:object_r:proc_tty_drivers:s0 tclass=file permissive=0
01-26 11:36:33.503 W/ps      (13174): type=1400 audit(0.0:7875): avc: denied { getattr } for path="/dev/pts/0" dev="devpts" ino=3 scontext=u:r:z-link:s0 tcontext=u:object_r:devpts:s0 tclass=chr_file permissive=0
01-26 11:36:33.535 D/btopt   (  782): zlink wake_up_apk_server: cmd = 'export PATH=$PATH:/system/bin/;am start-service -a "zjinnova.android.intent.action.ZLINK_SERVICE" &'
01-26 11:36:33.569 E/WifiVendorHal(  615): getWifiLinkLayerStats(l.937) failed {.code = ERROR_NOT_SUPPORTED, .description = }
01-26 11:36:33.609 I/ActivityManager(  615): Start proc 13184:com.zjinnova.zlink/u0a115 for service com.zjinnova.zlink/com.zjinnova.android.zlink.features.service.DaemonService
01-26 11:36:33.622 E/.zjinnova.zlin(13184): Not starting debugger since process cannot load the jdwp agent.
01-26 11:36:33.665 I/.zjinnova.zlin(13184): The ClassLoaderContext is a special shared library.
01-26 11:36:33.672 W/.zjinnova.zlin(13184): JIT profile information will not be recorded: profile file does not exits.
01-26 11:36:33.688 W/System.err(13184): java.io.FileNotFoundException: /data/user/0/com.zjinnova.zlink/files/prodexdir/tosversion: open failed: EACCES (Permission denied)
01-26 11:36:33.689 W/System.err(13184): 	at libcore.io.IoBridge.open(IoBridge.java:485)
01-26 11:36:33.689 W/System.err(13184): 	at java.io.RandomAccessFile.<init>(RandomAccessFile.java:288)
01-26 11:36:33.689 W/System.err(13184): 	at java.io.RandomAccessFile.<init>(RandomAccessFile.java:151)
01-26 11:36:33.690 W/System.err(13184): 	at com.wrapper.proxyapplication.Util.PrepareSecurefiles(Util.java:362)
01-26 11:36:33.690 W/System.err(13184): 	at com.zjinnova.zlink.MyWrapperProxyApplication.initProxyApplication(MyWrapperProxyApplication.java:33)
01-26 11:36:33.690 W/System.err(13184): 	at com.wrapper.proxyapplication.WrapperProxyApplication.attachBaseContext(WrapperProxyApplication.java:459)
01-26 11:36:33.690 W/System.err(13184): 	at android.app.Application.attach(Application.java:212)
01-26 11:36:33.691 W/System.err(13184): 	at android.app.Instrumentation.newApplication(Instrumentation.java:1121)
01-26 11:36:33.691 W/System.err(13184): 	at android.app.LoadedApk.makeApplication(LoadedApk.java:1064)
01-26 11:36:33.691 W/System.err(13184): 	at android.app.ActivityThread.handleBindApplication(ActivityThread.java:5873)
01-26 11:36:33.691 W/System.err(13184): 	at android.app.ActivityThread.access$1200(ActivityThread.java:206)
01-26 11:36:33.691 W/System.err(13184): 	at android.app.ActivityThread$H.handleMessage(ActivityThread.java:1678)
01-26 11:36:33.691 W/System.err(13184): 	at android.os.Handler.dispatchMessage(Handler.java:106)
01-26 11:36:33.692 W/System.err(13184): 	at android.os.Looper.loop(Looper.java:193)
01-26 11:36:33.692 W/System.err(13184): 	at android.app.ActivityThread.main(ActivityThread.java:6702)
01-26 11:36:33.692 W/System.err(13184): 	at java.lang.reflect.Method.invoke(Native Method)
01-26 11:36:33.692 W/System.err(13184): 	at com.android.internal.os.RuntimeInit$MethodAndArgsCaller.run(RuntimeInit.java:493)
01-26 11:36:33.692 W/System.err(13184): 	at com.android.internal.os.ZygoteInit.main(ZygoteInit.java:911)
01-26 11:36:33.693 W/System.err(13184): Caused by: android.system.ErrnoException: open failed: EACCES (Permission denied)
01-26 11:36:33.693 W/System.err(13184): 	at libcore.io.Linux.open(Native Method)
01-26 11:36:33.693 W/System.err(13184): 	at libcore.io.BlockGuardOs.open(BlockGuardOs.java:210)
01-26 11:36:33.693 W/System.err(13184): 	at libcore.io.IoBridge.open(IoBridge.java:471)
01-26 11:36:33.693 W/System.err(13184): 	... 17 more
01-26 11:36:33.694 W/System.err(13184): java.io.FileNotFoundException: /data/user/0/com.zjinnova.zlink/files/prodexdir/tosversion (Permission denied)
01-26 11:36:33.695 W/System.err(13184): 	at java.io.FileOutputStream.open0(Native Method)
01-26 11:36:33.695 W/System.err(13184): 	at java.io.FileOutputStream.open(FileOutputStream.java:308)
01-26 11:36:33.695 W/System.err(13184): 	at java.io.FileOutputStream.<init>(FileOutputStream.java:238)
01-26 11:36:33.696 W/System.err(13184): 	at java.io.FileOutputStream.<init>(FileOutputStream.java:180)
01-26 11:36:33.696 W/System.err(13184): 	at com.wrapper.proxyapplication.Util.UnzipFile(Util.java:205)
01-26 11:36:33.696 W/System.err(13184): 	at com.wrapper.proxyapplication.Util.PrepareSecurefiles(Util.java:554)
01-26 11:36:33.696 W/System.err(13184): 	at com.zjinnova.zlink.MyWrapperProxyApplication.initProxyApplication(MyWrapperProxyApplication.java:33)
01-26 11:36:33.696 W/System.err(13184): 	at com.wrapper.proxyapplication.WrapperProxyApplication.attachBaseContext(WrapperProxyApplication.java:459)
01-26 11:36:33.696 W/System.err(13184): 	at android.app.Application.attach(Application.java:212)
01-26 11:36:33.697 W/System.err(13184): 	at android.app.Instrumentation.newApplication(Instrumentation.java:1121)
01-26 11:36:33.697 W/System.err(13184): 	at android.app.LoadedApk.makeApplication(LoadedApk.java:1064)
01-26 11:36:33.697 W/System.err(13184): 	at android.app.ActivityThread.handleBindApplication(ActivityThread.java:5873)
01-26 11:36:33.697 W/System.err(13184): 	at android.app.ActivityThread.access$1200(ActivityThread.java:206)
01-26 11:36:33.697 W/System.err(13184): 	at android.app.ActivityThread$H.handleMessage(ActivityThread.java:1678)
01-26 11:36:33.697 W/System.err(13184): 	at android.os.Handler.dispatchMessage(Handler.java:106)
01-26 11:36:33.697 W/System.err(13184): 	at android.os.Looper.loop(Looper.java:193)
01-26 11:36:33.698 W/System.err(13184): 	at android.app.ActivityThread.main(ActivityThread.java:6702)
01-26 11:36:33.698 W/System.err(13184): 	at java.lang.reflect.Method.invoke(Native Method)
01-26 11:36:33.698 W/System.err(13184): 	at com.android.internal.os.RuntimeInit$MethodAndArgsCaller.run(RuntimeInit.java:493)
01-26 11:36:33.698 W/System.err(13184): 	at com.android.internal.os.ZygoteInit.main(ZygoteInit.java:911)
01-26 11:36:33.772 D/DisplayManagerService(  615): Display listener for pid 13184 died.
01-26 11:36:33.772 I/ActivityManager(  615): Process com.zjinnova.zlink (pid 13184) has died: fore SVC 
01-26 11:36:33.772 W/ActivityManager(  615): Canceling start item Intent { act=zjinnova.android.intent.action.ZLINK_SERVICE } in service ComponentInfo{com.zjinnova.zlink/com.zjinnova.android.zlink.features.service.DaemonService}
01-26 11:36:33.773 W/ActivityManager(  615): Scheduling restart of crashed service com.zjinnova.zlink/com.zjinnova.android.zlink.features.service.DaemonService in 1000ms
01-26 11:36:33.773 W/libprocessgroup(  615): kill(-13184, 9) failed: No such process
01-26 11:36:33.775 I/SourceService(  615): Activity DIED(), com.zjinnova.zlink | com.zjinnova.zlink
01-26 11:36:33.817 W/libprocessgroup(  615): kill(-13184, 9) failed: No such process
01-26 11:36:33.818 I/libprocessgroup(  615): Successfully killed process cgroup uid 10115 pid 13184 in 45ms
01-26 11:36:34.217 D/AES     (  615): AEEIOCTL_GET/SET_SF_STATE IOCTL ERROR: open /dev/RT_Monitor failed.
01-26 11:36:34.217 D/AES     (  615): RT Monitor ERROR: open /dev/RT_Monitor failed.
01-26 11:36:34.335 D/pseudo  (  461): mtk_gps_sys_nmea_output_to_mnld: received 467 bytes:
01-26 11:36:34.346 I/GnssLocationProvider(  615): WakeLock acquired by sendMessage(REPORT_SV_STATUS, 0, com.android.server.location.GnssLocationProvider$SvStatusInfo@ff6ed8b)
01-26 11:36:34.348 I/GnssLocationProvider(  615): WakeLock released by handleMessage(REPORT_SV_STATUS, 0, com.android.server.location.GnssLocationProvider$SvStatusInfo@ff6ed8b)
01-26 11:36:34.350 D/pseudo  (  461): mtk_gps_sys_nmea_output_to_app: len:467, [NMEA]$GPGGA,003045.00...
01-26 11:36:34.351 D/        (  461): mtk_gps_sys_gps_mnl_callback: msg:0
01-26 11:36:34.352 D/        (  461): send_active_notify: send clean nmea timer cmd!
01-26 11:36:34.352 D/        (  461): gps_control_thread: gps_control_thread wait
01-26 11:36:34.352 D/        (  461): mtk_gps_sys_gps_mnl_callback: MTK_GPS_MSG_FIX_READY,GET_RTC_FAIL
01-26 11:36:34.353 D/pseudo  (  461): mtk_gps_sys_nmea_output_to_app: len:46, [vAGPS_Auto_Req]:g_FirstDbtt:0,u2BitMap:0x12f
01-26 11:36:34.620 W/bt_sdp  ( 1152): SDP - Rcvd conn cnf with error: 0x4  CID 0x53
01-26 11:36:34.620 I/a2dp_api( 1152): a2dp_sdp_cback: status: 65521
01-26 11:36:34.620 E/bt_btif ( 1152): bta_av_a2dp_sdp_cback: peer a8:6a:86:b3:96:ea A2DP service discovery failed
01-26 11:36:34.620 E/bt_btif ( 1152): bta_av_a2dp_sdp_cback: BTA_AV_SDP_DISC_FAIL_EVT: peer_addr=a8:6a:86:b3:96:ea
01-26 11:36:34.620 D/bt_bta_av( 1152): SetAvdtpVersion: AVDTP version for a8:6a:86:b3:96:ea set to 0x0
