01-27 17:46:18.499   614   614 I SourceService: Activity DIED(), com.zjinnova.zlink | com.zjinnova.zlink
01-27 17:46:18.581   454  1178 D pseudo  : mtk_gps_sys_nmea_output_to_mnld: received 467 bytes:
01-27 17:46:18.581   454  1178 D pseudo  : mtk_gps_sys_nmea_output_to_app: len:467, [NMEA]$GPGGA,164619.08...
01-27 17:46:18.581   454  1178 D         : mtk_gps_sys_gps_mnl_callback: msg:0
01-27 17:46:18.581   454  1178 D         : send_active_notify: send clean nmea timer cmd!
01-27 17:46:18.581   454  1178 D         : mtk_gps_sys_gps_mnl_callback: MTK_GPS_MSG_FIX_READY,GET_RTC_FAIL
01-27 17:46:18.581   454  1178 D pseudo  : mtk_gps_sys_nmea_output_to_app: len:46, [vAGPS_Auto_Req]:g_FirstDbtt:0,u2BitMap:0x12f
01-27 17:46:18.582   454   543 D         : gps_control_thread: gps_control_thread wait
01-27 17:46:18.585   614  3838 I GnssLocationProvider: WakeLock acquired by sendMessage(REPORT_SV_STATUS, 0, com.android.server.location.GnssLocationProvider$SvStatusInfo@be8aec1)
01-27 17:46:18.586   614   880 I GnssLocationProvider: WakeLock released by handleMessage(REPORT_SV_STATUS, 0, com.android.server.location.GnssLocationProvider$SvStatusInfo@be8aec1)
01-27 17:46:18.693   448   574 I teststub: Free memory 744MBytes.
01-27 17:46:18.773 17725 17903 D RadioLogos: Checking: /sdcard/RadioLogos/89100.png
01-27 17:46:18.774 17725 17903 D RadioLogos: FOUND: /sdcard/RadioLogos/89100.png
01-27 17:46:18.774 17725 17903 D RadioLogos: Checking: /sdcard/RadioLogos/89100.png
01-27 17:46:18.774 17725 17903 D RadioLogos: FOUND: /sdcard/RadioLogos/89100.png
01-27 17:46:19.136   383   383 D SurfaceFlinger: [Built-in Screen (type:0)] fps:1.170540,dur:1708.61,max:958.73,min:749.89
01-27 17:46:19.283   614   732 E WifiVendorHal: getWifiLinkLayerStats(l.937) failed {.code = ERROR_NOT_SUPPORTED, .description = }
01-27 17:46:19.318 17725 17903 D RadioLogos: Checking: /sdcard/RadioLogos/89100.png
01-27 17:46:19.318 17725 17903 D RadioLogos: FOUND: /sdcard/RadioLogos/89100.png
01-27 17:46:19.318 17725 17903 D RadioLogos: Checking: /sdcard/RadioLogos/89100.png
01-27 17:46:19.318 17725 17903 D RadioLogos: FOUND: /sdcard/RadioLogos/89100.png
01-27 17:46:19.510   614   648 I ActivityManager: Start proc 18122:com.zjinnova.zlink/u0a115 for service com.zjinnova.zlink/com.zjinnova.android.zlink.features.service.DaemonService
01-27 17:46:19.530 18122 18122 E .zjinnova.zlin: Not starting debugger since process cannot load the jdwp agent.
01-27 17:46:19.581   454  1178 D pseudo  : mtk_gps_sys_nmea_output_to_mnld: received 467 bytes:
01-27 17:46:19.582   454  1178 D pseudo  : mtk_gps_sys_nmea_output_to_app: len:467, [NMEA]$GPGGA,164620.08...
01-27 17:46:19.587   614   643 I GnssLocationProvider: WakeLock acquired by sendMessage(REPORT_SV_STATUS, 0, com.android.server.location.GnssLocationProvider$SvStatusInfo@1976666)
01-27 17:46:19.588   614   880 I GnssLocationProvider: WakeLock released by handleMessage(REPORT_SV_STATUS, 0, com.android.server.location.GnssLocationProvider$SvStatusInfo@1976666)
01-27 17:46:19.589   454  1178 D         : mtk_gps_sys_gps_mnl_callback: msg:0
01-27 17:46:19.589   454  1178 D         : send_active_notify: send clean nmea timer cmd!
01-27 17:46:19.590   454   543 D         : gps_control_thread: gps_control_thread wait
01-27 17:46:19.590   454  1178 D         : mtk_gps_sys_gps_mnl_callback: MTK_GPS_MSG_FIX_READY,GET_RTC_FAIL
01-27 17:46:19.590   454  1178 D pseudo  : mtk_gps_sys_nmea_output_to_app: len:46, [vAGPS_Auto_Req]:g_FirstDbtt:0,u2BitMap:0x12f
01-27 17:46:19.595 18122 18122 I .zjinnova.zlin: The ClassLoaderContext is a special shared library.
01-27 17:46:19.605 18122 18122 W .zjinnova.zlin: JIT profile information will not be recorded: profile file does not exits.
01-27 17:46:19.626 18122 18122 W System.err: java.io.FileNotFoundException: /data/user/0/com.zjinnova.zlink/files/prodexdir/tosversion: open failed: EACCES (Permission denied)
01-27 17:46:19.627 18122 18122 W System.err: 	at libcore.io.IoBridge.open(IoBridge.java:485)
01-27 17:46:19.627 18122 18122 W System.err: 	at java.io.RandomAccessFile.<init>(RandomAccessFile.java:288)
01-27 17:46:19.627 18122 18122 W System.err: 	at java.io.RandomAccessFile.<init>(RandomAccessFile.java:151)
01-27 17:46:19.627 18122 18122 W System.err: 	at com.wrapper.proxyapplication.Util.PrepareSecurefiles(Util.java:362)
01-27 17:46:19.627 18122 18122 W System.err: 	at com.zjinnova.zlink.MyWrapperProxyApplication.initProxyApplication(MyWrapperProxyApplication.java:33)
01-27 17:46:19.628 18122 18122 W System.err: 	at com.wrapper.proxyapplication.WrapperProxyApplication.attachBaseContext(WrapperProxyApplication.java:459)
01-27 17:46:19.628 18122 18122 W System.err: 	at android.app.Application.attach(Application.java:212)
01-27 17:46:19.628 18122 18122 W System.err: 	at android.app.Instrumentation.newApplication(Instrumentation.java:1121)
01-27 17:46:19.628 18122 18122 W System.err: 	at android.app.LoadedApk.makeApplication(LoadedApk.java:1064)
01-27 17:46:19.628 18122 18122 W System.err: 	at android.app.ActivityThread.handleBindApplication(ActivityThread.java:5873)
01-27 17:46:19.628 18122 18122 W System.err: 	at android.app.ActivityThread.access$1200(ActivityThread.java:206)
01-27 17:46:19.629 18122 18122 W System.err: 	at android.app.ActivityThread$H.handleMessage(ActivityThread.java:1678)
01-27 17:46:19.629 18122 18122 W System.err: 	at android.os.Handler.dispatchMessage(Handler.java:106)
01-27 17:46:19.629 18122 18122 W System.err: 	at android.os.Looper.loop(Looper.java:193)
01-27 17:46:19.629 18122 18122 W System.err: 	at android.app.ActivityThread.main(ActivityThread.java:6702)
01-27 17:46:19.629 18122 18122 W System.err: 	at java.lang.reflect.Method.invoke(Native Method)
01-27 17:46:19.629 18122 18122 W System.err: 	at com.android.internal.os.RuntimeInit$MethodAndArgsCaller.run(RuntimeInit.java:493)
01-27 17:46:19.630 18122 18122 W System.err: 	at com.android.internal.os.ZygoteInit.main(ZygoteInit.java:911)
01-27 17:46:19.630 18122 18122 W System.err: Caused by: android.system.ErrnoException: open failed: EACCES (Permission denied)
01-27 17:46:19.630 18122 18122 W System.err: 	at libcore.io.Linux.open(Native Method)
01-27 17:46:19.630 18122 18122 W System.err: 	at libcore.io.BlockGuardOs.open(BlockGuardOs.java:210)
01-27 17:46:19.630 18122 18122 W System.err: 	at libcore.io.IoBridge.open(IoBridge.java:471)
01-27 17:46:19.630 18122 18122 W System.err: 	... 17 more
01-27 17:46:19.631 18122 18122 W System.err: java.io.FileNotFoundException: /data/user/0/com.zjinnova.zlink/files/prodexdir/tosversion (Permission denied)
01-27 17:46:19.632 18122 18122 W System.err: 	at java.io.FileOutputStream.open0(Native Method)
01-27 17:46:19.632 18122 18122 W System.err: 	at java.io.FileOutputStream.open(FileOutputStream.java:308)
01-27 17:46:19.632 18122 18122 W System.err: 	at java.io.FileOutputStream.<init>(FileOutputStream.java:238)
01-27 17:46:19.632 18122 18122 W System.err: 	at java.io.FileOutputStream.<init>(FileOutputStream.java:180)
01-27 17:46:19.632 18122 18122 W System.err: 	at com.wrapper.proxyapplication.Util.UnzipFile(Util.java:205)
01-27 17:46:19.633 18122 18122 W System.err: 	at com.wrapper.proxyapplication.Util.PrepareSecurefiles(Util.java:554)
01-27 17:46:19.633 18122 18122 W System.err: 	at com.zjinnova.zlink.MyWrapperProxyApplication.initProxyApplication(MyWrapperProxyApplication.java:33)
01-27 17:46:19.633 18122 18122 W System.err: 	at com.wrapper.proxyapplication.WrapperProxyApplication.attachBaseContext(WrapperProxyApplication.java:459)
01-27 17:46:19.633 18122 18122 W System.err: 	at android.app.Application.attach(Application.java:212)
01-27 17:46:19.633 18122 18122 W System.err: 	at android.app.Instrumentation.newApplication(Instrumentation.java:1121)
01-27 17:46:19.633 18122 18122 W System.err: 	at android.app.LoadedApk.makeApplication(LoadedApk.java:1064)
01-27 17:46:19.633 18122 18122 W System.err: 	at android.app.ActivityThread.handleBindApplication(ActivityThread.java:5873)
01-27 17:46:19.633 18122 18122 W System.err: 	at android.app.ActivityThread.access$1200(ActivityThread.java:206)
01-27 17:46:19.634 18122 18122 W System.err: 	at android.app.ActivityThread$H.handleMessage(ActivityThread.java:1678)
01-27 17:46:19.634 18122 18122 W System.err: 	at android.os.Handler.dispatchMessage(Handler.java:106)
01-27 17:46:19.634 18122 18122 W System.err: 	at android.os.Looper.loop(Looper.java:193)
01-27 17:46:19.634 18122 18122 W System.err: 	at android.app.ActivityThread.main(ActivityThread.java:6702)
01-27 17:46:19.634 18122 18122 W System.err: 	at java.lang.reflect.Method.invoke(Native Method)
01-27 17:46:19.634 18122 18122 W System.err: 	at com.android.internal.os.RuntimeInit$MethodAndArgsCaller.run(RuntimeInit.java:493)
01-27 17:46:19.634 18122 18122 W System.err: 	at com.android.internal.os.ZygoteInit.main(ZygoteInit.java:911)
01-27 17:46:19.719   614   627 D DisplayManagerService: Display listener for pid 18122 died.
01-27 17:46:19.720   614  2070 I ActivityManager: Process com.zjinnova.zlink (pid 18122) has died: fore SVC 
01-27 17:46:19.720   614   649 W libprocessgroup: kill(-18122, 9) failed: No such process
01-27 17:46:19.720   614  2070 W ActivityManager: Scheduling restart of crashed service com.zjinnova.zlink/com.zjinnova.android.zlink.features.service.DaemonService in 4000ms
01-27 17:46:19.720   614   649 I libprocessgroup: Successfully killed process cgroup uid 10115 pid 18122 in 0ms
01-27 17:46:19.722   614   614 I SourceService: Activity DIED(), com.zjinnova.zlink | com.zjinnova.zlink
01-27 17:46:19.781 17725 17903 D RadioLogos: Checking: /sdcard/RadioLogos/89100.png
01-27 17:46:19.781 17725 17903 D RadioLogos: FOUND: /sdcard/RadioLogos/89100.png
01-27 17:46:19.782 17725 17903 D RadioLogos: Checking: /sdcard/RadioLogos/89100.png
01-27 17:46:19.782 17725 17903 D RadioLogos: FOUND: /sdcard/RadioLogos/89100.png
01-27 17:46:19.809   614  2077 W ActivityManager:   Force finishing activity com.example.openradiofm/.ui.main.MainActivity
01-27 17:46:19.822 17838 17838 D FMPlugService: FMPlugService onUnbind
01-27 17:46:19.822 17838 17838 D FMPlugService: FMPlugService onDestroy
01-27 17:46:19.824 17838 17838 I RadioAudioManager: stopRender_processing, mIsRender = true
01-27 17:46:19.824   614   614 W TelecomManager: Telecom Service not found.
01-27 17:46:19.824 17838 17838 I RadioAudioManager: stopRender: waiting for mRenderingLock
01-27 17:46:19.826   614  2077 I ActivityManager: Killing 17725:com.example.openradiofm/u0a126 (adj 900): crash
01-27 17:46:19.831   614   649 W libprocessgroup: kill(-17725, 9) failed: No such process
01-27 17:46:19.836 17838 17865 D AudioTrack: stop(): 0xa16f2d80, mState = 0
01-27 17:46:19.836 17838 17838 D AudioRecord: stop: 0xa08ad000
01-27 17:46:19.836 17838 17865 D AudioTrack: stop() called with 425124 frames delivered
01-27 17:46:19.836 17838 17865 D AudioTrack: audiotrack 0xa16f2d80 stop done
01-27 17:46:19.837 17838 17865 I RadioAudioManager: mAudioTrack stop earphone mode
01-27 17:46:19.839   614  2074 D SourceService: set Music mix volume 100, session 0
01-27 17:46:19.849   383   383 I BufferQueueConsumer: [com.example.openradiofm/com.example.openradiofm.ui.main.MainActivity#0](this:0xa7eec000,id:137,api:1,p:17725,c:-1) disconnect(C)
01-27 17:46:19.855   383   639 W SurfaceFlinger: Attempting to destroy on removed layer: AppWindowToken{6451e38 token=Token{ef1fa9b ActivityRecord{6feceaa u0 com.example.openradiofm/.ui.main.MainActivity t6203}}}#0
01-27 17:46:19.855   383   639 W SurfaceFlinger: Attempting to destroy on removed layer: 33eb062 com.example.openradiofm/com.example.openradiofm.ui.main.MainActivity#0
01-27 17:46:19.855   383   639 W SurfaceFlinger: Attempting to destroy on removed layer: Task=6203#0
01-27 17:46:19.862   614   614 I SourceService: Activity DIED(), com.example.openradiofm | com.example.openradiofm
01-27 17:46:19.863   378   973 D APM_AudioPolicyManager: AudioPolicyManager:setRecordSilenced(uid:10126, silenced:1)
01-27 17:46:19.863   378   973 D AudioFlinger: AudioFlinger::setRecordSilenced(uid:10126, silenced:1)
01-27 17:46:19.879   341   578 D AudioALSAStreamIn: standby(), keep the mStandbyFrameCount = 0, ret = 0
01-27 17:46:19.879   341   578 I AudioALSAStreamIn: close(0xad57f200), mStandby 0, device 0x80002000
01-27 17:46:19.879   341   578 D AudioALSACaptureHandlerFMRadio: +close()
01-27 17:46:19.879   341   578 D AudioALSACaptureDataClient: ~AudioALSACaptureDataClient()
01-27 17:46:19.880   341   578 D AudioALSACaptureDataProviderBase: detach(), 0xac124500, mCaptureDataClientVector.size()=1, Identity=0xad556400
01-27 17:46:19.880   341   578 D AudioALSACaptureDataProviderFMRadio: close()
01-27 17:46:19.890   383  1137 D BufferQueueProducer: [StatusBar#0](this:0xa7e43000,id:5,api:1,p:803,c:383) queueBuffer: fps=0.70 dur=2842.27 max=2824.31 min=17.96
01-27 17:46:19.904   614   649 W libprocessgroup: kill(-17725, 9) failed: No such process
01-27 17:46:19.920   341 17902 D AudioALSACaptureDataProviderFMRadio: -readThread(), pid: 341, tid: 17902
01-27 17:46:19.920   341   578 I AudioALSACaptureDataProviderFMRadio: AudioALSACaptureDataProviderFMRadio pcm_close device.
01-27 17:46:19.921   341   578 D AudioALSACaptureDataClient: +StopBesRecord()
01-27 17:46:19.921   341   578 D AudioSPELayer: Stop
01-27 17:46:19.921   341   578 D AudioSPELayer: not start before
01-27 17:46:19.921   341   578 D AudioALSACaptureDataClient: -StopBesRecord()
01-27 17:46:19.921   341   578 D AudioSPELayer: ~SPELayer+
01-27 17:46:19.921   341   578 D AudioSPELayer: Clear
01-27 17:46:19.921   341   578 D AudioSPELayer: ~Clear
01-27 17:46:19.921   341   578 D AudioSPELayer: FlushBufferQ+
01-27 17:46:19.921   341   578 D AudioSPELayer: FlushBufferQ mULOutBufferQ size=0,mULInBufferQ.size=0,mDLOutBufferQ.size()=0,mDLInBufferQ.size()=0,mDLDelayBufferQ.size()=0
01-27 17:46:19.921   341   578 D AudioSPELayer: FlushBufferQ-
01-27 17:46:19.921   341   578 D AudioSPELayer: ~SPELayer-
01-27 17:46:19.921   341   578 D AudioALSACaptureDataClient: -~AudioALSACaptureDataClient()
01-27 17:46:19.921   341   578 D AudioALSACaptureHandlerFMRadio: -close()
01-27 17:46:19.921   341   578 D AudioALSACaptureHandlerFMRadio: ~AudioALSACaptureHandlerFMRadio()
01-27 17:46:19.924   378  8565 D APM_AudioPolicyManager: stopInput() input 102
01-27 17:46:19.925   341   578 D AudioALSAHardware: +routing releaseAudioPatch 80002000->Mixer
01-27 17:46:19.925   341   578 I AudioALSAFMController: +setFmEnable(), mFmEnable = 1 => enable = 0, output_device = 0x8, bForceControl = 0,  bForce2DirectConn = 0
01-27 17:46:19.925   341   578 D AudioALSAFMController: +setFmDirectConnection_l(), enable = 0, bforce = 1, output_device = 8
01-27 17:46:19.925   341   578 W AudioALSASampleRateController: resetScenarioStatus unexpected operation for scenario 1
01-27 17:46:19.925   341   578 D AudioALSAStreamManager: Send to mStreamInVector [0]
01-27 17:46:19.925   341   578 D AudioALSAStreamManager: +routingInputDevice(), input_device: 0x80002000 => 0x0
01-27 17:46:19.925   341   578 W AudioALSAStreamManager: -routingInputDevice(), input_device == AUDIO_DEVICE_NONE(0x0), return
01-27 17:46:19.925   341   578 D AudioALSAStreamManager: -setParameters()
01-27 17:46:19.925   341   578 D AudioALSAHardware: handlecheck releaseAudioPatch remove handle [c] OK
01-27 17:46:19.926 17838 17838 D AudioRecord: stop done
01-27 17:46:19.926 17838 17865 I RadioAudioManager: RenderThread: waiting for mRenderLock
01-27 17:46:19.926 17838 17838 D AudioRecord: stop: 0xa08ad000
01-27 17:46:19.926 17838 17838 I chatty  : uid=10009(com.hcn.autoradio) identical 1 line
01-27 17:46:19.926 17838 17838 D AudioRecord: stop: 0xa08ad000
01-27 17:46:19.929 17838 17838 W MediaAnalyticsItem: Unable to record: [1:audiorecord:0:-1::0:-1:1:0:8:android.media.audiorecord.latency=60:android.media.audiorecord.samplerate=44100:android.media.audiorecord.channels=2:android.media.audiorecord.encoding=AUDIO_FORMAT_PCM_16_BIT:android.media.audiorecord.source=AUDIO_SOURCE_FM_TUNER:android.media.audiorecord.durationMs=9998:android.media.audiorecord.n=1:android.media.audiorecord.createdMs=1769532369872:] [forcenew=0]
01-27 17:46:19.930 17838 17838 I RadioAudioManager: mAudioRecord = null when stopRender
01-27 17:46:19.930 17838 17838 D RadioAudioManager: stopAudioTrack, mAudioTrack = android.media.AudioTrack@eb194f4
01-27 17:46:19.930 17838 17838 D RadioAudioManager: exitRenderThread
01-27 17:46:19.930   341   578 D AudioALSAStreamManager: -closeInputStream(), mStreamInVector.size() = 0
01-27 17:46:19.930 17838 17865 D RadioAudioManager: RenderThread.run, thread is interrupted, need exit thread
01-27 17:46:19.931   614   721 W InputDispatcher: channel '9196fc5 Toast (server)' ~ Consumer closed input channel or an error occurred.  events=0x9
01-27 17:46:19.931   614   721 E InputDispatcher: channel '9196fc5 Toast (server)' ~ Channel is unrecoverably broken and will be disposed!
01-27 17:46:19.936   614  2077 D MediaSessionService: Media button session is changed to null
01-27 17:46:19.938  1139  1139 W NewAvrcpMediaPlayerWrapper: The session was destroyed com.hcn.autoradio
01-27 17:46:19.939  1275  1275 D BluetoothMusicService:  onActiveSessionsChanged : 0
01-27 17:46:19.940  1139  1139 V NewAvrcpMediaPlayerList: onActiveSessionsChanged: number of controllers: 0
01-27 17:46:19.946   614  2076 D DisplayManagerService: Display listener for pid 17725 died.
01-27 17:46:19.946   383  1137 D BufferQueueProducer: [com.example.openradiofm/com.example.openradiofm.ui.main.MainActivity#0](this:0xa7eec000,id:137,api:1,p:17725,c:-1) disconnect(P): api 1
01-27 17:46:19.946   383  1137 D BufferQueueProducer: [Toast#1](this:0xa8014000,id:139,api:1,p:17725,c:383) disconnect(P): api 1
01-27 17:46:19.946  4374  4374 I ADB_SERVICES: for fd 30, revents = 2011
01-27 17:46:19.946  4374  4374 I ADB_SERVICES: for fd 30, revents = 2011
01-27 17:46:19.946  4374  4374 I ADB_SERVICES: for fd 23, revents = 2011
01-27 17:46:19.946  4374  4374 I ADB_SERVICES: for fd 23, revents = 2011
01-27 17:46:19.946   383  1137 D BufferQueueConsumer: [Toast#1](this:0xa8014000,id:139,api:1,p:-1,c:383) getReleasedBuffers: returning mask 0xffffffffffffffff
01-27 17:46:19.948   614  1364 I WindowManager: WIN DEATH: Window{9196fc5 u0 Toast}
01-27 17:46:19.948   614  1364 W InputDispatcher: Attempted to unregister already unregistered input channel '9196fc5 Toast (server)'
01-27 17:46:19.953   383   383 I BufferQueueConsumer: [Toast#1](this:0xa8014000,id:139,api:1,p:-1,c:-1) disconnect(C)
01-27 17:46:19.953   383   383 I BufferQueue: [Toast#1](this:0xa8014000,id:139,api:1,p:-1,c:-1) ~BufferQueueCore
01-27 17:46:19.953   477  7159 D NuPlayerDriver: stop(0xb1a2e8c0)
01-27 17:46:19.954   477  7159 D NuPlayerDriver: notifyListener_l(0xb1a2e8c0), (8, 0, 0, -1), loop setting(0, 0)
01-27 17:46:19.954   477 17879 D AudioTrack: pause(): 0xaf332000, mState = 0
01-27 17:46:19.954   477 17872 D NuPlayerDriver: notifyListener_l(0xb1a2e8c0), (211, 0, 0, 20), loop setting(0, 0)
01-27 17:46:19.956   614   649 W libprocessgroup: kill(-17725, 9) failed: No such process
01-27 17:46:19.957   477  7159 D NuPlayerDriver: reset(0xb1a2e8c0) at state 8
01-27 17:46:19.958   383  1137 I BufferQueue: [com.example.openradiofm/com.example.openradiofm.ui.main.MainActivity#0](this:0xa7eec000,id:137,api:1,p:-1,c:-1) ~BufferQueueCore
01-27 17:46:19.960   614   655 W ActivityManager: setHasOverlayUi called on unknown pid: 17725
01-27 17:46:19.960   383  1137 I SurfaceFlinger: [SF client] Remove(0xa7eef770) for (614:system_server)
01-27 17:46:19.961   483 17883 D MtkOmxAudioDecBase: # Got general command (OMX_CommandFlush)
01-27 17:46:19.962   477 17872 D NuPlayerDriver: notifyListener_l(0xb1a2e8c0), (211, 0, 0, 20), loop setting(0, 0)
01-27 17:46:19.985   378   576 D AudioFlinger: track(0xadac6600) pause signal - released
01-27 17:46:19.986   477 17879 D AudioTrack: pause(): 0xaf332000, mState = 2
01-27 17:46:19.987   477 17879 D AudioTrack: stop(): 0xaf332000, mState = 4
01-27 17:46:19.988   483 17883 D MtkOmxAudioDecBase: # Got general command (OMX_CommandStateSet)
01-27 17:46:19.990   483 10930 D MtkOmxMp3Dec: JB ~MtkOmxMp3Dec this= 0xb07c3a00
01-27 17:46:19.990   483 10930 D MtkOmxMp3Dec: component has been DeInit before,return.
01-27 17:46:19.988   483 17883 D MtkOmxAudioDecBase: # Got general command (OMX_CommandStateSet)
01-27 17:46:19.990   477 17880 W MediaAnalyticsItem: Unable to record: [1:codec:0:-1::0:-1:1:0:10:android.media.mediacodec.codec=OMX.MTK.AUDIO.DECODER.MP3:android.media.mediacodec.mode=audio:android.media.mediacodec.secure=0:android.media.mediacodec.encoder=0:android.media.mediacodec.mime=audio/mpeg:android.media.mediacodec.latency.max=267258:android.media.mediacodec.latency.min=979:android.media.mediacodec.latency.avg=97905:android.media.mediacodec.latency.n=398:android.media.mediacodec.latency.unknown=1:] [forcenew=0]
01-27 17:46:19.991   477 17872 D NuPlayer: audio shutdown completed
01-27 17:46:19.991   477 17872 I GenericSource: GenericSource stop mp3 TOC!
01-27 17:46:19.992   477 17872 E GenericSource: stop TOC fail,maybe TOC not Enabled or other reason.
01-27 17:46:19.993   477 17872 D NuPlayerDriver: notifyResetComplete(0xb1a2e8c0)
01-27 17:46:19.993   477  7159 D NuPlayerDriver: reset(0xb1a2e8c0) at state 0
01-27 17:46:19.993   470  1082 D TableOfContentThread: ~TableOfContentThread 0xa7e762c8!
01-27 17:46:19.993   470  1082 D TableOfContentThread: stopTOCThread 0xa7e762c8
01-27 17:46:19.993   470  1082 W MediaAnalyticsItem: Unable to record: [1:extractor:0:-1::0:-1:1:0:3:android.media.mediaextractor.fmt=MP3Extractor:android.media.mediaextractor.ntrk=1:android.media.mediaextractor.mime=audio/mpeg:] [forcenew=0]
01-27 17:46:19.994   477  7159 W AMessage: failed to post message as target looper for handler 0 is gone.
01-27 17:46:19.994 17838 17838 V MediaPlayer: resetDrmState:  mDrmInfo=null mDrmProvisioningThread=null mPrepareDrmInProgress=false mActiveDrmScheme=false
01-27 17:46:19.994 17838 17838 V MediaPlayer: cleanDrmObj: mDrmObj=null mDrmSessionId=null
01-27 17:46:19.996   477  7159 D AudioTrack: ~AudioTrack(): 0xaf332000
01-27 17:46:19.996   477  7159 D AudioTrack: stop(): 0xaf332000, mState = 4
01-27 17:46:19.996 17838 17838 V MediaPlayer: resetDrmState:  mDrmInfo=null mDrmProvisioningThread=null mPrepareDrmInProgress=false mActiveDrmScheme=false
01-27 17:46:19.997 17838 17838 V MediaPlayer: cleanDrmObj: mDrmObj=null mDrmSessionId=null
01-27 17:46:19.997   477  7159 W MediaAnalyticsItem: Unable to record: [1:audiotrack:0:-1::0:-1:1:0:6:android.media.audiotrack.underrunframes=1885:android.media.audiotrack.streamtype=3:android.media.audiotrack.type=AUDIO_CONTENT_TYPE_UNKNOWN:android.media.audiotrack.usage=AUDIO_USAGE_UNKNOWN:android.media.audiotrack.samplerate=44100:android.media.audiotrack.channelmask=3:] [forcenew=0]
01-27 17:46:19.998   614  2076 I MediaFocusControl: abandonAudioFocus() from uid/pid 10009/17838 clientId=android.media.AudioManager@dad46ebcom.hcn.autoradio.audio.RadioAudioManager$1@324fc48
01-27 17:46:19.999   614   649 W libprocessgroup: kill(-17725, 9) failed: No such process
01-27 17:46:19.999   614  2076 I SourceService: onFocusStateChange [com.hcn.autoradio] requestResult 1, contentType:2,gainRequest:1, gain:0
01-27 17:46:19.999   614   649 I libprocessgroup: Successfully killed process cgroup uid 10126 pid 17725 in 168ms
01-27 17:46:19.999   614  2076 I MediaFocusControlExt: notifySourceInfoAudioFocusState  com.hcn.autoradio type = 2 requestResult = 1 GainRequest()1
01-27 17:46:20.000 17838 17838 I m.hcn.autoradi: System.exit called, status: 0
01-27 17:46:20.000 17838 17838 I AndroidRuntime: VM exiting with result code 0, cleanup skipped.
01-27 17:46:20.027   378   576 D AudioFlinger_Threads: enforc flush
01-27 17:46:20.043   614  2077 D DisplayManagerService: Display listener for pid 17838 died.
01-27 17:46:20.043   614  2076 I ActivityManager: Process com.hcn.autoradio (pid 17838) has died: fore SVC 
01-27 17:46:20.044   614   649 W libprocessgroup: kill(-17838, 9) failed: No such process
01-27 17:46:20.044   614   649 I libprocessgroup: Successfully killed process cgroup uid 10009 pid 17838 in 0ms
01-27 17:46:20.045   614   614 I SourceService: Activity DIED(), com.hcn.autoradio | com.hcn.autoradio
01-27 17:46:20.045   614   614 I SourceService: onActivityStatus : [MUSIC, BT_CONNTECTED] --> [BT_CONNTECTED], from 
01-27 17:46:20.046   614   614 D ExtAudioMuxer: send cmd [01] : [FFFFFFFF ]
01-27 17:46:20.047   614   614 D SourceService: set Music mix volume 100, session 0
01-27 17:46:20.049   449   582 V camerad : Source changing to 
01-27 17:46:20.049   378   407 D APM_AudioPolicyManager: stopOutput() output 13, stream 3, session 289
01-27 17:46:20.049   378   407 V APM::AudioOutputDescriptor: changeRefCount() stream 3, count 1
01-27 17:46:20.053   378   973 D APM_AudioPolicyManager: AudioPolicyManager:setRecordSilenced(uid:10009, silenced:1)
01-27 17:46:20.053   378   973 D AudioFlinger: AudioFlinger::setRecordSilenced(uid:10009, silenced:1)
01-27 17:46:20.069   378   576 D AudioFlinger_Threads: WavePower index 0 [0, 0], [0, 0], diff [0, 0]
01-27 17:46:20.070   378   576 I AudioFlinger_Threads: setAudioOutputMute Mute:1, carstatus fd 13, audiomux fd 13
01-27 17:46:20.132   383  1137 D BufferQueueProducer: [altergames.carlauncher/altergames.carlauncher.MainActivity#0](this:0xa8010000,id:140,api:1,p:1327,c:383) queueBuffer: fps=1.02 dur=1962.88 max=1000.87 min=962.02
01-27 17:46:20.135   378   407 D APM_AudioPolicyManager: stopOutput() output 13, stream 3, session 273
01-27 17:46:20.135   378   407 V APM::AudioOutputDescriptor: changeRefCount() stream 3, count 0
01-27 17:46:20.146   383   383 D SurfaceFlinger: [Built-in Screen (type:0)] fps:8.908797,dur:1010.24,max:680.46,min:16.19
01-27 17:46:20.356 18143 18143 W ps      : type=1400 audit(0.0:11520): avc: denied { getattr } for path="/dev/console" dev="tmpfs" ino=10322 scontext=u:r:z-link:s0 tcontext=u:object_r:console_device:s0 tclass=chr_file permissive=0
01-27 17:46:20.356 18143 18143 I chatty  : uid=0(root) ps identical 1 line
01-27 17:46:20.356 18143 18143 W ps      : type=1400 audit(0.0:11522): avc: denied { getattr } for path="/dev/console" dev="tmpfs" ino=10322 scontext=u:r:z-link:s0 tcontext=u:object_r:console_device:s0 tclass=chr_file permissive=0
01-27 17:46:20.356 18143 18143 W ps      : type=1400 audit(0.0:11523): avc: denied { read } for name="drivers" dev="proc" ino=4026531853 scontext=u:r:z-link:s0 tcontext=u:object_r:proc_tty_drivers:s0 tclass=file permissive=0
01-27 17:46:20.386 18143 18143 W ps      : type=1400 audit(0.0:11524): avc: denied { getattr } for path="/dev/pts/1" dev="devpts" ino=4 scontext=u:r:z-link:s0 tcontext=u:object_r:devpts:s0 tclass=chr_file permissive=0
01-27 17:46:20.419   776   784 D btopt   : zlink wake_up_apk_server: cmd = 'export PATH=$PATH:/system/bin/;am start-service -a "zjinnova.android.intent.action.ZLINK_SERVICE" &'
01-27 17:46:20.497   614   648 I ActivityManager: Start proc 18153:com.zjinnova.zlink/u0a115 for service com.zjinnova.zlink/com.zjinnova.android.zlink.features.service.DaemonService
01-27 17:46:20.511 18153 18153 E .zjinnova.zlin: Not starting debugger since process cannot load the jdwp agent.
01-27 17:46:20.548 18153 18153 I .zjinnova.zlin: The ClassLoaderContext is a special shared library.
01-27 17:46:20.555 18153 18153 W .zjinnova.zlin: JIT profile information will not be recorded: profile file does not exits.
01-27 17:46:20.570 18153 18153 W System.err: java.io.FileNotFoundException: /data/user/0/com.zjinnova.zlink/files/prodexdir/tosversion: open failed: EACCES (Permission denied)
01-27 17:46:20.570 18153 18153 W System.err: 	at libcore.io.IoBridge.open(IoBridge.java:485)
01-27 17:46:20.570 18153 18153 W System.err: 	at java.io.RandomAccessFile.<init>(RandomAccessFile.java:288)
01-27 17:46:20.570 18153 18153 W System.err: 	at java.io.RandomAccessFile.<init>(RandomAccessFile.java:151)
01-27 17:46:20.570 18153 18153 W System.err: 	at com.wrapper.proxyapplication.Util.PrepareSecurefiles(Util.java:362)
01-27 17:46:20.570 18153 18153 W System.err: 	at com.zjinnova.zlink.MyWrapperProxyApplication.initProxyApplication(MyWrapperProxyApplication.java:33)
01-27 17:46:20.570 18153 18153 W System.err: 	at com.wrapper.proxyapplication.WrapperProxyApplication.attachBaseContext(WrapperProxyApplication.java:459)
01-27 17:46:20.570 18153 18153 W System.err: 	at android.app.Application.attach(Application.java:212)
01-27 17:46:20.570 18153 18153 W System.err: 	at android.app.Instrumentation.newApplication(Instrumentation.java:1121)
01-27 17:46:20.570 18153 18153 W System.err: 	at android.app.LoadedApk.makeApplication(LoadedApk.java:1064)
01-27 17:46:20.570 18153 18153 W System.err: 	at android.app.ActivityThread.handleBindApplication(ActivityThread.java:5873)
01-27 17:46:20.570 18153 18153 W System.err: 	at android.app.ActivityThread.access$1200(ActivityThread.java:206)
01-27 17:46:20.570 18153 18153 W System.err: 	at android.app.ActivityThread$H.handleMessage(ActivityThread.java:1678)
01-27 17:46:20.570 18153 18153 W System.err: 	at android.os.Handler.dispatchMessage(Handler.java:106)
01-27 17:46:20.570 18153 18153 W System.err: 	at android.os.Looper.loop(Looper.java:193)
01-27 17:46:20.570 18153 18153 W System.err: 	at android.app.ActivityThread.main(ActivityThread.java:6702)
01-27 17:46:20.570 18153 18153 W System.err: 	at java.lang.reflect.Method.invoke(Native Method)
01-27 17:46:20.570 18153 18153 W System.err: 	at com.android.internal.os.RuntimeInit$MethodAndArgsCaller.run(RuntimeInit.java:493)
01-27 17:46:20.570 18153 18153 W System.err: 	at com.android.internal.os.ZygoteInit.main(ZygoteInit.java:911)
01-27 17:46:20.571 18153 18153 W System.err: Caused by: android.system.ErrnoException: open failed: EACCES (Permission denied)
01-27 17:46:20.571 18153 18153 W System.err: 	at libcore.io.Linux.open(Native Method)
01-27 17:46:20.571 18153 18153 W System.err: 	at libcore.io.BlockGuardOs.open(BlockGuardOs.java:210)
01-27 17:46:20.571 18153 18153 W System.err: 	at libcore.io.IoBridge.open(IoBridge.java:471)
01-27 17:46:20.571 18153 18153 W System.err: 	... 17 more
01-27 17:46:20.571 18153 18153 W System.err: java.io.FileNotFoundException: /data/user/0/com.zjinnova.zlink/files/prodexdir/tosversion (Permission denied)
01-27 17:46:20.572 18153 18153 W System.err: 	at java.io.FileOutputStream.open0(Native Method)
01-27 17:46:20.572 18153 18153 W System.err: 	at java.io.FileOutputStream.open(FileOutputStream.java:308)
01-27 17:46:20.572 18153 18153 W System.err: 	at java.io.FileOutputStream.<init>(FileOutputStream.java:238)
01-27 17:46:20.572 18153 18153 W System.err: 	at java.io.FileOutputStream.<init>(FileOutputStream.java:180)
01-27 17:46:20.572 18153 18153 W System.err: 	at com.wrapper.proxyapplication.Util.UnzipFile(Util.java:205)
01-27 17:46:20.572 18153 18153 W System.err: 	at com.wrapper.proxyapplication.Util.PrepareSecurefiles(Util.java:554)
01-27 17:46:20.572 18153 18153 W System.err: 	at com.zjinnova.zlink.MyWrapperProxyApplication.initProxyApplication(MyWrapperProxyApplication.java:33)
01-27 17:46:20.572 18153 18153 W System.err: 	at com.wrapper.proxyapplication.WrapperProxyApplication.attachBaseContext(WrapperProxyApplication.java:459)
01-27 17:46:20.572 18153 18153 W System.err: 	at android.app.Application.attach(Application.java:212)
01-27 17:46:20.572 18153 18153 W System.err: 	at android.app.Instrumentation.newApplication(Instrumentation.java:1121)
01-27 17:46:20.572 18153 18153 W System.err: 	at android.app.LoadedApk.makeApplication(LoadedApk.java:1064)
01-27 17:46:20.572 18153 18153 W System.err: 	at android.app.ActivityThread.handleBindApplication(ActivityThread.java:5873)
01-27 17:46:20.572 18153 18153 W System.err: 	at android.app.ActivityThread.access$1200(ActivityThread.java:206)
01-27 17:46:20.572 18153 18153 W System.err: 	at android.app.ActivityThread$H.handleMessage(ActivityThread.java:1678)
01-27 17:46:20.572 18153 18153 W System.err: 	at android.os.Handler.dispatchMessage(Handler.java:106)
01-27 17:46:20.572 18153 18153 W System.err: 	at android.os.Looper.loop(Looper.java:193)
01-27 17:46:20.572 18153 18153 W System.err: 	at android.app.ActivityThread.main(ActivityThread.java:6702)
01-27 17:46:20.572 18153 18153 W System.err: 	at java.lang.reflect.Method.invoke(Native Method)
01-27 17:46:20.572 18153 18153 W System.err: 	at com.android.internal.os.RuntimeInit$MethodAndArgsCaller.run(RuntimeInit.java:493)
01-27 17:46:20.572 18153 18153 W System.err: 	at com.android.internal.os.ZygoteInit.main(ZygoteInit.java:911)
01-27 17:46:20.580   454  1178 D pseudo  : mtk_gps_sys_nmea_output_to_mnld: received 467 bytes:
01-27 17:46:20.581   454  1178 D pseudo  : mtk_gps_sys_nmea_output_to_app: len:467, [NMEA]$GPGGA,164621.08...
01-27 17:46:20.581   454  1178 D         : mtk_gps_sys_gps_mnl_callback: msg:0
01-27 17:46:20.581   454  1178 D         : send_active_notify: send clean nmea timer cmd!
01-27 17:46:20.581   454  1178 D         : mtk_gps_sys_gps_mnl_callback: MTK_GPS_MSG_FIX_READY,GET_RTC_FAIL
01-27 17:46:20.581   454  1178 D pseudo  : mtk_gps_sys_nmea_output_to_app: len:46, [vAGPS_Auto_Req]:g_FirstDbtt:0,u2BitMap:0x12f
01-27 17:46:20.581   454   543 D         : gps_control_thread: gps_control_thread wait
01-27 17:46:20.586   614   643 I GnssLocationProvider: WakeLock acquired by sendMessage(REPORT_SV_STATUS, 0, com.android.server.location.GnssLocationProvider$SvStatusInfo@61075fd)
01-27 17:46:20.587   614   880 I GnssLocationProvider: WakeLock released by handleMessage(REPORT_SV_STATUS, 0, com.android.server.location.GnssLocationProvider$SvStatusInfo@61075fd)
01-27 17:46:20.639   614   700 D DisplayManagerService: Display listener for pid 18153 died.
01-27 17:46:20.640   614  2076 I ActivityManager: Process com.zjinnova.zlink (pid 18153) has died: fore SVC 
01-27 17:46:20.640   614  2076 W ActivityManager: Canceling start item Intent { act=zjinnova.android.intent.action.ZLINK_SERVICE } in service ComponentInfo{com.zjinnova.zlink/com.zjinnova.android.zlink.features.service.DaemonService}
01-27 17:46:20.640   614  2076 W ActivityManager: Scheduling restart of crashed service com.zjinnova.zlink/com.zjinnova.android.zlink.features.service.DaemonService in 1000ms
01-27 17:46:20.640   614   649 W libprocessgroup: kill(-18153, 9) failed: No such process
01-27 17:46:20.640   614   649 I libprocessgroup: Successfully killed process cgroup uid 10115 pid 18153 in 0ms
01-27 17:46:20.642   614   614 I SourceService: Activity DIED(), com.zjinnova.zlink | com.zjinnova.zlink
01-27 17:46:21.136   383  1137 D BufferQueueProducer: [altergames.carlauncher/altergames.carlauncher.MainActivity#0](this:0xa8010000,id:140,api:1,p:1327,c:383) queueBuffer: fps=1.00 dur=1003.65 max=1003.65 min=1003.65
01-27 17:46:21.157   383   383 D SurfaceFlinger: [Built-in Screen (type:0)] fps:0.988997,dur:1011.13,max:1011.13,min:1011.13
01-27 17:46:21.339  6483  6483 D BoundBrokerSvc: onUnbind: Intent { act=com.google.android.gms.measurement.START pkg=com.google.android.gms }
01-27 17:46:21.579   454  1178 D pseudo  : mtk_gps_sys_nmea_output_to_mnld: received 467 bytes:
01-27 17:46:21.580   454  1178 D pseudo  : mtk_gps_sys_nmea_output_to_app: len:467, [NMEA]$GPGGA,164622.08...
01-27 17:46:21.587   614   643 I GnssLocationProvider: WakeLock acquired by sendMessage(REPORT_SV_STATUS, 0, com.android.server.location.GnssLocationProvider$SvStatusInfo@7a382f2)
01-27 17:46:21.588   614   880 I GnssLocationProvider: WakeLock released by handleMessage(REPORT_SV_STATUS, 0, com.android.server.location.GnssLocationProvider$SvStatusInfo@7a382f2)
01-27 17:46:21.590   454  1178 D         : mtk_gps_sys_gps_mnl_callback: msg:0
01-27 17:46:21.590   454  1178 D         : send_active_notify: send clean nmea timer cmd!
01-27 17:46:21.590   454  1178 D         : mtk_gps_sys_gps_mnl_callback: MTK_GPS_MSG_FIX_READY,GET_RTC_FAIL
01-27 17:46:21.590   454   543 D         : gps_control_thread: gps_control_thread wait
01-27 17:46:21.590   454  1178 D pseudo  : mtk_gps_sys_nmea_output_to_app: len:46, [vAGPS_Auto_Req]:g_FirstDbtt:0,u2BitMap:0x12f
01-27 17:46:21.655   614   648 I ActivityManager: Start proc 18173:com.zjinnova.zlink/u0a115 for service com.zjinnova.zlink/com.zjinnova.android.zlink.features.service.DaemonService
01-27 17:46:21.673 18173 18173 E .zjinnova.zlin: Not starting debugger since process cannot load the jdwp agent.
01-27 17:46:21.726 18173 18173 I .zjinnova.zlin: The ClassLoaderContext is a special shared library.
01-27 17:46:21.733 18173 18173 W .zjinnova.zlin: JIT profile information will not be recorded: profile file does not exits.
01-27 17:46:21.750 18173 18173 W System.err: java.io.FileNotFoundException: /data/user/0/com.zjinnova.zlink/files/prodexdir/tosversion: open failed: EACCES (Permission denied)
01-27 17:46:21.751 18173 18173 W System.err: 	at libcore.io.IoBridge.open(IoBridge.java:485)
01-27 17:46:21.751 18173 18173 W System.err: 	at java.io.RandomAccessFile.<init>(RandomAccessFile.java:288)
01-27 17:46:21.752 18173 18173 W System.err: 	at java.io.RandomAccessFile.<init>(RandomAccessFile.java:151)
01-27 17:46:21.752 18173 18173 W System.err: 	at com.wrapper.proxyapplication.Util.PrepareSecurefiles(Util.java:362)
01-27 17:46:21.752 18173 18173 W System.err: 	at com.zjinnova.zlink.MyWrapperProxyApplication.initProxyApplication(MyWrapperProxyApplication.java:33)
01-27 17:46:21.752 18173 18173 W System.err: 	at com.wrapper.proxyapplication.WrapperProxyApplication.attachBaseContext(WrapperProxyApplication.java:459)
01-27 17:46:21.753 18173 18173 W System.err: 	at android.app.Application.attach(Application.java:212)
01-27 17:46:21.753 18173 18173 W System.err: 	at android.app.Instrumentation.newApplication(Instrumentation.java:1121)
01-27 17:46:21.753 18173 18173 W System.err: 	at android.app.LoadedApk.makeApplication(LoadedApk.java:1064)
01-27 17:46:21.753 18173 18173 W System.err: 	at android.app.ActivityThread.handleBindApplication(ActivityThread.java:5873)
01-27 17:46:21.753 18173 18173 W System.err: 	at android.app.ActivityThread.access$1200(ActivityThread.java:206)
01-27 17:46:21.753 18173 18173 W System.err: 	at android.app.ActivityThread$H.handleMessage(ActivityThread.java:1678)
01-27 17:46:21.754 18173 18173 W System.err: 	at android.os.Handler.dispatchMessage(Handler.java:106)
01-27 17:46:21.754 18173 18173 W System.err: 	at android.os.Looper.loop(Looper.java:193)
01-27 17:46:21.754 18173 18173 W System.err: 	at android.app.ActivityThread.main(ActivityThread.java:6702)
01-27 17:46:21.754 18173 18173 W System.err: 	at java.lang.reflect.Method.invoke(Native Method)
01-27 17:46:21.754 18173 18173 W System.err: 	at com.android.internal.os.RuntimeInit$MethodAndArgsCaller.run(RuntimeInit.java:493)
01-27 17:46:21.754 18173 18173 W System.err: 	at com.android.internal.os.ZygoteInit.main(ZygoteInit.java:911)
01-27 17:46:21.757 18173 18173 W System.err: Caused by: android.system.ErrnoException: open failed: EACCES (Permission denied)
01-27 17:46:21.758 18173 18173 W System.err: 	at libcore.io.Linux.open(Native Method)
01-27 17:46:21.758 18173 18173 W System.err: 	at libcore.io.BlockGuardOs.open(BlockGuardOs.java:210)
01-27 17:46:21.758 18173 18173 W System.err: 	at libcore.io.IoBridge.open(IoBridge.java:471)
01-27 17:46:21.758 18173 18173 W System.err: 	... 17 more
01-27 17:46:21.759 18173 18173 W System.err: java.io.FileNotFoundException: /data/user/0/com.zjinnova.zlink/files/prodexdir/tosversion (Permission denied)
01-27 17:46:21.760 18173 18173 W System.err: 	at java.io.FileOutputStream.open0(Native Method)
01-27 17:46:21.760 18173 18173 W System.err: 	at java.io.FileOutputStream.open(FileOutputStream.java:308)
01-27 17:46:21.760 18173 18173 W System.err: 	at java.io.FileOutputStream.<init>(FileOutputStream.java:238)
01-27 17:46:21.760 18173 18173 W System.err: 	at java.io.FileOutputStream.<init>(FileOutputStream.java:180)
01-27 17:46:21.760 18173 18173 W System.err: 	at com.wrapper.proxyapplication.Util.UnzipFile(Util.java:205)
01-27 17:46:21.760 18173 18173 W System.err: 	at com.wrapper.proxyapplication.Util.PrepareSecurefiles(Util.java:554)
01-27 17:46:21.761 18173 18173 W System.err: 	at com.zjinnova.zlink.MyWrapperProxyApplication.initProxyApplication(MyWrapperProxyApplication.java:33)
01-27 17:46:21.761 18173 18173 W System.err: 	at com.wrapper.proxyapplication.WrapperProxyApplication.attachBaseContext(WrapperProxyApplication.java:459)
01-27 17:46:21.761 18173 18173 W System.err: 	at android.app.Application.attach(Application.java:212)
01-27 17:46:21.761 18173 18173 W System.err: 	at android.app.Instrumentation.newApplication(Instrumentation.java:1121)
01-27 17:46:21.761 18173 18173 W System.err: 	at android.app.LoadedApk.makeApplication(LoadedApk.java:1064)
01-27 17:46:21.761 18173 18173 W System.err: 	at android.app.ActivityThread.handleBindApplication(ActivityThread.java:5873)
01-27 17:46:21.761 18173 18173 W System.err: 	at android.app.ActivityThread.access$1200(ActivityThread.java:206)
01-27 17:46:21.761 18173 18173 W System.err: 	at android.app.ActivityThread$H.handleMessage(ActivityThread.java:1678)
01-27 17:46:21.762 18173 18173 W System.err: 	at android.os.Handler.dispatchMessage(Handler.java:106)
01-27 17:46:21.762 18173 18173 W System.err: 	at android.os.Looper.loop(Looper.java:193)
01-27 17:46:21.762 18173 18173 W System.err: 	at android.app.ActivityThread.main(ActivityThread.java:6702)
01-27 17:46:21.762 18173 18173 W System.err: 	at java.lang.reflect.Method.invoke(Native Method)
01-27 17:46:21.762 18173 18173 W System.err: 	at com.android.internal.os.RuntimeInit$MethodAndArgsCaller.run(RuntimeInit.java:493)
01-27 17:46:21.762 18173 18173 W System.err: 	at com.android.internal.os.ZygoteInit.main(ZygoteInit.java:911)
01-27 17:46:21.839   614  1455 D DisplayManagerService: Display listener for pid 18173 died.
01-27 17:46:21.840   614  2076 I ActivityManager: Process com.zjinnova.zlink (pid 18173) has died: fore SVC 
01-27 17:46:21.840   614  2076 W ActivityManager: Scheduling restart of crashed service com.zjinnova.zlink/com.zjinnova.android.zlink.features.service.DaemonService in 4000ms
01-27 17:46:21.843   614   614 I SourceService: Activity DIED(), com.zjinnova.zlink | com.zjinnova.zlink
01-27 17:46:21.843   614   649 W libprocessgroup: kill(-18173, 9) failed: No such process
01-27 17:46:21.895   614   649 W libprocessgroup: kill(-18173, 9) failed: No such process
01-27 17:46:21.896   614   649 I libprocessgroup: Successfully killed process cgroup uid 10115 pid 18173 in 55ms
01-27 17:46:22.226   614   645 W android.os.Debug: Unable to open /sys/kernel/debug/shrinker: No such file or directory
01-27 17:46:22.226   614   645 I android.os.Debug: android_os_Debug_getIONDISP match 4:      ion_mm_heap   1  1843200   1 edd23bc0 edd25180.
01-27 17:46:22.226   614   645 I android.os.Debug:  : 1 1843200 1 1843200
01-27 17:46:22.226   614   645 I android.os.Debug: android_os_Debug_getIONDISP match 4:      ion_mm_heap   1  1843200   1 edd23980 edc9ef00.
01-27 17:46:22.226   614   645 I android.os.Debug:  : 1 1843200 1 3686400
01-27 17:46:22.226   614   645 I android.os.Debug: android_os_Debug_getIONDISP match 4:      ion_mm_heap   1  1843200   1 edd23500 edc9ecc0.
01-27 17:46:22.226   614   645 I android.os.Debug:  : 1 1843200 1 5529600
01-27 17:46:22.226   614   645 I android.os.Debug: android_os_Debug_getIONDISP match 4:      ion_mm_heap   1  2457600   4 c3723980 e9ba3b40.
01-27 17:46:22.226   614   645 I android.os.Debug:  : 1 2457600 4 7987200
01-27 17:46:22.289   614   732 E WifiVendorHal: getWifiLinkLayerStats(l.937) failed {.code = ERROR_NOT_SUPPORTED, .description = }
01-27 17:46:22.526 18191 18191 W ps      : type=1400 audit(0.0:11530): avc: denied { getattr } for path="/dev/console" dev="tmpfs" ino=10322 scontext=u:r:z-link:s0 tcontext=u:object_r:console_device:s0 tclass=chr_file permissive=0
01-27 17:46:22.526 18191 18191 I chatty  : uid=0(root) ps identical 1 line
01-27 17:46:22.526 18191 18191 W ps      : type=1400 audit(0.0:11532): avc: denied { getattr } for path="/dev/console" dev="tmpfs" ino=10322 scontext=u:r:z-link:s0 tcontext=u:object_r:console_device:s0 tclass=chr_file permissive=0
01-27 17:46:22.526 18191 18191 W ps      : type=1400 audit(0.0:11533): avc: denied { read } for name="drivers" dev="proc" ino=4026531853 scontext=u:r:z-link:s0 tcontext=u:object_r:proc_tty_drivers:s0 tclass=file permissive=0
01-27 17:46:22.556 18191 18191 W ps      : type=1400 audit(0.0:11534): avc: denied { getattr } for path="/dev/pts/1" dev="devpts" ino=4 scontext=u:r:z-link:s0 tcontext=u:object_r:devpts:s0 tclass=chr_file permissive=0
01-27 17:46:22.579   454  1178 D pseudo  : mtk_gps_sys_nmea_output_to_mnld: received 467 bytes:
01-27 17:46:22.580   454  1178 D pseudo  : mtk_gps_sys_nmea_output_to_app: len:467, [NMEA]$GPGGA,164623.08...
01-27 17:46:22.586   454  1178 D         : mtk_gps_sys_gps_mnl_callback: msg:0
01-27 17:46:22.586   454  1178 D         : send_active_notify: send clean nmea timer cmd!
01-27 17:46:22.586   454  1178 D         : mtk_gps_sys_gps_mnl_callback: MTK_GPS_MSG_FIX_READY,GET_RTC_FAIL
01-27 17:46:22.586   454  1178 D pseudo  : mtk_gps_sys_nmea_output_to_app: len:46, [vAGPS_Auto_Req]:g_FirstDbtt:0,u2BitMap:0x12f
01-27 17:46:22.586   454   543 D         : gps_control_thread: gps_control_thread wait
01-27 17:46:22.586   614   643 I GnssLocationProvider: WakeLock acquired by sendMessage(REPORT_SV_STATUS, 0, com.android.server.location.GnssLocationProvider$SvStatusInfo@bb0ad43)
01-27 17:46:22.588   614   880 I GnssLocationProvider: WakeLock released by handleMessage(REPORT_SV_STATUS, 0, com.android.server.location.GnssLocationProvider$SvStatusInfo@bb0ad43)
01-27 17:46:22.593   776   784 D btopt   : zlink wake_up_apk_server: cmd = 'export PATH=$PATH:/system/bin/;am start-service -a "zjinnova.android.intent.action.ZLINK_SERVICE" &'
01-27 17:46:22.674   614   648 I ActivityManager: Start proc 18201:com.zjinnova.zlink/u0a115 for service com.zjinnova.zlink/com.zjinnova.android.zlink.features.service.DaemonService
01-27 17:46:22.689 18201 18201 E .zjinnova.zlin: Not starting debugger since process cannot load the jdwp agent.
01-27 17:46:22.727 18201 18201 I .zjinnova.zlin: The ClassLoaderContext is a special shared library.
01-27 17:46:22.733 18201 18201 W .zjinnova.zlin: JIT profile information will not be recorded: profile file does not exits.
01-27 17:46:22.749 18201 18201 W System.err: java.io.FileNotFoundException: /data/user/0/com.zjinnova.zlink/files/prodexdir/tosversion: open failed: EACCES (Permission denied)
01-27 17:46:22.749 18201 18201 W System.err: 	at libcore.io.IoBridge.open(IoBridge.java:485)
01-27 17:46:22.749 18201 18201 W System.err: 	at java.io.RandomAccessFile.<init>(RandomAccessFile.java:288)
01-27 17:46:22.749 18201 18201 W System.err: 	at java.io.RandomAccessFile.<init>(RandomAccessFile.java:151)
01-27 17:46:22.749 18201 18201 W System.err: 	at com.wrapper.proxyapplication.Util.PrepareSecurefiles(Util.java:362)
01-27 17:46:22.749 18201 18201 W System.err: 	at com.zjinnova.zlink.MyWrapperProxyApplication.initProxyApplication(MyWrapperProxyApplication.java:33)
01-27 17:46:22.749 18201 18201 W System.err: 	at com.wrapper.proxyapplication.WrapperProxyApplication.attachBaseContext(WrapperProxyApplication.java:459)
01-27 17:46:22.749 18201 18201 W System.err: 	at android.app.Application.attach(Application.java:212)
01-27 17:46:22.749 18201 18201 W System.err: 	at android.app.Instrumentation.newApplication(Instrumentation.java:1121)
01-27 17:46:22.749 18201 18201 W System.err: 	at android.app.LoadedApk.makeApplication(LoadedApk.java:1064)
01-27 17:46:22.749 18201 18201 W System.err: 	at android.app.ActivityThread.handleBindApplication(ActivityThread.java:5873)
01-27 17:46:22.749 18201 18201 W System.err: 	at android.app.ActivityThread.access$1200(ActivityThread.java:206)
01-27 17:46:22.749 18201 18201 W System.err: 	at android.app.ActivityThread$H.handleMessage(ActivityThread.java:1678)
01-27 17:46:22.749 18201 18201 W System.err: 	at android.os.Handler.dispatchMessage(Handler.java:106)
01-27 17:46:22.749 18201 18201 W System.err: 	at android.os.Looper.loop(Looper.java:193)
01-27 17:46:22.749 18201 18201 W System.err: 	at android.app.ActivityThread.main(ActivityThread.java:6702)
01-27 17:46:22.749 18201 18201 W System.err: 	at java.lang.reflect.Method.invoke(Native Method)
01-27 17:46:22.749 18201 18201 W System.err: 	at com.android.internal.os.RuntimeInit$MethodAndArgsCaller.run(RuntimeInit.java:493)
01-27 17:46:22.749 18201 18201 W System.err: 	at com.android.internal.os.ZygoteInit.main(ZygoteInit.java:911)
01-27 17:46:22.750 18201 18201 W System.err: Caused by: android.system.ErrnoException: open failed: EACCES (Permission denied)
01-27 17:46:22.750 18201 18201 W System.err: 	at libcore.io.Linux.open(Native Method)
01-27 17:46:22.750 18201 18201 W System.err: 	at libcore.io.BlockGuardOs.open(BlockGuardOs.java:210)
01-27 17:46:22.750 18201 18201 W System.err: 	at libcore.io.IoBridge.open(IoBridge.java:471)
01-27 17:46:22.750 18201 18201 W System.err: 	... 17 more
01-27 17:46:22.751 18201 18201 W System.err: java.io.FileNotFoundException: /data/user/0/com.zjinnova.zlink/files/prodexdir/tosversion (Permission denied)
01-27 17:46:22.751 18201 18201 W System.err: 	at java.io.FileOutputStream.open0(Native Method)
01-27 17:46:22.751 18201 18201 W System.err: 	at java.io.FileOutputStream.open(FileOutputStream.java:308)
01-27 17:46:22.751 18201 18201 W System.err: 	at java.io.FileOutputStream.<init>(FileOutputStream.java:238)
01-27 17:46:22.751 18201 18201 W System.err: 	at java.io.FileOutputStream.<init>(FileOutputStream.java:180)
01-27 17:46:22.751 18201 18201 W System.err: 	at com.wrapper.proxyapplication.Util.UnzipFile(Util.java:205)
01-27 17:46:22.751 18201 18201 W System.err: 	at com.wrapper.proxyapplication.Util.PrepareSecurefiles(Util.java:554)
01-27 17:46:22.751 18201 18201 W System.err: 	at com.zjinnova.zlink.MyWrapperProxyApplication.initProxyApplication(MyWrapperProxyApplication.java:33)
