01-26 11:33:59.062 W/System.err( 9222): 	at libcore.io.BlockGuardOs.open(BlockGuardOs.java:210)
01-26 11:33:59.062 W/System.err( 9222): 	at libcore.io.IoBridge.open(IoBridge.java:471)
01-26 11:33:59.062 W/System.err( 9222): 	... 17 more
01-26 11:33:59.062 W/System.err( 9222): java.io.FileNotFoundException: /data/user/0/com.zjinnova.zlink/files/prodexdir/tosversion (Permission denied)
01-26 11:33:59.063 W/System.err( 9222): 	at java.io.FileOutputStream.open0(Native Method)
01-26 11:33:59.063 W/System.err( 9222): 	at java.io.FileOutputStream.open(FileOutputStream.java:308)
01-26 11:33:59.063 W/System.err( 9222): 	at java.io.FileOutputStream.<init>(FileOutputStream.java:238)
01-26 11:33:59.063 W/System.err( 9222): 	at java.io.FileOutputStream.<init>(FileOutputStream.java:180)
01-26 11:33:59.063 W/System.err( 9222): 	at com.wrapper.proxyapplication.Util.UnzipFile(Util.java:205)
01-26 11:33:59.063 W/System.err( 9222): 	at com.wrapper.proxyapplication.Util.PrepareSecurefiles(Util.java:554)
01-26 11:33:59.063 W/System.err( 9222): 	at com.zjinnova.zlink.MyWrapperProxyApplication.initProxyApplication(MyWrapperProxyApplication.java:33)
01-26 11:33:59.063 W/System.err( 9222): 	at com.wrapper.proxyapplication.WrapperProxyApplication.attachBaseContext(WrapperProxyApplication.java:459)
01-26 11:33:59.063 W/System.err( 9222): 	at android.app.Application.attach(Application.java:212)
01-26 11:33:59.063 W/System.err( 9222): 	at android.app.Instrumentation.newApplication(Instrumentation.java:1121)
01-26 11:33:59.063 W/System.err( 9222): 	at android.app.LoadedApk.makeApplication(LoadedApk.java:1064)
01-26 11:33:59.063 W/System.err( 9222): 	at android.app.ActivityThread.handleBindApplication(ActivityThread.java:5873)
01-26 11:33:59.063 W/System.err( 9222): 	at android.app.ActivityThread.access$1200(ActivityThread.java:206)
01-26 11:33:59.063 W/System.err( 9222): 	at android.app.ActivityThread$H.handleMessage(ActivityThread.java:1678)
01-26 11:33:59.063 W/System.err( 9222): 	at android.os.Handler.dispatchMessage(Handler.java:106)
01-26 11:33:59.063 W/System.err( 9222): 	at android.os.Looper.loop(Looper.java:193)
01-26 11:33:59.063 W/System.err( 9222): 	at android.app.ActivityThread.main(ActivityThread.java:6702)
01-26 11:33:59.063 W/System.err( 9222): 	at java.lang.reflect.Method.invoke(Native Method)
01-26 11:33:59.063 W/System.err( 9222): 	at com.android.internal.os.RuntimeInit$MethodAndArgsCaller.run(RuntimeInit.java:493)
01-26 11:33:59.063 W/System.err( 9222): 	at com.android.internal.os.ZygoteInit.main(ZygoteInit.java:911)
01-26 11:33:59.151 D/DisplayManagerService(  615): Display listener for pid 9222 died.
01-26 11:33:59.152 I/ActivityManager(  615): Process com.zjinnova.zlink (pid 9222) has died: fore SVC 
01-26 11:33:59.152 W/ActivityManager(  615): Scheduling restart of crashed service com.zjinnova.zlink/com.zjinnova.android.zlink.features.service.DaemonService in 4000ms
01-26 11:33:59.153 W/libprocessgroup(  615): kill(-9222, 9) failed: No such process
01-26 11:33:59.153 I/libprocessgroup(  615): Successfully killed process cgroup uid 10115 pid 9222 in 0ms
01-26 11:33:59.154 I/SourceService(  615): Activity DIED(), com.zjinnova.zlink | com.zjinnova.zlink
01-26 11:33:59.328 D/PbapClientStateMachine( 1152): Enter Disconnecting: 3
01-26 11:33:59.328 D/PbapClientStateMachine( 1152): Connection state A8:6A:86:B3:96:EA: 1->3
01-26 11:33:59.330 V/BluetoothEventManager( 1298): Received android.bluetooth.pbapclient.profile.action.CONNECTION_STATE_CHANGED
01-26 11:33:59.330 D/AdapterProperties( 1152): PROFILE_CONNECTION_STATE_CHANGE: profile=17, device=A8:6A:86:B3:96:EA, 1 -> 3
01-26 11:33:59.330 D/CachedBluetoothDeviceManager( 1298): findDevice() == A8:6A:86:B3:96:EA
01-26 11:33:59.330 D/CachedBluetoothDeviceManager( 1298): findDevice() mCachedDevices size == 3
01-26 11:33:59.330 D/CachedBluetoothDeviceManager( 1298): findDevice() mCachedDevices == A8:6A:86:B3:96:EA
01-26 11:33:59.330 D/Car_LocalBluetoothProfileManager( 1298): StateChangedHandler cachedDevice ==A8:6A:86:B3:96:EA
01-26 11:33:59.330 D/Car_CachedBluetoothDevice( 1298): onProfileStateChanged: profile PbapClient newProfileState 3
01-26 11:33:59.330 W/AdapterProperties( 1152): PROFILE_CONNECTION_STATE_CHANGE: unexpected transition for profile=17, device=A8:6A:86:B3:96:EA, 1 -> 3
01-26 11:33:59.330 D/AdapterProperties( 1152): ADAPTER_CONNECTION_STATE_CHANGE: A8:6A:86:B3:96:EA: 1 -> 3
01-26 11:33:59.330 W/AdapterProperties( 1152): ADAPTER_CONNECTION_STATE_CHANGE: unexpected transition for profile=17, device=A8:6A:86:B3:96:EA, 1 -> 3
01-26 11:33:59.331 V/LocalBluetoothAdapter( 1298): getBluetoothState mState:12
01-26 11:33:59.332 W/BroadcastQueue(  615): Background execution not allowed: receiving Intent { act=android.bluetooth.adapter.action.CONNECTION_STATE_CHANGED flg=0x4000010 (has extras) } to com.google.android.gms/.chimera.GmsIntentOperationService$PersistentTrustedReceiver
01-26 11:33:59.332 I/wpa_supplicant( 1223): wpa_driver_nl80211_driver_cmd: wlan0 recv cmd BTCOEXSCAN-START
01-26 11:33:59.334 D/Car_CachedBluetoothDevice( 1298): localUuids : [Landroid.os.ParcelUuid;@2a372ac isA2dpSinkSupport : true
01-26 11:33:59.334 D/BluetoothPbapClientHelper( 1298): callPbapListener: count=0
01-26 11:33:59.334 V/BluetoothEventManager( 1298): Received android.bluetooth.adapter.action.CONNECTION_STATE_CHANGED
01-26 11:33:59.334 D/CachedBluetoothDeviceManager( 1298): findDevice() == A8:6A:86:B3:96:EA
01-26 11:33:59.334 D/CachedBluetoothDeviceManager( 1298): findDevice() mCachedDevices size == 3
01-26 11:33:59.334 D/CachedBluetoothDeviceManager( 1298): findDevice() mCachedDevices == A8:6A:86:B3:96:EA
01-26 11:33:59.335 D/BluetoothController(  812): updateConnected: devices size=0 state=3
01-26 11:33:59.336 D/BluetoothController(  812): updateConnected: state=3 mConnectionState=1
01-26 11:33:59.336 D/pseudo  (  461): mtk_gps_sys_nmea_output_to_mnld: received 467 bytes:
01-26 11:33:59.337 D/pseudo  (  461): mtk_gps_sys_nmea_output_to_app: len:467, [NMEA]$GPGGA,002810.00...
01-26 11:33:59.337 D/        (  461): mtk_gps_sys_gps_mnl_callback: msg:0
01-26 11:33:59.337 D/        (  461): send_active_notify: send clean nmea timer cmd!
01-26 11:33:59.337 D/        (  461): gps_control_thread: gps_control_thread wait
01-26 11:33:59.338 D/        (  461): mtk_gps_sys_gps_mnl_callback: MTK_GPS_MSG_FIX_READY,GET_RTC_FAIL
01-26 11:33:59.339 D/pseudo  (  461): mtk_gps_sys_nmea_output_to_app: len:46, [vAGPS_Auto_Req]:g_FirstDbtt:0,u2BitMap:0x12f
01-26 11:33:59.340 I/GnssLocationProvider(  615): WakeLock acquired by sendMessage(REPORT_SV_STATUS, 0, com.android.server.location.GnssLocationProvider$SvStatusInfo@9179b3f)
01-26 11:33:59.340 I/GnssLocationProvider(  615): WakeLock released by handleMessage(REPORT_SV_STATUS, 0, com.android.server.location.GnssLocationProvider$SvStatusInfo@9179b3f)
01-26 11:33:59.359 D/BufferQueueProducer(  386): [StatusBar#0](this:0xb0ec4000,id:5,api:1,p:812,c:386) queueBuffer: fps=0.83 dur=2403.76 max=2386.26 min=17.50
01-26 11:33:59.379 D/SurfaceFlinger(  386): [Built-in Screen (type:0)] fps:0.831560,dur:2405.12,max:2391.75,min:13.37
01-26 11:33:59.827 W/ps      ( 9239): type=1400 audit(0.0:7083): avc: denied { getattr } for path="/dev/console" dev="tmpfs" ino=9361 scontext=u:r:z-link:s0 tcontext=u:object_r:console_device:s0 tclass=chr_file permissive=0
01-26 11:33:59.827 I/chatty  ( 9239): uid=0(root) ps identical 1 line
01-26 11:33:59.827 W/ps      ( 9239): type=1400 audit(0.0:7085): avc: denied { getattr } for path="/dev/console" dev="tmpfs" ino=9361 scontext=u:r:z-link:s0 tcontext=u:object_r:console_device:s0 tclass=chr_file permissive=0
01-26 11:33:59.827 W/ps      ( 9239): type=1400 audit(0.0:7086): avc: denied { read } for name="drivers" dev="proc" ino=4026531853 scontext=u:r:z-link:s0 tcontext=u:object_r:proc_tty_drivers:s0 tclass=file permissive=0
01-26 11:33:59.857 W/ps      ( 9239): type=1400 audit(0.0:7087): avc: denied { getattr } for path="/dev/pts/0" dev="devpts" ino=3 scontext=u:r:z-link:s0 tcontext=u:object_r:devpts:s0 tclass=chr_file permissive=0
01-26 11:33:59.887 D/btopt   (  782): zlink wake_up_apk_server: cmd = 'export PATH=$PATH:/system/bin/;am start-service -a "zjinnova.android.intent.action.ZLINK_SERVICE" &'
01-26 11:33:59.928 I/teststub(  455): Free memory 795MBytes.
01-26 11:33:59.961 I/ActivityManager(  615): Start proc 9249:com.zjinnova.zlink/u0a115 for service com.zjinnova.zlink/com.zjinnova.android.zlink.features.service.DaemonService
01-26 11:33:59.976 E/.zjinnova.zlin( 9249): Not starting debugger since process cannot load the jdwp agent.
01-26 11:34:00.001 E/MtkDataShapingUtils(  615): Exception openLteGateByDataShaping  in java.lang.NullPointerException: null receiver
01-26 11:34:00.001 W/System.err(  615): java.lang.NullPointerException: null receiver
01-26 11:34:00.001 W/System.err(  615): 	at java.lang.reflect.Method.invoke(Native Method)
01-26 11:34:00.001 W/System.err(  615): 	at com.mediatek.server.MtkDataShaping.openLteGateByDataShaping(MtkDataShaping.java:36)
01-26 11:34:00.001 W/System.err(  615): 	at com.android.server.AlarmManagerService.deliverAlarmsLocked(AlarmManagerService.java:3603)
01-26 11:34:00.001 W/System.err(  615): 	at com.android.server.AlarmManagerService$AlarmThread.run(AlarmManagerService.java:3781)
01-26 11:34:00.020 I/.zjinnova.zlin( 9249): The ClassLoaderContext is a special shared library.
01-26 11:34:00.028 W/.zjinnova.zlin( 9249): JIT profile information will not be recorded: profile file does not exits.
01-26 11:34:00.048 W/System.err( 9249): java.io.FileNotFoundException: /data/user/0/com.zjinnova.zlink/files/prodexdir/tosversion: open failed: EACCES (Permission denied)
01-26 11:34:00.049 W/System.err( 9249): 	at libcore.io.IoBridge.open(IoBridge.java:485)
01-26 11:34:00.049 W/System.err( 9249): 	at java.io.RandomAccessFile.<init>(RandomAccessFile.java:288)
01-26 11:34:00.049 W/System.err( 9249): 	at java.io.RandomAccessFile.<init>(RandomAccessFile.java:151)
01-26 11:34:00.049 W/System.err( 9249): 	at com.wrapper.proxyapplication.Util.PrepareSecurefiles(Util.java:362)
01-26 11:34:00.049 W/System.err( 9249): 	at com.zjinnova.zlink.MyWrapperProxyApplication.initProxyApplication(MyWrapperProxyApplication.java:33)
01-26 11:34:00.049 W/System.err( 9249): 	at com.wrapper.proxyapplication.WrapperProxyApplication.attachBaseContext(WrapperProxyApplication.java:459)
01-26 11:34:00.049 W/System.err( 9249): 	at android.app.Application.attach(Application.java:212)
01-26 11:34:00.049 W/System.err( 9249): 	at android.app.Instrumentation.newApplication(Instrumentation.java:1121)
01-26 11:34:00.049 W/System.err( 9249): 	at android.app.LoadedApk.makeApplication(LoadedApk.java:1064)
01-26 11:34:00.049 W/System.err( 9249): 	at android.app.ActivityThread.handleBindApplication(ActivityThread.java:5873)
01-26 11:34:00.049 W/System.err( 9249): 	at android.app.ActivityThread.access$1200(ActivityThread.java:206)
01-26 11:34:00.049 W/System.err( 9249): 	at android.app.ActivityThread$H.handleMessage(ActivityThread.java:1678)
01-26 11:34:00.049 W/System.err( 9249): 	at android.os.Handler.dispatchMessage(Handler.java:106)
01-26 11:34:00.049 W/System.err( 9249): 	at android.os.Looper.loop(Looper.java:193)
01-26 11:34:00.049 W/System.err( 9249): 	at android.app.ActivityThread.main(ActivityThread.java:6702)
01-26 11:34:00.049 W/System.err( 9249): 	at java.lang.reflect.Method.invoke(Native Method)
01-26 11:34:00.049 W/System.err( 9249): 	at com.android.internal.os.RuntimeInit$MethodAndArgsCaller.run(RuntimeInit.java:493)
01-26 11:34:00.049 W/System.err( 9249): 	at com.android.internal.os.ZygoteInit.main(ZygoteInit.java:911)
01-26 11:34:00.049 W/System.err( 9249): Caused by: android.system.ErrnoException: open failed: EACCES (Permission denied)
01-26 11:34:00.049 W/System.err( 9249): 	at libcore.io.Linux.open(Native Method)
01-26 11:34:00.050 W/System.err( 9249): 	at libcore.io.BlockGuardOs.open(BlockGuardOs.java:210)
01-26 11:34:00.050 W/System.err( 9249): 	at libcore.io.IoBridge.open(IoBridge.java:471)
01-26 11:34:00.050 W/System.err( 9249): 	... 17 more
01-26 11:34:00.050 W/System.err( 9249): java.io.FileNotFoundException: /data/user/0/com.zjinnova.zlink/files/prodexdir/tosversion (Permission denied)
01-26 11:34:00.051 W/System.err( 9249): 	at java.io.FileOutputStream.open0(Native Method)
01-26 11:34:00.051 W/System.err( 9249): 	at java.io.FileOutputStream.open(FileOutputStream.java:308)
01-26 11:34:00.051 W/System.err( 9249): 	at java.io.FileOutputStream.<init>(FileOutputStream.java:238)
01-26 11:34:00.051 W/System.err( 9249): 	at java.io.FileOutputStream.<init>(FileOutputStream.java:180)
01-26 11:34:00.051 W/System.err( 9249): 	at com.wrapper.proxyapplication.Util.UnzipFile(Util.java:205)
01-26 11:34:00.051 W/System.err( 9249): 	at com.wrapper.proxyapplication.Util.PrepareSecurefiles(Util.java:554)
01-26 11:34:00.051 W/System.err( 9249): 	at com.zjinnova.zlink.MyWrapperProxyApplication.initProxyApplication(MyWrapperProxyApplication.java:33)
01-26 11:34:00.051 W/System.err( 9249): 	at com.wrapper.proxyapplication.WrapperProxyApplication.attachBaseContext(WrapperProxyApplication.java:459)
01-26 11:34:00.051 W/System.err( 9249): 	at android.app.Application.attach(Application.java:212)
01-26 11:34:00.051 W/System.err( 9249): 	at android.app.Instrumentation.newApplication(Instrumentation.java:1121)
01-26 11:34:00.051 W/System.err( 9249): 	at android.app.LoadedApk.makeApplication(LoadedApk.java:1064)
01-26 11:34:00.051 W/System.err( 9249): 	at android.app.ActivityThread.handleBindApplication(ActivityThread.java:5873)
01-26 11:34:00.051 W/System.err( 9249): 	at android.app.ActivityThread.access$1200(ActivityThread.java:206)
01-26 11:34:00.051 W/System.err( 9249): 	at android.app.ActivityThread$H.handleMessage(ActivityThread.java:1678)
01-26 11:34:00.051 W/System.err( 9249): 	at android.os.Handler.dispatchMessage(Handler.java:106)
01-26 11:34:00.051 W/System.err( 9249): 	at android.os.Looper.loop(Looper.java:193)
01-26 11:34:00.051 W/System.err( 9249): 	at android.app.ActivityThread.main(ActivityThread.java:6702)
01-26 11:34:00.051 W/System.err( 9249): 	at java.lang.reflect.Method.invoke(Native Method)
01-26 11:34:00.051 W/System.err( 9249): 	at com.android.internal.os.RuntimeInit$MethodAndArgsCaller.run(RuntimeInit.java:493)
01-26 11:34:00.051 W/System.err( 9249): 	at com.android.internal.os.ZygoteInit.main(ZygoteInit.java:911)
01-26 11:34:00.125 D/DisplayManagerService(  615): Display listener for pid 9249 died.
01-26 11:34:00.126 I/ActivityManager(  615): Process com.zjinnova.zlink (pid 9249) has died: fore SVC 
01-26 11:34:00.126 W/ActivityManager(  615): Canceling start item Intent { act=zjinnova.android.intent.action.ZLINK_SERVICE } in service ComponentInfo{com.zjinnova.zlink/com.zjinnova.android.zlink.features.service.DaemonService}
01-26 11:34:00.126 W/ActivityManager(  615): Scheduling restart of crashed service com.zjinnova.zlink/com.zjinnova.android.zlink.features.service.DaemonService in 1000ms
01-26 11:34:00.127 W/libprocessgroup(  615): kill(-9249, 9) failed: No such process
01-26 11:34:00.129 I/SourceService(  615): Activity DIED(), com.zjinnova.zlink | com.zjinnova.zlink
01-26 11:34:00.162 W/libprocessgroup(  615): kill(-9249, 9) failed: No such process
01-26 11:34:00.163 I/libprocessgroup(  615): Successfully killed process cgroup uid 10115 pid 9249 in 36ms
01-26 11:34:00.258 E/WifiVendorHal(  615): getWifiLinkLayerStats(l.937) failed {.code = ERROR_NOT_SUPPORTED, .description = }
01-26 11:34:00.334 D/pseudo  (  461): mtk_gps_sys_nmea_output_to_mnld: received 467 bytes:
01-26 11:34:00.335 D/pseudo  (  461): mtk_gps_sys_nmea_output_to_app: len:467, [NMEA]$GPGGA,002811.00...
01-26 11:34:00.335 D/        (  461): mtk_gps_sys_gps_mnl_callback: msg:0
01-26 11:34:00.335 D/        (  461): send_active_notify: send clean nmea timer cmd!
01-26 11:34:00.335 D/        (  461): mtk_gps_sys_gps_mnl_callback: MTK_GPS_MSG_FIX_READY,GET_RTC_FAIL
01-26 11:34:00.335 D/pseudo  (  461): mtk_gps_sys_nmea_output_to_app: len:46, [vAGPS_Auto_Req]:g_FirstDbtt:0,u2BitMap:0x12f
01-26 11:34:00.335 D/        (  461): gps_control_thread: gps_control_thread wait
01-26 11:34:00.338 I/GnssLocationProvider(  615): WakeLock acquired by sendMessage(REPORT_SV_STATUS, 0, com.android.server.location.GnssLocationProvider$SvStatusInfo@87a2f6a)
01-26 11:34:00.338 I/GnssLocationProvider(  615): WakeLock released by handleMessage(REPORT_SV_STATUS, 0, com.android.server.location.GnssLocationProvider$SvStatusInfo@87a2f6a)
01-26 11:34:01.138 I/ActivityManager(  615): Start proc 9270:com.zjinnova.zlink/u0a115 for service com.zjinnova.zlink/com.zjinnova.android.zlink.features.service.DaemonService
01-26 11:34:01.149 E/.zjinnova.zlin( 9270): Not starting debugger since process cannot load the jdwp agent.
01-26 11:34:01.183 I/.zjinnova.zlin( 9270): The ClassLoaderContext is a special shared library.
01-26 11:34:01.190 W/.zjinnova.zlin( 9270): JIT profile information will not be recorded: profile file does not exits.
01-26 11:34:01.205 W/System.err( 9270): java.io.FileNotFoundException: /data/user/0/com.zjinnova.zlink/files/prodexdir/tosversion: open failed: EACCES (Permission denied)
01-26 11:34:01.205 W/System.err( 9270): 	at libcore.io.IoBridge.open(IoBridge.java:485)
01-26 11:34:01.205 W/System.err( 9270): 	at java.io.RandomAccessFile.<init>(RandomAccessFile.java:288)
01-26 11:34:01.205 W/System.err( 9270): 	at java.io.RandomAccessFile.<init>(RandomAccessFile.java:151)
01-26 11:34:01.205 W/System.err( 9270): 	at com.wrapper.proxyapplication.Util.PrepareSecurefiles(Util.java:362)
01-26 11:34:01.205 W/System.err( 9270): 	at com.zjinnova.zlink.MyWrapperProxyApplication.initProxyApplication(MyWrapperProxyApplication.java:33)
01-26 11:34:01.205 W/System.err( 9270): 	at com.wrapper.proxyapplication.WrapperProxyApplication.attachBaseContext(WrapperProxyApplication.java:459)
01-26 11:34:01.205 W/System.err( 9270): 	at android.app.Application.attach(Application.java:212)
01-26 11:34:01.206 W/System.err( 9270): 	at android.app.Instrumentation.newApplication(Instrumentation.java:1121)
01-26 11:34:01.206 W/System.err( 9270): 	at android.app.LoadedApk.makeApplication(LoadedApk.java:1064)
01-26 11:34:01.206 W/System.err( 9270): 	at android.app.ActivityThread.handleBindApplication(ActivityThread.java:5873)
01-26 11:34:01.206 W/System.err( 9270): 	at android.app.ActivityThread.access$1200(ActivityThread.java:206)
01-26 11:34:01.206 W/System.err( 9270): 	at android.app.ActivityThread$H.handleMessage(ActivityThread.java:1678)
01-26 11:34:01.206 W/System.err( 9270): 	at android.os.Handler.dispatchMessage(Handler.java:106)
01-26 11:34:01.206 W/System.err( 9270): 	at android.os.Looper.loop(Looper.java:193)
01-26 11:34:01.206 W/System.err( 9270): 	at android.app.ActivityThread.main(ActivityThread.java:6702)
01-26 11:34:01.206 W/System.err( 9270): 	at java.lang.reflect.Method.invoke(Native Method)
01-26 11:34:01.206 W/System.err( 9270): 	at com.android.internal.os.RuntimeInit$MethodAndArgsCaller.run(RuntimeInit.java:493)
01-26 11:34:01.206 W/System.err( 9270): 	at com.android.internal.os.ZygoteInit.main(ZygoteInit.java:911)
01-26 11:34:01.206 W/System.err( 9270): Caused by: android.system.ErrnoException: open failed: EACCES (Permission denied)
01-26 11:34:01.206 W/System.err( 9270): 	at libcore.io.Linux.open(Native Method)
01-26 11:34:01.206 W/System.err( 9270): 	at libcore.io.BlockGuardOs.open(BlockGuardOs.java:210)
01-26 11:34:01.206 W/System.err( 9270): 	at libcore.io.IoBridge.open(IoBridge.java:471)
01-26 11:34:01.206 W/System.err( 9270): 	... 17 more
01-26 11:34:01.207 W/System.err( 9270): java.io.FileNotFoundException: /data/user/0/com.zjinnova.zlink/files/prodexdir/tosversion (Permission denied)
01-26 11:34:01.207 W/System.err( 9270): 	at java.io.FileOutputStream.open0(Native Method)
01-26 11:34:01.207 W/System.err( 9270): 	at java.io.FileOutputStream.open(FileOutputStream.java:308)
01-26 11:34:01.207 W/System.err( 9270): 	at java.io.FileOutputStream.<init>(FileOutputStream.java:238)
01-26 11:34:01.207 W/System.err( 9270): 	at java.io.FileOutputStream.<init>(FileOutputStream.java:180)
01-26 11:34:01.207 W/System.err( 9270): 	at com.wrapper.proxyapplication.Util.UnzipFile(Util.java:205)
01-26 11:34:01.207 W/System.err( 9270): 	at com.wrapper.proxyapplication.Util.PrepareSecurefiles(Util.java:554)
01-26 11:34:01.207 W/System.err( 9270): 	at com.zjinnova.zlink.MyWrapperProxyApplication.initProxyApplication(MyWrapperProxyApplication.java:33)
01-26 11:34:01.207 W/System.err( 9270): 	at com.wrapper.proxyapplication.WrapperProxyApplication.attachBaseContext(WrapperProxyApplication.java:459)
01-26 11:34:01.207 W/System.err( 9270): 	at android.app.Application.attach(Application.java:212)
01-26 11:34:01.207 W/System.err( 9270): 	at android.app.Instrumentation.newApplication(Instrumentation.java:1121)
01-26 11:34:01.207 W/System.err( 9270): 	at android.app.LoadedApk.makeApplication(LoadedApk.java:1064)
01-26 11:34:01.208 W/System.err( 9270): 	at android.app.ActivityThread.handleBindApplication(ActivityThread.java:5873)
01-26 11:34:01.208 W/System.err( 9270): 	at android.app.ActivityThread.access$1200(ActivityThread.java:206)
01-26 11:34:01.208 W/System.err( 9270): 	at android.app.ActivityThread$H.handleMessage(ActivityThread.java:1678)
01-26 11:34:01.208 W/System.err( 9270): 	at android.os.Handler.dispatchMessage(Handler.java:106)
01-26 11:34:01.208 W/System.err( 9270): 	at android.os.Looper.loop(Looper.java:193)
01-26 11:34:01.208 W/System.err( 9270): 	at android.app.ActivityThread.main(ActivityThread.java:6702)
01-26 11:34:01.208 W/System.err( 9270): 	at java.lang.reflect.Method.invoke(Native Method)
01-26 11:34:01.208 W/System.err( 9270): 	at com.android.internal.os.RuntimeInit$MethodAndArgsCaller.run(RuntimeInit.java:493)
01-26 11:34:01.208 W/System.err( 9270): 	at com.android.internal.os.ZygoteInit.main(ZygoteInit.java:911)
01-26 11:34:01.291 D/DisplayManagerService(  615): Display listener for pid 9270 died.
01-26 11:34:01.292 I/ActivityManager(  615): Process com.zjinnova.zlink (pid 9270) has died: fore SVC 
01-26 11:34:01.292 W/ActivityManager(  615): Scheduling restart of crashed service com.zjinnova.zlink/com.zjinnova.android.zlink.features.service.DaemonService in 4000ms
01-26 11:34:01.292 W/libprocessgroup(  615): kill(-9270, 9) failed: No such process
01-26 11:34:01.293 I/libprocessgroup(  615): Successfully killed process cgroup uid 10115 pid 9270 in 0ms
01-26 11:34:01.293 I/SourceService(  615): Activity DIED(), com.zjinnova.zlink | com.zjinnova.zlink
01-26 11:34:01.334 D/pseudo  (  461): mtk_gps_sys_nmea_output_to_mnld: received 467 bytes:
01-26 11:34:01.335 D/pseudo  (  461): mtk_gps_sys_nmea_output_to_app: len:467, [NMEA]$GPGGA,002812.00...
01-26 11:34:01.335 D/        (  461): mtk_gps_sys_gps_mnl_callback: msg:0
01-26 11:34:01.335 D/        (  461): send_active_notify: send clean nmea timer cmd!
01-26 11:34:01.335 D/        (  461): mtk_gps_sys_gps_mnl_callback: MTK_GPS_MSG_FIX_READY,GET_RTC_FAIL
01-26 11:34:01.335 D/pseudo  (  461): mtk_gps_sys_nmea_output_to_app: len:46, [vAGPS_Auto_Req]:g_FirstDbtt:0,u2BitMap:0x12f
01-26 11:34:01.335 D/        (  461): gps_control_thread: gps_control_thread wait
01-26 11:34:01.337 I/GnssLocationProvider(  615): WakeLock acquired by sendMessage(REPORT_SV_STATUS, 0, com.android.server.location.GnssLocationProvider$SvStatusInfo@c74ac5b)
01-26 11:34:01.338 I/GnssLocationProvider(  615): WakeLock released by handleMessage(REPORT_SV_STATUS, 0, com.android.server.location.GnssLocationProvider$SvStatusInfo@c74ac5b)
01-26 11:34:01.351 E/storaged(  475): getDiskStats failed with result NOT_SUPPORTED and size 0
01-26 11:34:01.974 W/ps      ( 9287): type=1400 audit(0.0:7093): avc: denied { getattr } for path="/dev/console" dev="tmpfs" ino=9361 scontext=u:r:z-link:s0 tcontext=u:object_r:console_device:s0 tclass=chr_file permissive=0
01-26 11:34:01.977 W/ps      ( 9287): type=1400 audit(0.0:7096): avc: denied { read } for name="drivers" dev="proc" ino=4026531853 scontext=u:r:z-link:s0 tcontext=u:object_r:proc_tty_drivers:s0 tclass=file permissive=0
01-26 11:34:02.004 W/ps      ( 9287): type=1400 audit(0.0:7097): avc: denied { getattr } for path="/dev/pts/0" dev="devpts" ino=3 scontext=u:r:z-link:s0 tcontext=u:object_r:devpts:s0 tclass=chr_file permissive=0
01-26 11:34:02.035 D/btopt   (  782): zlink wake_up_apk_server: cmd = 'export PATH=$PATH:/system/bin/;am start-service -a "zjinnova.android.intent.action.ZLINK_SERVICE" &'
01-26 11:34:02.108 I/ActivityManager(  615): Start proc 9297:com.zjinnova.zlink/u0a115 for service com.zjinnova.zlink/com.zjinnova.android.zlink.features.service.DaemonService
01-26 11:34:02.120 E/.zjinnova.zlin( 9297): Not starting debugger since process cannot load the jdwp agent.
01-26 11:34:02.155 I/.zjinnova.zlin( 9297): The ClassLoaderContext is a special shared library.
01-26 11:34:02.161 W/.zjinnova.zlin( 9297): JIT profile information will not be recorded: profile file does not exits.
01-26 11:34:02.181 W/System.err( 9297): java.io.FileNotFoundException: /data/user/0/com.zjinnova.zlink/files/prodexdir/tosversion: open failed: EACCES (Permission denied)
01-26 11:34:02.181 W/System.err( 9297): 	at libcore.io.IoBridge.open(IoBridge.java:485)
01-26 11:34:02.181 W/System.err( 9297): 	at java.io.RandomAccessFile.<init>(RandomAccessFile.java:288)
01-26 11:34:02.181 W/System.err( 9297): 	at java.io.RandomAccessFile.<init>(RandomAccessFile.java:151)
01-26 11:34:02.181 W/System.err( 9297): 	at com.wrapper.proxyapplication.Util.PrepareSecurefiles(Util.java:362)
01-26 11:34:02.181 W/System.err( 9297): 	at com.zjinnova.zlink.MyWrapperProxyApplication.initProxyApplication(MyWrapperProxyApplication.java:33)
01-26 11:34:02.181 W/System.err( 9297): 	at com.wrapper.proxyapplication.WrapperProxyApplication.attachBaseContext(WrapperProxyApplication.java:459)
01-26 11:34:02.182 W/System.err( 9297): 	at android.app.Application.attach(Application.java:212)
01-26 11:34:02.182 W/System.err( 9297): 	at android.app.Instrumentation.newApplication(Instrumentation.java:1121)
01-26 11:34:02.182 W/System.err( 9297): 	at android.app.LoadedApk.makeApplication(LoadedApk.java:1064)
01-26 11:34:02.182 W/System.err( 9297): 	at android.app.ActivityThread.handleBindApplication(ActivityThread.java:5873)
01-26 11:34:02.182 W/System.err( 9297): 	at android.app.ActivityThread.access$1200(ActivityThread.java:206)
01-26 11:34:02.182 W/System.err( 9297): 	at android.app.ActivityThread$H.handleMessage(ActivityThread.java:1678)
01-26 11:34:02.182 W/System.err( 9297): 	at android.os.Handler.dispatchMessage(Handler.java:106)
01-26 11:34:02.182 W/System.err( 9297): 	at android.os.Looper.loop(Looper.java:193)
01-26 11:34:02.182 W/System.err( 9297): 	at android.app.ActivityThread.main(ActivityThread.java:6702)
01-26 11:34:02.182 W/System.err( 9297): 	at java.lang.reflect.Method.invoke(Native Method)
01-26 11:34:02.182 W/System.err( 9297): 	at com.android.internal.os.RuntimeInit$MethodAndArgsCaller.run(RuntimeInit.java:493)
01-26 11:34:02.182 W/System.err( 9297): 	at com.android.internal.os.ZygoteInit.main(ZygoteInit.java:911)
01-26 11:34:02.182 W/System.err( 9297): Caused by: android.system.ErrnoException: open failed: EACCES (Permission denied)
01-26 11:34:02.182 W/System.err( 9297): 	at libcore.io.Linux.open(Native Method)
01-26 11:34:02.182 W/System.err( 9297): 	at libcore.io.BlockGuardOs.open(BlockGuardOs.java:210)
01-26 11:34:02.182 W/System.err( 9297): 	at libcore.io.IoBridge.open(IoBridge.java:471)
01-26 11:34:02.182 W/System.err( 9297): 	... 17 more
01-26 11:34:02.184 W/System.err( 9297): java.io.FileNotFoundException: /data/user/0/com.zjinnova.zlink/files/prodexdir/tosversion (Permission denied)
01-26 11:34:02.184 W/System.err( 9297): 	at java.io.FileOutputStream.open0(Native Method)
01-26 11:34:02.184 W/System.err( 9297): 	at java.io.FileOutputStream.open(FileOutputStream.java:308)
01-26 11:34:02.184 W/System.err( 9297): 	at java.io.FileOutputStream.<init>(FileOutputStream.java:238)
01-26 11:34:02.184 W/System.err( 9297): 	at java.io.FileOutputStream.<init>(FileOutputStream.java:180)
01-26 11:34:02.184 W/System.err( 9297): 	at com.wrapper.proxyapplication.Util.UnzipFile(Util.java:205)
01-26 11:34:02.184 W/System.err( 9297): 	at com.wrapper.proxyapplication.Util.PrepareSecurefiles(Util.java:554)
01-26 11:34:02.184 W/System.err( 9297): 	at com.zjinnova.zlink.MyWrapperProxyApplication.initProxyApplication(MyWrapperProxyApplication.java:33)
01-26 11:34:02.184 W/System.err( 9297): 	at com.wrapper.proxyapplication.WrapperProxyApplication.attachBaseContext(WrapperProxyApplication.java:459)
01-26 11:34:02.184 W/System.err( 9297): 	at android.app.Application.attach(Application.java:212)
01-26 11:34:02.184 W/System.err( 9297): 	at android.app.Instrumentation.newApplication(Instrumentation.java:1121)
01-26 11:34:02.184 W/System.err( 9297): 	at android.app.LoadedApk.makeApplication(LoadedApk.java:1064)
01-26 11:34:02.184 W/System.err( 9297): 	at android.app.ActivityThread.handleBindApplication(ActivityThread.java:5873)
01-26 11:34:02.184 W/System.err( 9297): 	at android.app.ActivityThread.access$1200(ActivityThread.java:206)
01-26 11:34:02.184 W/System.err( 9297): 	at android.app.ActivityThread$H.handleMessage(ActivityThread.java:1678)
01-26 11:34:02.184 W/System.err( 9297): 	at android.os.Handler.dispatchMessage(Handler.java:106)
01-26 11:34:02.184 W/System.err( 9297): 	at android.os.Looper.loop(Looper.java:193)
01-26 11:34:02.184 W/System.err( 9297): 	at android.app.ActivityThread.main(ActivityThread.java:6702)
01-26 11:34:02.184 W/System.err( 9297): 	at java.lang.reflect.Method.invoke(Native Method)
01-26 11:34:02.184 W/System.err( 9297): 	at com.android.internal.os.RuntimeInit$MethodAndArgsCaller.run(RuntimeInit.java:493)
01-26 11:34:02.184 W/System.err( 9297): 	at com.android.internal.os.ZygoteInit.main(ZygoteInit.java:911)
01-26 11:34:02.265 D/DisplayManagerService(  615): Display listener for pid 9297 died.
01-26 11:34:02.265 I/ActivityManager(  615): Process com.zjinnova.zlink (pid 9297) has died: fore SVC 
01-26 11:34:02.265 W/libprocessgroup(  615): kill(-9297, 9) failed: No such process
01-26 11:34:02.265 W/ActivityManager(  615): Canceling start item Intent { act=zjinnova.android.intent.action.ZLINK_SERVICE } in service ComponentInfo{com.zjinnova.zlink/com.zjinnova.android.zlink.features.service.DaemonService}
01-26 11:34:02.265 I/libprocessgroup(  615): Successfully killed process cgroup uid 10115 pid 9297 in 0ms
01-26 11:34:02.265 W/ActivityManager(  615): Scheduling restart of crashed service com.zjinnova.zlink/com.zjinnova.android.zlink.features.service.DaemonService in 1000ms
01-26 11:34:02.267 I/SourceService(  615): Activity DIED(), com.zjinnova.zlink | com.zjinnova.zlink
01-26 11:34:02.331 W/PbapClientStateMachine( 1152): Disconnect Timeout, Forcing
01-26 11:34:02.331 D/PBAP PCE handler( 1152): Closing socketandroid.bluetooth.BluetoothSocket@d0d496b
01-26 11:34:02.331 D/BluetoothSocket( 1152): close() this: android.bluetooth.BluetoothSocket@d0d496b, channel: -1, mSocketIS: android.net.LocalSocketImpl$SocketInputStream@ec90cc8, mSocketOS: android.net.LocalSocketImpl$SocketOutputStream@82f9161mSocket: android.net.LocalSocket@c92a486 impl:android.net.LocalSocketImpl@e351147 fd:java.io.FileDescriptor@bc62d74, mSocketState: INIT
01-26 11:34:02.332 E/bt_btif_sock_rfcomm( 1152): btsock_rfc_signaled socket signaled for read while disconnected, slot: 42, channel: -1
01-26 11:34:02.332 E/PBAP PCE handler( 1152): Error while connecting socket
01-26 11:34:02.332 E/PBAP PCE handler( 1152): java.io.IOException: read failed, socket might closed or timeout, read ret: -1
01-26 11:34:02.332 E/PBAP PCE handler( 1152): 	at android.bluetooth.BluetoothSocket.readAll(BluetoothSocket.java:762)
01-26 11:34:02.332 E/PBAP PCE handler( 1152): 	at android.bluetooth.BluetoothSocket.readInt(BluetoothSocket.java:776)
01-26 11:34:02.332 E/PBAP PCE handler( 1152): 	at android.bluetooth.BluetoothSocket.connect(BluetoothSocket.java:399)
01-26 11:34:02.332 E/PBAP PCE handler( 1152): 	at com.android.bluetooth.pbapclient.PbapClientConnectionHandler.connectSocket(PbapClientConnectionHandler.java:487)
01-26 11:34:02.332 E/PBAP PCE handler( 1152): 	at com.android.bluetooth.pbapclient.PbapClientConnectionHandler.handleMessage(PbapClientConnectionHandler.java:269)
01-26 11:34:02.332 E/PBAP PCE handler( 1152): 	at android.os.Handler.dispatchMessage(Handler.java:106)
01-26 11:34:02.332 E/PBAP PCE handler( 1152): 	at android.os.Looper.loop(Looper.java:193)
01-26 11:34:02.332 E/PBAP PCE handler( 1152): 	at android.os.HandlerThread.run(HandlerThread.java:65)
01-26 11:34:02.332 W/PBAP PCE handler( 1152): Socket CONNECT Failure 
01-26 11:34:02.332 D/PBAP PCE handler( 1152): Handling Message = 2
01-26 11:34:02.332 D/PBAP PCE handler( 1152): Starting Disconnect
01-26 11:34:02.332 W/PbapClientStateMachine( 1152): Received unexpected message while Disconnecting
01-26 11:34:02.333 D/PBAP PCE handler( 1152): Closing Socket
01-26 11:34:02.333 D/PBAP PCE handler( 1152): Completing Disconnect
01-26 11:34:02.333 D/PbapClientStateMachine( 1152): Enter Disconnected: 7
01-26 11:34:02.333 D/PbapClientStateMachine( 1152): Connection state A8:6A:86:B3:96:EA: 3->0
01-26 11:34:02.335 D/pseudo  (  461): mtk_gps_sys_nmea_output_to_mnld: received 467 bytes:
01-26 11:34:02.336 D/pseudo  (  461): mtk_gps_sys_nmea_output_to_app: len:467, [NMEA]$GPGGA,002813.00...
01-26 11:34:02.336 D/        (  461): mtk_gps_sys_gps_mnl_callback: msg:0
01-26 11:34:02.336 D/        (  461): send_active_notify: send clean nmea timer cmd!
01-26 11:34:02.336 D/        (  461): mtk_gps_sys_gps_mnl_callback: MTK_GPS_MSG_FIX_READY,GET_RTC_FAIL
01-26 11:34:02.336 D/pseudo  (  461): mtk_gps_sys_nmea_output_to_app: len:46, [vAGPS_Auto_Req]:g_FirstDbtt:0,u2BitMap:0x12f
01-26 11:34:02.336 D/AdapterProperties( 1152): PROFILE_CONNECTION_STATE_CHANGE: profile=17, device=A8:6A:86:B3:96:EA, 3 -> 0
01-26 11:34:02.337 V/BluetoothEventManager( 1298): Received android.bluetooth.pbapclient.profile.action.CONNECTION_STATE_CHANGED
01-26 11:34:02.337 D/CachedBluetoothDeviceManager( 1298): findDevice() == A8:6A:86:B3:96:EA
01-26 11:34:02.337 D/CachedBluetoothDeviceManager( 1298): findDevice() mCachedDevices size == 3
01-26 11:34:02.337 D/CachedBluetoothDeviceManager( 1298): findDevice() mCachedDevices == A8:6A:86:B3:96:EA
01-26 11:34:02.337 D/Car_LocalBluetoothProfileManager( 1298): StateChangedHandler cachedDevice ==A8:6A:86:B3:96:EA
01-26 11:34:02.337 D/Car_CachedBluetoothDevice( 1298): onProfileStateChanged: profile PbapClient newProfileState 0
01-26 11:34:02.337 D/        (  461): gps_control_thread: gps_control_thread wait
01-26 11:34:02.339 W/PbapClientService( 1152): Cleanup device: A8:6A:86:B3:96:EA
01-26 11:34:02.339 V/LocalBluetoothAdapter( 1298): getBluetoothState mState:12
01-26 11:34:02.343 D/Car_CachedBluetoothDevice( 1298): localUuids : [Landroid.os.ParcelUuid;@9906b75 isA2dpSinkSupport : true
01-26 11:34:02.343 D/BluetoothPbapClientHelper( 1298): handlePbapConnectStateChange pbap disconnect!
01-26 11:34:02.343 D/BluetoothPbapClientHelper( 1298): callPbapListener: count=0
01-26 11:34:02.343 I/GnssLocationProvider(  615): WakeLock acquired by sendMessage(REPORT_SV_STATUS, 0, com.android.server.location.GnssLocationProvider$SvStatusInfo@3934cf8)
01-26 11:34:02.344 I/GnssLocationProvider(  615): WakeLock released by handleMessage(REPORT_SV_STATUS, 0, com.android.server.location.GnssLocationProvider$SvStatusInfo@3934cf8)
01-26 11:34:03.263 E/WifiVendorHal(  615): getWifiLinkLayerStats(l.937) failed {.code = ERROR_NOT_SUPPORTED, .description = }
01-26 11:34:03.285 I/ActivityManager(  615): Start proc 9317:com.zjinnova.zlink/u0a115 for service com.zjinnova.zlink/com.zjinnova.android.zlink.features.service.DaemonService
01-26 11:34:03.303 E/.zjinnova.zlin( 9317): Not starting debugger since process cannot load the jdwp agent.
01-26 11:34:03.334 D/pseudo  (  461): mtk_gps_sys_nmea_output_to_mnld: received 467 bytes:
01-26 11:34:03.335 D/pseudo  (  461): mtk_gps_sys_nmea_output_to_app: len:467, [NMEA]$GPGGA,002814.00...
01-26 11:34:03.340 I/GnssLocationProvider(  615): WakeLock acquired by sendMessage(REPORT_SV_STATUS, 0, com.android.server.location.GnssLocationProvider$SvStatusInfo@6fb85d1)
01-26 11:34:03.341 I/GnssLocationProvider(  615): WakeLock released by handleMessage(REPORT_SV_STATUS, 0, com.android.server.location.GnssLocationProvider$SvStatusInfo@6fb85d1)
01-26 11:34:03.343 D/        (  461): mtk_gps_sys_gps_mnl_callback: msg:0
01-26 11:34:03.343 D/        (  461): send_active_notify: send clean nmea timer cmd!
01-26 11:34:03.343 D/        (  461): gps_control_thread: gps_control_thread wait
01-26 11:34:03.343 D/        (  461): mtk_gps_sys_gps_mnl_callback: MTK_GPS_MSG_FIX_READY,GET_RTC_FAIL
01-26 11:34:03.343 D/pseudo  (  461): mtk_gps_sys_nmea_output_to_app: len:46, [vAGPS_Auto_Req]:g_FirstDbtt:0,u2BitMap:0x12f
01-26 11:34:03.359 I/.zjinnova.zlin( 9317): The ClassLoaderContext is a special shared library.
01-26 11:34:03.366 W/.zjinnova.zlin( 9317): JIT profile information will not be recorded: profile file does not exits.
01-26 11:34:03.390 W/System.err( 9317): java.io.FileNotFoundException: /data/user/0/com.zjinnova.zlink/files/prodexdir/tosversion: open failed: EACCES (Permission denied)
01-26 11:34:03.391 W/System.err( 9317): 	at libcore.io.IoBridge.open(IoBridge.java:485)
01-26 11:34:03.391 W/System.err( 9317): 	at java.io.RandomAccessFile.<init>(RandomAccessFile.java:288)
01-26 11:34:03.391 W/System.err( 9317): 	at java.io.RandomAccessFile.<init>(RandomAccessFile.java:151)
01-26 11:34:03.391 W/System.err( 9317): 	at com.wrapper.proxyapplication.Util.PrepareSecurefiles(Util.java:362)
01-26 11:34:03.391 W/System.err( 9317): 	at com.zjinnova.zlink.MyWrapperProxyApplication.initProxyApplication(MyWrapperProxyApplication.java:33)
01-26 11:34:03.391 W/System.err( 9317): 	at com.wrapper.proxyapplication.WrapperProxyApplication.attachBaseContext(WrapperProxyApplication.java:459)
01-26 11:34:03.391 W/System.err( 9317): 	at android.app.Application.attach(Application.java:212)
01-26 11:34:03.391 W/System.err( 9317): 	at android.app.Instrumentation.newApplication(Instrumentation.java:1121)
01-26 11:34:03.391 W/System.err( 9317): 	at android.app.LoadedApk.makeApplication(LoadedApk.java:1064)
01-26 11:34:03.391 W/System.err( 9317): 	at android.app.ActivityThread.handleBindApplication(ActivityThread.java:5873)
01-26 11:34:03.391 W/System.err( 9317): 	at android.app.ActivityThread.access$1200(ActivityThread.java:206)
01-26 11:34:03.391 W/System.err( 9317): 	at android.app.ActivityThread$H.handleMessage(ActivityThread.java:1678)
01-26 11:34:03.391 W/System.err( 9317): 	at android.os.Handler.dispatchMessage(Handler.java:106)
01-26 11:34:03.391 W/System.err( 9317): 	at android.os.Looper.loop(Looper.java:193)
01-26 11:34:03.391 W/System.err( 9317): 	at android.app.ActivityThread.main(ActivityThread.java:6702)
01-26 11:34:03.391 W/System.err( 9317): 	at java.lang.reflect.Method.invoke(Native Method)
01-26 11:34:03.391 W/System.err( 9317): 	at com.android.internal.os.RuntimeInit$MethodAndArgsCaller.run(RuntimeInit.java:493)
01-26 11:34:03.391 W/System.err( 9317): 	at com.android.internal.os.ZygoteInit.main(ZygoteInit.java:911)
01-26 11:34:03.392 W/System.err( 9317): Caused by: android.system.ErrnoException: open failed: EACCES (Permission denied)
01-26 11:34:03.392 W/System.err( 9317): 	at libcore.io.Linux.open(Native Method)
01-26 11:34:03.392 W/System.err( 9317): 	at libcore.io.BlockGuardOs.open(BlockGuardOs.java:210)
01-26 11:34:03.392 W/System.err( 9317): 	at libcore.io.IoBridge.open(IoBridge.java:471)
01-26 11:34:03.392 W/System.err( 9317): 	... 17 more
01-26 11:34:03.393 W/System.err( 9317): java.io.FileNotFoundException: /data/user/0/com.zjinnova.zlink/files/prodexdir/tosversion (Permission denied)
01-26 11:34:03.393 W/System.err( 9317): 	at java.io.FileOutputStream.open0(Native Method)
01-26 11:34:03.393 W/System.err( 9317): 	at java.io.FileOutputStream.open(FileOutputStream.java:308)
01-26 11:34:03.393 W/System.err( 9317): 	at java.io.FileOutputStream.<init>(FileOutputStream.java:238)
01-26 11:34:03.393 W/System.err( 9317): 	at java.io.FileOutputStream.<init>(FileOutputStream.java:180)
01-26 11:34:03.393 W/System.err( 9317): 	at com.wrapper.proxyapplication.Util.UnzipFile(Util.java:205)
01-26 11:34:03.393 W/System.err( 9317): 	at com.wrapper.proxyapplication.Util.PrepareSecurefiles(Util.java:554)
01-26 11:34:03.393 W/System.err( 9317): 	at com.zjinnova.zlink.MyWrapperProxyApplication.initProxyApplication(MyWrapperProxyApplication.java:33)
01-26 11:34:03.393 W/System.err( 9317): 	at com.wrapper.proxyapplication.WrapperProxyApplication.attachBaseContext(WrapperProxyApplication.java:459)
01-26 11:34:03.393 W/System.err( 9317): 	at android.app.Application.attach(Application.java:212)
01-26 11:34:03.393 W/System.err( 9317): 	at android.app.Instrumentation.newApplication(Instrumentation.java:1121)
01-26 11:34:03.393 W/System.err( 9317): 	at android.app.LoadedApk.makeApplication(LoadedApk.java:1064)
01-26 11:34:03.393 W/System.err( 9317): 	at android.app.ActivityThread.handleBindApplication(ActivityThread.java:5873)
01-26 11:34:03.393 W/System.err( 9317): 	at android.app.ActivityThread.access$1200(ActivityThread.java:206)
01-26 11:34:03.393 W/System.err( 9317): 	at android.app.ActivityThread$H.handleMessage(ActivityThread.java:1678)
01-26 11:34:03.393 W/System.err( 9317): 	at android.os.Handler.dispatchMessage(Handler.java:106)
01-26 11:34:03.393 W/System.err( 9317): 	at android.os.Looper.loop(Looper.java:193)
01-26 11:34:03.393 W/System.err( 9317): 	at android.app.ActivityThread.main(ActivityThread.java:6702)
01-26 11:34:03.393 W/System.err( 9317): 	at java.lang.reflect.Method.invoke(Native Method)
01-26 11:34:03.393 W/System.err( 9317): 	at com.android.internal.os.RuntimeInit$MethodAndArgsCaller.run(RuntimeInit.java:493)
01-26 11:34:03.393 W/System.err( 9317): 	at com.android.internal.os.ZygoteInit.main(ZygoteInit.java:911)
01-26 11:34:03.465 D/DisplayManagerService(  615): Display listener for pid 9317 died.
01-26 11:34:03.465 I/ActivityManager(  615): Process com.zjinnova.zlink (pid 9317) has died: fore SVC 
01-26 11:34:03.465 W/libprocessgroup(  615): kill(-9317, 9) failed: No such process
01-26 11:34:03.465 W/ActivityManager(  615): Scheduling restart of crashed service com.zjinnova.zlink/com.zjinnova.android.zlink.features.service.DaemonService in 4000ms
01-26 11:34:03.465 I/libprocessgroup(  615): Successfully killed process cgroup uid 10115 pid 9317 in 0ms
01-26 11:34:03.467 I/SourceService(  615): Activity DIED(), com.zjinnova.zlink | com.zjinnova.zlink
01-26 11:34:04.121 W/ps      ( 9334): type=1400 audit(0.0:7103): avc: denied { getattr } for path="/dev/console" dev="tmpfs" ino=9361 scontext=u:r:z-link:s0 tcontext=u:object_r:console_device:s0 tclass=chr_file permissive=0
01-26 11:34:04.151 W/ps      ( 9334): type=1400 audit(0.0:7107): avc: denied { getattr } for path="/dev/pts/0" dev="devpts" ino=3 scontext=u:r:z-link:s0 tcontext=u:object_r:devpts:s0 tclass=chr_file permissive=0
01-26 11:34:04.180 D/btopt   (  782): zlink wake_up_apk_server: cmd = 'export PATH=$PATH:/system/bin/;am start-service -a "zjinnova.android.intent.action.ZLINK_SERVICE" &'
01-26 11:34:04.215 D/AES     (  615): AEEIOCTL_GET/SET_SF_STATE IOCTL ERROR: open /dev/RT_Monitor failed.
01-26 11:34:04.215 D/AES     (  615): RT Monitor ERROR: open /dev/RT_Monitor failed.
01-26 11:34:04.253 I/ActivityManager(  615): Start proc 9345:com.zjinnova.zlink/u0a115 for service com.zjinnova.zlink/com.zjinnova.android.zlink.features.service.DaemonService
01-26 11:34:04.265 E/.zjinnova.zlin( 9345): Not starting debugger since process cannot load the jdwp agent.
01-26 11:34:04.301 I/.zjinnova.zlin( 9345): The ClassLoaderContext is a special shared library.
01-26 11:34:04.308 W/.zjinnova.zlin( 9345): JIT profile information will not be recorded: profile file does not exits.
01-26 11:34:04.323 W/System.err( 9345): java.io.FileNotFoundException: /data/user/0/com.zjinnova.zlink/files/prodexdir/tosversion: open failed: EACCES (Permission denied)
01-26 11:34:04.324 W/System.err( 9345): 	at libcore.io.IoBridge.open(IoBridge.java:485)
01-26 11:34:04.324 W/System.err( 9345): 	at java.io.RandomAccessFile.<init>(RandomAccessFile.java:288)
01-26 11:34:04.324 W/System.err( 9345): 	at java.io.RandomAccessFile.<init>(RandomAccessFile.java:151)
01-26 11:34:04.324 W/System.err( 9345): 	at com.wrapper.proxyapplication.Util.PrepareSecurefiles(Util.java:362)
01-26 11:34:04.324 W/System.err( 9345): 	at com.zjinnova.zlink.MyWrapperProxyApplication.initProxyApplication(MyWrapperProxyApplication.java:33)
01-26 11:34:04.324 W/System.err( 9345): 	at com.wrapper.proxyapplication.WrapperProxyApplication.attachBaseContext(WrapperProxyApplication.java:459)
01-26 11:34:04.324 W/System.err( 9345): 	at android.app.Application.attach(Application.java:212)
01-26 11:34:04.324 W/System.err( 9345): 	at android.app.Instrumentation.newApplication(Instrumentation.java:1121)
01-26 11:34:04.324 W/System.err( 9345): 	at android.app.LoadedApk.makeApplication(LoadedApk.java:1064)
01-26 11:34:04.324 W/System.err( 9345): 	at android.app.ActivityThread.handleBindApplication(ActivityThread.java:5873)
01-26 11:34:04.324 W/System.err( 9345): 	at android.app.ActivityThread.access$1200(ActivityThread.java:206)
01-26 11:34:04.324 W/System.err( 9345): 	at android.app.ActivityThread$H.handleMessage(ActivityThread.java:1678)
01-26 11:34:04.324 W/System.err( 9345): 	at android.os.Handler.dispatchMessage(Handler.java:106)
01-26 11:34:04.324 W/System.err( 9345): 	at android.os.Looper.loop(Looper.java:193)
01-26 11:34:04.324 W/System.err( 9345): 	at android.app.ActivityThread.main(ActivityThread.java:6702)
01-26 11:34:04.324 W/System.err( 9345): 	at java.lang.reflect.Method.invoke(Native Method)
01-26 11:34:04.324 W/System.err( 9345): 	at com.android.internal.os.RuntimeInit$MethodAndArgsCaller.run(RuntimeInit.java:493)
01-26 11:34:04.324 W/System.err( 9345): 	at com.android.internal.os.ZygoteInit.main(ZygoteInit.java:911)
01-26 11:34:04.325 W/System.err( 9345): Caused by: android.system.ErrnoException: open failed: EACCES (Permission denied)
01-26 11:34:04.325 W/System.err( 9345): 	at libcore.io.Linux.open(Native Method)
01-26 11:34:04.325 W/System.err( 9345): 	at libcore.io.BlockGuardOs.open(BlockGuardOs.java:210)
01-26 11:34:04.325 W/System.err( 9345): 	at libcore.io.IoBridge.open(IoBridge.java:471)
01-26 11:34:04.325 W/System.err( 9345): 	... 17 more
01-26 11:34:04.326 W/System.err( 9345): java.io.FileNotFoundException: /data/user/0/com.zjinnova.zlink/files/prodexdir/tosversion (Permission denied)
01-26 11:34:04.326 W/System.err( 9345): 	at java.io.FileOutputStream.open0(Native Method)
01-26 11:34:04.326 W/System.err( 9345): 	at java.io.FileOutputStream.open(FileOutputStream.java:308)
01-26 11:34:04.326 W/System.err( 9345): 	at java.io.FileOutputStream.<init>(FileOutputStream.java:238)
01-26 11:34:04.326 W/System.err( 9345): 	at java.io.FileOutputStream.<init>(FileOutputStream.java:180)
01-26 11:34:04.326 W/System.err( 9345): 	at com.wrapper.proxyapplication.Util.UnzipFile(Util.java:205)
01-26 11:34:04.326 W/System.err( 9345): 	at com.wrapper.proxyapplication.Util.PrepareSecurefiles(Util.java:554)
01-26 11:34:04.326 W/System.err( 9345): 	at com.zjinnova.zlink.MyWrapperProxyApplication.initProxyApplication(MyWrapperProxyApplication.java:33)
01-26 11:34:04.326 W/System.err( 9345): 	at com.wrapper.proxyapplication.WrapperProxyApplication.attachBaseContext(WrapperProxyApplication.java:459)
01-26 11:34:04.326 W/System.err( 9345): 	at android.app.Application.attach(Application.java:212)
01-26 11:34:04.326 W/System.err( 9345): 	at android.app.Instrumentation.newApplication(Instrumentation.java:1121)
01-26 11:34:04.326 W/System.err( 9345): 	at android.app.LoadedApk.makeApplication(LoadedApk.java:1064)
01-26 11:34:04.326 W/System.err( 9345): 	at android.app.ActivityThread.handleBindApplication(ActivityThread.java:5873)
01-26 11:34:04.326 W/System.err( 9345): 	at android.app.ActivityThread.access$1200(ActivityThread.java:206)
01-26 11:34:04.326 W/System.err( 9345): 	at android.app.ActivityThread$H.handleMessage(ActivityThread.java:1678)
01-26 11:34:04.326 W/System.err( 9345): 	at android.os.Handler.dispatchMessage(Handler.java:106)
01-26 11:34:04.326 W/System.err( 9345): 	at android.os.Looper.loop(Looper.java:193)
01-26 11:34:04.326 W/System.err( 9345): 	at android.app.ActivityThread.main(ActivityThread.java:6702)
01-26 11:34:04.326 W/System.err( 9345): 	at java.lang.reflect.Method.invoke(Native Method)
01-26 11:34:04.326 W/System.err( 9345): 	at com.android.internal.os.RuntimeInit$MethodAndArgsCaller.run(RuntimeInit.java:493)
01-26 11:34:04.326 W/System.err( 9345): 	at com.android.internal.os.ZygoteInit.main(ZygoteInit.java:911)
01-26 11:34:04.334 D/pseudo  (  461): mtk_gps_sys_nmea_output_to_mnld: received 467 bytes:
01-26 11:34:04.335 D/pseudo  (  461): mtk_gps_sys_nmea_output_to_app: len:467, [NMEA]$GPGGA,002815.00...
01-26 11:34:04.335 D/        (  461): mtk_gps_sys_gps_mnl_callback: msg:0
01-26 11:34:04.335 D/        (  461): send_active_notify: send clean nmea timer cmd!
01-26 11:34:04.335 D/        (  461): mtk_gps_sys_gps_mnl_callback: MTK_GPS_MSG_FIX_READY,GET_RTC_FAIL
01-26 11:34:04.335 D/pseudo  (  461): mtk_gps_sys_nmea_output_to_app: len:46, [vAGPS_Auto_Req]:g_FirstDbtt:0,u2BitMap:0x12f
01-26 11:34:04.335 D/        (  461): gps_control_thread: gps_control_thread wait
01-26 11:34:04.339 I/GnssLocationProvider(  615): WakeLock acquired by sendMessage(REPORT_SV_STATUS, 0, com.android.server.location.GnssLocationProvider$SvStatusInfo@c83d836)
01-26 11:34:04.339 I/GnssLocationProvider(  615): WakeLock released by handleMessage(REPORT_SV_STATUS, 0, com.android.server.location.GnssLocationProvider$SvStatusInfo@c83d836)
01-26 11:34:04.405 D/DisplayManagerService(  615): Display listener for pid 9345 died.
