01-26 11:36:46.679 W/System.err(13470): 	at com.zjinnova.zlink.MyWrapperProxyApplication.initProxyApplication(MyWrapperProxyApplication.java:33)
01-26 11:36:46.679 W/System.err(13470): 	at com.wrapper.proxyapplication.WrapperProxyApplication.attachBaseContext(WrapperProxyApplication.java:459)
01-26 11:36:46.679 W/System.err(13470): 	at android.app.Application.attach(Application.java:212)
01-26 11:36:46.679 W/System.err(13470): 	at android.app.Instrumentation.newApplication(Instrumentation.java:1121)
01-26 11:36:46.679 W/System.err(13470): 	at android.app.LoadedApk.makeApplication(LoadedApk.java:1064)
01-26 11:36:46.679 W/System.err(13470): 	at android.app.ActivityThread.handleBindApplication(ActivityThread.java:5873)
01-26 11:36:46.679 W/System.err(13470): 	at android.app.ActivityThread.access$1200(ActivityThread.java:206)
01-26 11:36:46.679 W/System.err(13470): 	at android.app.ActivityThread$H.handleMessage(ActivityThread.java:1678)
01-26 11:36:46.679 W/System.err(13470): 	at android.os.Handler.dispatchMessage(Handler.java:106)
01-26 11:36:46.679 W/System.err(13470): 	at android.os.Looper.loop(Looper.java:193)
01-26 11:36:46.679 W/System.err(13470): 	at android.app.ActivityThread.main(ActivityThread.java:6702)
01-26 11:36:46.679 W/System.err(13470): 	at java.lang.reflect.Method.invoke(Native Method)
01-26 11:36:46.679 W/System.err(13470): 	at com.android.internal.os.RuntimeInit$MethodAndArgsCaller.run(RuntimeInit.java:493)
01-26 11:36:46.679 W/System.err(13470): 	at com.android.internal.os.ZygoteInit.main(ZygoteInit.java:911)
01-26 11:36:46.732 I/ActivityManager(  615): Process com.zjinnova.zlink (pid 13470) has died: fore SVC 
01-26 11:36:46.732 D/DisplayManagerService(  615): Display listener for pid 13470 died.
01-26 11:36:46.732 W/ActivityManager(  615): Canceling start item Intent { act=zjinnova.android.intent.action.ZLINK_SERVICE } in service ComponentInfo{com.zjinnova.zlink/com.zjinnova.android.zlink.features.service.DaemonService}
01-26 11:36:46.732 W/ActivityManager(  615): Scheduling restart of crashed service com.zjinnova.zlink/com.zjinnova.android.zlink.features.service.DaemonService in 1000ms
01-26 11:36:46.733 W/libprocessgroup(  615): kill(-13470, 9) failed: No such process
01-26 11:36:46.733 I/libprocessgroup(  615): Successfully killed process cgroup uid 10115 pid 13470 in 0ms
01-26 11:36:46.734 I/SourceService(  615): Activity DIED(), com.zjinnova.zlink | com.zjinnova.zlink
01-26 11:36:47.334 D/pseudo  (  461): mtk_gps_sys_nmea_output_to_mnld: received 467 bytes:
01-26 11:36:47.335 D/pseudo  (  461): mtk_gps_sys_nmea_output_to_app: len:467, [NMEA]$GPGGA,003058.00...
01-26 11:36:47.335 D/        (  461): mtk_gps_sys_gps_mnl_callback: msg:0
01-26 11:36:47.335 D/        (  461): send_active_notify: send clean nmea timer cmd!
01-26 11:36:47.335 D/        (  461): mtk_gps_sys_gps_mnl_callback: MTK_GPS_MSG_FIX_READY,GET_RTC_FAIL
01-26 11:36:47.335 D/pseudo  (  461): mtk_gps_sys_nmea_output_to_app: len:46, [vAGPS_Auto_Req]:g_FirstDbtt:0,u2BitMap:0x12f
01-26 11:36:47.335 D/        (  461): gps_control_thread: gps_control_thread wait
01-26 11:36:47.337 I/GnssLocationProvider(  615): WakeLock acquired by sendMessage(REPORT_SV_STATUS, 0, com.android.server.location.GnssLocationProvider$SvStatusInfo@aad8f75)
01-26 11:36:47.338 I/GnssLocationProvider(  615): WakeLock released by handleMessage(REPORT_SV_STATUS, 0, com.android.server.location.GnssLocationProvider$SvStatusInfo@aad8f75)
01-26 11:36:47.749 I/ActivityManager(  615): Start proc 13491:com.zjinnova.zlink/u0a115 for service com.zjinnova.zlink/com.zjinnova.android.zlink.features.service.DaemonService
01-26 11:36:47.754 E/.zjinnova.zlin(13491): Not starting debugger since process cannot load the jdwp agent.
01-26 11:36:47.788 I/.zjinnova.zlin(13491): The ClassLoaderContext is a special shared library.
01-26 11:36:47.794 W/.zjinnova.zlin(13491): JIT profile information will not be recorded: profile file does not exits.
01-26 11:36:47.809 W/System.err(13491): java.io.FileNotFoundException: /data/user/0/com.zjinnova.zlink/files/prodexdir/tosversion: open failed: EACCES (Permission denied)
01-26 11:36:47.809 W/System.err(13491): 	at libcore.io.IoBridge.open(IoBridge.java:485)
01-26 11:36:47.809 W/System.err(13491): 	at java.io.RandomAccessFile.<init>(RandomAccessFile.java:288)
01-26 11:36:47.809 W/System.err(13491): 	at java.io.RandomAccessFile.<init>(RandomAccessFile.java:151)
01-26 11:36:47.809 W/System.err(13491): 	at com.wrapper.proxyapplication.Util.PrepareSecurefiles(Util.java:362)
01-26 11:36:47.809 W/System.err(13491): 	at com.zjinnova.zlink.MyWrapperProxyApplication.initProxyApplication(MyWrapperProxyApplication.java:33)
01-26 11:36:47.809 W/System.err(13491): 	at com.wrapper.proxyapplication.WrapperProxyApplication.attachBaseContext(WrapperProxyApplication.java:459)
01-26 11:36:47.809 W/System.err(13491): 	at android.app.Application.attach(Application.java:212)
01-26 11:36:47.809 W/System.err(13491): 	at android.app.Instrumentation.newApplication(Instrumentation.java:1121)
01-26 11:36:47.809 W/System.err(13491): 	at android.app.LoadedApk.makeApplication(LoadedApk.java:1064)
01-26 11:36:47.809 W/System.err(13491): 	at android.app.ActivityThread.handleBindApplication(ActivityThread.java:5873)
01-26 11:36:47.809 W/System.err(13491): 	at android.app.ActivityThread.access$1200(ActivityThread.java:206)
01-26 11:36:47.809 W/System.err(13491): 	at android.app.ActivityThread$H.handleMessage(ActivityThread.java:1678)
01-26 11:36:47.809 W/System.err(13491): 	at android.os.Handler.dispatchMessage(Handler.java:106)
01-26 11:36:47.809 W/System.err(13491): 	at android.os.Looper.loop(Looper.java:193)
01-26 11:36:47.809 W/System.err(13491): 	at android.app.ActivityThread.main(ActivityThread.java:6702)
01-26 11:36:47.809 W/System.err(13491): 	at java.lang.reflect.Method.invoke(Native Method)
01-26 11:36:47.809 W/System.err(13491): 	at com.android.internal.os.RuntimeInit$MethodAndArgsCaller.run(RuntimeInit.java:493)
01-26 11:36:47.809 W/System.err(13491): 	at com.android.internal.os.ZygoteInit.main(ZygoteInit.java:911)
01-26 11:36:47.810 W/System.err(13491): Caused by: android.system.ErrnoException: open failed: EACCES (Permission denied)
01-26 11:36:47.810 W/System.err(13491): 	at libcore.io.Linux.open(Native Method)
01-26 11:36:47.810 W/System.err(13491): 	at libcore.io.BlockGuardOs.open(BlockGuardOs.java:210)
01-26 11:36:47.810 W/System.err(13491): 	at libcore.io.IoBridge.open(IoBridge.java:471)
01-26 11:36:47.810 W/System.err(13491): 	... 17 more
01-26 11:36:47.811 W/System.err(13491): java.io.FileNotFoundException: /data/user/0/com.zjinnova.zlink/files/prodexdir/tosversion (Permission denied)
01-26 11:36:47.811 W/System.err(13491): 	at java.io.FileOutputStream.open0(Native Method)
01-26 11:36:47.811 W/System.err(13491): 	at java.io.FileOutputStream.open(FileOutputStream.java:308)
01-26 11:36:47.811 W/System.err(13491): 	at java.io.FileOutputStream.<init>(FileOutputStream.java:238)
01-26 11:36:47.811 W/System.err(13491): 	at java.io.FileOutputStream.<init>(FileOutputStream.java:180)
01-26 11:36:47.811 W/System.err(13491): 	at com.wrapper.proxyapplication.Util.UnzipFile(Util.java:205)
01-26 11:36:47.811 W/System.err(13491): 	at com.wrapper.proxyapplication.Util.PrepareSecurefiles(Util.java:554)
01-26 11:36:47.811 W/System.err(13491): 	at com.zjinnova.zlink.MyWrapperProxyApplication.initProxyApplication(MyWrapperProxyApplication.java:33)
01-26 11:36:47.811 W/System.err(13491): 	at com.wrapper.proxyapplication.WrapperProxyApplication.attachBaseContext(WrapperProxyApplication.java:459)
01-26 11:36:47.811 W/System.err(13491): 	at android.app.Application.attach(Application.java:212)
01-26 11:36:47.811 W/System.err(13491): 	at android.app.Instrumentation.newApplication(Instrumentation.java:1121)
01-26 11:36:47.811 W/System.err(13491): 	at android.app.LoadedApk.makeApplication(LoadedApk.java:1064)
01-26 11:36:47.811 W/System.err(13491): 	at android.app.ActivityThread.handleBindApplication(ActivityThread.java:5873)
01-26 11:36:47.811 W/System.err(13491): 	at android.app.ActivityThread.access$1200(ActivityThread.java:206)
01-26 11:36:47.811 W/System.err(13491): 	at android.app.ActivityThread$H.handleMessage(ActivityThread.java:1678)
01-26 11:36:47.811 W/System.err(13491): 	at android.os.Handler.dispatchMessage(Handler.java:106)
01-26 11:36:47.811 W/System.err(13491): 	at android.os.Looper.loop(Looper.java:193)
01-26 11:36:47.811 W/System.err(13491): 	at android.app.ActivityThread.main(ActivityThread.java:6702)
01-26 11:36:47.811 W/System.err(13491): 	at java.lang.reflect.Method.invoke(Native Method)
01-26 11:36:47.811 W/System.err(13491): 	at com.android.internal.os.RuntimeInit$MethodAndArgsCaller.run(RuntimeInit.java:493)
01-26 11:36:47.811 W/System.err(13491): 	at com.android.internal.os.ZygoteInit.main(ZygoteInit.java:911)
01-26 11:36:47.885 D/DisplayManagerService(  615): Display listener for pid 13491 died.
01-26 11:36:47.886 I/ActivityManager(  615): Process com.zjinnova.zlink (pid 13491) has died: fore SVC 
01-26 11:36:47.886 W/ActivityManager(  615): Scheduling restart of crashed service com.zjinnova.zlink/com.zjinnova.android.zlink.features.service.DaemonService in 4000ms
01-26 11:36:47.887 I/SourceService(  615): Activity DIED(), com.zjinnova.zlink | com.zjinnova.zlink
01-26 11:36:47.887 W/libprocessgroup(  615): kill(-13491, 9) failed: No such process
01-26 11:36:47.889 I/libprocessgroup(  615): Successfully killed process cgroup uid 10115 pid 13491 in 3ms
01-26 11:36:48.334 D/pseudo  (  461): mtk_gps_sys_nmea_output_to_mnld: received 467 bytes:
01-26 11:36:48.335 D/pseudo  (  461): mtk_gps_sys_nmea_output_to_app: len:467, [NMEA]$GPGGA,003059.00...
01-26 11:36:48.338 I/GnssLocationProvider(  615): WakeLock acquired by sendMessage(REPORT_SV_STATUS, 0, com.android.server.location.GnssLocationProvider$SvStatusInfo@719eb0a)
01-26 11:36:48.340 I/GnssLocationProvider(  615): WakeLock released by handleMessage(REPORT_SV_STATUS, 0, com.android.server.location.GnssLocationProvider$SvStatusInfo@719eb0a)
01-26 11:36:48.343 D/        (  461): mtk_gps_sys_gps_mnl_callback: msg:0
01-26 11:36:48.343 D/        (  461): send_active_notify: send clean nmea timer cmd!
01-26 11:36:48.344 D/        (  461): gps_control_thread: gps_control_thread wait
01-26 11:36:48.345 D/        (  461): mtk_gps_sys_gps_mnl_callback: MTK_GPS_MSG_FIX_READY,GET_RTC_FAIL
01-26 11:36:48.345 D/pseudo  (  461): mtk_gps_sys_nmea_output_to_app: len:46, [vAGPS_Auto_Req]:g_FirstDbtt:0,u2BitMap:0x12f
01-26 11:36:48.600 E/WifiVendorHal(  615): getWifiLinkLayerStats(l.937) failed {.code = ERROR_NOT_SUPPORTED, .description = }
01-26 11:36:48.673 W/ps      (13509): type=1400 audit(0.0:7941): avc: denied { getattr } for path="/dev/console" dev="tmpfs" ino=9361 scontext=u:r:z-link:s0 tcontext=u:object_r:console_device:s0 tclass=chr_file permissive=0
01-26 11:36:48.673 I/chatty  (13509): uid=0(root) ps identical 1 line
01-26 11:36:48.673 W/ps      (13509): type=1400 audit(0.0:7943): avc: denied { getattr } for path="/dev/console" dev="tmpfs" ino=9361 scontext=u:r:z-link:s0 tcontext=u:object_r:console_device:s0 tclass=chr_file permissive=0
01-26 11:36:48.673 W/ps      (13509): type=1400 audit(0.0:7944): avc: denied { read } for name="drivers" dev="proc" ino=4026531853 scontext=u:r:z-link:s0 tcontext=u:object_r:proc_tty_drivers:s0 tclass=file permissive=0
01-26 11:36:48.699 W/ps      (13509): type=1400 audit(0.0:7945): avc: denied { getattr } for path="/dev/pts/0" dev="devpts" ino=3 scontext=u:r:z-link:s0 tcontext=u:object_r:devpts:s0 tclass=chr_file permissive=0
01-26 11:36:48.734 D/btopt   (  782): zlink wake_up_apk_server: cmd = 'export PATH=$PATH:/system/bin/;am start-service -a "zjinnova.android.intent.action.ZLINK_SERVICE" &'
01-26 11:36:48.808 I/ActivityManager(  615): Start proc 13519:com.zjinnova.zlink/u0a115 for service com.zjinnova.zlink/com.zjinnova.android.zlink.features.service.DaemonService
01-26 11:36:48.821 E/.zjinnova.zlin(13519): Not starting debugger since process cannot load the jdwp agent.
01-26 11:36:48.855 I/.zjinnova.zlin(13519): The ClassLoaderContext is a special shared library.
01-26 11:36:48.862 W/.zjinnova.zlin(13519): JIT profile information will not be recorded: profile file does not exits.
01-26 11:36:48.877 W/System.err(13519): java.io.FileNotFoundException: /data/user/0/com.zjinnova.zlink/files/prodexdir/tosversion: open failed: EACCES (Permission denied)
01-26 11:36:48.877 W/System.err(13519): 	at libcore.io.IoBridge.open(IoBridge.java:485)
01-26 11:36:48.877 W/System.err(13519): 	at java.io.RandomAccessFile.<init>(RandomAccessFile.java:288)
01-26 11:36:48.877 W/System.err(13519): 	at java.io.RandomAccessFile.<init>(RandomAccessFile.java:151)
01-26 11:36:48.877 W/System.err(13519): 	at com.wrapper.proxyapplication.Util.PrepareSecurefiles(Util.java:362)
01-26 11:36:48.877 W/System.err(13519): 	at com.zjinnova.zlink.MyWrapperProxyApplication.initProxyApplication(MyWrapperProxyApplication.java:33)
01-26 11:36:48.877 W/System.err(13519): 	at com.wrapper.proxyapplication.WrapperProxyApplication.attachBaseContext(WrapperProxyApplication.java:459)
01-26 11:36:48.877 W/System.err(13519): 	at android.app.Application.attach(Application.java:212)
01-26 11:36:48.877 W/System.err(13519): 	at android.app.Instrumentation.newApplication(Instrumentation.java:1121)
01-26 11:36:48.877 W/System.err(13519): 	at android.app.LoadedApk.makeApplication(LoadedApk.java:1064)
01-26 11:36:48.877 W/System.err(13519): 	at android.app.ActivityThread.handleBindApplication(ActivityThread.java:5873)
01-26 11:36:48.877 W/System.err(13519): 	at android.app.ActivityThread.access$1200(ActivityThread.java:206)
01-26 11:36:48.877 W/System.err(13519): 	at android.app.ActivityThread$H.handleMessage(ActivityThread.java:1678)
01-26 11:36:48.877 W/System.err(13519): 	at android.os.Handler.dispatchMessage(Handler.java:106)
01-26 11:36:48.877 W/System.err(13519): 	at android.os.Looper.loop(Looper.java:193)
01-26 11:36:48.877 W/System.err(13519): 	at android.app.ActivityThread.main(ActivityThread.java:6702)
01-26 11:36:48.878 W/System.err(13519): 	at java.lang.reflect.Method.invoke(Native Method)
01-26 11:36:48.878 W/System.err(13519): 	at com.android.internal.os.RuntimeInit$MethodAndArgsCaller.run(RuntimeInit.java:493)
01-26 11:36:48.878 W/System.err(13519): 	at com.android.internal.os.ZygoteInit.main(ZygoteInit.java:911)
01-26 11:36:48.878 W/System.err(13519): Caused by: android.system.ErrnoException: open failed: EACCES (Permission denied)
01-26 11:36:48.878 W/System.err(13519): 	at libcore.io.Linux.open(Native Method)
01-26 11:36:48.878 W/System.err(13519): 	at libcore.io.BlockGuardOs.open(BlockGuardOs.java:210)
01-26 11:36:48.878 W/System.err(13519): 	at libcore.io.IoBridge.open(IoBridge.java:471)
01-26 11:36:48.878 W/System.err(13519): 	... 17 more
01-26 11:36:48.879 W/System.err(13519): java.io.FileNotFoundException: /data/user/0/com.zjinnova.zlink/files/prodexdir/tosversion (Permission denied)
01-26 11:36:48.879 W/System.err(13519): 	at java.io.FileOutputStream.open0(Native Method)
01-26 11:36:48.879 W/System.err(13519): 	at java.io.FileOutputStream.open(FileOutputStream.java:308)
01-26 11:36:48.879 W/System.err(13519): 	at java.io.FileOutputStream.<init>(FileOutputStream.java:238)
01-26 11:36:48.879 W/System.err(13519): 	at java.io.FileOutputStream.<init>(FileOutputStream.java:180)
01-26 11:36:48.879 W/System.err(13519): 	at com.wrapper.proxyapplication.Util.UnzipFile(Util.java:205)
01-26 11:36:48.879 W/System.err(13519): 	at com.wrapper.proxyapplication.Util.PrepareSecurefiles(Util.java:554)
01-26 11:36:48.879 W/System.err(13519): 	at com.zjinnova.zlink.MyWrapperProxyApplication.initProxyApplication(MyWrapperProxyApplication.java:33)
01-26 11:36:48.879 W/System.err(13519): 	at com.wrapper.proxyapplication.WrapperProxyApplication.attachBaseContext(WrapperProxyApplication.java:459)
01-26 11:36:48.879 W/System.err(13519): 	at android.app.Application.attach(Application.java:212)
01-26 11:36:48.879 W/System.err(13519): 	at android.app.Instrumentation.newApplication(Instrumentation.java:1121)
01-26 11:36:48.879 W/System.err(13519): 	at android.app.LoadedApk.makeApplication(LoadedApk.java:1064)
01-26 11:36:48.879 W/System.err(13519): 	at android.app.ActivityThread.handleBindApplication(ActivityThread.java:5873)
01-26 11:36:48.879 W/System.err(13519): 	at android.app.ActivityThread.access$1200(ActivityThread.java:206)
01-26 11:36:48.879 W/System.err(13519): 	at android.app.ActivityThread$H.handleMessage(ActivityThread.java:1678)
01-26 11:36:48.879 W/System.err(13519): 	at android.os.Handler.dispatchMessage(Handler.java:106)
01-26 11:36:48.879 W/System.err(13519): 	at android.os.Looper.loop(Looper.java:193)
01-26 11:36:48.879 W/System.err(13519): 	at android.app.ActivityThread.main(ActivityThread.java:6702)
01-26 11:36:48.879 W/System.err(13519): 	at java.lang.reflect.Method.invoke(Native Method)
01-26 11:36:48.879 W/System.err(13519): 	at com.android.internal.os.RuntimeInit$MethodAndArgsCaller.run(RuntimeInit.java:493)
01-26 11:36:48.879 W/System.err(13519): 	at com.android.internal.os.ZygoteInit.main(ZygoteInit.java:911)
01-26 11:36:48.921 D/DisplayManagerService(  615): Display listener for pid 13519 died.
01-26 11:36:48.922 I/ActivityManager(  615): Process com.zjinnova.zlink (pid 13519) has died: fore SVC 
01-26 11:36:48.922 W/libprocessgroup(  615): kill(-13519, 9) failed: No such process
01-26 11:36:48.922 I/libprocessgroup(  615): Successfully killed process cgroup uid 10115 pid 13519 in 0ms
01-26 11:36:48.923 W/ActivityManager(  615): Canceling start item Intent { act=zjinnova.android.intent.action.ZLINK_SERVICE } in service ComponentInfo{com.zjinnova.zlink/com.zjinnova.android.zlink.features.service.DaemonService}
01-26 11:36:48.923 W/ActivityManager(  615): Scheduling restart of crashed service com.zjinnova.zlink/com.zjinnova.android.zlink.features.service.DaemonService in 1000ms
01-26 11:36:48.924 I/SourceService(  615): Activity DIED(), com.zjinnova.zlink | com.zjinnova.zlink
01-26 11:36:49.001 I/teststub(  455): Free memory 865MBytes.
01-26 11:36:49.174 I/ADB_SERVICES( 4402): service_to_fd shell,v2:export ANDROID_LOG_TAGS=''; exec logcat '-d' '-v' 'time' '-t' '2000'
01-26 11:36:49.245 D/BTAdapterService( 1298): MSG_AutoConnect
01-26 11:36:49.246 D/BTAdapterService( 1298): isBluetoothEnable:true
01-26 11:36:49.247 D/BTAdapterService( 1298): MSG_AUTO_CONNECT times=57 delay:30000
01-26 11:36:49.247 D/CachedBluetoothDeviceManager( 1298): findDeviceByAddr() == A8:6A:86:B3:96:EA
01-26 11:36:49.253 D/BTAdapterService( 1298): startConnect A8:6A:86:B3:96:EA
01-26 11:36:49.254 D/Car_CachedBluetoothDevice( 1298): Address:A8:6A:86:B3:96:EA Profile:HEADSET_CLIENT isPreferred : true
01-26 11:36:49.256 D/Car_CachedBluetoothDevice( 1298): connectInt, mDevice = A8:6A:86:B3:96:EA
01-26 11:36:49.258 D/BluetoothHeadsetClient( 1298): connect(A8:6A:86:B3:96:EA)
01-26 11:36:49.259 D/Car_CachedBluetoothDevice( 1298): Command sent successfully:CONNECT Address:A8:6A:86:B3:96:EA Profile:HEADSET_CLIENT
01-26 11:36:49.259 D/HeadsetClientStateMachine( 1152): Disconnected process message: 1
01-26 11:36:49.259 I/bt_btif_queue( 1152): queue_int_add: adding connection request: address=a8:6a:86:b3:96:ea UUID=111E busy=false
01-26 11:36:49.260 I/bt_btif_queue( 1152): btif_queue_connect_next: executing connection request: address=a8:6a:86:b3:96:ea UUID=111E busy=false
01-26 11:36:49.260 E/bt_btif ( 1152): is_connected: not connected!
01-26 11:36:49.260 W/bt_btif ( 1152): bta_hf_client_find_cb_by_bda: bdaddr mismatch for handle 0 alloc 0
01-26 11:36:49.260 E/bt_btif ( 1152): bta_hf_client_find_cb_by_bda: block not found
01-26 11:36:49.262 I/McuService(  615): headset state changing to : 1
01-26 11:36:49.262 I/SourceService(  615): headset state changed. device : A8:6A:86:B3:96:EA, state : 1
01-26 11:36:49.262 V/BluetoothEventManager(  812): Received android.bluetooth.headsetclient.profile.action.CONNECTION_STATE_CHANGED
01-26 11:36:49.263 D/AdapterProperties( 1152): PROFILE_CONNECTION_STATE_CHANGE: profile=16, device=A8:6A:86:B3:96:EA, 0 -> 1
01-26 11:36:49.264 D/AdapterProperties( 1152): ADAPTER_CONNECTION_STATE_CHANGE: A8:6A:86:B3:96:EA: 0 -> 1
01-26 11:36:49.265 W/BroadcastQueue(  615): Background execution not allowed: receiving Intent { act=android.bluetooth.adapter.action.CONNECTION_STATE_CHANGED flg=0x4000010 (has extras) } to com.google.android.gms/.chimera.GmsIntentOperationService$PersistentTrustedReceiver
01-26 11:36:49.266 D/CachedBluetoothDevice(  812): onProfileStateChanged: profile HEADSET_CLIENT newProfileState 1
01-26 11:36:49.266 D/Car_CachedBluetoothDevice( 1298): Address:A8:6A:86:B3:96:EA Profile:A2DPSink isPreferred : true
01-26 11:36:49.267 I/wpa_supplicant( 1223): wpa_driver_nl80211_driver_cmd: wlan0 recv cmd BTCOEXSCAN-START
01-26 11:36:49.269 D/BluetoothController(  812): updateConnected: devices size=0 state=1
01-26 11:36:49.269 D/BluetoothController(  812): updateConnected: state=1 mConnectionState=0
01-26 11:36:49.270 D/BluetoothController(  812): updateConnected: devices size=0 state=1
01-26 11:36:49.270 D/Car_CachedBluetoothDevice( 1298): connectInt, mDevice = A8:6A:86:B3:96:EA
01-26 11:36:49.270 D/BluetoothController(  812): updateConnected: state=1 mConnectionState=1
01-26 11:36:49.275 D/BluetoothController(  812): updateConnected: devices size=0 state=1
01-26 11:36:49.275 D/BluetoothController(  812): updateConnected: state=1 mConnectionState=1
01-26 11:36:49.276 D/BufferQueueProducer(  386): [StatusBar#0](this:0xb0ec4000,id:5,api:1,p:812,c:386) queueBuffer: fps=0.14 dur=14600.32 max=14583.80 min=16.53
01-26 11:36:49.278 D/BluetoothA2dpSink( 1298): connect(A8:6A:86:B3:96:EA)
01-26 11:36:49.279 D/A2dpSinkStateMachine( 1152): Disconnected process message: 1
01-26 11:36:49.279 D/Car_CachedBluetoothDevice( 1298): Command sent successfully:CONNECT Address:A8:6A:86:B3:96:EA Profile:A2DPSink
01-26 11:36:49.279 D/Car_CachedBluetoothDevice( 1298): Address:A8:6A:86:B3:96:EA Profile:PAN isPreferred : true
01-26 11:36:49.279 I/BluetoothA2dpSinkServiceJni( 1152): connectA2dpNative: sBluetoothA2dpInterface: 0x8b9657d8
01-26 11:36:49.279 I/btif_av ( 1152): sink_connect_src: Peer a8:6a:86:b3:96:ea
01-26 11:36:49.279 D/A2dpSinkStateMachine( 1152): Exit Disconnected: 1
01-26 11:36:49.280 D/A2dpSinkStateMachine( 1152): Enter Pending: 1
01-26 11:36:49.280 I/bt_btif_queue( 1152): queue_int_add: adding connection request: address=a8:6a:86:b3:96:ea UUID=110B busy=false
01-26 11:36:49.280 I/bt_btif_queue( 1152): btif_queue_connect_next: executing connection request: address=a8:6a:86:b3:96:ea UUID=111E busy=true
01-26 11:36:49.281 D/Car_CachedBluetoothDevice( 1298): connectInt, mDevice = A8:6A:86:B3:96:EA
01-26 11:36:49.282 V/BluetoothEventManager(  812): Received android.bluetooth.a2dp-sink.profile.action.CONNECTION_STATE_CHANGED
01-26 11:36:49.282 D/CachedBluetoothDevice(  812): onProfileStateChanged: profile A2DPSink newProfileState 1
01-26 11:36:49.282 D/A2dpSinkStateMachine( 1152): Connection state A8:6A:86:B3:96:EA: 0->1
01-26 11:36:49.283 D/AdapterProperties( 1152): PROFILE_CONNECTION_STATE_CHANGE: profile=11, device=A8:6A:86:B3:96:EA, 0 -> 1
01-26 11:36:49.284 D/BluetoothController(  812): updateConnected: devices size=0 state=1
01-26 11:36:49.284 D/BluetoothController(  812): updateConnected: state=1 mConnectionState=1
01-26 11:36:49.284 D/BluetoothPan( 1298): connect(A8:6A:86:B3:96:EA)
01-26 11:36:49.285 D/BluetoothController(  812): updateConnected: devices size=0 state=1
01-26 11:36:49.285 D/BluetoothController(  812): updateConnected: state=1 mConnectionState=1
01-26 11:36:49.285 D/BluetoothPanServiceJni( 1152): connectPanNative(L193): in
01-26 11:36:49.285 D/Car_CachedBluetoothDevice( 1298): Command sent successfully:CONNECT Address:A8:6A:86:B3:96:EA Profile:PAN
01-26 11:36:49.285 I/bt_stack( 1152): [INFO:pan_api.cc(355)] PAN_Connect for BD Addr: a8:6a:86:b3:96:ea
01-26 11:36:49.286 I/bt_stack( 1152): [INFO:bnep_api.cc(133)] BNEP_Connect BDA:a8:6a:86:b3:96:ea
01-26 11:36:49.286 D/BluetoothPanServiceJni( 1152): connection_state_callback(L82): state:1, local_role:2, remote_role:1
01-26 11:36:49.286 I/PanService( 1152): state 1 Num of connected pan devices: 0
01-26 11:36:49.286 D/PanService( 1152): handlePanDeviceStateChange preState: 0 state: 1
01-26 11:36:49.286 D/PanService( 1152): handlePanDeviceStateChange LOCAL_PANU_ROLE:REMOTE_NAP_ROLE state = 1, prevState = 0
01-26 11:36:49.286 D/PanService( 1152): Pan Device state : device: A8:6A:86:B3:96:EA State:0->1
01-26 11:36:49.288 V/BluetoothEventManager(  812): Received android.bluetooth.pan.profile.action.CONNECTION_STATE_CHANGED
01-26 11:36:49.288 D/LocalBluetoothProfileManager(  812): pan profile state change, role is 2
01-26 11:36:49.288 D/CachedBluetoothDevice(  812): onProfileStateChanged: profile PAN newProfileState 1
01-26 11:36:49.288 D/AdapterProperties( 1152): PROFILE_CONNECTION_STATE_CHANGE: profile=5, device=A8:6A:86:B3:96:EA, 0 -> 1
01-26 11:36:49.288 D/Car_CachedBluetoothDevice( 1298): Address:A8:6A:86:B3:96:EA Profile:PbapClient isPreferred : true
01-26 11:36:49.291 I/PhoneStatusBarPolicy(  812): bluetooth pan state changed by system, state : 1
01-26 11:36:49.292 D/BluetoothController(  812): updateConnected: devices size=0 state=1
01-26 11:36:49.292 D/BluetoothController(  812): updateConnected: state=1 mConnectionState=1
01-26 11:36:49.294 D/Car_CachedBluetoothDevice( 1298): connectInt, mDevice = A8:6A:86:B3:96:EA
01-26 11:36:49.295 D/SurfaceFlinger(  386): [Built-in Screen (type:0)] fps:0.136935,dur:14605.49,max:14592.27,min:13.21
01-26 11:36:49.296 D/PbapClientProfile( 1298): PBAPClientProfile attempting to connect to A8:6A:86:B3:96:EA
01-26 11:36:49.297 D/BluetoothController(  812): updateConnected: devices size=0 state=1
01-26 11:36:49.297 D/BluetoothController(  812): updateConnected: state=1 mConnectionState=1
01-26 11:36:49.298 D/PbapClientService( 1152): Received request to ConnectPBAPPhonebook A8:6A:86:B3:96:EA
01-26 11:36:49.299 D/PbapClientStateMachine( 1152): Connection state A8:6A:86:B3:96:EA: 0->1
01-26 11:36:49.299 D/Car_CachedBluetoothDevice( 1298): Command sent successfully:CONNECT Address:A8:6A:86:B3:96:EA Profile:PbapClient
01-26 11:36:49.299 D/Car_CachedBluetoothDevice( 1298): Preferred profiles = 4
01-26 11:36:49.299 V/BluetoothEventManager( 1298): Received android.bluetooth.headsetclient.profile.action.CONNECTION_STATE_CHANGED
01-26 11:36:49.299 D/CachedBluetoothDeviceManager( 1298): findDevice() == A8:6A:86:B3:96:EA
01-26 11:36:49.300 D/CachedBluetoothDeviceManager( 1298): findDevice() mCachedDevices size == 3
01-26 11:36:49.300 D/CachedBluetoothDeviceManager( 1298): findDevice() mCachedDevices == A8:6A:86:B3:96:EA
01-26 11:36:49.300 D/Car_LocalBluetoothProfileManager( 1298): StateChangedHandler cachedDevice ==A8:6A:86:B3:96:EA
01-26 11:36:49.300 D/Car_CachedBluetoothDevice( 1298): onProfileStateChanged: profile HEADSET_CLIENT newProfileState 1
01-26 11:36:49.300 V/LocalBluetoothAdapter( 1298): getBluetoothState mState:12
01-26 11:36:49.303 D/Car_CachedBluetoothDevice( 1298): localUuids : [Landroid.os.ParcelUuid;@74afb3c isA2dpSinkSupport : true
01-26 11:36:49.303 D/BTAdapterService( 1298): onReceive: HFP ACTION_CONNECTION_STATE_CHANGED 1
01-26 11:36:49.304 D/AdapterProperties( 1152): PROFILE_CONNECTION_STATE_CHANGE: profile=17, device=A8:6A:86:B3:96:EA, 0 -> 1
01-26 11:36:49.305 D/BTAdapterService( 1298): callListener: count=0
01-26 11:36:49.305 I/HfpClientService( 1298): onReceive:android.bluetooth.headsetclient.profile.action.CONNECTION_STATE_CHANGED
01-26 11:36:49.305 V/BluetoothEventManager( 1298): Received android.bluetooth.adapter.action.CONNECTION_STATE_CHANGED
01-26 11:36:49.305 D/CachedBluetoothDeviceManager( 1298): findDevice() == A8:6A:86:B3:96:EA
01-26 11:36:49.305 D/CachedBluetoothDeviceManager( 1298): findDevice() mCachedDevices size == 3
01-26 11:36:49.305 D/CachedBluetoothDeviceManager( 1298): findDevice() mCachedDevices == A8:6A:86:B3:96:EA
01-26 11:36:49.305 V/BluetoothEventManager( 1298): Received android.bluetooth.a2dp-sink.profile.action.CONNECTION_STATE_CHANGED
01-26 11:36:49.305 D/CachedBluetoothDeviceManager( 1298): findDevice() == A8:6A:86:B3:96:EA
01-26 11:36:49.305 D/CachedBluetoothDeviceManager( 1298): findDevice() mCachedDevices size == 3
01-26 11:36:49.305 D/CachedBluetoothDeviceManager( 1298): findDevice() mCachedDevices == A8:6A:86:B3:96:EA
01-26 11:36:49.305 D/Car_LocalBluetoothProfileManager( 1298): StateChangedHandler cachedDevice ==A8:6A:86:B3:96:EA
01-26 11:36:49.305 D/Car_CachedBluetoothDevice( 1298): onProfileStateChanged: profile A2DPSink newProfileState 1
01-26 11:36:49.306 V/LocalBluetoothAdapter( 1298): getBluetoothState mState:12
01-26 11:36:49.307 D/SdpManager( 1152): Starting search for UUID: 0000112f-0000-1000-8000-00805f9b34fb
01-26 11:36:49.309 D/BluetoothSdpJni( 1152): sdpSearchNative
01-26 11:36:49.309 D/BluetoothSdpJni( 1152): sdpSearchNative UUID 
01-26 11:36:49.309 W/bt_sdp  ( 1152): one SDP - active on cid = 57 
01-26 11:36:49.310 D/Car_CachedBluetoothDevice( 1298): localUuids : [Landroid.os.ParcelUuid;@fe170c5 isA2dpSinkSupport : true
01-26 11:36:49.310 D/A2dpRoleSwitcher( 1298): [changeProfileState] profile : A2DPSink, device : A8:6A:86:B3:96:EA, state : 1
01-26 11:36:49.311 D/BTAdapterService( 1298): a2dpsink connectstatus:1
01-26 11:36:49.311 D/BluetoothMusicService( 1298): A2dpStateChanged:1
01-26 11:36:49.311 D/BTAdapterService( 1298): onReceive: PanProfile state=1
01-26 11:36:49.311 V/BluetoothEventManager( 1298): Received android.bluetooth.pan.profile.action.CONNECTION_STATE_CHANGED
01-26 11:36:49.311 D/Car_LocalBluetoothProfileManager( 1298): pan profile state change, role is 2
01-26 11:36:49.311 D/CachedBluetoothDeviceManager( 1298): findDevice() == A8:6A:86:B3:96:EA
01-26 11:36:49.311 D/CachedBluetoothDeviceManager( 1298): findDevice() mCachedDevices size == 3
01-26 11:36:49.311 D/CachedBluetoothDeviceManager( 1298): findDevice() mCachedDevices == A8:6A:86:B3:96:EA
01-26 11:36:49.311 D/Car_LocalBluetoothProfileManager( 1298): StateChangedHandler cachedDevice ==A8:6A:86:B3:96:EA
01-26 11:36:49.311 D/Car_CachedBluetoothDevice( 1298): onProfileStateChanged: profile PAN newProfileState 1
01-26 11:36:49.312 V/LocalBluetoothAdapter( 1298): getBluetoothState mState:12
01-26 11:36:49.314 D/XNM_007 ( 1152): now Bt address=A8:6A:86:B3:96:EA preAddress=A8:6A:86:B3:96:EA
01-26 11:36:49.314 D/XNM_007 ( 1152): same bt notifyDBReady
01-26 11:36:49.314 D/Car_CachedBluetoothDevice( 1298): localUuids : [Landroid.os.ParcelUuid;@b73a1a isA2dpSinkSupport : true
01-26 11:36:49.315 V/BluetoothEventManager( 1298): Received android.bluetooth.pbapclient.profile.action.CONNECTION_STATE_CHANGED
01-26 11:36:49.315 D/CachedBluetoothDeviceManager( 1298): findDevice() == A8:6A:86:B3:96:EA
01-26 11:36:49.315 D/CachedBluetoothDeviceManager( 1298): findDevice() mCachedDevices size == 3
01-26 11:36:49.315 D/CachedBluetoothDeviceManager( 1298): findDevice() mCachedDevices == A8:6A:86:B3:96:EA
01-26 11:36:49.315 D/Car_LocalBluetoothProfileManager( 1298): StateChangedHandler cachedDevice ==A8:6A:86:B3:96:EA
01-26 11:36:49.315 D/Car_CachedBluetoothDevice( 1298): onProfileStateChanged: profile PbapClient newProfileState 1
01-26 11:36:49.315 V/LocalBluetoothAdapter( 1298): getBluetoothState mState:12
01-26 11:36:49.316 D/Car_CachedBluetoothDevice( 1298): localUuids : [Landroid.os.ParcelUuid;@bd3d94b isA2dpSinkSupport : true
01-26 11:36:49.316 D/BluetoothPbapClientHelper( 1298): callPbapListener: count=0
01-26 11:36:49.334 D/pseudo  (  461): mtk_gps_sys_nmea_output_to_mnld: received 467 bytes:
01-26 11:36:49.335 D/pseudo  (  461): mtk_gps_sys_nmea_output_to_app: len:467, [NMEA]$GPGGA,003100.00...
01-26 11:36:49.335 D/        (  461): mtk_gps_sys_gps_mnl_callback: msg:0
01-26 11:36:49.335 D/        (  461): send_active_notify: send clean nmea timer cmd!
01-26 11:36:49.335 D/        (  461): mtk_gps_sys_gps_mnl_callback: MTK_GPS_MSG_FIX_READY,GET_RTC_FAIL
01-26 11:36:49.335 D/pseudo  (  461): mtk_gps_sys_nmea_output_to_app: len:46, [vAGPS_Auto_Req]:g_FirstDbtt:0,u2BitMap:0x12f
01-26 11:36:49.335 D/        (  461): gps_control_thread: gps_control_thread wait
01-26 11:36:49.337 I/GnssLocationProvider(  615): WakeLock acquired by sendMessage(REPORT_SV_STATUS, 0, com.android.server.location.GnssLocationProvider$SvStatusInfo@83c6857)
01-26 11:36:49.338 I/GnssLocationProvider(  615): WakeLock released by handleMessage(REPORT_SV_STATUS, 0, com.android.server.location.GnssLocationProvider$SvStatusInfo@83c6857)
01-26 11:36:49.592 I/ADB_SERVICES( 4402): post waitpid (pid=13536) status=0000
01-26 11:36:49.592 I/ADB_SERVICES( 4402): for fd 38, revents = 2010
01-26 11:36:49.592 I/ADB_SERVICES( 4402): for fd 38, revents = 2010
01-26 11:36:49.594 I/ADB_SERVICES( 4402): ref_cnt != 0 ref_cnt=-1, id=62, peer->id=232
01-26 11:36:49.934 I/ActivityManager(  615): Start proc 13541:com.zjinnova.zlink/u0a115 for service com.zjinnova.zlink/com.zjinnova.android.zlink.features.service.DaemonService
01-26 11:36:49.945 E/.zjinnova.zlin(13541): Not starting debugger since process cannot load the jdwp agent.
01-26 11:36:49.980 I/.zjinnova.zlin(13541): The ClassLoaderContext is a special shared library.
01-26 11:36:49.986 W/.zjinnova.zlin(13541): JIT profile information will not be recorded: profile file does not exits.
01-26 11:36:50.001 W/System.err(13541): java.io.FileNotFoundException: /data/user/0/com.zjinnova.zlink/files/prodexdir/tosversion: open failed: EACCES (Permission denied)
01-26 11:36:50.002 W/System.err(13541): 	at libcore.io.IoBridge.open(IoBridge.java:485)
01-26 11:36:50.002 W/System.err(13541): 	at java.io.RandomAccessFile.<init>(RandomAccessFile.java:288)
01-26 11:36:50.002 W/System.err(13541): 	at java.io.RandomAccessFile.<init>(RandomAccessFile.java:151)
01-26 11:36:50.002 W/System.err(13541): 	at com.wrapper.proxyapplication.Util.PrepareSecurefiles(Util.java:362)
01-26 11:36:50.002 W/System.err(13541): 	at com.zjinnova.zlink.MyWrapperProxyApplication.initProxyApplication(MyWrapperProxyApplication.java:33)
01-26 11:36:50.002 W/System.err(13541): 	at com.wrapper.proxyapplication.WrapperProxyApplication.attachBaseContext(WrapperProxyApplication.java:459)
01-26 11:36:50.002 W/System.err(13541): 	at android.app.Application.attach(Application.java:212)
01-26 11:36:50.002 W/System.err(13541): 	at android.app.Instrumentation.newApplication(Instrumentation.java:1121)
01-26 11:36:50.002 W/System.err(13541): 	at android.app.LoadedApk.makeApplication(LoadedApk.java:1064)
01-26 11:36:50.002 W/System.err(13541): 	at android.app.ActivityThread.handleBindApplication(ActivityThread.java:5873)
01-26 11:36:50.002 W/System.err(13541): 	at android.app.ActivityThread.access$1200(ActivityThread.java:206)
01-26 11:36:50.002 W/System.err(13541): 	at android.app.ActivityThread$H.handleMessage(ActivityThread.java:1678)
01-26 11:36:50.002 W/System.err(13541): 	at android.os.Handler.dispatchMessage(Handler.java:106)
01-26 11:36:50.002 W/System.err(13541): 	at android.os.Looper.loop(Looper.java:193)
01-26 11:36:50.002 W/System.err(13541): 	at android.app.ActivityThread.main(ActivityThread.java:6702)
01-26 11:36:50.002 W/System.err(13541): 	at java.lang.reflect.Method.invoke(Native Method)
01-26 11:36:50.002 W/System.err(13541): 	at com.android.internal.os.RuntimeInit$MethodAndArgsCaller.run(RuntimeInit.java:493)
01-26 11:36:50.002 W/System.err(13541): 	at com.android.internal.os.ZygoteInit.main(ZygoteInit.java:911)
01-26 11:36:50.002 W/System.err(13541): Caused by: android.system.ErrnoException: open failed: EACCES (Permission denied)
01-26 11:36:50.002 W/System.err(13541): 	at libcore.io.Linux.open(Native Method)
01-26 11:36:50.002 W/System.err(13541): 	at libcore.io.BlockGuardOs.open(BlockGuardOs.java:210)
01-26 11:36:50.002 W/System.err(13541): 	at libcore.io.IoBridge.open(IoBridge.java:471)
01-26 11:36:50.002 W/System.err(13541): 	... 17 more
01-26 11:36:50.004 W/System.err(13541): java.io.FileNotFoundException: /data/user/0/com.zjinnova.zlink/files/prodexdir/tosversion (Permission denied)
01-26 11:36:50.004 W/System.err(13541): 	at java.io.FileOutputStream.open0(Native Method)
01-26 11:36:50.004 W/System.err(13541): 	at java.io.FileOutputStream.open(FileOutputStream.java:308)
01-26 11:36:50.004 W/System.err(13541): 	at java.io.FileOutputStream.<init>(FileOutputStream.java:238)
01-26 11:36:50.004 W/System.err(13541): 	at java.io.FileOutputStream.<init>(FileOutputStream.java:180)
01-26 11:36:50.004 W/System.err(13541): 	at com.wrapper.proxyapplication.Util.UnzipFile(Util.java:205)
01-26 11:36:50.004 W/System.err(13541): 	at com.wrapper.proxyapplication.Util.PrepareSecurefiles(Util.java:554)
01-26 11:36:50.004 W/System.err(13541): 	at com.zjinnova.zlink.MyWrapperProxyApplication.initProxyApplication(MyWrapperProxyApplication.java:33)
01-26 11:36:50.004 W/System.err(13541): 	at com.wrapper.proxyapplication.WrapperProxyApplication.attachBaseContext(WrapperProxyApplication.java:459)
01-26 11:36:50.004 W/System.err(13541): 	at android.app.Application.attach(Application.java:212)
01-26 11:36:50.004 W/System.err(13541): 	at android.app.Instrumentation.newApplication(Instrumentation.java:1121)
01-26 11:36:50.004 W/System.err(13541): 	at android.app.LoadedApk.makeApplication(LoadedApk.java:1064)
01-26 11:36:50.004 W/System.err(13541): 	at android.app.ActivityThread.handleBindApplication(ActivityThread.java:5873)
01-26 11:36:50.004 W/System.err(13541): 	at android.app.ActivityThread.access$1200(ActivityThread.java:206)
01-26 11:36:50.004 W/System.err(13541): 	at android.app.ActivityThread$H.handleMessage(ActivityThread.java:1678)
01-26 11:36:50.004 W/System.err(13541): 	at android.os.Handler.dispatchMessage(Handler.java:106)
01-26 11:36:50.004 W/System.err(13541): 	at android.os.Looper.loop(Looper.java:193)
01-26 11:36:50.004 W/System.err(13541): 	at android.app.ActivityThread.main(ActivityThread.java:6702)
01-26 11:36:50.005 W/System.err(13541): 	at java.lang.reflect.Method.invoke(Native Method)
01-26 11:36:50.005 W/System.err(13541): 	at com.android.internal.os.RuntimeInit$MethodAndArgsCaller.run(RuntimeInit.java:493)
01-26 11:36:50.005 W/System.err(13541): 	at com.android.internal.os.ZygoteInit.main(ZygoteInit.java:911)
01-26 11:36:50.095 D/DisplayManagerService(  615): Display listener for pid 13541 died.
01-26 11:36:50.095 I/ActivityManager(  615): Process com.zjinnova.zlink (pid 13541) has died: fore SVC 
01-26 11:36:50.095 W/ActivityManager(  615): Scheduling restart of crashed service com.zjinnova.zlink/com.zjinnova.android.zlink.features.service.DaemonService in 4000ms
01-26 11:36:50.096 W/libprocessgroup(  615): kill(-13541, 9) failed: No such process
01-26 11:36:50.096 I/libprocessgroup(  615): Successfully killed process cgroup uid 10115 pid 13541 in 1ms
01-26 11:36:50.097 I/SourceService(  615): Activity DIED(), com.zjinnova.zlink | com.zjinnova.zlink
01-26 11:36:50.334 D/pseudo  (  461): mtk_gps_sys_nmea_output_to_mnld: received 467 bytes:
01-26 11:36:50.335 D/pseudo  (  461): mtk_gps_sys_nmea_output_to_app: len:467, [NMEA]$GPGGA,003101.00...
01-26 11:36:50.335 D/        (  461): mtk_gps_sys_gps_mnl_callback: msg:0
01-26 11:36:50.335 D/        (  461): send_active_notify: send clean nmea timer cmd!
01-26 11:36:50.335 D/        (  461): mtk_gps_sys_gps_mnl_callback: MTK_GPS_MSG_FIX_READY,GET_RTC_FAIL
01-26 11:36:50.335 D/pseudo  (  461): mtk_gps_sys_nmea_output_to_app: len:46, [vAGPS_Auto_Req]:g_FirstDbtt:0,u2BitMap:0x12f
01-26 11:36:50.335 D/        (  461): gps_control_thread: gps_control_thread wait
01-26 11:36:50.337 I/GnssLocationProvider(  615): WakeLock acquired by sendMessage(REPORT_SV_STATUS, 0, com.android.server.location.GnssLocationProvider$SvStatusInfo@3cd1f44)
01-26 11:36:50.338 I/GnssLocationProvider(  615): WakeLock released by handleMessage(REPORT_SV_STATUS, 0, com.android.server.location.GnssLocationProvider$SvStatusInfo@3cd1f44)
01-26 11:36:50.826 W/ps      (13562): type=1400 audit(0.0:7951): avc: denied { getattr } for path="/dev/console" dev="tmpfs" ino=9361 scontext=u:r:z-link:s0 tcontext=u:object_r:console_device:s0 tclass=chr_file permissive=0
01-26 11:36:50.829 I/chatty  (13562): uid=0(root) ps identical 1 line
01-26 11:36:50.829 W/ps      (13562): type=1400 audit(0.0:7953): avc: denied { getattr } for path="/dev/console" dev="tmpfs" ino=9361 scontext=u:r:z-link:s0 tcontext=u:object_r:console_device:s0 tclass=chr_file permissive=0
01-26 11:36:50.829 W/ps      (13562): type=1400 audit(0.0:7954): avc: denied { read } for name="drivers" dev="proc" ino=4026531853 scontext=u:r:z-link:s0 tcontext=u:object_r:proc_tty_drivers:s0 tclass=file permissive=0
01-26 11:36:50.859 W/ps      (13562): type=1400 audit(0.0:7955): avc: denied { getattr } for path="/dev/pts/0" dev="devpts" ino=3 scontext=u:r:z-link:s0 tcontext=u:object_r:devpts:s0 tclass=chr_file permissive=0
01-26 11:36:50.902 D/btopt   (  782): zlink wake_up_apk_server: cmd = 'export PATH=$PATH:/system/bin/;am start-service -a "zjinnova.android.intent.action.ZLINK_SERVICE" &'
01-26 11:36:50.980 I/ActivityManager(  615): Start proc 13573:com.zjinnova.zlink/u0a115 for service com.zjinnova.zlink/com.zjinnova.android.zlink.features.service.DaemonService
01-26 11:36:50.993 E/.zjinnova.zlin(13573): Not starting debugger since process cannot load the jdwp agent.
01-26 11:36:51.035 I/.zjinnova.zlin(13573): The ClassLoaderContext is a special shared library.
01-26 11:36:51.041 W/.zjinnova.zlin(13573): JIT profile information will not be recorded: profile file does not exits.
01-26 11:36:51.060 W/System.err(13573): java.io.FileNotFoundException: /data/user/0/com.zjinnova.zlink/files/prodexdir/tosversion: open failed: EACCES (Permission denied)
01-26 11:36:51.061 W/System.err(13573): 	at libcore.io.IoBridge.open(IoBridge.java:485)
01-26 11:36:51.061 W/System.err(13573): 	at java.io.RandomAccessFile.<init>(RandomAccessFile.java:288)
01-26 11:36:51.061 W/System.err(13573): 	at java.io.RandomAccessFile.<init>(RandomAccessFile.java:151)
01-26 11:36:51.061 W/System.err(13573): 	at com.wrapper.proxyapplication.Util.PrepareSecurefiles(Util.java:362)
01-26 11:36:51.061 W/System.err(13573): 	at com.zjinnova.zlink.MyWrapperProxyApplication.initProxyApplication(MyWrapperProxyApplication.java:33)
01-26 11:36:51.061 W/System.err(13573): 	at com.wrapper.proxyapplication.WrapperProxyApplication.attachBaseContext(WrapperProxyApplication.java:459)
01-26 11:36:51.061 W/System.err(13573): 	at android.app.Application.attach(Application.java:212)
01-26 11:36:51.061 W/System.err(13573): 	at android.app.Instrumentation.newApplication(Instrumentation.java:1121)
01-26 11:36:51.061 W/System.err(13573): 	at android.app.LoadedApk.makeApplication(LoadedApk.java:1064)
01-26 11:36:51.061 W/System.err(13573): 	at android.app.ActivityThread.handleBindApplication(ActivityThread.java:5873)
01-26 11:36:51.061 W/System.err(13573): 	at android.app.ActivityThread.access$1200(ActivityThread.java:206)
01-26 11:36:51.061 W/System.err(13573): 	at android.app.ActivityThread$H.handleMessage(ActivityThread.java:1678)
01-26 11:36:51.061 W/System.err(13573): 	at android.os.Handler.dispatchMessage(Handler.java:106)
01-26 11:36:51.061 W/System.err(13573): 	at android.os.Looper.loop(Looper.java:193)
01-26 11:36:51.061 W/System.err(13573): 	at android.app.ActivityThread.main(ActivityThread.java:6702)
01-26 11:36:51.061 W/System.err(13573): 	at java.lang.reflect.Method.invoke(Native Method)
01-26 11:36:51.061 W/System.err(13573): 	at com.android.internal.os.RuntimeInit$MethodAndArgsCaller.run(RuntimeInit.java:493)
01-26 11:36:51.061 W/System.err(13573): 	at com.android.internal.os.ZygoteInit.main(ZygoteInit.java:911)
01-26 11:36:51.062 W/System.err(13573): Caused by: android.system.ErrnoException: open failed: EACCES (Permission denied)
01-26 11:36:51.062 W/System.err(13573): 	at libcore.io.Linux.open(Native Method)
01-26 11:36:51.062 W/System.err(13573): 	at libcore.io.BlockGuardOs.open(BlockGuardOs.java:210)
01-26 11:36:51.062 W/System.err(13573): 	at libcore.io.IoBridge.open(IoBridge.java:471)
01-26 11:36:51.062 W/System.err(13573): 	... 17 more
01-26 11:36:51.063 W/System.err(13573): java.io.FileNotFoundException: /data/user/0/com.zjinnova.zlink/files/prodexdir/tosversion (Permission denied)
01-26 11:36:51.063 W/System.err(13573): 	at java.io.FileOutputStream.open0(Native Method)
01-26 11:36:51.063 W/System.err(13573): 	at java.io.FileOutputStream.open(FileOutputStream.java:308)
01-26 11:36:51.063 W/System.err(13573): 	at java.io.FileOutputStream.<init>(FileOutputStream.java:238)
01-26 11:36:51.063 W/System.err(13573): 	at java.io.FileOutputStream.<init>(FileOutputStream.java:180)
01-26 11:36:51.063 W/System.err(13573): 	at com.wrapper.proxyapplication.Util.UnzipFile(Util.java:205)
01-26 11:36:51.063 W/System.err(13573): 	at com.wrapper.proxyapplication.Util.PrepareSecurefiles(Util.java:554)
01-26 11:36:51.063 W/System.err(13573): 	at com.zjinnova.zlink.MyWrapperProxyApplication.initProxyApplication(MyWrapperProxyApplication.java:33)
01-26 11:36:51.063 W/System.err(13573): 	at com.wrapper.proxyapplication.WrapperProxyApplication.attachBaseContext(WrapperProxyApplication.java:459)
01-26 11:36:51.063 W/System.err(13573): 	at android.app.Application.attach(Application.java:212)
01-26 11:36:51.063 W/System.err(13573): 	at android.app.Instrumentation.newApplication(Instrumentation.java:1121)
01-26 11:36:51.063 W/System.err(13573): 	at android.app.LoadedApk.makeApplication(LoadedApk.java:1064)
01-26 11:36:51.063 W/System.err(13573): 	at android.app.ActivityThread.handleBindApplication(ActivityThread.java:5873)
01-26 11:36:51.063 W/System.err(13573): 	at android.app.ActivityThread.access$1200(ActivityThread.java:206)
01-26 11:36:51.063 W/System.err(13573): 	at android.app.ActivityThread$H.handleMessage(ActivityThread.java:1678)
01-26 11:36:51.063 W/System.err(13573): 	at android.os.Handler.dispatchMessage(Handler.java:106)
01-26 11:36:51.063 W/System.err(13573): 	at android.os.Looper.loop(Looper.java:193)
01-26 11:36:51.063 W/System.err(13573): 	at android.app.ActivityThread.main(ActivityThread.java:6702)
01-26 11:36:51.063 W/System.err(13573): 	at java.lang.reflect.Method.invoke(Native Method)
01-26 11:36:51.063 W/System.err(13573): 	at com.android.internal.os.RuntimeInit$MethodAndArgsCaller.run(RuntimeInit.java:493)
01-26 11:36:51.063 W/System.err(13573): 	at com.android.internal.os.ZygoteInit.main(ZygoteInit.java:911)
01-26 11:36:51.132 D/DisplayManagerService(  615): Display listener for pid 13573 died.
01-26 11:36:51.132 I/ActivityManager(  615): Process com.zjinnova.zlink (pid 13573) has died: fore SVC 
01-26 11:36:51.133 W/ActivityManager(  615): Canceling start item Intent { act=zjinnova.android.intent.action.ZLINK_SERVICE } in service ComponentInfo{com.zjinnova.zlink/com.zjinnova.android.zlink.features.service.DaemonService}
01-26 11:36:51.133 W/ActivityManager(  615): Scheduling restart of crashed service com.zjinnova.zlink/com.zjinnova.android.zlink.features.service.DaemonService in 1000ms
01-26 11:36:51.134 W/libprocessgroup(  615): kill(-13573, 9) failed: No such process
01-26 11:36:51.136 I/SourceService(  615): Activity DIED(), com.zjinnova.zlink | com.zjinnova.zlink
01-26 11:36:51.179 W/libprocessgroup(  615): kill(-13573, 9) failed: No such process
01-26 11:36:51.179 I/libprocessgroup(  615): Successfully killed process cgroup uid 10115 pid 13573 in 46ms
01-26 11:36:51.255 I/system_server(  615): Background concurrent copying GC freed 46828(4MB) AllocSpace objects, 29(1700KB) LOS objects, 28% free, 14MB/20MB, paused 240us total 245.238ms
01-26 11:36:51.334 D/pseudo  (  461): mtk_gps_sys_nmea_output_to_mnld: received 467 bytes:
01-26 11:36:51.335 D/pseudo  (  461): mtk_gps_sys_nmea_output_to_app: len:467, [NMEA]$GPGGA,003102.00...
01-26 11:36:51.336 D/        (  461): mtk_gps_sys_gps_mnl_callback: msg:0
01-26 11:36:51.336 D/        (  461): send_active_notify: send clean nmea timer cmd!
01-26 11:36:51.336 D/        (  461): mtk_gps_sys_gps_mnl_callback: MTK_GPS_MSG_FIX_READY,GET_RTC_FAIL
01-26 11:36:51.336 D/pseudo  (  461): mtk_gps_sys_nmea_output_to_app: len:46, [vAGPS_Auto_Req]:g_FirstDbtt:0,u2BitMap:0x12f
01-26 11:36:51.336 D/        (  461): gps_control_thread: gps_control_thread wait
01-26 11:36:51.339 I/GnssLocationProvider(  615): WakeLock acquired by sendMessage(REPORT_SV_STATUS, 0, com.android.server.location.GnssLocationProvider$SvStatusInfo@75382d)
01-26 11:36:51.340 I/GnssLocationProvider(  615): WakeLock released by handleMessage(REPORT_SV_STATUS, 0, com.android.server.location.GnssLocationProvider$SvStatusInfo@75382d)
01-26 11:36:51.606 E/WifiVendorHal(  615): getWifiLinkLayerStats(l.937) failed {.code = ERROR_NOT_SUPPORTED, .description = }
01-26 11:36:52.146 I/ActivityManager(  615): Start proc 13589:com.zjinnova.zlink/u0a115 for service com.zjinnova.zlink/com.zjinnova.android.zlink.features.service.DaemonService
01-26 11:36:52.175 E/.zjinnova.zlin(13589): Not starting debugger since process cannot load the jdwp agent.
01-26 11:36:52.212 I/.zjinnova.zlin(13589): The ClassLoaderContext is a special shared library.
01-26 11:36:52.218 W/.zjinnova.zlin(13589): JIT profile information will not be recorded: profile file does not exits.
01-26 11:36:52.238 W/System.err(13589): java.io.FileNotFoundException: /data/user/0/com.zjinnova.zlink/files/prodexdir/tosversion: open failed: EACCES (Permission denied)
01-26 11:36:52.238 W/System.err(13589): 	at libcore.io.IoBridge.open(IoBridge.java:485)
01-26 11:36:52.238 W/System.err(13589): 	at java.io.RandomAccessFile.<init>(RandomAccessFile.java:288)
01-26 11:36:52.238 W/System.err(13589): 	at java.io.RandomAccessFile.<init>(RandomAccessFile.java:151)
01-26 11:36:52.238 W/System.err(13589): 	at com.wrapper.proxyapplication.Util.PrepareSecurefiles(Util.java:362)
01-26 11:36:52.238 W/System.err(13589): 	at com.zjinnova.zlink.MyWrapperProxyApplication.initProxyApplication(MyWrapperProxyApplication.java:33)
