--------- beginning of system
01-27 17:46:01.570   614   655 W WindowManager: Unable to start animation, surface is null or no children.
01-27 17:46:01.628   614   646 W BroadcastQueue: Background execution not allowed: receiving Intent { act=android.bluetooth.adapter.action.CONNECTION_STATE_CHANGED flg=0x4000010 (has extras) } to com.google.android.gms/.chimera.GmsIntentOperationService$PersistentTrustedReceiver
01-27 17:46:01.956   614   648 I ActivityManager: Start proc 17609:com.zjinnova.zlink/u0a115 for service com.zjinnova.zlink/com.zjinnova.android.zlink.features.service.DaemonService
01-27 17:46:02.129   614  2077 D DisplayManagerService: Display listener for pid 17609 died.
01-27 17:46:02.130   614   700 I ActivityManager: Process com.zjinnova.zlink (pid 17609) has died: fore SVC 
01-27 17:46:02.130   614   700 W ActivityManager: Scheduling restart of crashed service com.zjinnova.zlink/com.zjinnova.android.zlink.features.service.DaemonService in 4000ms
01-27 17:46:02.959   614   648 I ActivityManager: Start proc 17643:com.zjinnova.zlink/u0a115 for service com.zjinnova.zlink/com.zjinnova.android.zlink.features.service.DaemonService
--------- beginning of main
01-27 17:46:03.038 17643 17643 W System.err: 	at java.io.FileOutputStream.open(FileOutputStream.java:308)
01-27 17:46:03.038 17643 17643 W System.err: 	at java.io.FileOutputStream.<init>(FileOutputStream.java:238)
01-27 17:46:03.038 17643 17643 W System.err: 	at java.io.FileOutputStream.<init>(FileOutputStream.java:180)
01-27 17:46:03.038 17643 17643 W System.err: 	at com.wrapper.proxyapplication.Util.UnzipFile(Util.java:205)
01-27 17:46:03.038 17643 17643 W System.err: 	at com.wrapper.proxyapplication.Util.PrepareSecurefiles(Util.java:554)
01-27 17:46:03.038 17643 17643 W System.err: 	at com.zjinnova.zlink.MyWrapperProxyApplication.initProxyApplication(MyWrapperProxyApplication.java:33)
01-27 17:46:03.038 17643 17643 W System.err: 	at com.wrapper.proxyapplication.WrapperProxyApplication.attachBaseContext(WrapperProxyApplication.java:459)
01-27 17:46:03.038 17643 17643 W System.err: 	at android.app.Application.attach(Application.java:212)
01-27 17:46:03.038 17643 17643 W System.err: 	at android.app.Instrumentation.newApplication(Instrumentation.java:1121)
01-27 17:46:03.038 17643 17643 W System.err: 	at android.app.LoadedApk.makeApplication(LoadedApk.java:1064)
01-27 17:46:03.038 17643 17643 W System.err: 	at android.app.ActivityThread.handleBindApplication(ActivityThread.java:5873)
01-27 17:46:03.038 17643 17643 W System.err: 	at android.app.ActivityThread.access$1200(ActivityThread.java:206)
01-27 17:46:03.039 17643 17643 W System.err: 	at android.app.ActivityThread$H.handleMessage(ActivityThread.java:1678)
01-27 17:46:03.039 17643 17643 W System.err: 	at android.os.Handler.dispatchMessage(Handler.java:106)
01-27 17:46:03.039 17643 17643 W System.err: 	at android.os.Looper.loop(Looper.java:193)
01-27 17:46:03.039 17643 17643 W System.err: 	at android.app.ActivityThread.main(ActivityThread.java:6702)
01-27 17:46:03.039 17643 17643 W System.err: 	at java.lang.reflect.Method.invoke(Native Method)
01-27 17:46:03.039 17643 17643 W System.err: 	at com.android.internal.os.RuntimeInit$MethodAndArgsCaller.run(RuntimeInit.java:493)
01-27 17:46:03.039 17643 17643 W System.err: 	at com.android.internal.os.ZygoteInit.main(ZygoteInit.java:911)
01-27 17:46:03.096   383   396 D BufferQueueProducer: [altergames.carlauncher/altergames.carlauncher.MainActivity#0](this:0xa8010000,id:134,api:1,p:1327,c:383) queueBuffer: fps=2.00 dur=1002.31 max=559.60 min=442.71
01-27 17:46:03.122 17302 17464 D RadioLogos: Checking: /sdcard/RadioLogos/89100.png
01-27 17:46:03.123 17302 17464 D RadioLogos: FOUND: /sdcard/RadioLogos/89100.png
01-27 17:46:03.123 17302 17464 D RadioLogos: Checking: /sdcard/RadioLogos/89100.png
01-27 17:46:03.123 17302 17464 D RadioLogos: FOUND: /sdcard/RadioLogos/89100.png
01-27 17:46:03.131   614  6992 D DisplayManagerService: Display listener for pid 17643 died.
01-27 17:46:03.132   614   700 I ActivityManager: Process com.zjinnova.zlink (pid 17643) has died: fore SVC 
01-27 17:46:03.132   614   700 W ActivityManager: Canceling start item Intent { act=zjinnova.android.intent.action.ZLINK_SERVICE } in service ComponentInfo{com.zjinnova.zlink/com.zjinnova.android.zlink.features.service.DaemonService}
01-27 17:46:03.132   614   700 W ActivityManager: Scheduling restart of crashed service com.zjinnova.zlink/com.zjinnova.android.zlink.features.service.DaemonService in 1000ms
01-27 17:46:03.134   614   649 W libprocessgroup: kill(-17643, 9) failed: No such process
01-27 17:46:03.134   614   649 I libprocessgroup: Successfully killed process cgroup uid 10115 pid 17643 in 2ms
01-27 17:46:03.135   614   614 I SourceService: Activity DIED(), com.zjinnova.zlink | com.zjinnova.zlink
01-27 17:46:03.504   454   545 D OpenSSLLib: OpensslErr:Module:9(110:); file:external/boringssl/src/crypto/pem/pem_lib.c ;Line:621;Function:PEM_read_bio
01-27 17:46:03.563 17302 17464 D RadioLogos: Checking: /sdcard/RadioLogos/89100.png
01-27 17:46:03.563 17302 17464 D RadioLogos: FOUND: /sdcard/RadioLogos/89100.png
01-27 17:46:03.563 17302 17464 D RadioLogos: Checking: /sdcard/RadioLogos/89100.png
01-27 17:46:03.563 17302 17464 D RadioLogos: FOUND: /sdcard/RadioLogos/89100.png
01-27 17:46:03.580   454  1178 D pseudo  : mtk_gps_sys_nmea_output_to_mnld: received 467 bytes:
01-27 17:46:03.580   454  1178 D pseudo  : mtk_gps_sys_nmea_output_to_app: len:467, [NMEA]$GPGGA,164604.08...
01-27 17:46:03.580   454  1178 D         : mtk_gps_sys_gps_mnl_callback: msg:0
01-27 17:46:03.580   454  1178 D         : send_active_notify: send clean nmea timer cmd!
01-27 17:46:03.580   454  1178 D         : mtk_gps_sys_gps_mnl_callback: MTK_GPS_MSG_FIX_READY,GET_RTC_FAIL
01-27 17:46:03.580   454  1178 D pseudo  : mtk_gps_sys_nmea_output_to_app: len:46, [vAGPS_Auto_Req]:g_FirstDbtt:0,u2BitMap:0x12f
01-27 17:46:03.581   454   543 D         : gps_control_thread: gps_control_thread wait
01-27 17:46:03.584   614   747 I GnssLocationProvider: WakeLock acquired by sendMessage(REPORT_SV_STATUS, 0, com.android.server.location.GnssLocationProvider$SvStatusInfo@3350b20)
01-27 17:46:03.585   614   880 I GnssLocationProvider: WakeLock released by handleMessage(REPORT_SV_STATUS, 0, com.android.server.location.GnssLocationProvider$SvStatusInfo@3350b20)
01-27 17:46:03.686   614   700 V AlarmManager: Past alarm, need to trigger immediatly (min_futurity)
01-27 17:46:03.956   454   545 D         : curl_easy_download_quarter_epo: qepo file curl_easy_download res = 0
01-27 17:46:03.956   454   545 D         : is_quarter_epo_valid: The start time of QEPO file is Tue Jan 27 12:00:00 2026
01-27 17:46:03.957   454   545 D         : is_quarter_epo_valid: GPS time: Tue Dec 19 16:46:20 2023
01-27 17:46:03.957   454   545 D         : qepo_file_update_impl: qepo download failed try again, try_time = 2
01-27 17:46:03.957   454   545 D         : curl_easy_download_quarter_epo: curl_easy_download_quarter_epo
01-27 17:46:03.958   454   545 D         : mtk_epo_is_expired: current time: 1769528763, current time:Tue Jan 27 16:46:03 2026
01-27 17:46:03.958   454   545 D         : mtk_epo_is_expired: EPO start time: 1769468400, EPO start time: Tue Jan 27 00:00:00 2026
01-27 17:46:03.958   454   545 D         : mtk_epo_is_expired: EPO file is valid, no need update
01-27 17:46:03.958   454   545 D         : getQepoUrl: url = https://pgepodownload.mediatek.com/QG_R.DAT?retryCount=0
01-27 17:46:04.064 17302 17464 D RadioLogos: Checking: /sdcard/RadioLogos/89100.png
01-27 17:46:04.064 17302 17464 D RadioLogos: FOUND: /sdcard/RadioLogos/89100.png
01-27 17:46:04.064 17302 17464 D RadioLogos: Checking: /sdcard/RadioLogos/89100.png
01-27 17:46:04.064 17302 17464 D RadioLogos: FOUND: /sdcard/RadioLogos/89100.png
01-27 17:46:04.135   383   396 D BufferQueueProducer: [altergames.carlauncher/altergames.carlauncher.MainActivity#0](this:0xa8010000,id:134,api:1,p:1327,c:383) queueBuffer: fps=0.97 dur=1035.69 max=1035.69 min=1035.69
01-27 17:46:04.146   383   383 D SurfaceFlinger: [Built-in Screen (type:0)] fps:1.247056,dur:1603.78,max:1045.87,min:557.90
01-27 17:46:03.686   614   700 V AlarmManager: Past alarm, need to trigger immediatly (min_futurity)
01-27 17:46:04.157   614   648 I ActivityManager: Start proc 17664:com.zjinnova.zlink/u0a115 for service com.zjinnova.zlink/com.zjinnova.android.zlink.features.service.DaemonService
01-27 17:46:04.175 17664 17664 E .zjinnova.zlin: Not starting debugger since process cannot load the jdwp agent.
01-27 17:46:04.236 17664 17664 I .zjinnova.zlin: The ClassLoaderContext is a special shared library.
01-27 17:46:04.244 17664 17664 W .zjinnova.zlin: JIT profile information will not be recorded: profile file does not exits.
01-27 17:46:04.245   614   732 E WifiVendorHal: getWifiLinkLayerStats(l.937) failed {.code = ERROR_NOT_SUPPORTED, .description = }
01-27 17:46:04.259 17664 17664 W System.err: java.io.FileNotFoundException: /data/user/0/com.zjinnova.zlink/files/prodexdir/tosversion: open failed: EACCES (Permission denied)
01-27 17:46:04.259 17664 17664 W System.err: 	at libcore.io.IoBridge.open(IoBridge.java:485)
01-27 17:46:04.259 17664 17664 W System.err: 	at java.io.RandomAccessFile.<init>(RandomAccessFile.java:288)
01-27 17:46:04.259 17664 17664 W System.err: 	at java.io.RandomAccessFile.<init>(RandomAccessFile.java:151)
01-27 17:46:04.259 17664 17664 W System.err: 	at com.wrapper.proxyapplication.Util.PrepareSecurefiles(Util.java:362)
01-27 17:46:04.259 17664 17664 W System.err: 	at com.zjinnova.zlink.MyWrapperProxyApplication.initProxyApplication(MyWrapperProxyApplication.java:33)
01-27 17:46:04.259 17664 17664 W System.err: 	at com.wrapper.proxyapplication.WrapperProxyApplication.attachBaseContext(WrapperProxyApplication.java:459)
01-27 17:46:04.259 17664 17664 W System.err: 	at android.app.Application.attach(Application.java:212)
01-27 17:46:04.259 17664 17664 W System.err: 	at android.app.Instrumentation.newApplication(Instrumentation.java:1121)
01-27 17:46:04.260 17664 17664 W System.err: 	at android.app.LoadedApk.makeApplication(LoadedApk.java:1064)
01-27 17:46:04.260 17664 17664 W System.err: 	at android.app.ActivityThread.handleBindApplication(ActivityThread.java:5873)
01-27 17:46:04.260 17664 17664 W System.err: 	at android.app.ActivityThread.access$1200(ActivityThread.java:206)
01-27 17:46:04.260 17664 17664 W System.err: 	at android.app.ActivityThread$H.handleMessage(ActivityThread.java:1678)
01-27 17:46:04.260 17664 17664 W System.err: 	at android.os.Handler.dispatchMessage(Handler.java:106)
01-27 17:46:04.260 17664 17664 W System.err: 	at android.os.Looper.loop(Looper.java:193)
01-27 17:46:04.260 17664 17664 W System.err: 	at android.app.ActivityThread.main(ActivityThread.java:6702)
01-27 17:46:04.260 17664 17664 W System.err: 	at java.lang.reflect.Method.invoke(Native Method)
01-27 17:46:04.260 17664 17664 W System.err: 	at com.android.internal.os.RuntimeInit$MethodAndArgsCaller.run(RuntimeInit.java:493)
01-27 17:46:04.260 17664 17664 W System.err: 	at com.android.internal.os.ZygoteInit.main(ZygoteInit.java:911)
01-27 17:46:04.260 17664 17664 W System.err: Caused by: android.system.ErrnoException: open failed: EACCES (Permission denied)
01-27 17:46:04.260 17664 17664 W System.err: 	at libcore.io.Linux.open(Native Method)
01-27 17:46:04.260 17664 17664 W System.err: 	at libcore.io.BlockGuardOs.open(BlockGuardOs.java:210)
01-27 17:46:04.260 17664 17664 W System.err: 	at libcore.io.IoBridge.open(IoBridge.java:471)
01-27 17:46:04.260 17664 17664 W System.err: 	... 17 more
01-27 17:46:04.261 17664 17664 W System.err: java.io.FileNotFoundException: /data/user/0/com.zjinnova.zlink/files/prodexdir/tosversion (Permission denied)
01-27 17:46:04.261 17664 17664 W System.err: 	at java.io.FileOutputStream.open0(Native Method)
01-27 17:46:04.261 17664 17664 W System.err: 	at java.io.FileOutputStream.open(FileOutputStream.java:308)
01-27 17:46:04.261 17664 17664 W System.err: 	at java.io.FileOutputStream.<init>(FileOutputStream.java:238)
01-27 17:46:04.261 17664 17664 W System.err: 	at java.io.FileOutputStream.<init>(FileOutputStream.java:180)
01-27 17:46:04.261 17664 17664 W System.err: 	at com.wrapper.proxyapplication.Util.UnzipFile(Util.java:205)
01-27 17:46:04.261 17664 17664 W System.err: 	at com.wrapper.proxyapplication.Util.PrepareSecurefiles(Util.java:554)
01-27 17:46:04.261 17664 17664 W System.err: 	at com.zjinnova.zlink.MyWrapperProxyApplication.initProxyApplication(MyWrapperProxyApplication.java:33)
01-27 17:46:04.261 17664 17664 W System.err: 	at com.wrapper.proxyapplication.WrapperProxyApplication.attachBaseContext(WrapperProxyApplication.java:459)
01-27 17:46:04.261 17664 17664 W System.err: 	at android.app.Application.attach(Application.java:212)
01-27 17:46:04.261 17664 17664 W System.err: 	at android.app.Instrumentation.newApplication(Instrumentation.java:1121)
01-27 17:46:04.261 17664 17664 W System.err: 	at android.app.LoadedApk.makeApplication(LoadedApk.java:1064)
01-27 17:46:04.261 17664 17664 W System.err: 	at android.app.ActivityThread.handleBindApplication(ActivityThread.java:5873)
01-27 17:46:04.261 17664 17664 W System.err: 	at android.app.ActivityThread.access$1200(ActivityThread.java:206)
01-27 17:46:04.261 17664 17664 W System.err: 	at android.app.ActivityThread$H.handleMessage(ActivityThread.java:1678)
01-27 17:46:04.261 17664 17664 W System.err: 	at android.os.Handler.dispatchMessage(Handler.java:106)
01-27 17:46:04.262 17664 17664 W System.err: 	at android.os.Looper.loop(Looper.java:193)
01-27 17:46:04.262 17664 17664 W System.err: 	at android.app.ActivityThread.main(ActivityThread.java:6702)
01-27 17:46:04.262 17664 17664 W System.err: 	at java.lang.reflect.Method.invoke(Native Method)
01-27 17:46:04.262 17664 17664 W System.err: 	at com.android.internal.os.RuntimeInit$MethodAndArgsCaller.run(RuntimeInit.java:493)
01-27 17:46:04.262 17664 17664 W System.err: 	at com.android.internal.os.ZygoteInit.main(ZygoteInit.java:911)
01-27 17:46:04.346   614  2074 D DisplayManagerService: Display listener for pid 17664 died.
01-27 17:46:04.346   614   700 I ActivityManager: Process com.zjinnova.zlink (pid 17664) has died: fore SVC 
01-27 17:46:04.346   614   649 W libprocessgroup: kill(-17664, 9) failed: No such process
01-27 17:46:04.346   614   700 W ActivityManager: Scheduling restart of crashed service com.zjinnova.zlink/com.zjinnova.android.zlink.features.service.DaemonService in 4000ms
01-27 17:46:04.346   614   649 I libprocessgroup: Successfully killed process cgroup uid 10115 pid 17664 in 0ms
01-27 17:46:04.348   614   614 I SourceService: Activity DIED(), com.zjinnova.zlink | com.zjinnova.zlink
01-27 17:46:04.382   454   545 D OpenSSLLib: OpensslErr:Module:9(110:); file:external/boringssl/src/crypto/pem/pem_lib.c ;Line:621;Function:PEM_read_bio
01-27 17:46:04.389  4374  4374 I ADB_SERVICES: service_to_fd shell,v2,TERM=xterm-256color:export ANDROID_LOG_TAGS=''; exec logcat '-c'
01-27 17:46:04.424  4374 17681 I ADB_SERVICES: post waitpid (pid=17680) status=0000
01-27 17:46:04.424  4374  4374 I ADB_SERVICES: for fd 40, revents = 2011
01-27 17:46:04.424  4374  4374 I ADB_SERVICES: for fd 40, revents = 2011
01-27 17:46:04.563 17302 17464 D RadioLogos: Checking: /sdcard/RadioLogos/89100.png
01-27 17:46:04.564 17302 17464 D RadioLogos: FOUND: /sdcard/RadioLogos/89100.png
01-27 17:46:04.564 17302 17464 D RadioLogos: Checking: /sdcard/RadioLogos/89100.png
01-27 17:46:04.564 17302 17464 D RadioLogos: FOUND: /sdcard/RadioLogos/89100.png
01-27 17:46:04.580   454  1178 D pseudo  : mtk_gps_sys_nmea_output_to_mnld: received 467 bytes:
01-27 17:46:04.580   454  1178 D pseudo  : mtk_gps_sys_nmea_output_to_app: len:467, [NMEA]$GPGGA,164605.08...
01-27 17:46:04.580   454  1178 D         : mtk_gps_sys_gps_mnl_callback: msg:0
01-27 17:46:04.580   454  1178 D         : send_active_notify: send clean nmea timer cmd!
01-27 17:46:04.580   454  1178 D         : mtk_gps_sys_gps_mnl_callback: MTK_GPS_MSG_FIX_READY,GET_RTC_FAIL
01-27 17:46:04.580   454   543 D         : gps_control_thread: gps_control_thread wait
01-27 17:46:04.580   454  1178 D pseudo  : mtk_gps_sys_nmea_output_to_app: len:46, [vAGPS_Auto_Req]:g_FirstDbtt:0,u2BitMap:0x12f
01-27 17:46:04.582   614   747 I GnssLocationProvider: WakeLock acquired by sendMessage(REPORT_SV_STATUS, 0, com.android.server.location.GnssLocationProvider$SvStatusInfo@1b9acd9)
01-27 17:46:04.583   614   880 I GnssLocationProvider: WakeLock released by handleMessage(REPORT_SV_STATUS, 0, com.android.server.location.GnssLocationProvider$SvStatusInfo@1b9acd9)
01-27 17:46:04.966 17683 17683 W ps      : type=1400 audit(0.0:11448): avc: denied { getattr } for path="/dev/console" dev="tmpfs" ino=10322 scontext=u:r:z-link:s0 tcontext=u:object_r:console_device:s0 tclass=chr_file permissive=0
01-27 17:46:04.966 17683 17683 I chatty  : uid=0(root) ps identical 1 line
01-27 17:46:04.966 17683 17683 W ps      : type=1400 audit(0.0:11450): avc: denied { getattr } for path="/dev/console" dev="tmpfs" ino=10322 scontext=u:r:z-link:s0 tcontext=u:object_r:console_device:s0 tclass=chr_file permissive=0
01-27 17:46:04.966 17683 17683 W ps      : type=1400 audit(0.0:11451): avc: denied { read } for name="drivers" dev="proc" ino=4026531853 scontext=u:r:z-link:s0 tcontext=u:object_r:proc_tty_drivers:s0 tclass=file permissive=0
01-27 17:46:04.999 17683 17683 W ps      : type=1400 audit(0.0:11452): avc: denied { getattr } for path="/dev/pts/1" dev="devpts" ino=4 scontext=u:r:z-link:s0 tcontext=u:object_r:devpts:s0 tclass=chr_file permissive=0
01-27 17:46:05.013   454   545 D         : curl_easy_download_quarter_epo: qepo file curl_easy_download res = 0
01-27 17:46:05.013   454   545 D         : is_quarter_epo_valid: The start time of QEPO file is Tue Jan 27 12:00:00 2026
01-27 17:46:05.013   454   545 D         : is_quarter_epo_valid: GPS time: Tue Dec 19 16:46:20 2023
01-27 17:46:05.013   454   545 D         : qepo_file_update_impl: qepo download failed try again, try_time = 1
01-27 17:46:05.013   454   545 D         : curl_easy_download_quarter_epo: curl_easy_download_quarter_epo
01-27 17:46:05.014   454   545 D         : mtk_epo_is_expired: current time: 1769528765, current time:Tue Jan 27 16:46:05 2026
01-27 17:46:05.014   454   545 D         : mtk_epo_is_expired: EPO start time: 1769468400, EPO start time: Tue Jan 27 00:00:00 2026
01-27 17:46:05.014   454   545 D         : mtk_epo_is_expired: EPO file is valid, no need update
01-27 17:46:05.014   454   545 D         : getQepoUrl: url = https://pgepodownload.mediatek.com/QG_R.DAT?retryCount=0
01-27 17:46:05.035   776   784 D btopt   : zlink wake_up_apk_server: cmd = 'export PATH=$PATH:/system/bin/;am start-service -a "zjinnova.android.intent.action.ZLINK_SERVICE" &'
01-27 17:46:05.100 17302 17464 D RadioLogos: Checking: /sdcard/RadioLogos/89100.png
01-27 17:46:05.103 17302 17464 D RadioLogos: FOUND: /sdcard/RadioLogos/89100.png
01-27 17:46:05.103 17302 17464 D RadioLogos: Checking: /sdcard/RadioLogos/89100.png
01-27 17:46:05.103 17302 17464 D RadioLogos: FOUND: /sdcard/RadioLogos/89100.png
01-27 17:46:05.137   614   648 I ActivityManager: Start proc 17700:com.zjinnova.zlink/u0a115 for service com.zjinnova.zlink/com.zjinnova.android.zlink.features.service.DaemonService
01-27 17:46:05.149 17700 17700 E .zjinnova.zlin: Not starting debugger since process cannot load the jdwp agent.
01-27 17:46:05.185 17700 17700 I .zjinnova.zlin: The ClassLoaderContext is a special shared library.
01-27 17:46:05.192 17700 17700 W .zjinnova.zlin: JIT profile information will not be recorded: profile file does not exits.
01-27 17:46:05.207 17700 17700 W System.err: java.io.FileNotFoundException: /data/user/0/com.zjinnova.zlink/files/prodexdir/tosversion: open failed: EACCES (Permission denied)
01-27 17:46:05.207 17700 17700 W System.err: 	at libcore.io.IoBridge.open(IoBridge.java:485)
01-27 17:46:05.207 17700 17700 W System.err: 	at java.io.RandomAccessFile.<init>(RandomAccessFile.java:288)
01-27 17:46:05.207 17700 17700 W System.err: 	at java.io.RandomAccessFile.<init>(RandomAccessFile.java:151)
01-27 17:46:05.207 17700 17700 W System.err: 	at com.wrapper.proxyapplication.Util.PrepareSecurefiles(Util.java:362)
01-27 17:46:05.207 17700 17700 W System.err: 	at com.zjinnova.zlink.MyWrapperProxyApplication.initProxyApplication(MyWrapperProxyApplication.java:33)
01-27 17:46:05.207 17700 17700 W System.err: 	at com.wrapper.proxyapplication.WrapperProxyApplication.attachBaseContext(WrapperProxyApplication.java:459)
01-27 17:46:05.207 17700 17700 W System.err: 	at android.app.Application.attach(Application.java:212)
01-27 17:46:05.208 17700 17700 W System.err: 	at android.app.Instrumentation.newApplication(Instrumentation.java:1121)
01-27 17:46:05.208 17700 17700 W System.err: 	at android.app.LoadedApk.makeApplication(LoadedApk.java:1064)
01-27 17:46:05.208 17700 17700 W System.err: 	at android.app.ActivityThread.handleBindApplication(ActivityThread.java:5873)
01-27 17:46:05.208 17700 17700 W System.err: 	at android.app.ActivityThread.access$1200(ActivityThread.java:206)
01-27 17:46:05.208 17700 17700 W System.err: 	at android.app.ActivityThread$H.handleMessage(ActivityThread.java:1678)
01-27 17:46:05.208 17700 17700 W System.err: 	at android.os.Handler.dispatchMessage(Handler.java:106)
01-27 17:46:05.208 17700 17700 W System.err: 	at android.os.Looper.loop(Looper.java:193)
01-27 17:46:05.208 17700 17700 W System.err: 	at android.app.ActivityThread.main(ActivityThread.java:6702)
01-27 17:46:05.208 17700 17700 W System.err: 	at java.lang.reflect.Method.invoke(Native Method)
01-27 17:46:05.208 17700 17700 W System.err: 	at com.android.internal.os.RuntimeInit$MethodAndArgsCaller.run(RuntimeInit.java:493)
01-27 17:46:05.208 17700 17700 W System.err: 	at com.android.internal.os.ZygoteInit.main(ZygoteInit.java:911)
01-27 17:46:05.208 17700 17700 W System.err: Caused by: android.system.ErrnoException: open failed: EACCES (Permission denied)
01-27 17:46:05.208 17700 17700 W System.err: 	at libcore.io.Linux.open(Native Method)
01-27 17:46:05.208 17700 17700 W System.err: 	at libcore.io.BlockGuardOs.open(BlockGuardOs.java:210)
01-27 17:46:05.208 17700 17700 W System.err: 	at libcore.io.IoBridge.open(IoBridge.java:471)
01-27 17:46:05.208 17700 17700 W System.err: 	... 17 more
01-27 17:46:05.209 17700 17700 W System.err: java.io.FileNotFoundException: /data/user/0/com.zjinnova.zlink/files/prodexdir/tosversion (Permission denied)
01-27 17:46:05.209 17700 17700 W System.err: 	at java.io.FileOutputStream.open0(Native Method)
01-27 17:46:05.209 17700 17700 W System.err: 	at java.io.FileOutputStream.open(FileOutputStream.java:308)
01-27 17:46:05.209 17700 17700 W System.err: 	at java.io.FileOutputStream.<init>(FileOutputStream.java:238)
01-27 17:46:05.209 17700 17700 W System.err: 	at java.io.FileOutputStream.<init>(FileOutputStream.java:180)
01-27 17:46:05.209 17700 17700 W System.err: 	at com.wrapper.proxyapplication.Util.UnzipFile(Util.java:205)
01-27 17:46:05.209 17700 17700 W System.err: 	at com.wrapper.proxyapplication.Util.PrepareSecurefiles(Util.java:554)
01-27 17:46:05.209 17700 17700 W System.err: 	at com.zjinnova.zlink.MyWrapperProxyApplication.initProxyApplication(MyWrapperProxyApplication.java:33)
01-27 17:46:05.209 17700 17700 W System.err: 	at com.wrapper.proxyapplication.WrapperProxyApplication.attachBaseContext(WrapperProxyApplication.java:459)
01-27 17:46:05.209 17700 17700 W System.err: 	at android.app.Application.attach(Application.java:212)
01-27 17:46:05.209 17700 17700 W System.err: 	at android.app.Instrumentation.newApplication(Instrumentation.java:1121)
01-27 17:46:05.209 17700 17700 W System.err: 	at android.app.LoadedApk.makeApplication(LoadedApk.java:1064)
01-27 17:46:05.210 17700 17700 W System.err: 	at android.app.ActivityThread.handleBindApplication(ActivityThread.java:5873)
01-27 17:46:05.210 17700 17700 W System.err: 	at android.app.ActivityThread.access$1200(ActivityThread.java:206)
01-27 17:46:05.210 17700 17700 W System.err: 	at android.app.ActivityThread$H.handleMessage(ActivityThread.java:1678)
01-27 17:46:05.210 17700 17700 W System.err: 	at android.os.Handler.dispatchMessage(Handler.java:106)
01-27 17:46:05.210 17700 17700 W System.err: 	at android.os.Looper.loop(Looper.java:193)
01-27 17:46:05.210 17700 17700 W System.err: 	at android.app.ActivityThread.main(ActivityThread.java:6702)
01-27 17:46:05.210 17700 17700 W System.err: 	at java.lang.reflect.Method.invoke(Native Method)
01-27 17:46:05.210 17700 17700 W System.err: 	at com.android.internal.os.RuntimeInit$MethodAndArgsCaller.run(RuntimeInit.java:493)
01-27 17:46:05.210 17700 17700 W System.err: 	at com.android.internal.os.ZygoteInit.main(ZygoteInit.java:911)
01-27 17:46:05.292   614  2074 D DisplayManagerService: Display listener for pid 17700 died.
01-27 17:46:05.293   614   700 I ActivityManager: Process com.zjinnova.zlink (pid 17700) has died: fore SVC 
01-27 17:46:05.293   614   700 W ActivityManager: Canceling start item Intent { act=zjinnova.android.intent.action.ZLINK_SERVICE } in service ComponentInfo{com.zjinnova.zlink/com.zjinnova.android.zlink.features.service.DaemonService}
01-27 17:46:05.293   614   700 W ActivityManager: Scheduling restart of crashed service com.zjinnova.zlink/com.zjinnova.android.zlink.features.service.DaemonService in 1000ms
01-27 17:46:05.294   614   649 W libprocessgroup: kill(-17700, 9) failed: No such process
01-27 17:46:05.294   614   649 I libprocessgroup: Successfully killed process cgroup uid 10115 pid 17700 in 1ms
01-27 17:46:05.294   614   614 I SourceService: Activity DIED(), com.zjinnova.zlink | com.zjinnova.zlink
01-27 17:46:05.448   383   396 D BufferQueueProducer: [altergames.carlauncher/altergames.carlauncher.MainActivity#0](this:0xa8010000,id:134,api:1,p:1327,c:383) queueBuffer: fps=1.52 dur=1315.81 max=973.28 min=342.53
01-27 17:46:05.453   383   383 D SurfaceFlinger: [Built-in Screen (type:0)] fps:1.530325,dur:1306.91,max:975.89,min:331.03
01-27 17:46:05.510   454   545 D OpenSSLLib: OpensslErr:Module:9(110:); file:external/boringssl/src/crypto/pem/pem_lib.c ;Line:621;Function:PEM_read_bio
01-27 17:46:05.552 17302 17464 D RadioLogos: Checking: /sdcard/RadioLogos/89100.png
01-27 17:46:05.553 17302 17464 D RadioLogos: FOUND: /sdcard/RadioLogos/89100.png
01-27 17:46:05.553 17302 17464 D RadioLogos: Checking: /sdcard/RadioLogos/89100.png
01-27 17:46:05.553 17302 17464 D RadioLogos: FOUND: /sdcard/RadioLogos/89100.png
01-27 17:46:05.580   454  1178 D pseudo  : mtk_gps_sys_nmea_output_to_mnld: received 467 bytes:
01-27 17:46:05.580   454  1178 D pseudo  : mtk_gps_sys_nmea_output_to_app: len:467, [NMEA]$GPGGA,164606.08...
01-27 17:46:05.580   454  1178 D         : mtk_gps_sys_gps_mnl_callback: msg:0
01-27 17:46:05.580   454  1178 D         : send_active_notify: send clean nmea timer cmd!
01-27 17:46:05.580   454  1178 D         : mtk_gps_sys_gps_mnl_callback: MTK_GPS_MSG_FIX_READY,GET_RTC_FAIL
01-27 17:46:05.580   454   543 D         : gps_control_thread: gps_control_thread wait
01-27 17:46:05.580   454  1178 D pseudo  : mtk_gps_sys_nmea_output_to_app: len:46, [vAGPS_Auto_Req]:g_FirstDbtt:0,u2BitMap:0x12f
01-27 17:46:05.582   614   747 I GnssLocationProvider: WakeLock acquired by sendMessage(REPORT_SV_STATUS, 0, com.android.server.location.GnssLocationProvider$SvStatusInfo@78ee69e)
01-27 17:46:05.583   614   880 I GnssLocationProvider: WakeLock released by handleMessage(REPORT_SV_STATUS, 0, com.android.server.location.GnssLocationProvider$SvStatusInfo@78ee69e)
01-27 17:46:05.612   614   778 W ActivityManager:   Force finishing activity com.example.openradiofm/.ui.main.MainActivity
01-27 17:46:05.621 17409 17409 D FMPlugService: FMPlugService onUnbind
01-27 17:46:05.622   614   778 I ActivityManager: Killing 17302:com.example.openradiofm/u0a126 (adj 900): crash
01-27 17:46:05.622 17409 17409 D FMPlugService: FMPlugService onDestroy
01-27 17:46:05.624   614   649 W libprocessgroup: kill(-17302, 9) failed: No such process
01-27 17:46:05.625   614   614 W TelecomManager: Telecom Service not found.
01-27 17:46:05.627   614   614 I SourceService: Activity DIED(), com.example.openradiofm | com.example.openradiofm
01-27 17:46:05.633 17409 17409 I RadioAudioManager: stopRender_processing, mIsRender = true
01-27 17:46:05.633 17409 17409 I RadioAudioManager: stopRender: waiting for mRenderingLock
01-27 17:46:05.639   383  1137 W SurfaceFlinger: Attempting to destroy on removed layer: AppWindowToken{f59e37b token=Token{ca34f0a ActivityRecord{cae0375 u0 com.example.openradiofm/.ui.main.MainActivity t6202}}}#0
01-27 17:46:05.639   383  1137 W SurfaceFlinger: Attempting to destroy on removed layer: 788b12f com.example.openradiofm/com.example.openradiofm.ui.main.MainActivity#0
01-27 17:46:05.639   383  1137 W SurfaceFlinger: Attempting to destroy on removed layer: Task=6202#0
01-27 17:46:05.644   383   383 I BufferQueueConsumer: [com.example.openradiofm/com.example.openradiofm.ui.main.MainActivity#0](this:0xa8014000,id:131,api:1,p:17302,c:-1) disconnect(C)
01-27 17:46:05.646 17409 17426 D AudioTrack: stop(): 0xa16f2d80, mState = 0
01-27 17:46:05.647   378  8565 D APM_AudioPolicyManager: AudioPolicyManager:setRecordSilenced(uid:10126, silenced:1)
01-27 17:46:05.647   378  8565 D AudioFlinger: AudioFlinger::setRecordSilenced(uid:10126, silenced:1)
01-27 17:46:05.647 17409 17426 D AudioTrack: stop() called with 426888 frames delivered
01-27 17:46:05.648 17409 17426 D AudioTrack: audiotrack 0xa16f2d80 stop done
01-27 17:46:05.648 17409 17426 I RadioAudioManager: mAudioTrack stop earphone mode
01-27 17:46:05.648 17409 17426 D AudioRecord: stop: 0xa08ad000
01-27 17:46:05.649   614   778 D SourceService: set Music mix volume 100, session 0
01-27 17:46:05.653   341   578 D AudioALSAStreamIn: standby(), keep the mStandbyFrameCount = 0, ret = 0
01-27 17:46:05.653   341   578 I AudioALSAStreamIn: close(0xad57f200), mStandby 0, device 0x80002000
01-27 17:46:05.653   341   578 D AudioALSACaptureHandlerFMRadio: +close()
01-27 17:46:05.653   341   578 D AudioALSACaptureDataClient: ~AudioALSACaptureDataClient()
01-27 17:46:05.653   341   578 D AudioALSACaptureDataProviderBase: detach(), 0xac124500, mCaptureDataClientVector.size()=1, Identity=0xad556400
01-27 17:46:05.653   341   578 D AudioALSACaptureDataProviderFMRadio: close()
01-27 17:46:05.664   383  1137 D BufferQueueProducer: [StatusBar#0](this:0xa7e43000,id:5,api:1,p:803,c:383) queueBuffer: fps=1.00 dur=4005.22 max=3955.66 min=13.86
01-27 17:46:05.669   614   649 W libprocessgroup: kill(-17302, 9) failed: No such process
01-27 17:46:05.673   614   721 W InputDispatcher: channel 'd77bf9c Toast (server)' ~ Consumer closed input channel or an error occurred.  events=0x9
01-27 17:46:05.673   614   721 E InputDispatcher: channel 'd77bf9c Toast (server)' ~ Channel is unrecoverably broken and will be disposed!
01-27 17:46:05.676  4374  4374 I ADB_SERVICES: for fd 30, revents = 2011
01-27 17:46:05.677  4374  4374 I ADB_SERVICES: for fd 30, revents = 2011
01-27 17:46:05.678   383  1137 D BufferQueueProducer: [com.example.openradiofm/com.example.openradiofm.ui.main.MainActivity#0](this:0xa8014000,id:131,api:1,p:17302,c:-1) disconnect(P): api 1
01-27 17:46:05.678   383  1137 D BufferQueueProducer: [Toast#1](this:0xa7e9b000,id:133,api:1,p:17302,c:383) disconnect(P): api 1
01-27 17:46:05.678   383  1137 D BufferQueueConsumer: [Toast#1](this:0xa7e9b000,id:133,api:1,p:-1,c:383) getReleasedBuffers: returning mask 0xffffffffffffffff
01-27 17:46:05.678   383  1137 I BufferQueue: [com.example.openradiofm/com.example.openradiofm.ui.main.MainActivity#0](this:0xa8014000,id:131,api:1,p:-1,c:-1) ~BufferQueueCore
01-27 17:46:05.678   614  2074 D DisplayManagerService: Display listener for pid 17302 died.
01-27 17:46:05.679   614  2077 I WindowManager: WIN DEATH: Window{d77bf9c u0 Toast}
01-27 17:46:05.679   614  2077 W InputDispatcher: Attempted to unregister already unregistered input channel 'd77bf9c Toast (server)'
01-27 17:46:05.683  4374  4374 I ADB_SERVICES: for fd 23, revents = 2011
01-27 17:46:05.683  4374  4374 I ADB_SERVICES: for fd 23, revents = 2011
01-27 17:46:05.688   383   395 I SurfaceFlinger: [SF client] Remove(0xa7ef04e0) for (614:system_server)
01-27 17:46:05.688   614   655 W ActivityManager: setHasOverlayUi called on unknown pid: 17302
01-27 17:46:05.688   341 17449 D AudioALSACaptureDataProviderFMRadio: -readThread(), pid: 341, tid: 17449
01-27 17:46:05.689   341   578 I AudioALSACaptureDataProviderFMRadio: AudioALSACaptureDataProviderFMRadio pcm_close device.
01-27 17:46:05.689   341   578 D AudioALSACaptureDataClient: +StopBesRecord()
01-27 17:46:05.689   341   578 D AudioSPELayer: Stop
01-27 17:46:05.689   341   578 D AudioSPELayer: not start before
01-27 17:46:05.689   341   578 D AudioALSACaptureDataClient: -StopBesRecord()
01-27 17:46:05.689   341   578 D AudioSPELayer: ~SPELayer+
01-27 17:46:05.689   341   578 D AudioSPELayer: Clear
01-27 17:46:05.689   341   578 D AudioSPELayer: ~Clear
01-27 17:46:05.689   341   578 D AudioSPELayer: FlushBufferQ+
01-27 17:46:05.689   341   578 D AudioSPELayer: FlushBufferQ mULOutBufferQ size=0,mULInBufferQ.size=0,mDLOutBufferQ.size()=0,mDLInBufferQ.size()=0,mDLDelayBufferQ.size()=0
01-27 17:46:05.689   341   578 D AudioSPELayer: FlushBufferQ-
01-27 17:46:05.689   341   578 D AudioSPELayer: ~SPELayer-
01-27 17:46:05.690   341   578 D AudioALSACaptureDataClient: -~AudioALSACaptureDataClient()
01-27 17:46:05.690   341   578 D AudioALSACaptureHandlerFMRadio: -close()
01-27 17:46:05.690   341   578 D AudioALSACaptureHandlerFMRadio: ~AudioALSACaptureHandlerFMRadio()
01-27 17:46:05.691   378  1474 D APM_AudioPolicyManager: stopInput() input 94
01-27 17:46:05.691   341   578 D AudioALSAHardware: +routing releaseAudioPatch 80002000->Mixer
01-27 17:46:05.691   341   578 I AudioALSAFMController: +setFmEnable(), mFmEnable = 1 => enable = 0, output_device = 0x8, bForceControl = 0,  bForce2DirectConn = 0
01-27 17:46:05.691   341   578 D AudioALSAFMController: +setFmDirectConnection_l(), enable = 0, bforce = 1, output_device = 8
01-27 17:46:05.692   341   578 W AudioALSASampleRateController: resetScenarioStatus unexpected operation for scenario 1
01-27 17:46:05.692   341   578 D AudioALSAStreamManager: Send to mStreamInVector [0]
01-27 17:46:05.692   341   578 D AudioALSAStreamManager: +routingInputDevice(), input_device: 0x80002000 => 0x0
01-27 17:46:05.692   341   578 W AudioALSAStreamManager: -routingInputDevice(), input_device == AUDIO_DEVICE_NONE(0x0), return
01-27 17:46:05.692   341   578 D AudioALSAStreamManager: -setParameters()
01-27 17:46:05.692   341   578 D AudioALSAHardware: handlecheck releaseAudioPatch remove handle [b] OK
01-27 17:46:05.693 17409 17426 D AudioRecord: stop done
01-27 17:46:05.693 17409 17409 D AudioRecord: stop: 0xa08ad000
01-27 17:46:05.693 17409 17426 I RadioAudioManager: mAudioRecord stop earphone mode
01-27 17:46:05.693 17409 17426 I RadioAudioManager: RenderThread: waiting for mRenderLock
01-27 17:46:05.693 17409 17409 D AudioRecord: stop: 0xa08ad000
01-27 17:46:05.693 17409 17409 I chatty  : uid=10009(com.hcn.autoradio) identical 1 line
01-27 17:46:05.693 17409 17409 D AudioRecord: stop: 0xa08ad000
01-27 17:46:05.694 17409 17409 W MediaAnalyticsItem: Unable to record: [1:audiorecord:0:-1::0:-1:1:0:8:android.media.audiorecord.latency=60:android.media.audiorecord.samplerate=44100:android.media.audiorecord.channels=2:android.media.audiorecord.encoding=AUDIO_FORMAT_PCM_16_BIT:android.media.audiorecord.source=AUDIO_SOURCE_FM_TUNER:android.media.audiorecord.durationMs=9990:android.media.audiorecord.n=1:android.media.audiorecord.createdMs=1769532355605:] [forcenew=0]
01-27 17:46:05.694 17409 17409 I RadioAudioManager: mAudioRecord = null when stopRender
01-27 17:46:05.694 17409 17409 D RadioAudioManager: stopAudioTrack, mAudioTrack = android.media.AudioTrack@eb194f4
01-27 17:46:05.694 17409 17409 D RadioAudioManager: exitRenderThread
01-27 17:46:05.694 17409 17426 D RadioAudioManager: RenderThread.run, thread is interrupted, need exit thread
01-27 17:46:05.696   383   383 I BufferQueueConsumer: [Toast#1](this:0xa7e9b000,id:133,api:1,p:-1,c:-1) disconnect(C)
01-27 17:46:05.696   383   383 I BufferQueue: [Toast#1](this:0xa7e9b000,id:133,api:1,p:-1,c:-1) ~BufferQueueCore
01-27 17:46:05.698   341   578 D AudioALSAStreamManager: -closeInputStream(), mStreamInVector.size() = 0
01-27 17:46:05.699   614   778 D MediaSessionService: Media button session is changed to null
01-27 17:46:05.701  1275  1275 D BluetoothMusicService:  onActiveSessionsChanged : 0
01-27 17:46:05.701  1139  1139 W NewAvrcpMediaPlayerWrapper: The session was destroyed com.hcn.autoradio
01-27 17:46:05.703  1275  1275 D BluetoothMusicService:  onActiveSessionsChanged : 0
01-27 17:46:05.703  1139  1139 V NewAvrcpMediaPlayerList: onActiveSessionsChanged: number of controllers: 0
01-27 17:46:05.703   477   477 D NuPlayerDriver: stop(0xb1a2e8c0)
01-27 17:46:05.703  1139  1139 V NewAvrcpMediaPlayerList: onActiveSessionsChanged: number of controllers: 0
01-27 17:46:05.704   477   477 D NuPlayerDriver: notifyListener_l(0xb1a2e8c0), (8, 0, 0, -1), loop setting(0, 0)
01-27 17:46:05.704   477 17431 D AudioTrack: pause(): 0xaf332000, mState = 0
01-27 17:46:05.704   477 17428 D NuPlayerDriver: notifyListener_l(0xb1a2e8c0), (211, 0, 0, 20), loop setting(0, 0)
01-27 17:46:05.705   477   477 D NuPlayerDriver: reset(0xb1a2e8c0) at state 8
01-27 17:46:05.705   477 17428 D NuPlayerDriver: notifyListener_l(0xb1a2e8c0), (211, 0, 0, 20), loop setting(0, 0)
01-27 17:46:05.706   483 17434 D MtkOmxAudioDecBase: # Got general command (OMX_CommandFlush)
01-27 17:46:05.712   614   649 W libprocessgroup: kill(-17302, 9) failed: No such process
01-27 17:46:05.712   614   649 I libprocessgroup: Successfully killed process cgroup uid 10126 pid 17302 in 89ms
01-27 17:46:05.740   378   576 D AudioFlinger: track(0xadac6300) pause signal - released
01-27 17:46:05.740   477 17431 D AudioTrack: pause(): 0xaf332000, mState = 2
01-27 17:46:05.741   477 17431 D AudioTrack: stop(): 0xaf332000, mState = 4
01-27 17:46:05.741   483 17434 D MtkOmxAudioDecBase: # Got general command (OMX_CommandStateSet)
01-27 17:46:05.743   483   866 D MtkOmxMp3Dec: JB ~MtkOmxMp3Dec this= 0xb07c3a00
01-27 17:46:05.743   483   866 D MtkOmxMp3Dec: component has been DeInit before,return.
01-27 17:46:05.741   483 17434 D MtkOmxAudioDecBase: # Got general command (OMX_CommandStateSet)
01-27 17:46:05.743   477 17432 W MediaAnalyticsItem: Unable to record: [1:codec:0:-1::0:-1:1:0:10:android.media.mediacodec.codec=OMX.MTK.AUDIO.DECODER.MP3:android.media.mediacodec.mode=audio:android.media.mediacodec.secure=0:android.media.mediacodec.encoder=0:android.media.mediacodec.mime=audio/mpeg:android.media.mediacodec.latency.max=269685:android.media.mediacodec.latency.min=888:android.media.mediacodec.latency.avg=97697:android.media.mediacodec.latency.n=400:android.media.mediacodec.latency.unknown=1:] [forcenew=0]
01-27 17:46:05.743   477 17428 D NuPlayer: audio shutdown completed
01-27 17:46:05.744   477 17428 I GenericSource: GenericSource stop mp3 TOC!
01-27 17:46:05.744   477 17428 E GenericSource: stop TOC fail,maybe TOC not Enabled or other reason.
01-27 17:46:05.745   477 17428 D NuPlayerDriver: notifyResetComplete(0xb1a2e8c0)
01-27 17:46:05.745   477   477 D NuPlayerDriver: reset(0xb1a2e8c0) at state 0
01-27 17:46:05.745   477   477 W AMessage: failed to post message as target looper for handler 0 is gone.
01-27 17:46:05.746   470  1082 D TableOfContentThread: ~TableOfContentThread 0xa7e762c8!
01-27 17:46:05.746   470  1082 D TableOfContentThread: stopTOCThread 0xa7e762c8
01-27 17:46:05.746   470  1082 W MediaAnalyticsItem: Unable to record: [1:extractor:0:-1::0:-1:1:0:3:android.media.mediaextractor.fmt=MP3Extractor:android.media.mediaextractor.ntrk=1:android.media.mediaextractor.mime=audio/mpeg:] [forcenew=0]
01-27 17:46:05.746 17409 17409 V MediaPlayer: resetDrmState:  mDrmInfo=null mDrmProvisioningThread=null mPrepareDrmInProgress=false mActiveDrmScheme=false
01-27 17:46:05.746 17409 17409 V MediaPlayer: cleanDrmObj: mDrmObj=null mDrmSessionId=null
01-27 17:46:05.746   477   477 D AudioTrack: ~AudioTrack(): 0xaf332000
01-27 17:46:05.746   477   477 D AudioTrack: stop(): 0xaf332000, mState = 4
01-27 17:46:05.747   477   477 W MediaAnalyticsItem: Unable to record: [1:audiotrack:0:-1::0:-1:1:0:6:android.media.audiotrack.underrunframes=1885:android.media.audiotrack.streamtype=3:android.media.audiotrack.type=AUDIO_CONTENT_TYPE_UNKNOWN:android.media.audiotrack.usage=AUDIO_USAGE_UNKNOWN:android.media.audiotrack.samplerate=44100:android.media.audiotrack.channelmask=3:] [forcenew=0]
01-27 17:46:05.747 17409 17409 V MediaPlayer: resetDrmState:  mDrmInfo=null mDrmProvisioningThread=null mPrepareDrmInProgress=false mActiveDrmScheme=false
01-27 17:46:05.747 17409 17409 V MediaPlayer: cleanDrmObj: mDrmObj=null mDrmSessionId=null
01-27 17:46:05.747   614   778 I MediaFocusControl: abandonAudioFocus() from uid/pid 10009/17409 clientId=android.media.AudioManager@dad46ebcom.hcn.autoradio.audio.RadioAudioManager$1@324fc48
01-27 17:46:05.748   614   778 I SourceService: onFocusStateChange [com.hcn.autoradio] requestResult 1, contentType:2,gainRequest:1, gain:0
01-27 17:46:05.749   614   778 I MediaFocusControlExt: notifySourceInfoAudioFocusState  com.hcn.autoradio type = 2 requestResult = 1 GainRequest()1
01-27 17:46:05.750 17409 17409 I m.hcn.autoradi: System.exit called, status: 0
01-27 17:46:05.750 17409 17409 I AndroidRuntime: VM exiting with result code 0, cleanup skipped.
01-27 17:46:05.769   614   778 D DisplayManagerService: Display listener for pid 17409 died.
01-27 17:46:05.770   614  2070 I ActivityManager: Process com.hcn.autoradio (pid 17409) has died: fore SVC 
01-27 17:46:05.770   614   649 W libprocessgroup: kill(-17409, 9) failed: No such process
01-27 17:46:05.771   614   614 I SourceService: Activity DIED(), com.hcn.autoradio | com.hcn.autoradio
01-27 17:46:05.771   614   614 I SourceService: onActivityStatus : [MUSIC, BT_CONNTECTED] --> [BT_CONNTECTED], from 
01-27 17:46:05.771   614   614 D ExtAudioMuxer: send cmd [01] : [FFFFFFFF ]
01-27 17:46:05.772   614   614 D SourceService: set Music mix volume 100, session 0
01-27 17:46:05.774   449   582 V camerad : Source changing to 
01-27 17:46:05.775   378  1474 D APM_AudioPolicyManager: AudioPolicyManager:setRecordSilenced(uid:10009, silenced:1)
01-27 17:46:05.775   378  1474 D AudioFlinger: AudioFlinger::setRecordSilenced(uid:10009, silenced:1)
01-27 17:46:05.782   378   576 D AudioFlinger_Threads: enforc flush
01-27 17:46:05.812   614   649 W libprocessgroup: kill(-17409, 9) failed: No such process
01-27 17:46:05.812   614   649 I libprocessgroup: Successfully killed process cgroup uid 10009 pid 17409 in 42ms
01-27 17:46:05.825   378   576 D AudioFlinger_Threads: WavePower index 0 [0, 0], [0, 0], diff [0, 0]
01-27 17:46:05.825   378   576 I AudioFlinger_Threads: setAudioOutputMute Mute:1, carstatus fd 13, audiomux fd 13
01-27 17:46:05.847   378   407 D APM_AudioPolicyManager: stopOutput() output 13, stream 3, session 265
01-27 17:46:05.847   378   407 V APM::AudioOutputDescriptor: changeRefCount() stream 3, count 1
01-27 17:46:05.889   378   407 D APM_AudioPolicyManager: stopOutput() output 13, stream 3, session 249
01-27 17:46:05.889   378   407 V APM::AudioOutputDescriptor: changeRefCount() stream 3, count 0
01-27 17:46:05.891  4374  4374 I ADB_SERVICES: service_to_fd shell,v2,TERM=xterm-256color,raw:am start -n com.example.openradiofm/.ui.main.MainActivity
01-27 17:46:05.954   614  2070 I ActivityManager: START u0 {flg=0x10000000 cmp=com.example.openradiofm/.ui.main.MainActivity} from uid 2000
01-27 17:46:05.961   368  1003 I vendor.mediatek.hardware.power@2.0-impl: powerHintAsync hint:8, data:1
01-27 17:46:05.966   614  2070 I PowerWrap: PowerHal_Wrap_mtkPowerHint
01-27 17:46:05.966   614  2070 I PowerWrap: PowerHal_Wrap_mtkPowerHint
01-27 17:46:05.967   368   390 I libPowerHal: 16: set: 2, set max:4
01-27 17:46:05.977   614   703 D ViewRootImpl[openradiofm]: hardware acceleration = false , fakeHwAccelerated = true, sRendererDisabled = false, forceHwAccelerated = false, sSystemRendererDisabled = false
01-27 17:46:05.979  4374 17720 I ADB_SERVICES: post waitpid (pid=17719) status=0000
01-27 17:46:05.979  4374  4374 I ADB_SERVICES: for fd 38, revents = 2010
01-27 17:46:05.979  4374  4374 I ADB_SERVICES: for fd 38, revents = 2010
01-27 17:46:05.981  4374  4374 I ADB_SERVICES: ref_cnt != 0 ref_cnt=-1, id=118, peer->id=190
01-27 17:46:05.990  1327  1417 D SessionLifecycleClient: Sending lifecycle 2 to service
01-27 17:46:05.990   614  2070 I PowerWrap: PowerHal_Wrap_mtkPowerHint
01-27 17:46:05.990  1327  1942 D SessionLifecycleService: Activity backgrounding at 3386997
01-27 17:46:05.990   614  2070 I PowerWrap: PowerHal_Wrap_mtkPowerHint
01-27 17:46:05.991   614  2070 I chatty  : uid=1000(system) Binder:614_11 identical 1 line
01-27 17:46:05.991   614  2070 I PowerWrap: PowerHal_Wrap_mtkPowerHint
01-27 17:46:05.997   383   639 I BufferQueue: [unnamed-383-136](this:0xa8014000,id:136,api:0,p:-1,c:-1) BufferQueue core=(383:/system/bin/surfaceflinger)
01-27 17:46:05.997   383   639 D BufferQueueConsumer: [unnamed-383-136](this:0xa8014000,id:136,api:0,p:-1,c:383) connect(C): consumer=(383:/system/bin/surfaceflinger) controlledByApp=false
01-27 17:46:05.998   383   639 I BufferQueueConsumer: [unnamed-383-136](this:0xa8014000,id:136,api:0,p:-1,c:383) setConsumerName: unnamed-383-136
01-27 17:46:05.998   383   639 I BufferQueueConsumer: [Splash Screen com.example.openradiofm#0](this:0xa8014000,id:136,api:0,p:-1,c:383) setConsumerName: Splash Screen com.example.openradiofm#0
01-27 17:46:05.998   383   639 D BufferQueueConsumer: [Splash Screen com.example.openradiofm#0](this:0xa8014000,id:136,api:0,p:-1,c:383) setDefaultBufferSize: width=1024 height=600
01-27 17:46:06.013   614   703 D Surface : lockCanvas
01-27 17:46:06.013   614   703 D Surface : Surface::connect(this=0x902d5800,api=2)
01-27 17:46:06.013   383   639 D BufferQueueProducer: [Splash Screen com.example.openradiofm#0](this:0xa8014000,id:136,api:2,p:614,c:383) connect(P): api=2 producer=(614:system_server) producerControlledByApp=false
01-27 17:46:06.029   614   648 I ActivityManager: Start proc 17725:com.example.openradiofm/u0a126 for activity com.example.openradiofm/.ui.main.MainActivity
01-27 17:46:06.031   614   703 D Surface : lockCanvas
01-27 17:46:06.034 17725 17725 I ple.openradiof: Late-enabling -Xcheck:jni
01-27 17:46:06.120  6483 17307 E SchedPolicy: set_timerslack_ns write failed: Operation not permitted
01-27 17:46:06.130  6483 17307 D AdvertisingIdClient: AdvertisingIdClient already created.
01-27 17:46:06.132   614  2076 V WindowManager: rotationForOrientationLw(orientation=0, lastRotation=0); mUserRotation=0 
01-27 17:46:06.140  6483 17307 I AdvertisingIdClient: shouldSendLog 3004718
01-27 17:46:06.140  6483 17307 I AdvertisingIdClient: GetInfoInternal elapse 9ms
01-27 17:46:06.141   614  2076 V WindowManager: Set focused app to: AppWindowToken{6451e38 token=Token{ef1fa9b ActivityRecord{6feceaa u0 com.example.openradiofm/.ui.main.MainActivity t6203}}} old focus=AppWindowToken{4b7515e token=Token{16a0a99 ActivityRecord{99947e0 u0 altergames.carlauncher/.MainActivity t2}}} moveFocusNow=true
01-27 17:46:06.142   614  2076 V WindowManager: Changing focus from Window{8100614 u0 altergames.carlauncher/altergames.carlauncher.MainActivity} to null Callers=com.android.server.wm.WindowManagerService.setFocusedApp:2701 com.android.server.am.ActivityManagerService.setResumedActivityUncheckLocked:3667 com.android.server.am.ActivityStack.onActivityStateChanged:499 com.android.server.am.TaskRecord.onActivityStateChanged:1794 
01-27 17:46:06.142   614  2076 D WindowManager: Input focus has changed to null
01-27 17:46:06.148   368  1003 I vendor.mediatek.hardware.power@2.0-impl: notifyAppState pack:com.example.openradiofm, act:com.example.openradiofm.ui.main.MainActivity, pid:17725, state:1
01-27 17:46:06.148   368   390 I libPowerHal: [perfNotifyAppState] foreground:com.example.openradiofm, pid:17725
01-27 17:46:06.153   378  1474 D APM_AudioPolicyManager: AudioPolicyManager:setRecordSilenced(uid:10126, silenced:0)
01-27 17:46:06.154   378  1474 D AudioFlinger: AudioFlinger::setRecordSilenced(uid:10126, silenced:0)
01-27 17:46:06.157   614   703 I WindowManager: selectAnimation in Window{310334e u0 Splash Screen com.example.openradiofm}: transit=1
01-27 17:46:06.166   614   655 I WindowManager: Focus moving from Window{8100614 u0 altergames.carlauncher/altergames.carlauncher.MainActivity} to null
01-27 17:46:06.177  6483 17307 E SchedPolicy: set_timerslack_ns write failed: Operation not permitted
01-27 17:46:06.182  1149 17741 E SchedPolicy: set_timerslack_ns write failed: Operation not permitted
01-27 17:46:06.189   383   383 D BufferQueueProducer: [FramebufferSurface](this:0xa8ca0000,id:0,api:1,p:383,c:383) queueBuffer: fps=4.31 dur=6502.12 max=5857.85 min=16.07
01-27 17:46:06.193   363   430 I hwcomposer: [DEV] [DEV] (Send identity matrix)  
01-27 17:46:06.309   614   648 I ActivityManager: Start proc 17742:com.zjinnova.zlink/u0a115 for service com.zjinnova.zlink/com.zjinnova.android.zlink.features.service.DaemonService
01-27 17:46:06.331 17742 17742 E .zjinnova.zlin: Not starting debugger since process cannot load the jdwp agent.
01-27 17:46:06.384 17742 17742 I .zjinnova.zlin: The ClassLoaderContext is a special shared library.
01-27 17:46:06.390 17742 17742 W .zjinnova.zlin: JIT profile information will not be recorded: profile file does not exits.
01-27 17:46:06.404  4374  4374 I ADB_SERVICES: service_to_fd shell:stat -c %u /proc/17725 | xargs -n 1 cmd package list packages --uid
01-27 17:46:06.448   363   431 W hwcomposer: [OVL] (0) No overlay input queue(0)  
01-27 17:46:06.448   363   431 I hwcomposer: [DBQ] (q2:0xb21f4500) Buffer queue is created with size(3)  
