01-25 16:14:15.912   610  4938 I GnssLocationProvider: WakeLock acquired by sendMessage(REPORT_SV_STATUS, 0, com.android.server.location.GnssLocationProvider$SvStatusInfo@3433889)
01-25 16:14:15.912   610   885 I GnssLocationProvider: WakeLock released by handleMessage(REPORT_SV_STATUS, 0, com.android.server.location.GnssLocationProvider$SvStatusInfo@3433889)
01-25 16:14:16.187   610   735 E WifiVendorHal: getWifiLinkLayerStats(l.937) failed {.code = ERROR_NOT_SUPPORTED, .description = }
01-25 16:14:16.362  2782  2782 W ps      : type=1400 audit(0.0:31948): avc: denied { getattr } for path="/dev/console" dev="tmpfs" ino=9333 scontext=u:r:z-link:s0 tcontext=u:object_r:console_device:s0 tclass=chr_file permissive=0
01-25 16:14:16.362  2782  2782 I chatty  : uid=0(root) ps identical 1 line
01-25 16:14:16.362  2782  2782 W ps      : type=1400 audit(0.0:31950): avc: denied { getattr } for path="/dev/console" dev="tmpfs" ino=9333 scontext=u:r:z-link:s0 tcontext=u:object_r:console_device:s0 tclass=chr_file permissive=0
01-25 16:14:16.362  2782  2782 W ps      : type=1400 audit(0.0:31951): avc: denied { read } for name="drivers" dev="proc" ino=4026531853 scontext=u:r:z-link:s0 tcontext=u:object_r:proc_tty_drivers:s0 tclass=file permissive=0
01-25 16:14:16.392  2782  2782 W ps      : type=1400 audit(0.0:31952): avc: denied { getattr } for path="/dev/pts/0" dev="devpts" ino=3 scontext=u:r:z-link:s0 tcontext=u:object_r:devpts:s0 tclass=chr_file permissive=0
01-25 16:14:16.427   782   785 D btopt   : zlink wake_up_apk_server: cmd = 'export PATH=$PATH:/system/bin/;am start-service -a "zjinnova.android.intent.action.ZLINK_SERVICE" &'
01-25 16:14:16.506   610   654 I ActivityManager: Start proc 2792:com.zjinnova.zlink/u0a115 for service com.zjinnova.zlink/com.zjinnova.android.zlink.features.service.DaemonService
01-25 16:14:16.522  2792  2792 E .zjinnova.zlin: Not starting debugger since process cannot load the jdwp agent.
01-25 16:14:16.558  2792  2792 I .zjinnova.zlin: The ClassLoaderContext is a special shared library.
01-25 16:14:16.564  2792  2792 W .zjinnova.zlin: JIT profile information will not be recorded: profile file does not exits.
01-25 16:14:16.579  2792  2792 W System.err: java.io.FileNotFoundException: /data/user/0/com.zjinnova.zlink/files/prodexdir/tosversion: open failed: EACCES (Permission denied)
01-25 16:14:16.580  2792  2792 W System.err: 	at libcore.io.IoBridge.open(IoBridge.java:485)
01-25 16:14:16.580  2792  2792 W System.err: 	at java.io.RandomAccessFile.<init>(RandomAccessFile.java:288)
01-25 16:14:16.580  2792  2792 W System.err: 	at java.io.RandomAccessFile.<init>(RandomAccessFile.java:151)
01-25 16:14:16.580  2792  2792 W System.err: 	at com.wrapper.proxyapplication.Util.PrepareSecurefiles(Util.java:362)
01-25 16:14:16.580  2792  2792 W System.err: 	at com.zjinnova.zlink.MyWrapperProxyApplication.initProxyApplication(MyWrapperProxyApplication.java:33)
01-25 16:14:16.580  2792  2792 W System.err: 	at com.wrapper.proxyapplication.WrapperProxyApplication.attachBaseContext(WrapperProxyApplication.java:459)
01-25 16:14:16.580  2792  2792 W System.err: 	at android.app.Application.attach(Application.java:212)
01-25 16:14:16.580  2792  2792 W System.err: 	at android.app.Instrumentation.newApplication(Instrumentation.java:1121)
01-25 16:14:16.580  2792  2792 W System.err: 	at android.app.LoadedApk.makeApplication(LoadedApk.java:1064)
01-25 16:14:16.580  2792  2792 W System.err: 	at android.app.ActivityThread.handleBindApplication(ActivityThread.java:5873)
01-25 16:14:16.580  2792  2792 W System.err: 	at android.app.ActivityThread.access$1200(ActivityThread.java:206)
01-25 16:14:16.580  2792  2792 W System.err: 	at android.app.ActivityThread$H.handleMessage(ActivityThread.java:1678)
01-25 16:14:16.580  2792  2792 W System.err: 	at android.os.Handler.dispatchMessage(Handler.java:106)
01-25 16:14:16.580  2792  2792 W System.err: 	at android.os.Looper.loop(Looper.java:193)
01-25 16:14:16.580  2792  2792 W System.err: 	at android.app.ActivityThread.main(ActivityThread.java:6702)
01-25 16:14:16.580  2792  2792 W System.err: 	at java.lang.reflect.Method.invoke(Native Method)
01-25 16:14:16.580  2792  2792 W System.err: 	at com.android.internal.os.RuntimeInit$MethodAndArgsCaller.run(RuntimeInit.java:493)
01-25 16:14:16.580  2792  2792 W System.err: 	at com.android.internal.os.ZygoteInit.main(ZygoteInit.java:911)
01-25 16:14:16.581  2792  2792 W System.err: Caused by: android.system.ErrnoException: open failed: EACCES (Permission denied)
01-25 16:14:16.581  2792  2792 W System.err: 	at libcore.io.Linux.open(Native Method)
01-25 16:14:16.581  2792  2792 W System.err: 	at libcore.io.BlockGuardOs.open(BlockGuardOs.java:210)
01-25 16:14:16.581  2792  2792 W System.err: 	at libcore.io.IoBridge.open(IoBridge.java:471)
01-25 16:14:16.581  2792  2792 W System.err: 	... 17 more
01-25 16:14:16.581  2792  2792 W System.err: java.io.FileNotFoundException: /data/user/0/com.zjinnova.zlink/files/prodexdir/tosversion (Permission denied)
01-25 16:14:16.582  2792  2792 W System.err: 	at java.io.FileOutputStream.open0(Native Method)
01-25 16:14:16.582  2792  2792 W System.err: 	at java.io.FileOutputStream.open(FileOutputStream.java:308)
01-25 16:14:16.582  2792  2792 W System.err: 	at java.io.FileOutputStream.<init>(FileOutputStream.java:238)
01-25 16:14:16.582  2792  2792 W System.err: 	at java.io.FileOutputStream.<init>(FileOutputStream.java:180)
01-25 16:14:16.582  2792  2792 W System.err: 	at com.wrapper.proxyapplication.Util.UnzipFile(Util.java:205)
01-25 16:14:16.582  2792  2792 W System.err: 	at com.wrapper.proxyapplication.Util.PrepareSecurefiles(Util.java:554)
01-25 16:14:16.582  2792  2792 W System.err: 	at com.zjinnova.zlink.MyWrapperProxyApplication.initProxyApplication(MyWrapperProxyApplication.java:33)
01-25 16:14:16.582  2792  2792 W System.err: 	at com.wrapper.proxyapplication.WrapperProxyApplication.attachBaseContext(WrapperProxyApplication.java:459)
01-25 16:14:16.582  2792  2792 W System.err: 	at android.app.Application.attach(Application.java:212)
01-25 16:14:16.582  2792  2792 W System.err: 	at android.app.Instrumentation.newApplication(Instrumentation.java:1121)
01-25 16:14:16.582  2792  2792 W System.err: 	at android.app.LoadedApk.makeApplication(LoadedApk.java:1064)
01-25 16:14:16.582  2792  2792 W System.err: 	at android.app.ActivityThread.handleBindApplication(ActivityThread.java:5873)
01-25 16:14:16.582  2792  2792 W System.err: 	at android.app.ActivityThread.access$1200(ActivityThread.java:206)
01-25 16:14:16.582  2792  2792 W System.err: 	at android.app.ActivityThread$H.handleMessage(ActivityThread.java:1678)
01-25 16:14:16.582  2792  2792 W System.err: 	at android.os.Handler.dispatchMessage(Handler.java:106)
01-25 16:14:16.582  2792  2792 W System.err: 	at android.os.Looper.loop(Looper.java:193)
01-25 16:14:16.582  2792  2792 W System.err: 	at android.app.ActivityThread.main(ActivityThread.java:6702)
01-25 16:14:16.582  2792  2792 W System.err: 	at java.lang.reflect.Method.invoke(Native Method)
01-25 16:14:16.582  2792  2792 W System.err: 	at com.android.internal.os.RuntimeInit$MethodAndArgsCaller.run(RuntimeInit.java:493)
01-25 16:14:16.582  2792  2792 W System.err: 	at com.android.internal.os.ZygoteInit.main(ZygoteInit.java:911)
01-25 16:14:16.587   446   562 I teststub: Free memory 849MBytes.
01-25 16:14:16.654   610  1992 D DisplayManagerService: Display listener for pid 2792 died.
01-25 16:14:16.655   610  1992 I ActivityManager: Process com.zjinnova.zlink (pid 2792) has died: fore SVC 
01-25 16:14:16.655   610  1992 W ActivityManager: Canceling start item Intent { act=zjinnova.android.intent.action.ZLINK_SERVICE } in service ComponentInfo{com.zjinnova.zlink/com.zjinnova.android.zlink.features.service.DaemonService}
01-25 16:14:16.655   610   655 W libprocessgroup: kill(-2792, 9) failed: No such process
01-25 16:14:16.655   610   655 I libprocessgroup: Successfully killed process cgroup uid 10115 pid 2792 in 0ms
01-25 16:14:16.655   610  1992 W ActivityManager: Scheduling restart of crashed service com.zjinnova.zlink/com.zjinnova.android.zlink.features.service.DaemonService in 1000ms
01-25 16:14:16.657   610   610 I SourceService: Activity DIED(), com.zjinnova.zlink | com.zjinnova.zlink
01-25 16:14:16.684  4060  4060 I ADB_SERVICES: service_to_fd shell:getprop
01-25 16:14:16.722   383   631 D BufferQueueProducer: [altergames.carlauncher/altergames.carlauncher.MainActivity#0](this:0xabcb2000,id:152,api:1,p:1433,c:383) queueBuffer: fps=1.50 dur=2004.95 max=1008.92 min=35.92
01-25 16:14:16.729   383   383 D SurfaceFlinger: [Built-in Screen (type:0)] fps:1.522465,dur:1970.49,max:1011.90,min:261.44
01-25 16:14:16.747  4060  4060 I ADB_SERVICES: for fd 30, revents = 10
01-25 16:14:16.747  4060  2809 I ADB_SERVICES: post waitpid (pid=2808) status=0000
01-25 16:14:16.749  4060  4060 I ADB_SERVICES: ref_cnt != 0 ref_cnt=-1, id=222, peer->id=1502
01-25 16:14:16.908   456  1177 D pseudo  : mtk_gps_sys_nmea_output_to_mnld: received 467 bytes:
01-25 16:14:16.908   456  1177 D pseudo  : mtk_gps_sys_nmea_output_to_app: len:467, [NMEA]$GPGGA,015658.00...
01-25 16:14:16.908   456  1177 D         : mtk_gps_sys_gps_mnl_callback: msg:0
01-25 16:14:16.908   456  1177 D         : send_active_notify: send clean nmea timer cmd!
01-25 16:14:16.908   456  1177 D         : mtk_gps_sys_gps_mnl_callback: MTK_GPS_MSG_FIX_READY,GET_RTC_FAIL
01-25 16:14:16.908   456  1177 D pseudo  : mtk_gps_sys_nmea_output_to_app: len:46, [vAGPS_Auto_Req]:g_FirstDbtt:0,u2BitMap:0x12f
01-25 16:14:16.908   456   566 D         : gps_control_thread: gps_control_thread wait
01-25 16:14:16.914   610  4938 I GnssLocationProvider: WakeLock acquired by sendMessage(REPORT_SV_STATUS, 0, com.android.server.location.GnssLocationProvider$SvStatusInfo@1cf008e)
01-25 16:14:16.915   610   885 I GnssLocationProvider: WakeLock released by handleMessage(REPORT_SV_STATUS, 0, com.android.server.location.GnssLocationProvider$SvStatusInfo@1cf008e)
01-25 16:14:17.220  1301  1301 D BTAdapterService: MSG_AutoConnect
01-25 16:14:17.221  1301  1301 D BTAdapterService: isBluetoothEnable:true
01-25 16:14:17.222  1301  1301 D BTAdapterService: MSG_AUTO_CONNECT times=239 delay:30000
01-25 16:14:17.222  1301  1301 D CachedBluetoothDeviceManager: findDeviceByAddr() == A8:6A:86:B3:96:EA
01-25 16:14:17.227  1301  1301 D BTAdapterService: startConnect A8:6A:86:B3:96:EA
01-25 16:14:17.228  1301  1301 D Car_CachedBluetoothDevice: Address:A8:6A:86:B3:96:EA Profile:HEADSET_CLIENT isPreferred : true
01-25 16:14:17.230  1301  1301 D Car_CachedBluetoothDevice: connectInt, mDevice = A8:6A:86:B3:96:EA
01-25 16:14:17.231  1301  1301 D BluetoothHeadsetClient: connect(A8:6A:86:B3:96:EA)
01-25 16:14:17.231  1158  1266 D HeadsetClientStateMachine: Disconnected process message: 1
01-25 16:14:17.231  1301  1301 D Car_CachedBluetoothDevice: Command sent successfully:CONNECT Address:A8:6A:86:B3:96:EA Profile:HEADSET_CLIENT
01-25 16:14:17.232  1158  1229 I bt_btif_queue: queue_int_add: adding connection request: address=a8:6a:86:b3:96:ea UUID=111E busy=false
01-25 16:14:17.232  1158  1229 I bt_btif_queue: btif_queue_connect_next: executing connection request: address=a8:6a:86:b3:96:ea UUID=111E busy=false
01-25 16:14:17.232  1158  1229 E bt_btif : is_connected: not connected!
01-25 16:14:17.232  1158  1229 W bt_btif : bta_hf_client_find_cb_by_bda: bdaddr mismatch for handle 0 alloc 0
01-25 16:14:17.232  1158  1229 E bt_btif : bta_hf_client_find_cb_by_bda: block not found
01-25 16:14:17.233   610   610 I McuService: headset state changing to : 1
01-25 16:14:17.234   610   610 I SourceService: headset state changed. device : A8:6A:86:B3:96:EA, state : 1
01-25 16:14:17.234  1158  1158 D AdapterProperties: PROFILE_CONNECTION_STATE_CHANGE: profile=16, device=A8:6A:86:B3:96:EA, 0 -> 1
01-25 16:14:17.234  1158  1158 D AdapterProperties: ADAPTER_CONNECTION_STATE_CHANGE: A8:6A:86:B3:96:EA: 0 -> 1
01-25 16:14:17.235   816  1021 V BluetoothEventManager: Received android.bluetooth.headsetclient.profile.action.CONNECTION_STATE_CHANGED
01-25 16:14:17.235   816  1021 D CachedBluetoothDevice: onProfileStateChanged: profile HEADSET_CLIENT newProfileState 1
01-25 16:14:17.235   610   652 W BroadcastQueue: Background execution not allowed: receiving Intent { act=android.bluetooth.adapter.action.CONNECTION_STATE_CHANGED flg=0x4000010 (has extras) } to com.google.android.gms/.chimera.GmsIntentOperationService$PersistentTrustedReceiver
01-25 16:14:17.238   347   347 D [BT]    : mtk_bt_op: BT_VND_OP_LPM_WAKE_SET_STATE
01-25 16:14:17.239  1214  1214 I wpa_supplicant: wpa_driver_nl80211_driver_cmd: wlan0 recv cmd BTCOEXSCAN-START
01-25 16:14:17.241  1301  1301 D Car_CachedBluetoothDevice: Address:A8:6A:86:B3:96:EA Profile:A2DPSink isPreferred : true
01-25 16:14:17.243   816  1021 D BluetoothController: updateConnected: devices size=0 state=1
01-25 16:14:17.243   816  1021 D BluetoothController: updateConnected: state=1 mConnectionState=0
01-25 16:14:17.245  1301  1301 D Car_CachedBluetoothDevice: connectInt, mDevice = A8:6A:86:B3:96:EA
01-25 16:14:17.245   816  1021 D BluetoothController: updateConnected: devices size=0 state=1
01-25 16:14:17.245   816  1021 D BluetoothController: updateConnected: state=1 mConnectionState=1
01-25 16:14:17.246   816  1021 D BluetoothController: updateConnected: devices size=0 state=1
01-25 16:14:17.246   816  1021 D BluetoothController: updateConnected: state=1 mConnectionState=1
01-25 16:14:17.248  1301  1301 D BluetoothA2dpSink: connect(A8:6A:86:B3:96:EA)
01-25 16:14:17.249  1158  1262 D A2dpSinkStateMachine: Disconnected process message: 1
01-25 16:14:17.249  1301  1301 D Car_CachedBluetoothDevice: Command sent successfully:CONNECT Address:A8:6A:86:B3:96:EA Profile:A2DPSink
01-25 16:14:17.249  1301  1301 D Car_CachedBluetoothDevice: Address:A8:6A:86:B3:96:EA Profile:PAN isPreferred : true
01-25 16:14:17.249  1158  1262 I BluetoothA2dpSinkServiceJni: connectA2dpNative: sBluetoothA2dpInterface: 0x8b7ba7d8
01-25 16:14:17.249  1158  1262 I btif_av : sink_connect_src: Peer a8:6a:86:b3:96:ea
01-25 16:14:17.249  1158  1262 D A2dpSinkStateMachine: Exit Disconnected: 1
01-25 16:14:17.249  1158  1262 D A2dpSinkStateMachine: Enter Pending: 1
01-25 16:14:17.249  1158  1229 I bt_btif_queue: queue_int_add: adding connection request: address=a8:6a:86:b3:96:ea UUID=110B busy=false
01-25 16:14:17.250  1158  1229 I bt_btif_queue: btif_queue_connect_next: executing connection request: address=a8:6a:86:b3:96:ea UUID=111E busy=true
01-25 16:14:17.251  1158  1158 D A2dpSinkStateMachine: Connection state A8:6A:86:B3:96:EA: 0->1
01-25 16:14:17.252  1158  1158 D AdapterProperties: PROFILE_CONNECTION_STATE_CHANGE: profile=11, device=A8:6A:86:B3:96:EA, 0 -> 1
01-25 16:14:17.253  1301  1301 D Car_CachedBluetoothDevice: connectInt, mDevice = A8:6A:86:B3:96:EA
01-25 16:14:17.252   816  1021 V BluetoothEventManager: Received android.bluetooth.a2dp-sink.profile.action.CONNECTION_STATE_CHANGED
01-25 16:14:17.253   816  1021 D CachedBluetoothDevice: onProfileStateChanged: profile A2DPSink newProfileState 1
01-25 16:14:17.258  1301  1301 D BluetoothPan: connect(A8:6A:86:B3:96:EA)
01-25 16:14:17.259  1158  1158 D BluetoothPanServiceJni: connectPanNative(L193): in
01-25 16:14:17.259  1301  1301 D Car_CachedBluetoothDevice: Command sent successfully:CONNECT Address:A8:6A:86:B3:96:EA Profile:PAN
01-25 16:14:17.259  1158  1256 I bt_stack: [INFO:pan_api.cc(355)] PAN_Connect for BD Addr: a8:6a:86:b3:96:ea
01-25 16:14:17.259  1158  1256 I bt_stack: [INFO:bnep_api.cc(133)] BNEP_Connect BDA:a8:6a:86:b3:96:ea
01-25 16:14:17.259  1158  1229 D BluetoothPanServiceJni: connection_state_callback(L82): state:1, local_role:2, remote_role:1
01-25 16:14:17.260  1158  1158 I PanService: state 1 Num of connected pan devices: 0
01-25 16:14:17.260  1158  1158 D PanService: handlePanDeviceStateChange preState: 0 state: 1
01-25 16:14:17.260  1158  1158 D PanService: handlePanDeviceStateChange LOCAL_PANU_ROLE:REMOTE_NAP_ROLE state = 1, prevState = 0
01-25 16:14:17.260  1158  1158 D PanService: Pan Device state : device: A8:6A:86:B3:96:EA State:0->1
01-25 16:14:17.261   816  1021 D BluetoothController: updateConnected: devices size=0 state=1
01-25 16:14:17.261   816  1021 D BluetoothController: updateConnected: state=1 mConnectionState=1
01-25 16:14:17.261   383   631 D BufferQueueProducer: [StatusBar#0](this:0xabcc3000,id:5,api:1,p:816,c:383) queueBuffer: fps=0.55 dur=1819.64 max=1819.64 min=1819.64
01-25 16:14:17.263  1158  1158 D AdapterProperties: PROFILE_CONNECTION_STATE_CHANGE: profile=5, device=A8:6A:86:B3:96:EA, 0 -> 1
01-25 16:14:17.264  1301  1301 D Car_CachedBluetoothDevice: Address:A8:6A:86:B3:96:EA Profile:PbapClient isPreferred : true
01-25 16:14:17.264   816  1021 D BluetoothController: updateConnected: devices size=0 state=1
01-25 16:14:17.264   816  1021 D BluetoothController: updateConnected: state=1 mConnectionState=1
01-25 16:14:17.265   816  1021 V BluetoothEventManager: Received android.bluetooth.pan.profile.action.CONNECTION_STATE_CHANGED
01-25 16:14:17.265   816  1021 D LocalBluetoothProfileManager: pan profile state change, role is 2
01-25 16:14:17.265   816  1021 D CachedBluetoothDevice: onProfileStateChanged: profile PAN newProfileState 1
01-25 16:14:17.266  1301  1301 D Car_CachedBluetoothDevice: connectInt, mDevice = A8:6A:86:B3:96:EA
01-25 16:14:17.267  1301  1301 D PbapClientProfile: PBAPClientProfile attempting to connect to A8:6A:86:B3:96:EA
01-25 16:14:17.268  1158  1187 D PbapClientService: Received request to ConnectPBAPPhonebook A8:6A:86:B3:96:EA
01-25 16:14:17.270   816  1021 D BluetoothController: updateConnected: devices size=0 state=1
01-25 16:14:17.270   816  1021 D BluetoothController: updateConnected: state=1 mConnectionState=1
01-25 16:14:17.271   816   816 I PhoneStatusBarPolicy: bluetooth pan state changed by system, state : 1
01-25 16:14:17.275   816  1021 D BluetoothController: updateConnected: devices size=0 state=1
01-25 16:14:17.275  1301  1301 D Car_CachedBluetoothDevice: Command sent successfully:CONNECT Address:A8:6A:86:B3:96:EA Profile:PbapClient
01-25 16:14:17.275  1301  1301 D Car_CachedBluetoothDevice: Preferred profiles = 4
01-25 16:14:17.275  1158  2811 D PbapClientStateMachine: Connection state A8:6A:86:B3:96:EA: 0->1
01-25 16:14:17.275  1301  1301 V BluetoothEventManager: Received android.bluetooth.headsetclient.profile.action.CONNECTION_STATE_CHANGED
01-25 16:14:17.275  1301  1301 D CachedBluetoothDeviceManager: findDevice() == A8:6A:86:B3:96:EA
01-25 16:14:17.275  1301  1301 D CachedBluetoothDeviceManager: findDevice() mCachedDevices size == 3
01-25 16:14:17.275  1301  1301 D CachedBluetoothDeviceManager: findDevice() mCachedDevices == A8:6A:86:B3:96:EA
01-25 16:14:17.275  1301  1301 D Car_LocalBluetoothProfileManager: StateChangedHandler cachedDevice ==A8:6A:86:B3:96:EA
01-25 16:14:17.275  1301  1301 D Car_CachedBluetoothDevice: onProfileStateChanged: profile HEADSET_CLIENT newProfileState 1
01-25 16:14:17.276  1301  1301 V LocalBluetoothAdapter: getBluetoothState mState:12
01-25 16:14:17.277  1158  1158 D AdapterProperties: PROFILE_CONNECTION_STATE_CHANGE: profile=17, device=A8:6A:86:B3:96:EA, 0 -> 1
01-25 16:14:17.278  1301  1301 D Car_CachedBluetoothDevice: localUuids : [Landroid.os.ParcelUuid;@5f4a580 isA2dpSinkSupport : true
01-25 16:14:17.278  1301  1301 D BTAdapterService: onReceive: HFP ACTION_CONNECTION_STATE_CHANGED 1
01-25 16:14:17.280  1301  1301 D BTAdapterService: callListener: count=0
01-25 16:14:17.280  1301  1301 I HfpClientService: onReceive:android.bluetooth.headsetclient.profile.action.CONNECTION_STATE_CHANGED
01-25 16:14:17.280  1301  1301 V BluetoothEventManager: Received android.bluetooth.adapter.action.CONNECTION_STATE_CHANGED
01-25 16:14:17.280  1301  1301 D CachedBluetoothDeviceManager: findDevice() == A8:6A:86:B3:96:EA
01-25 16:14:17.280  1301  1301 D CachedBluetoothDeviceManager: findDevice() mCachedDevices size == 3
01-25 16:14:17.280  1301  1301 D CachedBluetoothDeviceManager: findDevice() mCachedDevices == A8:6A:86:B3:96:EA
01-25 16:14:17.280  1301  1301 V BluetoothEventManager: Received android.bluetooth.a2dp-sink.profile.action.CONNECTION_STATE_CHANGED
01-25 16:14:17.280  1301  1301 D CachedBluetoothDeviceManager: findDevice() == A8:6A:86:B3:96:EA
01-25 16:14:17.280  1301  1301 D CachedBluetoothDeviceManager: findDevice() mCachedDevices size == 3
01-25 16:14:17.280  1301  1301 D CachedBluetoothDeviceManager: findDevice() mCachedDevices == A8:6A:86:B3:96:EA
01-25 16:14:17.280  1301  1301 D Car_LocalBluetoothProfileManager: StateChangedHandler cachedDevice ==A8:6A:86:B3:96:EA
01-25 16:14:17.280  1301  1301 D Car_CachedBluetoothDevice: onProfileStateChanged: profile A2DPSink newProfileState 1
01-25 16:14:17.281  1301  1301 V LocalBluetoothAdapter: getBluetoothState mState:12
01-25 16:14:17.281  1158  2811 D SdpManager: Starting search for UUID: 0000112f-0000-1000-8000-00805f9b34fb
01-25 16:14:17.282  1301  1301 D Car_CachedBluetoothDevice: localUuids : [Landroid.os.ParcelUuid;@497a7b9 isA2dpSinkSupport : true
01-25 16:14:17.282  1301  1301 D A2dpRoleSwitcher: [changeProfileState] profile : A2DPSink, device : A8:6A:86:B3:96:EA, state : 1
01-25 16:14:17.282  1301  1301 D BTAdapterService: a2dpsink connectstatus:1
01-25 16:14:17.283  1301  1301 D BluetoothMusicService: A2dpStateChanged:1
01-25 16:14:17.283  1301  1301 D BTAdapterService: onReceive: PanProfile state=1
01-25 16:14:17.283  1301  1301 V BluetoothEventManager: Received android.bluetooth.pan.profile.action.CONNECTION_STATE_CHANGED
01-25 16:14:17.283  1301  1301 D Car_LocalBluetoothProfileManager: pan profile state change, role is 2
01-25 16:14:17.283  1301  1301 D CachedBluetoothDeviceManager: findDevice() == A8:6A:86:B3:96:EA
01-25 16:14:17.283  1301  1301 D CachedBluetoothDeviceManager: findDevice() mCachedDevices size == 3
01-25 16:14:17.283  1301  1301 D CachedBluetoothDeviceManager: findDevice() mCachedDevices == A8:6A:86:B3:96:EA
01-25 16:14:17.283  1301  1301 D Car_LocalBluetoothProfileManager: StateChangedHandler cachedDevice ==A8:6A:86:B3:96:EA
01-25 16:14:17.283  1301  1301 D Car_CachedBluetoothDevice: onProfileStateChanged: profile PAN newProfileState 1
01-25 16:14:17.283  1301  1301 V LocalBluetoothAdapter: getBluetoothState mState:12
01-25 16:14:17.284  1158  2811 D BluetoothSdpJni: sdpSearchNative
01-25 16:14:17.284  1158  2811 D BluetoothSdpJni: sdpSearchNative UUID 
01-25 16:14:17.284  1158  1256 W bt_sdp  : one SDP - active on cid = 4a 
01-25 16:14:17.284  1301  1301 D Car_CachedBluetoothDevice: localUuids : [Landroid.os.ParcelUuid;@bc2f7fe isA2dpSinkSupport : true
01-25 16:14:17.284  1301  1301 V BluetoothEventManager: Received android.bluetooth.pbapclient.profile.action.CONNECTION_STATE_CHANGED
01-25 16:14:17.284  1301  1301 D CachedBluetoothDeviceManager: findDevice() == A8:6A:86:B3:96:EA
01-25 16:14:17.284  1301  1301 D CachedBluetoothDeviceManager: findDevice() mCachedDevices size == 3
01-25 16:14:17.284  1301  1301 D CachedBluetoothDeviceManager: findDevice() mCachedDevices == A8:6A:86:B3:96:EA
01-25 16:14:17.284  1301  1301 D Car_LocalBluetoothProfileManager: StateChangedHandler cachedDevice ==A8:6A:86:B3:96:EA
01-25 16:14:17.284  1301  1301 D Car_CachedBluetoothDevice: onProfileStateChanged: profile PbapClient newProfileState 1
01-25 16:14:17.285  1301  1301 V LocalBluetoothAdapter: getBluetoothState mState:12
01-25 16:14:17.288   816  1021 D BluetoothController: updateConnected: state=1 mConnectionState=1
01-25 16:14:17.290  1158  2811 D XNM_007 : now Bt address=A8:6A:86:B3:96:EA preAddress=A8:6A:86:B3:96:EA
01-25 16:14:17.291  1158  2811 D XNM_007 : same bt notifyDBReady
01-25 16:14:17.292  1301  1301 D Car_CachedBluetoothDevice: localUuids : [Landroid.os.ParcelUuid;@6072b5f isA2dpSinkSupport : true
01-25 16:14:17.292  1301  1301 D BluetoothPbapClientHelper: callPbapListener: count=0
01-25 16:14:17.667   610   654 I ActivityManager: Start proc 2813:com.zjinnova.zlink/u0a115 for service com.zjinnova.zlink/com.zjinnova.android.zlink.features.service.DaemonService
01-25 16:14:17.682  2813  2813 E .zjinnova.zlin: Not starting debugger since process cannot load the jdwp agent.
01-25 16:14:17.731   383   631 D BufferQueueProducer: [altergames.carlauncher/altergames.carlauncher.MainActivity#0](this:0xabcb2000,id:152,api:1,p:1433,c:383) queueBuffer: fps=0.99 dur=1009.02 max=1009.02 min=1009.02
01-25 16:14:17.740   383   383 D SurfaceFlinger: [Built-in Screen (type:0)] fps:4.948205,dur:1010.47,max:539.40,min:17.23
01-25 16:14:17.742  2813  2813 I .zjinnova.zlin: The ClassLoaderContext is a special shared library.
01-25 16:14:17.750  2813  2813 W .zjinnova.zlin: JIT profile information will not be recorded: profile file does not exits.
01-25 16:14:17.765  2813  2813 W System.err: java.io.FileNotFoundException: /data/user/0/com.zjinnova.zlink/files/prodexdir/tosversion: open failed: EACCES (Permission denied)
01-25 16:14:17.766  2813  2813 W System.err: 	at libcore.io.IoBridge.open(IoBridge.java:485)
01-25 16:14:17.766  2813  2813 W System.err: 	at java.io.RandomAccessFile.<init>(RandomAccessFile.java:288)
01-25 16:14:17.766  2813  2813 W System.err: 	at java.io.RandomAccessFile.<init>(RandomAccessFile.java:151)
01-25 16:14:17.766  2813  2813 W System.err: 	at com.wrapper.proxyapplication.Util.PrepareSecurefiles(Util.java:362)
01-25 16:14:17.766  2813  2813 W System.err: 	at com.zjinnova.zlink.MyWrapperProxyApplication.initProxyApplication(MyWrapperProxyApplication.java:33)
01-25 16:14:17.766  2813  2813 W System.err: 	at com.wrapper.proxyapplication.WrapperProxyApplication.attachBaseContext(WrapperProxyApplication.java:459)
01-25 16:14:17.766  2813  2813 W System.err: 	at android.app.Application.attach(Application.java:212)
01-25 16:14:17.766  2813  2813 W System.err: 	at android.app.Instrumentation.newApplication(Instrumentation.java:1121)
01-25 16:14:17.766  2813  2813 W System.err: 	at android.app.LoadedApk.makeApplication(LoadedApk.java:1064)
01-25 16:14:17.766  2813  2813 W System.err: 	at android.app.ActivityThread.handleBindApplication(ActivityThread.java:5873)
01-25 16:14:17.766  2813  2813 W System.err: 	at android.app.ActivityThread.access$1200(ActivityThread.java:206)
01-25 16:14:17.766  2813  2813 W System.err: 	at android.app.ActivityThread$H.handleMessage(ActivityThread.java:1678)
01-25 16:14:17.766  2813  2813 W System.err: 	at android.os.Handler.dispatchMessage(Handler.java:106)
01-25 16:14:17.766  2813  2813 W System.err: 	at android.os.Looper.loop(Looper.java:193)
01-25 16:14:17.766  2813  2813 W System.err: 	at android.app.ActivityThread.main(ActivityThread.java:6702)
01-25 16:14:17.766  2813  2813 W System.err: 	at java.lang.reflect.Method.invoke(Native Method)
01-25 16:14:17.766  2813  2813 W System.err: 	at com.android.internal.os.RuntimeInit$MethodAndArgsCaller.run(RuntimeInit.java:493)
01-25 16:14:17.766  2813  2813 W System.err: 	at com.android.internal.os.ZygoteInit.main(ZygoteInit.java:911)
01-25 16:14:17.766  2813  2813 W System.err: Caused by: android.system.ErrnoException: open failed: EACCES (Permission denied)
01-25 16:14:17.766  2813  2813 W System.err: 	at libcore.io.Linux.open(Native Method)
01-25 16:14:17.766  2813  2813 W System.err: 	at libcore.io.BlockGuardOs.open(BlockGuardOs.java:210)
01-25 16:14:17.766  2813  2813 W System.err: 	at libcore.io.IoBridge.open(IoBridge.java:471)
01-25 16:14:17.766  2813  2813 W System.err: 	... 17 more
01-25 16:14:17.767  2813  2813 W System.err: java.io.FileNotFoundException: /data/user/0/com.zjinnova.zlink/files/prodexdir/tosversion (Permission denied)
01-25 16:14:17.767  2813  2813 W System.err: 	at java.io.FileOutputStream.open0(Native Method)
01-25 16:14:17.767  2813  2813 W System.err: 	at java.io.FileOutputStream.open(FileOutputStream.java:308)
01-25 16:14:17.767  2813  2813 W System.err: 	at java.io.FileOutputStream.<init>(FileOutputStream.java:238)
01-25 16:14:17.767  2813  2813 W System.err: 	at java.io.FileOutputStream.<init>(FileOutputStream.java:180)
01-25 16:14:17.768  2813  2813 W System.err: 	at com.wrapper.proxyapplication.Util.UnzipFile(Util.java:205)
01-25 16:14:17.768  2813  2813 W System.err: 	at com.wrapper.proxyapplication.Util.PrepareSecurefiles(Util.java:554)
01-25 16:14:17.768  2813  2813 W System.err: 	at com.zjinnova.zlink.MyWrapperProxyApplication.initProxyApplication(MyWrapperProxyApplication.java:33)
01-25 16:14:17.768  2813  2813 W System.err: 	at com.wrapper.proxyapplication.WrapperProxyApplication.attachBaseContext(WrapperProxyApplication.java:459)
01-25 16:14:17.768  2813  2813 W System.err: 	at android.app.Application.attach(Application.java:212)
01-25 16:14:17.768  2813  2813 W System.err: 	at android.app.Instrumentation.newApplication(Instrumentation.java:1121)
01-25 16:14:17.768  2813  2813 W System.err: 	at android.app.LoadedApk.makeApplication(LoadedApk.java:1064)
01-25 16:14:17.768  2813  2813 W System.err: 	at android.app.ActivityThread.handleBindApplication(ActivityThread.java:5873)
01-25 16:14:17.768  2813  2813 W System.err: 	at android.app.ActivityThread.access$1200(ActivityThread.java:206)
01-25 16:14:17.768  2813  2813 W System.err: 	at android.app.ActivityThread$H.handleMessage(ActivityThread.java:1678)
01-25 16:14:17.768  2813  2813 W System.err: 	at android.os.Handler.dispatchMessage(Handler.java:106)
01-25 16:14:17.768  2813  2813 W System.err: 	at android.os.Looper.loop(Looper.java:193)
01-25 16:14:17.768  2813  2813 W System.err: 	at android.app.ActivityThread.main(ActivityThread.java:6702)
01-25 16:14:17.768  2813  2813 W System.err: 	at java.lang.reflect.Method.invoke(Native Method)
01-25 16:14:17.768  2813  2813 W System.err: 	at com.android.internal.os.RuntimeInit$MethodAndArgsCaller.run(RuntimeInit.java:493)
01-25 16:14:17.768  2813  2813 W System.err: 	at com.android.internal.os.ZygoteInit.main(ZygoteInit.java:911)
01-25 16:14:17.834   610  1992 D DisplayManagerService: Display listener for pid 2813 died.
01-25 16:14:17.834   610   764 I ActivityManager: Process com.zjinnova.zlink (pid 2813) has died: fore SVC 
01-25 16:14:17.834   610   764 W ActivityManager: Scheduling restart of crashed service com.zjinnova.zlink/com.zjinnova.android.zlink.features.service.DaemonService in 4000ms
01-25 16:14:17.835   610   655 W libprocessgroup: kill(-2813, 9) failed: No such process
01-25 16:14:17.836   610   610 I SourceService: Activity DIED(), com.zjinnova.zlink | com.zjinnova.zlink
01-25 16:14:17.880   610   655 W libprocessgroup: kill(-2813, 9) failed: No such process
01-25 16:14:17.881   610   655 I libprocessgroup: Successfully killed process cgroup uid 10115 pid 2813 in 45ms
01-25 16:14:17.908   456  1177 D pseudo  : mtk_gps_sys_nmea_output_to_mnld: received 467 bytes:
01-25 16:14:17.908   456  1177 D pseudo  : mtk_gps_sys_nmea_output_to_app: len:467, [NMEA]$GPGGA,015659.00...
01-25 16:14:17.908   456  1177 D         : mtk_gps_sys_gps_mnl_callback: msg:0
01-25 16:14:17.908   456  1177 D         : send_active_notify: send clean nmea timer cmd!
01-25 16:14:17.909   456  1177 D         : mtk_gps_sys_gps_mnl_callback: MTK_GPS_MSG_FIX_READY,GET_RTC_FAIL
01-25 16:14:17.909   456  1177 D pseudo  : mtk_gps_sys_nmea_output_to_app: len:46, [vAGPS_Auto_Req]:g_FirstDbtt:0,u2BitMap:0x12f
01-25 16:14:17.909   456   566 D         : gps_control_thread: gps_control_thread wait
01-25 16:14:17.911   610  1141 I GnssLocationProvider: WakeLock acquired by sendMessage(REPORT_SV_STATUS, 0, com.android.server.location.GnssLocationProvider$SvStatusInfo@773a8cb)
01-25 16:14:17.912   610   885 I GnssLocationProvider: WakeLock released by handleMessage(REPORT_SV_STATUS, 0, com.android.server.location.GnssLocationProvider$SvStatusInfo@773a8cb)
01-25 16:14:18.515  2833  2833 W ps      : type=1400 audit(0.0:31958): avc: denied { getattr } for path="/dev/console" dev="tmpfs" ino=9333 scontext=u:r:z-link:s0 tcontext=u:object_r:console_device:s0 tclass=chr_file permissive=0
01-25 16:14:18.515  2833  2833 I chatty  : uid=0(root) ps identical 1 line
01-25 16:14:18.515  2833  2833 W ps      : type=1400 audit(0.0:31960): avc: denied { getattr } for path="/dev/console" dev="tmpfs" ino=9333 scontext=u:r:z-link:s0 tcontext=u:object_r:console_device:s0 tclass=chr_file permissive=0
01-25 16:14:18.515  2833  2833 W ps      : type=1400 audit(0.0:31961): avc: denied { read } for name="drivers" dev="proc" ino=4026531853 scontext=u:r:z-link:s0 tcontext=u:object_r:proc_tty_drivers:s0 tclass=file permissive=0
01-25 16:14:18.542  2833  2833 W ps      : type=1400 audit(0.0:31962): avc: denied { getattr } for path="/dev/pts/0" dev="devpts" ino=3 scontext=u:r:z-link:s0 tcontext=u:object_r:devpts:s0 tclass=chr_file permissive=0
01-25 16:14:18.575   782   785 D btopt   : zlink wake_up_apk_server: cmd = 'export PATH=$PATH:/system/bin/;am start-service -a "zjinnova.android.intent.action.ZLINK_SERVICE" &'
01-25 16:14:18.654   610   654 I ActivityManager: Start proc 2843:com.zjinnova.zlink/u0a115 for service com.zjinnova.zlink/com.zjinnova.android.zlink.features.service.DaemonService
01-25 16:14:18.674  2843  2843 E .zjinnova.zlin: Not starting debugger since process cannot load the jdwp agent.
01-25 16:14:18.733   383   631 D BufferQueueProducer: [altergames.carlauncher/altergames.carlauncher.MainActivity#0](this:0xabcb2000,id:152,api:1,p:1433,c:383) queueBuffer: fps=2.00 dur=1001.21 max=616.34 min=384.87
01-25 16:14:18.751   383   383 D SurfaceFlinger: [Built-in Screen (type:0)] fps:1.978523,dur:1010.85,max:628.04,min:382.81
01-25 16:14:18.762  2843  2843 I .zjinnova.zlin: The ClassLoaderContext is a special shared library.
01-25 16:14:18.769  2843  2843 W .zjinnova.zlin: JIT profile information will not be recorded: profile file does not exits.
01-25 16:14:18.783  2843  2843 W System.err: java.io.FileNotFoundException: /data/user/0/com.zjinnova.zlink/files/prodexdir/tosversion: open failed: EACCES (Permission denied)
01-25 16:14:18.784  2843  2843 W System.err: 	at libcore.io.IoBridge.open(IoBridge.java:485)
01-25 16:14:18.784  2843  2843 W System.err: 	at java.io.RandomAccessFile.<init>(RandomAccessFile.java:288)
01-25 16:14:18.784  2843  2843 W System.err: 	at java.io.RandomAccessFile.<init>(RandomAccessFile.java:151)
01-25 16:14:18.784  2843  2843 W System.err: 	at com.wrapper.proxyapplication.Util.PrepareSecurefiles(Util.java:362)
01-25 16:14:18.784  2843  2843 W System.err: 	at com.zjinnova.zlink.MyWrapperProxyApplication.initProxyApplication(MyWrapperProxyApplication.java:33)
01-25 16:14:18.784  2843  2843 W System.err: 	at com.wrapper.proxyapplication.WrapperProxyApplication.attachBaseContext(WrapperProxyApplication.java:459)
01-25 16:14:18.784  2843  2843 W System.err: 	at android.app.Application.attach(Application.java:212)
01-25 16:14:18.784  2843  2843 W System.err: 	at android.app.Instrumentation.newApplication(Instrumentation.java:1121)
01-25 16:14:18.784  2843  2843 W System.err: 	at android.app.LoadedApk.makeApplication(LoadedApk.java:1064)
01-25 16:14:18.784  2843  2843 W System.err: 	at android.app.ActivityThread.handleBindApplication(ActivityThread.java:5873)
01-25 16:14:18.784  2843  2843 W System.err: 	at android.app.ActivityThread.access$1200(ActivityThread.java:206)
01-25 16:14:18.784  2843  2843 W System.err: 	at android.app.ActivityThread$H.handleMessage(ActivityThread.java:1678)
01-25 16:14:18.784  2843  2843 W System.err: 	at android.os.Handler.dispatchMessage(Handler.java:106)
01-25 16:14:18.784  2843  2843 W System.err: 	at android.os.Looper.loop(Looper.java:193)
01-25 16:14:18.784  2843  2843 W System.err: 	at android.app.ActivityThread.main(ActivityThread.java:6702)
01-25 16:14:18.784  2843  2843 W System.err: 	at java.lang.reflect.Method.invoke(Native Method)
01-25 16:14:18.784  2843  2843 W System.err: 	at com.android.internal.os.RuntimeInit$MethodAndArgsCaller.run(RuntimeInit.java:493)
01-25 16:14:18.784  2843  2843 W System.err: 	at com.android.internal.os.ZygoteInit.main(ZygoteInit.java:911)
01-25 16:14:18.784  2843  2843 W System.err: Caused by: android.system.ErrnoException: open failed: EACCES (Permission denied)
01-25 16:14:18.785  2843  2843 W System.err: 	at libcore.io.Linux.open(Native Method)
01-25 16:14:18.785  2843  2843 W System.err: 	at libcore.io.BlockGuardOs.open(BlockGuardOs.java:210)
01-25 16:14:18.785  2843  2843 W System.err: 	at libcore.io.IoBridge.open(IoBridge.java:471)
01-25 16:14:18.785  2843  2843 W System.err: 	... 17 more
01-25 16:14:18.785  2843  2843 W System.err: java.io.FileNotFoundException: /data/user/0/com.zjinnova.zlink/files/prodexdir/tosversion (Permission denied)
01-25 16:14:18.786  2843  2843 W System.err: 	at java.io.FileOutputStream.open0(Native Method)
01-25 16:14:18.786  2843  2843 W System.err: 	at java.io.FileOutputStream.open(FileOutputStream.java:308)
01-25 16:14:18.786  2843  2843 W System.err: 	at java.io.FileOutputStream.<init>(FileOutputStream.java:238)
01-25 16:14:18.786  2843  2843 W System.err: 	at java.io.FileOutputStream.<init>(FileOutputStream.java:180)
01-25 16:14:18.786  2843  2843 W System.err: 	at com.wrapper.proxyapplication.Util.UnzipFile(Util.java:205)
01-25 16:14:18.786  2843  2843 W System.err: 	at com.wrapper.proxyapplication.Util.PrepareSecurefiles(Util.java:554)
01-25 16:14:18.786  2843  2843 W System.err: 	at com.zjinnova.zlink.MyWrapperProxyApplication.initProxyApplication(MyWrapperProxyApplication.java:33)
01-25 16:14:18.786  2843  2843 W System.err: 	at com.wrapper.proxyapplication.WrapperProxyApplication.attachBaseContext(WrapperProxyApplication.java:459)
01-25 16:14:18.786  2843  2843 W System.err: 	at android.app.Application.attach(Application.java:212)
01-25 16:14:18.786  2843  2843 W System.err: 	at android.app.Instrumentation.newApplication(Instrumentation.java:1121)
01-25 16:14:18.786  2843  2843 W System.err: 	at android.app.LoadedApk.makeApplication(LoadedApk.java:1064)
01-25 16:14:18.786  2843  2843 W System.err: 	at android.app.ActivityThread.handleBindApplication(ActivityThread.java:5873)
01-25 16:14:18.786  2843  2843 W System.err: 	at android.app.ActivityThread.access$1200(ActivityThread.java:206)
01-25 16:14:18.786  2843  2843 W System.err: 	at android.app.ActivityThread$H.handleMessage(ActivityThread.java:1678)
01-25 16:14:18.786  2843  2843 W System.err: 	at android.os.Handler.dispatchMessage(Handler.java:106)
01-25 16:14:18.786  2843  2843 W System.err: 	at android.os.Looper.loop(Looper.java:193)
01-25 16:14:18.786  2843  2843 W System.err: 	at android.app.ActivityThread.main(ActivityThread.java:6702)
01-25 16:14:18.786  2843  2843 W System.err: 	at java.lang.reflect.Method.invoke(Native Method)
01-25 16:14:18.786  2843  2843 W System.err: 	at com.android.internal.os.RuntimeInit$MethodAndArgsCaller.run(RuntimeInit.java:493)
01-25 16:14:18.786  2843  2843 W System.err: 	at com.android.internal.os.ZygoteInit.main(ZygoteInit.java:911)
01-25 16:14:18.834   610   764 D DisplayManagerService: Display listener for pid 2843 died.
01-25 16:14:18.834   610  1953 I ActivityManager: Process com.zjinnova.zlink (pid 2843) has died: fore SVC 
01-25 16:14:18.834   610  1953 W ActivityManager: Canceling start item Intent { act=zjinnova.android.intent.action.ZLINK_SERVICE } in service ComponentInfo{com.zjinnova.zlink/com.zjinnova.android.zlink.features.service.DaemonService}
01-25 16:14:18.834   610   655 W libprocessgroup: kill(-2843, 9) failed: No such process
01-25 16:14:18.834   610  1953 W ActivityManager: Scheduling restart of crashed service com.zjinnova.zlink/com.zjinnova.android.zlink.features.service.DaemonService in 1000ms
01-25 16:14:18.834   610   655 I libprocessgroup: Successfully killed process cgroup uid 10115 pid 2843 in 0ms
01-25 16:14:18.836   610   610 I SourceService: Activity DIED(), com.zjinnova.zlink | com.zjinnova.zlink
01-25 16:14:18.907   456  1177 D pseudo  : mtk_gps_sys_nmea_output_to_mnld: received 467 bytes:
01-25 16:14:18.908   456  1177 D pseudo  : mtk_gps_sys_nmea_output_to_app: len:467, [NMEA]$GPGGA,015700.00...
01-25 16:14:18.908   456  1177 D         : mtk_gps_sys_gps_mnl_callback: msg:0
01-25 16:14:18.908   456  1177 D         : send_active_notify: send clean nmea timer cmd!
01-25 16:14:18.908   456  1177 D         : mtk_gps_sys_gps_mnl_callback: MTK_GPS_MSG_FIX_READY,GET_RTC_FAIL
01-25 16:14:18.908   456  1177 D pseudo  : mtk_gps_sys_nmea_output_to_app: len:46, [vAGPS_Auto_Req]:g_FirstDbtt:0,u2BitMap:0x12f
01-25 16:14:18.908   456   566 D         : gps_control_thread: gps_control_thread wait
01-25 16:14:18.910   610  4938 I GnssLocationProvider: WakeLock acquired by sendMessage(REPORT_SV_STATUS, 0, com.android.server.location.GnssLocationProvider$SvStatusInfo@1aee8a8)
01-25 16:14:18.911   610   885 I GnssLocationProvider: WakeLock released by handleMessage(REPORT_SV_STATUS, 0, com.android.server.location.GnssLocationProvider$SvStatusInfo@1aee8a8)
01-25 16:14:19.192   610   735 E WifiVendorHal: getWifiLinkLayerStats(l.937) failed {.code = ERROR_NOT_SUPPORTED, .description = }
01-25 16:14:19.847   610   654 I ActivityManager: Start proc 2860:com.zjinnova.zlink/u0a115 for service com.zjinnova.zlink/com.zjinnova.android.zlink.features.service.DaemonService
01-25 16:14:19.857  2860  2860 E .zjinnova.zlin: Not starting debugger since process cannot load the jdwp agent.
01-25 16:14:19.890  2860  2860 I .zjinnova.zlin: The ClassLoaderContext is a special shared library.
01-25 16:14:19.896  2860  2860 W .zjinnova.zlin: JIT profile information will not be recorded: profile file does not exits.
01-25 16:14:19.908   456  1177 D pseudo  : mtk_gps_sys_nmea_output_to_mnld: received 467 bytes:
01-25 16:14:19.908   456  1177 D pseudo  : mtk_gps_sys_nmea_output_to_app: len:467, [NMEA]$GPGGA,015701.00...
01-25 16:14:19.908   456  1177 D         : mtk_gps_sys_gps_mnl_callback: msg:0
01-25 16:14:19.908   456  1177 D         : send_active_notify: send clean nmea timer cmd!
01-25 16:14:19.909   456  1177 D         : mtk_gps_sys_gps_mnl_callback: MTK_GPS_MSG_FIX_READY,GET_RTC_FAIL
01-25 16:14:19.909   456  1177 D pseudo  : mtk_gps_sys_nmea_output_to_app: len:46, [vAGPS_Auto_Req]:g_FirstDbtt:0,u2BitMap:0x12f
01-25 16:14:19.909   456   566 D         : gps_control_thread: gps_control_thread wait
01-25 16:14:19.911   610  4938 I GnssLocationProvider: WakeLock acquired by sendMessage(REPORT_SV_STATUS, 0, com.android.server.location.GnssLocationProvider$SvStatusInfo@c4c6fc1)
01-25 16:14:19.912   610   885 I GnssLocationProvider: WakeLock released by handleMessage(REPORT_SV_STATUS, 0, com.android.server.location.GnssLocationProvider$SvStatusInfo@c4c6fc1)
01-25 16:14:19.912  2860  2860 W System.err: java.io.FileNotFoundException: /data/user/0/com.zjinnova.zlink/files/prodexdir/tosversion: open failed: EACCES (Permission denied)
01-25 16:14:19.913  2860  2860 W System.err: 	at libcore.io.IoBridge.open(IoBridge.java:485)
01-25 16:14:19.913  2860  2860 W System.err: 	at java.io.RandomAccessFile.<init>(RandomAccessFile.java:288)
01-25 16:14:19.913  2860  2860 W System.err: 	at java.io.RandomAccessFile.<init>(RandomAccessFile.java:151)
01-25 16:14:19.913  2860  2860 W System.err: 	at com.wrapper.proxyapplication.Util.PrepareSecurefiles(Util.java:362)
01-25 16:14:19.913  2860  2860 W System.err: 	at com.zjinnova.zlink.MyWrapperProxyApplication.initProxyApplication(MyWrapperProxyApplication.java:33)
01-25 16:14:19.913  2860  2860 W System.err: 	at com.wrapper.proxyapplication.WrapperProxyApplication.attachBaseContext(WrapperProxyApplication.java:459)
01-25 16:14:19.913  2860  2860 W System.err: 	at android.app.Application.attach(Application.java:212)
01-25 16:14:19.913  2860  2860 W System.err: 	at android.app.Instrumentation.newApplication(Instrumentation.java:1121)
01-25 16:14:19.913  2860  2860 W System.err: 	at android.app.LoadedApk.makeApplication(LoadedApk.java:1064)
01-25 16:14:19.913  2860  2860 W System.err: 	at android.app.ActivityThread.handleBindApplication(ActivityThread.java:5873)
01-25 16:14:19.913  2860  2860 W System.err: 	at android.app.ActivityThread.access$1200(ActivityThread.java:206)
01-25 16:14:19.913  2860  2860 W System.err: 	at android.app.ActivityThread$H.handleMessage(ActivityThread.java:1678)
01-25 16:14:19.913  2860  2860 W System.err: 	at android.os.Handler.dispatchMessage(Handler.java:106)
01-25 16:14:19.913  2860  2860 W System.err: 	at android.os.Looper.loop(Looper.java:193)
01-25 16:14:19.913  2860  2860 W System.err: 	at android.app.ActivityThread.main(ActivityThread.java:6702)
01-25 16:14:19.913  2860  2860 W System.err: 	at java.lang.reflect.Method.invoke(Native Method)
01-25 16:14:19.913  2860  2860 W System.err: 	at com.android.internal.os.RuntimeInit$MethodAndArgsCaller.run(RuntimeInit.java:493)
01-25 16:14:19.913  2860  2860 W System.err: 	at com.android.internal.os.ZygoteInit.main(ZygoteInit.java:911)
01-25 16:14:19.913  2860  2860 W System.err: Caused by: android.system.ErrnoException: open failed: EACCES (Permission denied)
01-25 16:14:19.913  2860  2860 W System.err: 	at libcore.io.Linux.open(Native Method)
01-25 16:14:19.913  2860  2860 W System.err: 	at libcore.io.BlockGuardOs.open(BlockGuardOs.java:210)
01-25 16:14:19.913  2860  2860 W System.err: 	at libcore.io.IoBridge.open(IoBridge.java:471)
01-25 16:14:19.913  2860  2860 W System.err: 	... 17 more
01-25 16:14:19.914  2860  2860 W System.err: java.io.FileNotFoundException: /data/user/0/com.zjinnova.zlink/files/prodexdir/tosversion (Permission denied)
01-25 16:14:19.915  2860  2860 W System.err: 	at java.io.FileOutputStream.open0(Native Method)
01-25 16:14:19.915  2860  2860 W System.err: 	at java.io.FileOutputStream.open(FileOutputStream.java:308)
01-25 16:14:19.915  2860  2860 W System.err: 	at java.io.FileOutputStream.<init>(FileOutputStream.java:238)
01-25 16:14:19.915  2860  2860 W System.err: 	at java.io.FileOutputStream.<init>(FileOutputStream.java:180)
01-25 16:14:19.915  2860  2860 W System.err: 	at com.wrapper.proxyapplication.Util.UnzipFile(Util.java:205)
01-25 16:14:19.915  2860  2860 W System.err: 	at com.wrapper.proxyapplication.Util.PrepareSecurefiles(Util.java:554)
01-25 16:14:19.915  2860  2860 W System.err: 	at com.zjinnova.zlink.MyWrapperProxyApplication.initProxyApplication(MyWrapperProxyApplication.java:33)
01-25 16:14:19.915  2860  2860 W System.err: 	at com.wrapper.proxyapplication.WrapperProxyApplication.attachBaseContext(WrapperProxyApplication.java:459)
01-25 16:14:19.915  2860  2860 W System.err: 	at android.app.Application.attach(Application.java:212)
01-25 16:14:19.915  2860  2860 W System.err: 	at android.app.Instrumentation.newApplication(Instrumentation.java:1121)
01-25 16:14:19.915  2860  2860 W System.err: 	at android.app.LoadedApk.makeApplication(LoadedApk.java:1064)
01-25 16:14:19.915  2860  2860 W System.err: 	at android.app.ActivityThread.handleBindApplication(ActivityThread.java:5873)
01-25 16:14:19.915  2860  2860 W System.err: 	at android.app.ActivityThread.access$1200(ActivityThread.java:206)
01-25 16:14:19.915  2860  2860 W System.err: 	at android.app.ActivityThread$H.handleMessage(ActivityThread.java:1678)
01-25 16:14:19.915  2860  2860 W System.err: 	at android.os.Handler.dispatchMessage(Handler.java:106)
01-25 16:14:19.915  2860  2860 W System.err: 	at android.os.Looper.loop(Looper.java:193)
01-25 16:14:19.915  2860  2860 W System.err: 	at android.app.ActivityThread.main(ActivityThread.java:6702)
01-25 16:14:19.915  2860  2860 W System.err: 	at java.lang.reflect.Method.invoke(Native Method)
01-25 16:14:19.915  2860  2860 W System.err: 	at com.android.internal.os.RuntimeInit$MethodAndArgsCaller.run(RuntimeInit.java:493)
01-25 16:14:19.915  2860  2860 W System.err: 	at com.android.internal.os.ZygoteInit.main(ZygoteInit.java:911)
01-25 16:14:19.974   610  1953 D DisplayManagerService: Display listener for pid 2860 died.
01-25 16:14:19.974   610   764 I ActivityManager: Process com.zjinnova.zlink (pid 2860) has died: fore SVC 
01-25 16:14:19.974   610   764 W ActivityManager: Scheduling restart of crashed service com.zjinnova.zlink/com.zjinnova.android.zlink.features.service.DaemonService in 4000ms
01-25 16:14:19.974   610   655 W libprocessgroup: kill(-2860, 9) failed: No such process
01-25 16:14:19.974   610   655 I libprocessgroup: Successfully killed process cgroup uid 10115 pid 2860 in 0ms
01-25 16:14:19.976   610   610 I SourceService: Activity DIED(), com.zjinnova.zlink | com.zjinnova.zlink
01-25 16:14:20.658  2880  2880 W ps      : type=1400 audit(0.0:31968): avc: denied { getattr } for path="/dev/console" dev="tmpfs" ino=9333 scontext=u:r:z-link:s0 tcontext=u:object_r:console_device:s0 tclass=chr_file permissive=0
01-25 16:14:20.658  2880  2880 I chatty  : uid=0(root) ps identical 1 line
01-25 16:14:20.658  2880  2880 W ps      : type=1400 audit(0.0:31970): avc: denied { getattr } for path="/dev/console" dev="tmpfs" ino=9333 scontext=u:r:z-link:s0 tcontext=u:object_r:console_device:s0 tclass=chr_file permissive=0
01-25 16:14:20.658  2880  2880 W ps      : type=1400 audit(0.0:31971): avc: denied { read } for name="drivers" dev="proc" ino=4026531853 scontext=u:r:z-link:s0 tcontext=u:object_r:proc_tty_drivers:s0 tclass=file permissive=0
01-25 16:14:20.685  2880  2880 W ps      : type=1400 audit(0.0:31972): avc: denied { getattr } for path="/dev/pts/0" dev="devpts" ino=3 scontext=u:r:z-link:s0 tcontext=u:object_r:devpts:s0 tclass=chr_file permissive=0
01-25 16:14:20.723   782   785 D btopt   : zlink wake_up_apk_server: cmd = 'export PATH=$PATH:/system/bin/;am start-service -a "zjinnova.android.intent.action.ZLINK_SERVICE" &'
01-25 16:14:20.735   383   631 D BufferQueueProducer: [altergames.carlauncher/altergames.carlauncher.MainActivity#0](this:0xabcb2000,id:152,api:1,p:1433,c:383) queueBuffer: fps=1.00 dur=2002.62 max=1016.27 min=986.36
01-25 16:14:20.755   383   383 D SurfaceFlinger: [Built-in Screen (type:0)] fps:0.997663,dur:2004.69,max:1029.03,min:975.66
01-25 16:14:20.801   610   654 I ActivityManager: Start proc 2904:com.zjinnova.zlink/u0a115 for service com.zjinnova.zlink/com.zjinnova.android.zlink.features.service.DaemonService
