01-25 16:13:53.894  2240  2240 W System.err: 	at java.io.FileOutputStream.<init>(FileOutputStream.java:180)
01-25 16:13:53.894  2240  2240 W System.err: 	at com.wrapper.proxyapplication.Util.UnzipFile(Util.java:205)
01-25 16:13:53.894  2240  2240 W System.err: 	at com.wrapper.proxyapplication.Util.PrepareSecurefiles(Util.java:554)
01-25 16:13:53.895  2240  2240 W System.err: 	at com.zjinnova.zlink.MyWrapperProxyApplication.initProxyApplication(MyWrapperProxyApplication.java:33)
01-25 16:13:53.895  2240  2240 W System.err: 	at com.wrapper.proxyapplication.WrapperProxyApplication.attachBaseContext(WrapperProxyApplication.java:459)
01-25 16:13:53.895  2240  2240 W System.err: 	at android.app.Application.attach(Application.java:212)
01-25 16:13:53.895  2240  2240 W System.err: 	at android.app.Instrumentation.newApplication(Instrumentation.java:1121)
01-25 16:13:53.895  2240  2240 W System.err: 	at android.app.LoadedApk.makeApplication(LoadedApk.java:1064)
01-25 16:13:53.895  2240  2240 W System.err: 	at android.app.ActivityThread.handleBindApplication(ActivityThread.java:5873)
01-25 16:13:53.895  2240  2240 W System.err: 	at android.app.ActivityThread.access$1200(ActivityThread.java:206)
01-25 16:13:53.895  2240  2240 W System.err: 	at android.app.ActivityThread$H.handleMessage(ActivityThread.java:1678)
01-25 16:13:53.895  2240  2240 W System.err: 	at android.os.Handler.dispatchMessage(Handler.java:106)
01-25 16:13:53.895  2240  2240 W System.err: 	at android.os.Looper.loop(Looper.java:193)
01-25 16:13:53.895  2240  2240 W System.err: 	at android.app.ActivityThread.main(ActivityThread.java:6702)
01-25 16:13:53.895  2240  2240 W System.err: 	at java.lang.reflect.Method.invoke(Native Method)
01-25 16:13:53.895  2240  2240 W System.err: 	at com.android.internal.os.RuntimeInit$MethodAndArgsCaller.run(RuntimeInit.java:493)
01-25 16:13:53.895  2240  2240 W System.err: 	at com.android.internal.os.ZygoteInit.main(ZygoteInit.java:911)
01-25 16:13:53.907   456  1177 D pseudo  : mtk_gps_sys_nmea_output_to_mnld: received 467 bytes:
01-25 16:13:53.908   456  1177 D pseudo  : mtk_gps_sys_nmea_output_to_app: len:467, [NMEA]$GPGGA,015635.00...
01-25 16:13:53.908   456  1177 D         : mtk_gps_sys_gps_mnl_callback: msg:0
01-25 16:13:53.908   456  1177 D         : send_active_notify: send clean nmea timer cmd!
01-25 16:13:53.908   456  1177 D         : mtk_gps_sys_gps_mnl_callback: MTK_GPS_MSG_FIX_READY,GET_RTC_FAIL
01-25 16:13:53.908   456  1177 D pseudo  : mtk_gps_sys_nmea_output_to_app: len:46, [vAGPS_Auto_Req]:g_FirstDbtt:0,u2BitMap:0x12f
01-25 16:13:53.909   456   566 D         : gps_control_thread: gps_control_thread wait
01-25 16:13:53.913   610  1141 I GnssLocationProvider: WakeLock acquired by sendMessage(REPORT_SV_STATUS, 0, com.android.server.location.GnssLocationProvider$SvStatusInfo@ed1bcc4)
01-25 16:13:53.913   610   885 I GnssLocationProvider: WakeLock released by handleMessage(REPORT_SV_STATUS, 0, com.android.server.location.GnssLocationProvider$SvStatusInfo@ed1bcc4)
01-25 16:13:53.971   610  1993 D DisplayManagerService: Display listener for pid 2240 died.
01-25 16:13:53.971   610  1561 I ActivityManager: Process com.zjinnova.zlink (pid 2240) has died: fore SVC 
01-25 16:13:53.971   610   655 W libprocessgroup: kill(-2240, 9) failed: No such process
01-25 16:13:53.971   610   655 I libprocessgroup: Successfully killed process cgroup uid 10115 pid 2240 in 0ms
01-25 16:13:53.971   610  1561 W ActivityManager: Scheduling restart of crashed service com.zjinnova.zlink/com.zjinnova.android.zlink.features.service.DaemonService in 4000ms
01-25 16:13:53.973   610   610 I SourceService: Activity DIED(), com.zjinnova.zlink | com.zjinnova.zlink
01-25 16:13:54.595  2264  2264 W ps      : type=1400 audit(0.0:31848): avc: denied { getattr } for path="/dev/console" dev="tmpfs" ino=9333 scontext=u:r:z-link:s0 tcontext=u:object_r:console_device:s0 tclass=chr_file permissive=0
01-25 16:13:54.595  2264  2264 I chatty  : uid=0(root) ps identical 1 line
01-25 16:13:54.595  2264  2264 W ps      : type=1400 audit(0.0:31850): avc: denied { getattr } for path="/dev/console" dev="tmpfs" ino=9333 scontext=u:r:z-link:s0 tcontext=u:object_r:console_device:s0 tclass=chr_file permissive=0
01-25 16:13:54.595  2264  2264 W ps      : type=1400 audit(0.0:31851): avc: denied { read } for name="drivers" dev="proc" ino=4026531853 scontext=u:r:z-link:s0 tcontext=u:object_r:proc_tty_drivers:s0 tclass=file permissive=0
01-25 16:13:54.622  2264  2264 W ps      : type=1400 audit(0.0:31852): avc: denied { getattr } for path="/dev/pts/0" dev="devpts" ino=3 scontext=u:r:z-link:s0 tcontext=u:object_r:devpts:s0 tclass=chr_file permissive=0
01-25 16:13:54.655   782   785 D btopt   : zlink wake_up_apk_server: cmd = 'export PATH=$PATH:/system/bin/;am start-service -a "zjinnova.android.intent.action.ZLINK_SERVICE" &'
01-25 16:13:54.700   383   395 D BufferQueueProducer: [altergames.carlauncher/altergames.carlauncher.MainActivity#0](this:0xabcb2000,id:152,api:1,p:1433,c:383) queueBuffer: fps=1.51 dur=1992.93 max=999.44 min=260.40
01-25 16:13:54.716   383   383 D SurfaceFlinger: [Built-in Screen (type:0)] fps:1.496971,dur:2004.05,max:1011.53,min:260.60
01-25 16:13:54.746   610   654 I ActivityManager: Start proc 2274:com.zjinnova.zlink/u0a115 for service com.zjinnova.zlink/com.zjinnova.android.zlink.features.service.DaemonService
01-25 16:13:54.761  2274  2274 E .zjinnova.zlin: Not starting debugger since process cannot load the jdwp agent.
01-25 16:13:54.811  2274  2274 I .zjinnova.zlin: The ClassLoaderContext is a special shared library.
01-25 16:13:54.818  2274  2274 W .zjinnova.zlin: JIT profile information will not be recorded: profile file does not exits.
01-25 16:13:54.840  2274  2274 W System.err: java.io.FileNotFoundException: /data/user/0/com.zjinnova.zlink/files/prodexdir/tosversion: open failed: EACCES (Permission denied)
01-25 16:13:54.841  2274  2274 W System.err: 	at libcore.io.IoBridge.open(IoBridge.java:485)
01-25 16:13:54.844  2274  2274 W System.err: 	at java.io.RandomAccessFile.<init>(RandomAccessFile.java:288)
01-25 16:13:54.844  2274  2274 W System.err: 	at java.io.RandomAccessFile.<init>(RandomAccessFile.java:151)
01-25 16:13:54.844  2274  2274 W System.err: 	at com.wrapper.proxyapplication.Util.PrepareSecurefiles(Util.java:362)
01-25 16:13:54.844  2274  2274 W System.err: 	at com.zjinnova.zlink.MyWrapperProxyApplication.initProxyApplication(MyWrapperProxyApplication.java:33)
01-25 16:13:54.844  2274  2274 W System.err: 	at com.wrapper.proxyapplication.WrapperProxyApplication.attachBaseContext(WrapperProxyApplication.java:459)
01-25 16:13:54.845  2274  2274 W System.err: 	at android.app.Application.attach(Application.java:212)
01-25 16:13:54.845  2274  2274 W System.err: 	at android.app.Instrumentation.newApplication(Instrumentation.java:1121)
01-25 16:13:54.845  2274  2274 W System.err: 	at android.app.LoadedApk.makeApplication(LoadedApk.java:1064)
01-25 16:13:54.845  2274  2274 W System.err: 	at android.app.ActivityThread.handleBindApplication(ActivityThread.java:5873)
01-25 16:13:54.845  2274  2274 W System.err: 	at android.app.ActivityThread.access$1200(ActivityThread.java:206)
01-25 16:13:54.845  2274  2274 W System.err: 	at android.app.ActivityThread$H.handleMessage(ActivityThread.java:1678)
01-25 16:13:54.845  2274  2274 W System.err: 	at android.os.Handler.dispatchMessage(Handler.java:106)
01-25 16:13:54.846  2274  2274 W System.err: 	at android.os.Looper.loop(Looper.java:193)
01-25 16:13:54.846  2274  2274 W System.err: 	at android.app.ActivityThread.main(ActivityThread.java:6702)
01-25 16:13:54.846  2274  2274 W System.err: 	at java.lang.reflect.Method.invoke(Native Method)
01-25 16:13:54.846  2274  2274 W System.err: 	at com.android.internal.os.RuntimeInit$MethodAndArgsCaller.run(RuntimeInit.java:493)
01-25 16:13:54.846  2274  2274 W System.err: 	at com.android.internal.os.ZygoteInit.main(ZygoteInit.java:911)
01-25 16:13:54.846  2274  2274 W System.err: Caused by: android.system.ErrnoException: open failed: EACCES (Permission denied)
01-25 16:13:54.846  2274  2274 W System.err: 	at libcore.io.Linux.open(Native Method)
01-25 16:13:54.846  2274  2274 W System.err: 	at libcore.io.BlockGuardOs.open(BlockGuardOs.java:210)
01-25 16:13:54.846  2274  2274 W System.err: 	at libcore.io.IoBridge.open(IoBridge.java:471)
01-25 16:13:54.847  2274  2274 W System.err: 	... 17 more
01-25 16:13:54.849  2274  2274 W System.err: java.io.FileNotFoundException: /data/user/0/com.zjinnova.zlink/files/prodexdir/tosversion (Permission denied)
01-25 16:13:54.849  2274  2274 W System.err: 	at java.io.FileOutputStream.open0(Native Method)
01-25 16:13:54.849  2274  2274 W System.err: 	at java.io.FileOutputStream.open(FileOutputStream.java:308)
01-25 16:13:54.849  2274  2274 W System.err: 	at java.io.FileOutputStream.<init>(FileOutputStream.java:238)
01-25 16:13:54.849  2274  2274 W System.err: 	at java.io.FileOutputStream.<init>(FileOutputStream.java:180)
01-25 16:13:54.849  2274  2274 W System.err: 	at com.wrapper.proxyapplication.Util.UnzipFile(Util.java:205)
01-25 16:13:54.849  2274  2274 W System.err: 	at com.wrapper.proxyapplication.Util.PrepareSecurefiles(Util.java:554)
01-25 16:13:54.850  2274  2274 W System.err: 	at com.zjinnova.zlink.MyWrapperProxyApplication.initProxyApplication(MyWrapperProxyApplication.java:33)
01-25 16:13:54.850  2274  2274 W System.err: 	at com.wrapper.proxyapplication.WrapperProxyApplication.attachBaseContext(WrapperProxyApplication.java:459)
01-25 16:13:54.850  2274  2274 W System.err: 	at android.app.Application.attach(Application.java:212)
01-25 16:13:54.850  2274  2274 W System.err: 	at android.app.Instrumentation.newApplication(Instrumentation.java:1121)
01-25 16:13:54.850  2274  2274 W System.err: 	at android.app.LoadedApk.makeApplication(LoadedApk.java:1064)
01-25 16:13:54.850  2274  2274 W System.err: 	at android.app.ActivityThread.handleBindApplication(ActivityThread.java:5873)
01-25 16:13:54.850  2274  2274 W System.err: 	at android.app.ActivityThread.access$1200(ActivityThread.java:206)
01-25 16:13:54.850  2274  2274 W System.err: 	at android.app.ActivityThread$H.handleMessage(ActivityThread.java:1678)
01-25 16:13:54.850  2274  2274 W System.err: 	at android.os.Handler.dispatchMessage(Handler.java:106)
01-25 16:13:54.850  2274  2274 W System.err: 	at android.os.Looper.loop(Looper.java:193)
01-25 16:13:54.851  2274  2274 W System.err: 	at android.app.ActivityThread.main(ActivityThread.java:6702)
01-25 16:13:54.851  2274  2274 W System.err: 	at java.lang.reflect.Method.invoke(Native Method)
01-25 16:13:54.851  2274  2274 W System.err: 	at com.android.internal.os.RuntimeInit$MethodAndArgsCaller.run(RuntimeInit.java:493)
01-25 16:13:54.851  2274  2274 W System.err: 	at com.android.internal.os.ZygoteInit.main(ZygoteInit.java:911)
01-25 16:13:54.905  1158  1256 W bt_sdp  : SDP - Rcvd conn cnf with error: 0x4  CID 0x45
01-25 16:13:54.905  1158  1256 W bt_bnep : BNEP - Rcvd conn cnf with error: 0x4  CID 0x46
01-25 16:13:54.906  1158  1256 W bt_sdp  : SDP - Rcvd conn cnf with error: 0x4  CID 0x47
01-25 16:13:54.906  1158  1229 D BluetoothSdpJni: sdp_search_callback: Status is: 1, Record count: 0
01-25 16:13:54.906  1158  1229 D SdpManager: UUID: [0, 0, 17, 47, 0, 0, 16, 0, -128, 0, 0, -128, 95, -101, 52, -5]
01-25 16:13:54.906  1158  1229 D SdpManager: UUID in parcel: 0000112f-0000-1000-8000-00805f9b34fb
01-25 16:13:54.908   456  1177 D pseudo  : mtk_gps_sys_nmea_output_to_mnld: received 467 bytes:
01-25 16:13:54.909   456  1177 D pseudo  : mtk_gps_sys_nmea_output_to_app: len:467, [NMEA]$GPGGA,015636.00...
01-25 16:13:54.909   456  1177 D         : mtk_gps_sys_gps_mnl_callback: msg:0
01-25 16:13:54.909   456  1177 D         : send_active_notify: send clean nmea timer cmd!
01-25 16:13:54.909   456   566 D         : gps_control_thread: gps_control_thread wait
01-25 16:13:54.910  1158  1229 D SdpManager: startSearch(): nextInst = null mSearchInProgress = false - search busy or queue empty.
01-25 16:13:54.910  1158  2087 D PBAP PCE handler: Handling Message = 1
01-25 16:13:54.910  1158  2087 V PBAP PCE handler: connectSocket: UUID: 0000112f-0000-1000-8000-00805f9b34fb
01-25 16:13:54.910  1158  1229 D BluetoothHeadsetClientServiceJni: connection_state_cb: state 0 peer_feat 0 chld_feat 0
01-25 16:13:54.910  1158  1229 D HeadsetClientService: messageFromNative stackEvent=StackEvent {type:EVENT_TYPE_CONNECTION_STATE_CHANGED, value1:0, value2:0, value3:0, value4:0, string: "null", device:A8:6A:86:B3:96:EA}
01-25 16:13:54.910  1158  1229 D HeadsetClientService: java.lang.Throwable
01-25 16:13:54.910  1158  1229 D HeadsetClientService: 	at com.android.bluetooth.hfpclient.HeadsetClientService.messageFromNative(HeadsetClientService.java:855)
01-25 16:13:54.910  1158  1229 D HeadsetClientService: 	at com.android.bluetooth.hfpclient.NativeInterface.onConnectionStateChanged(NativeInterface.java:86)
01-25 16:13:54.910  1158  1229 E bt_btif : btif_hf_client_get_cb_by_bda: could not find block for bdaddr
01-25 16:13:54.910  1158  1229 E bt_btif : btif_hf_client_upstreams_evt: event 3 but not allocating block: cb not found
01-25 16:13:54.910  1158  1229 D BluetoothPanServiceJni: connection_state_callback(L82): state:2, local_role:2, remote_role:1
01-25 16:13:54.910  1158  1229 I bt_btif_queue: queue_int_advance: removing connection request: address=a8:6a:86:b3:96:ea UUID=111E busy=true
01-25 16:13:54.910  1158  1229 I bt_btif_queue: btif_queue_connect_next: executing connection request: address=a8:6a:86:b3:96:ea UUID=110B busy=false
01-25 16:13:54.910  1158  1266 D HeadsetClientStateMachine: Enter Disconnected: 100
01-25 16:13:54.910  1158  1229 I btif_av : BtifAvPeer *BtifAvSink::FindOrCreatePeer(const RawAddress &, tBTA_AV_HNDL): Create peer: peer_address=a8:6a:86:b3:96:ea bta_handle=0x41 peer_id=0
01-25 16:13:54.911  1158  1229 W bt_btif : btif_av_get_peer_sep: No active peer found
01-25 16:13:54.911  1158  1229 I bt_btif_a2dp: btif_a2dp_on_idle: ## ON A2DP IDLE ## peer_sep = 1
01-25 16:13:54.911  1158  1229 W bt_btif : btif_av_get_peer_sep: No active peer found
01-25 16:13:54.911  1158  1229 I bt_btif_a2dp_source: btif_a2dp_source_on_idle
01-25 16:13:54.911  1158  1229 I bt_bta_av: BTA_AvOpen: peer a8:6a:86:b3:96:ea handle:0x41 use_rc=true sec_mask=0x12 uuid=0x110b
01-25 16:13:54.911  1158  1229 I btif_av : btif_report_connection_state: peer_address=a8:6a:86:b3:96:ea state=1
01-25 16:13:54.911  1158  1256 I bt_bta_av: bta_av_save_addr: reset flags old_addr=00:00:00:00:00:00 new_addr=a8:6a:86:b3:96:ea
01-25 16:13:54.911  1158  1229 I BluetoothA2dpSinkServiceJni: bta2dp_connection_state_callback
01-25 16:13:54.911  1158  1256 D bt_bta_av: SetAvdtpVersion: AVDTP version for a8:6a:86:b3:96:ea set to 0x103
01-25 16:13:54.911  1158  1256 I a2dp_api: A2DP_FindService: peer: a8:6a:86:b3:96:ea UUID: 0x110a
01-25 16:13:54.911  1158  1262 D A2dpSinkStateMachine: Pending process message: 101
01-25 16:13:54.911  1158  1262 D A2dpSinkStateMachine: STACK_EVENT 1
01-25 16:13:54.911   456  1177 D         : mtk_gps_sys_gps_mnl_callback: MTK_GPS_MSG_FIX_READY,GET_RTC_FAIL
01-25 16:13:54.911  1158  1262 D A2dpSinkStateMachine: processConnectionEvent state 1
01-25 16:13:54.911   456  1177 D pseudo  : mtk_gps_sys_nmea_output_to_app: len:46, [vAGPS_Auto_Req]:g_FirstDbtt:0,u2BitMap:0x12f
01-25 16:13:54.911  1158  1262 D A2dpSinkStateMachine: Devices curr: null target: A8:6A:86:B3:96:EA incoming: null device: A8:6A:86:B3:96:EA
01-25 16:13:54.911  1158  1262 D A2dpSinkStateMachine: Stack and target device are connecting
01-25 16:13:54.914  1158  1158 D PanService: handlePanDeviceStateChange preState: 1 state: 0
01-25 16:13:54.914  1158  1158 D PanService: handlePanDeviceStateChange LOCAL_PANU_ROLE:REMOTE_NAP_ROLE state = 0, prevState = 1
01-25 16:13:54.914  1158  1158 E BluetoothTetheringNetworkFactory: attempted to stop reverse tether with nothing tethered
01-25 16:13:54.914  1158  1158 D PanService: Pan Device state : device: A8:6A:86:B3:96:EA State:1->0
01-25 16:13:54.917   610   610 I McuService: headset state changing to : 0
01-25 16:13:54.917   610   610 I SourceService: headset state changed. device : A8:6A:86:B3:96:EA, state : 0
01-25 16:13:54.918   816  1021 V BluetoothEventManager: Received android.bluetooth.headsetclient.profile.action.CONNECTION_STATE_CHANGED
01-25 16:13:54.918  1158  2087 W BluetoothAdapter: getBluetoothService() called with no BluetoothManagerCallback
01-25 16:13:54.919  1301  1301 V BluetoothEventManager: Received android.bluetooth.headsetclient.profile.action.CONNECTION_STATE_CHANGED
01-25 16:13:54.919  1301  1301 D CachedBluetoothDeviceManager: findDevice() == A8:6A:86:B3:96:EA
01-25 16:13:54.919  1301  1301 D CachedBluetoothDeviceManager: findDevice() mCachedDevices size == 3
01-25 16:13:54.919  1301  1301 D CachedBluetoothDeviceManager: findDevice() mCachedDevices == A8:6A:86:B3:96:EA
01-25 16:13:54.919  1301  1301 D Car_LocalBluetoothProfileManager: StateChangedHandler cachedDevice ==A8:6A:86:B3:96:EA
01-25 16:13:54.919  1301  1301 I Car_LocalBluetoothProfileManager: Failed to connect HEADSET_CLIENT device
01-25 16:13:54.919  1301  1301 D Car_CachedBluetoothDevice: onProfileStateChanged: profile HEADSET_CLIENT newProfileState 0
01-25 16:13:54.920   816  1021 I LocalBluetoothProfileManager: Failed to connect HEADSET_CLIENT device
01-25 16:13:54.920   816  1021 D CachedBluetoothDevice: onProfileStateChanged: profile HEADSET_CLIENT newProfileState 0
01-25 16:13:54.922   816   816 I PhoneStatusBarPolicy: bluetooth pan state changed by system, state : 0
01-25 16:13:54.922  1158  1158 D AdapterProperties: PROFILE_CONNECTION_STATE_CHANGE: profile=16, device=A8:6A:86:B3:96:EA, 1 -> 0
01-25 16:13:54.923  1158  1158 D AdapterProperties: PROFILE_CONNECTION_STATE_CHANGE: profile=5, device=A8:6A:86:B3:96:EA, 1 -> 0
01-25 16:13:54.925  1301  1301 V LocalBluetoothAdapter: getBluetoothState mState:12
01-25 16:13:54.926  1158  1256 W bt_sdp  : one SDP - active on cid = 48 
01-25 16:13:54.926  1301  1301 D Car_CachedBluetoothDevice: localUuids : [Landroid.os.ParcelUuid;@53fd667 isA2dpSinkSupport : true
01-25 16:13:54.926   610  4938 I GnssLocationProvider: WakeLock acquired by sendMessage(REPORT_SV_STATUS, 0, com.android.server.location.GnssLocationProvider$SvStatusInfo@a6947ad)
01-25 16:13:54.926  1301  1301 D BTAdapterService: onReceive: HFP ACTION_CONNECTION_STATE_CHANGED 0
01-25 16:13:54.926  1301  1301 D BTAdapterService: stopAutoConnectedNetwork!!!
01-25 16:13:54.927   610   885 I GnssLocationProvider: WakeLock released by handleMessage(REPORT_SV_STATUS, 0, com.android.server.location.GnssLocationProvider$SvStatusInfo@a6947ad)
01-25 16:13:54.927   816  1021 D BluetoothController: updateConnected: devices size=0 state=1
01-25 16:13:54.927   816  1021 D BluetoothController: updateConnected: state=1 mConnectionState=1
01-25 16:13:54.928  1301  1301 D BTAdapterService: callListener: count=0
01-25 16:13:54.929  1301  1301 I HfpClientService: onReceive:android.bluetooth.headsetclient.profile.action.CONNECTION_STATE_CHANGED
01-25 16:13:54.929  1301  1301 D HfpClientService: onEndCall: 
01-25 16:13:54.929  1301  1301 D BTAdapterService: onReceive: PanProfile state=0
01-25 16:13:54.929   816  1021 D BluetoothController: updateConnected: devices size=0 state=1
01-25 16:13:54.929   816  1021 D BluetoothController: updateConnected: state=1 mConnectionState=1
01-25 16:13:54.929  1301  1301 V BluetoothEventManager: Received android.bluetooth.pan.profile.action.CONNECTION_STATE_CHANGED
01-25 16:13:54.929  1301  1301 D Car_LocalBluetoothProfileManager: pan profile state change, role is 2
01-25 16:13:54.929  1301  1301 D CachedBluetoothDeviceManager: findDevice() == A8:6A:86:B3:96:EA
01-25 16:13:54.929   816  1021 V BluetoothEventManager: Received android.bluetooth.pan.profile.action.CONNECTION_STATE_CHANGED
01-25 16:13:54.929  1301  1301 D CachedBluetoothDeviceManager: findDevice() mCachedDevices size == 3
01-25 16:13:54.929  1301  1301 D CachedBluetoothDeviceManager: findDevice() mCachedDevices == A8:6A:86:B3:96:EA
01-25 16:13:54.929  1301  1301 D Car_LocalBluetoothProfileManager: StateChangedHandler cachedDevice ==A8:6A:86:B3:96:EA
01-25 16:13:54.929   816  1021 D LocalBluetoothProfileManager: pan profile state change, role is 2
01-25 16:13:54.929  1301  1301 I Car_LocalBluetoothProfileManager: Failed to connect PAN device
01-25 16:13:54.929   816  1021 I LocalBluetoothProfileManager: Failed to connect PAN device
01-25 16:13:54.929  1301  1301 D Car_CachedBluetoothDevice: onProfileStateChanged: profile PAN newProfileState 0
01-25 16:13:54.929   816  1021 D CachedBluetoothDevice: onProfileStateChanged: profile PAN newProfileState 0
01-25 16:13:54.930  1301  1301 V LocalBluetoothAdapter: getBluetoothState mState:12
01-25 16:13:54.931  1301  1301 D Car_CachedBluetoothDevice: localUuids : [Landroid.os.ParcelUuid;@a2bdc14 isA2dpSinkSupport : true
01-25 16:13:54.931   816  1021 D BluetoothController: updateConnected: devices size=0 state=1
01-25 16:13:54.931   816  1021 D BluetoothController: updateConnected: state=1 mConnectionState=1
01-25 16:13:54.932   816  1021 D BluetoothController: updateConnected: devices size=0 state=1
01-25 16:13:54.932   816  1021 D BluetoothController: updateConnected: state=1 mConnectionState=1
01-25 16:13:54.944   383   395 D BufferQueueProducer: [StatusBar#0](this:0xabcc3000,id:5,api:1,p:816,c:383) queueBuffer: fps=0.52 dur=7684.10 max=7632.90 min=16.14
01-25 16:13:54.945   610  1561 D DisplayManagerService: Display listener for pid 2274 died.
01-25 16:13:54.945   610  1992 I ActivityManager: Process com.zjinnova.zlink (pid 2274) has died: fore SVC 
01-25 16:13:54.945   610  1992 W ActivityManager: Canceling start item Intent { act=zjinnova.android.intent.action.ZLINK_SERVICE } in service ComponentInfo{com.zjinnova.zlink/com.zjinnova.android.zlink.features.service.DaemonService}
01-25 16:13:54.945   610   655 W libprocessgroup: kill(-2274, 9) failed: No such process
01-25 16:13:54.945   610  1992 W ActivityManager: Scheduling restart of crashed service com.zjinnova.zlink/com.zjinnova.android.zlink.features.service.DaemonService in 1000ms
01-25 16:13:54.945   610   655 I libprocessgroup: Successfully killed process cgroup uid 10115 pid 2274 in 0ms
01-25 16:13:54.947   610   610 I SourceService: Activity DIED(), com.zjinnova.zlink | com.zjinnova.zlink
01-25 16:13:55.148   610   735 E WifiVendorHal: getWifiLinkLayerStats(l.937) failed {.code = ERROR_NOT_SUPPORTED, .description = }
01-25 16:13:55.907   456  1177 D pseudo  : mtk_gps_sys_nmea_output_to_mnld: received 467 bytes:
01-25 16:13:55.908   456  1177 D pseudo  : mtk_gps_sys_nmea_output_to_app: len:467, [NMEA]$GPGGA,015637.00...
01-25 16:13:55.908   456  1177 D         : mtk_gps_sys_gps_mnl_callback: msg:0
01-25 16:13:55.908   456  1177 D         : send_active_notify: send clean nmea timer cmd!
01-25 16:13:55.908   456  1177 D         : mtk_gps_sys_gps_mnl_callback: MTK_GPS_MSG_FIX_READY,GET_RTC_FAIL
01-25 16:13:55.908   456  1177 D pseudo  : mtk_gps_sys_nmea_output_to_app: len:46, [vAGPS_Auto_Req]:g_FirstDbtt:0,u2BitMap:0x12f
01-25 16:13:55.908   456   566 D         : gps_control_thread: gps_control_thread wait
01-25 16:13:55.910   610  1141 I GnssLocationProvider: WakeLock acquired by sendMessage(REPORT_SV_STATUS, 0, com.android.server.location.GnssLocationProvider$SvStatusInfo@f786ae2)
01-25 16:13:55.911   610   885 I GnssLocationProvider: WakeLock released by handleMessage(REPORT_SV_STATUS, 0, com.android.server.location.GnssLocationProvider$SvStatusInfo@f786ae2)
01-25 16:13:55.957   610   654 I ActivityManager: Start proc 2292:com.zjinnova.zlink/u0a115 for service com.zjinnova.zlink/com.zjinnova.android.zlink.features.service.DaemonService
01-25 16:13:55.968  2292  2292 E .zjinnova.zlin: Not starting debugger since process cannot load the jdwp agent.
01-25 16:13:56.001  2292  2292 I .zjinnova.zlin: The ClassLoaderContext is a special shared library.
01-25 16:13:56.008  2292  2292 W .zjinnova.zlin: JIT profile information will not be recorded: profile file does not exits.
01-25 16:13:56.028  2292  2292 W System.err: java.io.FileNotFoundException: /data/user/0/com.zjinnova.zlink/files/prodexdir/tosversion: open failed: EACCES (Permission denied)
01-25 16:13:56.028  2292  2292 W System.err: 	at libcore.io.IoBridge.open(IoBridge.java:485)
01-25 16:13:56.029  2292  2292 W System.err: 	at java.io.RandomAccessFile.<init>(RandomAccessFile.java:288)
01-25 16:13:56.029  2292  2292 W System.err: 	at java.io.RandomAccessFile.<init>(RandomAccessFile.java:151)
01-25 16:13:56.029  2292  2292 W System.err: 	at com.wrapper.proxyapplication.Util.PrepareSecurefiles(Util.java:362)
01-25 16:13:56.029  2292  2292 W System.err: 	at com.zjinnova.zlink.MyWrapperProxyApplication.initProxyApplication(MyWrapperProxyApplication.java:33)
01-25 16:13:56.029  2292  2292 W System.err: 	at com.wrapper.proxyapplication.WrapperProxyApplication.attachBaseContext(WrapperProxyApplication.java:459)
01-25 16:13:56.029  2292  2292 W System.err: 	at android.app.Application.attach(Application.java:212)
01-25 16:13:56.029  2292  2292 W System.err: 	at android.app.Instrumentation.newApplication(Instrumentation.java:1121)
01-25 16:13:56.029  2292  2292 W System.err: 	at android.app.LoadedApk.makeApplication(LoadedApk.java:1064)
01-25 16:13:56.029  2292  2292 W System.err: 	at android.app.ActivityThread.handleBindApplication(ActivityThread.java:5873)
01-25 16:13:56.029  2292  2292 W System.err: 	at android.app.ActivityThread.access$1200(ActivityThread.java:206)
01-25 16:13:56.029  2292  2292 W System.err: 	at android.app.ActivityThread$H.handleMessage(ActivityThread.java:1678)
01-25 16:13:56.029  2292  2292 W System.err: 	at android.os.Handler.dispatchMessage(Handler.java:106)
01-25 16:13:56.029  2292  2292 W System.err: 	at android.os.Looper.loop(Looper.java:193)
01-25 16:13:56.029  2292  2292 W System.err: 	at android.app.ActivityThread.main(ActivityThread.java:6702)
01-25 16:13:56.029  2292  2292 W System.err: 	at java.lang.reflect.Method.invoke(Native Method)
01-25 16:13:56.029  2292  2292 W System.err: 	at com.android.internal.os.RuntimeInit$MethodAndArgsCaller.run(RuntimeInit.java:493)
01-25 16:13:56.029  2292  2292 W System.err: 	at com.android.internal.os.ZygoteInit.main(ZygoteInit.java:911)
01-25 16:13:56.029  2292  2292 W System.err: Caused by: android.system.ErrnoException: open failed: EACCES (Permission denied)
01-25 16:13:56.029  2292  2292 W System.err: 	at libcore.io.Linux.open(Native Method)
01-25 16:13:56.030  2292  2292 W System.err: 	at libcore.io.BlockGuardOs.open(BlockGuardOs.java:210)
01-25 16:13:56.030  2292  2292 W System.err: 	at libcore.io.IoBridge.open(IoBridge.java:471)
01-25 16:13:56.030  2292  2292 W System.err: 	... 17 more
01-25 16:13:56.030  2292  2292 W System.err: java.io.FileNotFoundException: /data/user/0/com.zjinnova.zlink/files/prodexdir/tosversion (Permission denied)
01-25 16:13:56.031  2292  2292 W System.err: 	at java.io.FileOutputStream.open0(Native Method)
01-25 16:13:56.031  2292  2292 W System.err: 	at java.io.FileOutputStream.open(FileOutputStream.java:308)
01-25 16:13:56.031  2292  2292 W System.err: 	at java.io.FileOutputStream.<init>(FileOutputStream.java:238)
01-25 16:13:56.031  2292  2292 W System.err: 	at java.io.FileOutputStream.<init>(FileOutputStream.java:180)
01-25 16:13:56.031  2292  2292 W System.err: 	at com.wrapper.proxyapplication.Util.UnzipFile(Util.java:205)
01-25 16:13:56.031  2292  2292 W System.err: 	at com.wrapper.proxyapplication.Util.PrepareSecurefiles(Util.java:554)
01-25 16:13:56.031  2292  2292 W System.err: 	at com.zjinnova.zlink.MyWrapperProxyApplication.initProxyApplication(MyWrapperProxyApplication.java:33)
01-25 16:13:56.031  2292  2292 W System.err: 	at com.wrapper.proxyapplication.WrapperProxyApplication.attachBaseContext(WrapperProxyApplication.java:459)
01-25 16:13:56.031  2292  2292 W System.err: 	at android.app.Application.attach(Application.java:212)
01-25 16:13:56.031  2292  2292 W System.err: 	at android.app.Instrumentation.newApplication(Instrumentation.java:1121)
01-25 16:13:56.031  2292  2292 W System.err: 	at android.app.LoadedApk.makeApplication(LoadedApk.java:1064)
01-25 16:13:56.031  2292  2292 W System.err: 	at android.app.ActivityThread.handleBindApplication(ActivityThread.java:5873)
01-25 16:13:56.031  2292  2292 W System.err: 	at android.app.ActivityThread.access$1200(ActivityThread.java:206)
01-25 16:13:56.031  2292  2292 W System.err: 	at android.app.ActivityThread$H.handleMessage(ActivityThread.java:1678)
01-25 16:13:56.031  2292  2292 W System.err: 	at android.os.Handler.dispatchMessage(Handler.java:106)
01-25 16:13:56.031  2292  2292 W System.err: 	at android.os.Looper.loop(Looper.java:193)
01-25 16:13:56.031  2292  2292 W System.err: 	at android.app.ActivityThread.main(ActivityThread.java:6702)
01-25 16:13:56.031  2292  2292 W System.err: 	at java.lang.reflect.Method.invoke(Native Method)
01-25 16:13:56.031  2292  2292 W System.err: 	at com.android.internal.os.RuntimeInit$MethodAndArgsCaller.run(RuntimeInit.java:493)
01-25 16:13:56.031  2292  2292 W System.err: 	at com.android.internal.os.ZygoteInit.main(ZygoteInit.java:911)
01-25 16:13:56.081   610   764 D DisplayManagerService: Display listener for pid 2292 died.
01-25 16:13:56.081   610  1992 I ActivityManager: Process com.zjinnova.zlink (pid 2292) has died: fore SVC 
01-25 16:13:56.081   610   655 W libprocessgroup: kill(-2292, 9) failed: No such process
01-25 16:13:56.081   610  1992 W ActivityManager: Scheduling restart of crashed service com.zjinnova.zlink/com.zjinnova.android.zlink.features.service.DaemonService in 4000ms
01-25 16:13:56.081   610   655 I libprocessgroup: Successfully killed process cgroup uid 10115 pid 2292 in 0ms
01-25 16:13:56.083   610   610 I SourceService: Activity DIED(), com.zjinnova.zlink | com.zjinnova.zlink
01-25 16:13:56.705   383   631 D BufferQueueProducer: [altergames.carlauncher/altergames.carlauncher.MainActivity#0](this:0xabcb2000,id:152,api:1,p:1433,c:383) queueBuffer: fps=1.00 dur=2005.17 max=1011.85 min=993.33
01-25 16:13:56.721   383   383 D SurfaceFlinger: [Built-in Screen (type:0)] fps:1.995216,dur:2004.80,max:1011.92,min:17.34
01-25 16:13:56.762  2313  2313 W ps      : type=1400 audit(0.0:31858): avc: denied { getattr } for path="/dev/console" dev="tmpfs" ino=9333 scontext=u:r:z-link:s0 tcontext=u:object_r:console_device:s0 tclass=chr_file permissive=0
01-25 16:13:56.762  2313  2313 I chatty  : uid=0(root) ps identical 1 line
01-25 16:13:56.762  2313  2313 W ps      : type=1400 audit(0.0:31860): avc: denied { getattr } for path="/dev/console" dev="tmpfs" ino=9333 scontext=u:r:z-link:s0 tcontext=u:object_r:console_device:s0 tclass=chr_file permissive=0
01-25 16:13:56.762  2313  2313 W ps      : type=1400 audit(0.0:31861): avc: denied { read } for name="drivers" dev="proc" ino=4026531853 scontext=u:r:z-link:s0 tcontext=u:object_r:proc_tty_drivers:s0 tclass=file permissive=0
01-25 16:13:56.792  2313  2313 W ps      : type=1400 audit(0.0:31862): avc: denied { getattr } for path="/dev/pts/0" dev="devpts" ino=3 scontext=u:r:z-link:s0 tcontext=u:object_r:devpts:s0 tclass=chr_file permissive=0
01-25 16:13:56.825   782   785 D btopt   : zlink wake_up_apk_server: cmd = 'export PATH=$PATH:/system/bin/;am start-service -a "zjinnova.android.intent.action.ZLINK_SERVICE" &'
01-25 16:13:56.899   610   654 I ActivityManager: Start proc 2326:com.zjinnova.zlink/u0a115 for service com.zjinnova.zlink/com.zjinnova.android.zlink.features.service.DaemonService
01-25 16:13:56.908   456  1177 D pseudo  : mtk_gps_sys_nmea_output_to_mnld: received 467 bytes:
01-25 16:13:56.908   456  1177 D pseudo  : mtk_gps_sys_nmea_output_to_app: len:467, [NMEA]$GPGGA,015638.00...
01-25 16:13:56.908   456  1177 D         : mtk_gps_sys_gps_mnl_callback: msg:0
01-25 16:13:56.908   456  1177 D         : send_active_notify: send clean nmea timer cmd!
01-25 16:13:56.909   456  1177 D         : mtk_gps_sys_gps_mnl_callback: MTK_GPS_MSG_FIX_READY,GET_RTC_FAIL
01-25 16:13:56.909   456  1177 D pseudo  : mtk_gps_sys_nmea_output_to_app: len:46, [vAGPS_Auto_Req]:g_FirstDbtt:0,u2BitMap:0x12f
01-25 16:13:56.909   456   566 D         : gps_control_thread: gps_control_thread wait
01-25 16:13:56.913   610  4938 I GnssLocationProvider: WakeLock acquired by sendMessage(REPORT_SV_STATUS, 0, com.android.server.location.GnssLocationProvider$SvStatusInfo@3a28e73)
01-25 16:13:56.913   610   885 I GnssLocationProvider: WakeLock released by handleMessage(REPORT_SV_STATUS, 0, com.android.server.location.GnssLocationProvider$SvStatusInfo@3a28e73)
01-25 16:13:56.915  2326  2326 E .zjinnova.zlin: Not starting debugger since process cannot load the jdwp agent.
01-25 16:13:56.949  2326  2326 I .zjinnova.zlin: The ClassLoaderContext is a special shared library.
01-25 16:13:56.956  2326  2326 W .zjinnova.zlin: JIT profile information will not be recorded: profile file does not exits.
01-25 16:13:56.971  2326  2326 W System.err: java.io.FileNotFoundException: /data/user/0/com.zjinnova.zlink/files/prodexdir/tosversion: open failed: EACCES (Permission denied)
01-25 16:13:56.972  2326  2326 W System.err: 	at libcore.io.IoBridge.open(IoBridge.java:485)
01-25 16:13:56.972  2326  2326 W System.err: 	at java.io.RandomAccessFile.<init>(RandomAccessFile.java:288)
01-25 16:13:56.972  2326  2326 W System.err: 	at java.io.RandomAccessFile.<init>(RandomAccessFile.java:151)
01-25 16:13:56.972  2326  2326 W System.err: 	at com.wrapper.proxyapplication.Util.PrepareSecurefiles(Util.java:362)
01-25 16:13:56.972  2326  2326 W System.err: 	at com.zjinnova.zlink.MyWrapperProxyApplication.initProxyApplication(MyWrapperProxyApplication.java:33)
01-25 16:13:56.972  2326  2326 W System.err: 	at com.wrapper.proxyapplication.WrapperProxyApplication.attachBaseContext(WrapperProxyApplication.java:459)
01-25 16:13:56.972  2326  2326 W System.err: 	at android.app.Application.attach(Application.java:212)
01-25 16:13:56.972  2326  2326 W System.err: 	at android.app.Instrumentation.newApplication(Instrumentation.java:1121)
01-25 16:13:56.972  2326  2326 W System.err: 	at android.app.LoadedApk.makeApplication(LoadedApk.java:1064)
01-25 16:13:56.972  2326  2326 W System.err: 	at android.app.ActivityThread.handleBindApplication(ActivityThread.java:5873)
01-25 16:13:56.972  2326  2326 W System.err: 	at android.app.ActivityThread.access$1200(ActivityThread.java:206)
01-25 16:13:56.972  2326  2326 W System.err: 	at android.app.ActivityThread$H.handleMessage(ActivityThread.java:1678)
01-25 16:13:56.972  2326  2326 W System.err: 	at android.os.Handler.dispatchMessage(Handler.java:106)
01-25 16:13:56.972  2326  2326 W System.err: 	at android.os.Looper.loop(Looper.java:193)
01-25 16:13:56.972  2326  2326 W System.err: 	at android.app.ActivityThread.main(ActivityThread.java:6702)
01-25 16:13:56.972  2326  2326 W System.err: 	at java.lang.reflect.Method.invoke(Native Method)
01-25 16:13:56.972  2326  2326 W System.err: 	at com.android.internal.os.RuntimeInit$MethodAndArgsCaller.run(RuntimeInit.java:493)
01-25 16:13:56.972  2326  2326 W System.err: 	at com.android.internal.os.ZygoteInit.main(ZygoteInit.java:911)
01-25 16:13:56.973  2326  2326 W System.err: Caused by: android.system.ErrnoException: open failed: EACCES (Permission denied)
01-25 16:13:56.973  2326  2326 W System.err: 	at libcore.io.Linux.open(Native Method)
01-25 16:13:56.973  2326  2326 W System.err: 	at libcore.io.BlockGuardOs.open(BlockGuardOs.java:210)
01-25 16:13:56.973  2326  2326 W System.err: 	at libcore.io.IoBridge.open(IoBridge.java:471)
01-25 16:13:56.973  2326  2326 W System.err: 	... 17 more
01-25 16:13:56.973  2326  2326 W System.err: java.io.FileNotFoundException: /data/user/0/com.zjinnova.zlink/files/prodexdir/tosversion (Permission denied)
01-25 16:13:56.974  2326  2326 W System.err: 	at java.io.FileOutputStream.open0(Native Method)
01-25 16:13:56.974  2326  2326 W System.err: 	at java.io.FileOutputStream.open(FileOutputStream.java:308)
01-25 16:13:56.974  2326  2326 W System.err: 	at java.io.FileOutputStream.<init>(FileOutputStream.java:238)
01-25 16:13:56.974  2326  2326 W System.err: 	at java.io.FileOutputStream.<init>(FileOutputStream.java:180)
01-25 16:13:56.974  2326  2326 W System.err: 	at com.wrapper.proxyapplication.Util.UnzipFile(Util.java:205)
01-25 16:13:56.974  2326  2326 W System.err: 	at com.wrapper.proxyapplication.Util.PrepareSecurefiles(Util.java:554)
01-25 16:13:56.974  2326  2326 W System.err: 	at com.zjinnova.zlink.MyWrapperProxyApplication.initProxyApplication(MyWrapperProxyApplication.java:33)
01-25 16:13:56.974  2326  2326 W System.err: 	at com.wrapper.proxyapplication.WrapperProxyApplication.attachBaseContext(WrapperProxyApplication.java:459)
01-25 16:13:56.974  2326  2326 W System.err: 	at android.app.Application.attach(Application.java:212)
01-25 16:13:56.974  2326  2326 W System.err: 	at android.app.Instrumentation.newApplication(Instrumentation.java:1121)
01-25 16:13:56.974  2326  2326 W System.err: 	at android.app.LoadedApk.makeApplication(LoadedApk.java:1064)
01-25 16:13:56.974  2326  2326 W System.err: 	at android.app.ActivityThread.handleBindApplication(ActivityThread.java:5873)
01-25 16:13:56.974  2326  2326 W System.err: 	at android.app.ActivityThread.access$1200(ActivityThread.java:206)
01-25 16:13:56.974  2326  2326 W System.err: 	at android.app.ActivityThread$H.handleMessage(ActivityThread.java:1678)
01-25 16:13:56.974  2326  2326 W System.err: 	at android.os.Handler.dispatchMessage(Handler.java:106)
01-25 16:13:56.974  2326  2326 W System.err: 	at android.os.Looper.loop(Looper.java:193)
01-25 16:13:56.974  2326  2326 W System.err: 	at android.app.ActivityThread.main(ActivityThread.java:6702)
01-25 16:13:56.974  2326  2326 W System.err: 	at java.lang.reflect.Method.invoke(Native Method)
01-25 16:13:56.974  2326  2326 W System.err: 	at com.android.internal.os.RuntimeInit$MethodAndArgsCaller.run(RuntimeInit.java:493)
01-25 16:13:56.974  2326  2326 W System.err: 	at com.android.internal.os.ZygoteInit.main(ZygoteInit.java:911)
01-25 16:13:57.014   610  1992 D DisplayManagerService: Display listener for pid 2326 died.
01-25 16:13:57.014   610   764 I ActivityManager: Process com.zjinnova.zlink (pid 2326) has died: fore SVC 
01-25 16:13:57.014   610   764 W ActivityManager: Canceling start item Intent { act=zjinnova.android.intent.action.ZLINK_SERVICE } in service ComponentInfo{com.zjinnova.zlink/com.zjinnova.android.zlink.features.service.DaemonService}
01-25 16:13:57.014   610   764 W ActivityManager: Scheduling restart of crashed service com.zjinnova.zlink/com.zjinnova.android.zlink.features.service.DaemonService in 1000ms
01-25 16:13:57.015   610   655 W libprocessgroup: kill(-2326, 9) failed: No such process
01-25 16:13:57.015   610   655 I libprocessgroup: Successfully killed process cgroup uid 10115 pid 2326 in 0ms
01-25 16:13:57.016   610   610 I SourceService: Activity DIED(), com.zjinnova.zlink | com.zjinnova.zlink
01-25 16:13:57.293  1158  2086 D PbapClientStateMachine: Enter Disconnecting: 3
01-25 16:13:57.293  1158  2086 D PbapClientStateMachine: Connection state A8:6A:86:B3:96:EA: 1->3
01-25 16:13:57.296  1301  1301 V BluetoothEventManager: Received android.bluetooth.pbapclient.profile.action.CONNECTION_STATE_CHANGED
01-25 16:13:57.296  1301  1301 D CachedBluetoothDeviceManager: findDevice() == A8:6A:86:B3:96:EA
01-25 16:13:57.296  1301  1301 D CachedBluetoothDeviceManager: findDevice() mCachedDevices size == 3
01-25 16:13:57.296  1301  1301 D CachedBluetoothDeviceManager: findDevice() mCachedDevices == A8:6A:86:B3:96:EA
01-25 16:13:57.296  1301  1301 D Car_LocalBluetoothProfileManager: StateChangedHandler cachedDevice ==A8:6A:86:B3:96:EA
01-25 16:13:57.296  1301  1301 D Car_CachedBluetoothDevice: onProfileStateChanged: profile PbapClient newProfileState 3
01-25 16:13:57.297  1158  1158 D AdapterProperties: PROFILE_CONNECTION_STATE_CHANGE: profile=17, device=A8:6A:86:B3:96:EA, 1 -> 3
01-25 16:13:57.298  1158  1158 W AdapterProperties: PROFILE_CONNECTION_STATE_CHANGE: unexpected transition for profile=17, device=A8:6A:86:B3:96:EA, 1 -> 3
01-25 16:13:57.298  1158  1158 D AdapterProperties: ADAPTER_CONNECTION_STATE_CHANGE: A8:6A:86:B3:96:EA: 1 -> 3
01-25 16:13:57.298  1158  1158 W AdapterProperties: ADAPTER_CONNECTION_STATE_CHANGE: unexpected transition for profile=17, device=A8:6A:86:B3:96:EA, 1 -> 3
01-25 16:13:57.301   610   652 W BroadcastQueue: Background execution not allowed: receiving Intent { act=android.bluetooth.adapter.action.CONNECTION_STATE_CHANGED flg=0x4000010 (has extras) } to com.google.android.gms/.chimera.GmsIntentOperationService$PersistentTrustedReceiver
01-25 16:13:57.304  1214  1214 I wpa_supplicant: wpa_driver_nl80211_driver_cmd: wlan0 recv cmd BTCOEXSCAN-START
01-25 16:13:57.306  1301  1301 V LocalBluetoothAdapter: getBluetoothState mState:12
01-25 16:13:57.307  1301  1301 D Car_CachedBluetoothDevice: localUuids : [Landroid.os.ParcelUuid;@d32fcbd isA2dpSinkSupport : true
01-25 16:13:57.308  1301  1301 D BluetoothPbapClientHelper: callPbapListener: count=0
01-25 16:13:57.308  1301  1301 V BluetoothEventManager: Received android.bluetooth.adapter.action.CONNECTION_STATE_CHANGED
01-25 16:13:57.308  1301  1301 D CachedBluetoothDeviceManager: findDevice() == A8:6A:86:B3:96:EA
01-25 16:13:57.308  1301  1301 D CachedBluetoothDeviceManager: findDevice() mCachedDevices size == 3
01-25 16:13:57.308  1301  1301 D CachedBluetoothDeviceManager: findDevice() mCachedDevices == A8:6A:86:B3:96:EA
01-25 16:13:57.310   816  1021 D BluetoothController: updateConnected: devices size=0 state=3
01-25 16:13:57.310   816  1021 D BluetoothController: updateConnected: state=3 mConnectionState=1
01-25 16:13:57.335   383   631 D BufferQueueProducer: [StatusBar#0](this:0xabcc3000,id:5,api:1,p:816,c:383) queueBuffer: fps=0.84 dur=2390.57 max=2372.09 min=18.48
01-25 16:13:57.713   383   631 D BufferQueueProducer: [altergames.carlauncher/altergames.carlauncher.MainActivity#0](this:0xabcb2000,id:152,api:1,p:1433,c:383) queueBuffer: fps=1.98 dur=1008.56 max=929.26 min=79.30
01-25 16:13:57.731   383   383 D SurfaceFlinger: [Built-in Screen (type:0)] fps:3.960248,dur:1010.04,max:558.33,min:17.61
01-25 16:13:57.908   456  1177 D pseudo  : mtk_gps_sys_nmea_output_to_mnld: received 467 bytes:
01-25 16:13:57.911   456  1177 D pseudo  : mtk_gps_sys_nmea_output_to_app: len:467, [NMEA]$GPGGA,015639.00...
01-25 16:13:57.912   610  1141 I GnssLocationProvider: WakeLock acquired by sendMessage(REPORT_SV_STATUS, 0, com.android.server.location.GnssLocationProvider$SvStatusInfo@5ffb1a9)
01-25 16:13:57.914   610   885 I GnssLocationProvider: WakeLock released by handleMessage(REPORT_SV_STATUS, 0, com.android.server.location.GnssLocationProvider$SvStatusInfo@5ffb1a9)
01-25 16:13:57.915   456  1177 D         : mtk_gps_sys_gps_mnl_callback: msg:0
01-25 16:13:57.915   456  1177 D         : send_active_notify: send clean nmea timer cmd!
01-25 16:13:57.915   456   566 D         : gps_control_thread: gps_control_thread wait
01-25 16:13:57.915   456  1177 D         : mtk_gps_sys_gps_mnl_callback: MTK_GPS_MSG_FIX_READY,GET_RTC_FAIL
01-25 16:13:57.916   456  1177 D pseudo  : mtk_gps_sys_nmea_output_to_app: len:46, [vAGPS_Auto_Req]:g_FirstDbtt:0,u2BitMap:0x12f
01-25 16:13:58.027   610   654 I ActivityManager: Start proc 2342:com.zjinnova.zlink/u0a115 for service com.zjinnova.zlink/com.zjinnova.android.zlink.features.service.DaemonService
01-25 16:13:58.042  2342  2342 E .zjinnova.zlin: Not starting debugger since process cannot load the jdwp agent.
01-25 16:13:58.095  2342  2342 I .zjinnova.zlin: The ClassLoaderContext is a special shared library.
01-25 16:13:58.105  2342  2342 W .zjinnova.zlin: JIT profile information will not be recorded: profile file does not exits.
01-25 16:13:58.129  2342  2342 W System.err: java.io.FileNotFoundException: /data/user/0/com.zjinnova.zlink/files/prodexdir/tosversion: open failed: EACCES (Permission denied)
01-25 16:13:58.131  2342  2342 W System.err: 	at libcore.io.IoBridge.open(IoBridge.java:485)
01-25 16:13:58.131  2342  2342 W System.err: 	at java.io.RandomAccessFile.<init>(RandomAccessFile.java:288)
01-25 16:13:58.131  2342  2342 W System.err: 	at java.io.RandomAccessFile.<init>(RandomAccessFile.java:151)
01-25 16:13:58.131  2342  2342 W System.err: 	at com.wrapper.proxyapplication.Util.PrepareSecurefiles(Util.java:362)
01-25 16:13:58.132  2342  2342 W System.err: 	at com.zjinnova.zlink.MyWrapperProxyApplication.initProxyApplication(MyWrapperProxyApplication.java:33)
01-25 16:13:58.132  2342  2342 W System.err: 	at com.wrapper.proxyapplication.WrapperProxyApplication.attachBaseContext(WrapperProxyApplication.java:459)
01-25 16:13:58.132  2342  2342 W System.err: 	at android.app.Application.attach(Application.java:212)
01-25 16:13:58.132  2342  2342 W System.err: 	at android.app.Instrumentation.newApplication(Instrumentation.java:1121)
01-25 16:13:58.132  2342  2342 W System.err: 	at android.app.LoadedApk.makeApplication(LoadedApk.java:1064)
01-25 16:13:58.132  2342  2342 W System.err: 	at android.app.ActivityThread.handleBindApplication(ActivityThread.java:5873)
01-25 16:13:58.132  2342  2342 W System.err: 	at android.app.ActivityThread.access$1200(ActivityThread.java:206)
01-25 16:13:58.132  2342  2342 W System.err: 	at android.app.ActivityThread$H.handleMessage(ActivityThread.java:1678)
01-25 16:13:58.133  2342  2342 W System.err: 	at android.os.Handler.dispatchMessage(Handler.java:106)
01-25 16:13:58.133  2342  2342 W System.err: 	at android.os.Looper.loop(Looper.java:193)
01-25 16:13:58.133  2342  2342 W System.err: 	at android.app.ActivityThread.main(ActivityThread.java:6702)
01-25 16:13:58.133  2342  2342 W System.err: 	at java.lang.reflect.Method.invoke(Native Method)
01-25 16:13:58.133  2342  2342 W System.err: 	at com.android.internal.os.RuntimeInit$MethodAndArgsCaller.run(RuntimeInit.java:493)
01-25 16:13:58.133  2342  2342 W System.err: 	at com.android.internal.os.ZygoteInit.main(ZygoteInit.java:911)
01-25 16:13:58.135  2342  2342 W System.err: Caused by: android.system.ErrnoException: open failed: EACCES (Permission denied)
01-25 16:13:58.135  2342  2342 W System.err: 	at libcore.io.Linux.open(Native Method)
01-25 16:13:58.136  2342  2342 W System.err: 	at libcore.io.BlockGuardOs.open(BlockGuardOs.java:210)
01-25 16:13:58.136  2342  2342 W System.err: 	at libcore.io.IoBridge.open(IoBridge.java:471)
01-25 16:13:58.136  2342  2342 W System.err: 	... 17 more
01-25 16:13:58.137  2342  2342 W System.err: java.io.FileNotFoundException: /data/user/0/com.zjinnova.zlink/files/prodexdir/tosversion (Permission denied)
01-25 16:13:58.137  2342  2342 W System.err: 	at java.io.FileOutputStream.open0(Native Method)
01-25 16:13:58.137  2342  2342 W System.err: 	at java.io.FileOutputStream.open(FileOutputStream.java:308)
01-25 16:13:58.137  2342  2342 W System.err: 	at java.io.FileOutputStream.<init>(FileOutputStream.java:238)
01-25 16:13:58.137  2342  2342 W System.err: 	at java.io.FileOutputStream.<init>(FileOutputStream.java:180)
01-25 16:13:58.137  2342  2342 W System.err: 	at com.wrapper.proxyapplication.Util.UnzipFile(Util.java:205)
01-25 16:13:58.137  2342  2342 W System.err: 	at com.wrapper.proxyapplication.Util.PrepareSecurefiles(Util.java:554)
01-25 16:13:58.137  2342  2342 W System.err: 	at com.zjinnova.zlink.MyWrapperProxyApplication.initProxyApplication(MyWrapperProxyApplication.java:33)
01-25 16:13:58.138  2342  2342 W System.err: 	at com.wrapper.proxyapplication.WrapperProxyApplication.attachBaseContext(WrapperProxyApplication.java:459)
01-25 16:13:58.138  2342  2342 W System.err: 	at android.app.Application.attach(Application.java:212)
01-25 16:13:58.138  2342  2342 W System.err: 	at android.app.Instrumentation.newApplication(Instrumentation.java:1121)
01-25 16:13:58.138  2342  2342 W System.err: 	at android.app.LoadedApk.makeApplication(LoadedApk.java:1064)
01-25 16:13:58.138  2342  2342 W System.err: 	at android.app.ActivityThread.handleBindApplication(ActivityThread.java:5873)
01-25 16:13:58.138  2342  2342 W System.err: 	at android.app.ActivityThread.access$1200(ActivityThread.java:206)
01-25 16:13:58.138  2342  2342 W System.err: 	at android.app.ActivityThread$H.handleMessage(ActivityThread.java:1678)
01-25 16:13:58.138  2342  2342 W System.err: 	at android.os.Handler.dispatchMessage(Handler.java:106)
01-25 16:13:58.138  2342  2342 W System.err: 	at android.os.Looper.loop(Looper.java:193)
01-25 16:13:58.138  2342  2342 W System.err: 	at android.app.ActivityThread.main(ActivityThread.java:6702)
01-25 16:13:58.139  2342  2342 W System.err: 	at java.lang.reflect.Method.invoke(Native Method)
01-25 16:13:58.139  2342  2342 W System.err: 	at com.android.internal.os.RuntimeInit$MethodAndArgsCaller.run(RuntimeInit.java:493)
01-25 16:13:58.139  2342  2342 W System.err: 	at com.android.internal.os.ZygoteInit.main(ZygoteInit.java:911)
01-25 16:13:58.152   610   735 E WifiVendorHal: getWifiLinkLayerStats(l.937) failed {.code = ERROR_NOT_SUPPORTED, .description = }
01-25 16:13:58.211   610  1993 D DisplayManagerService: Display listener for pid 2342 died.
01-25 16:13:58.211   610   764 I ActivityManager: Process com.zjinnova.zlink (pid 2342) has died: fore SVC 
01-25 16:13:58.211   610   764 W ActivityManager: Scheduling restart of crashed service com.zjinnova.zlink/com.zjinnova.android.zlink.features.service.DaemonService in 4000ms
01-25 16:13:58.213   610   610 I SourceService: Activity DIED(), com.zjinnova.zlink | com.zjinnova.zlink
01-25 16:13:58.221   610   655 W libprocessgroup: kill(-2342, 9) failed: No such process
01-25 16:13:58.223   610   655 W libprocessgroup: kill(2342, 9) failed: No such process
01-25 16:13:58.261   610   655 W libprocessgroup: kill(-2342, 9) failed: No such process
01-25 16:13:58.261   610   655 I libprocessgroup: Successfully killed process cgroup uid 10115 pid 2342 in 40ms
01-25 16:13:58.495   446   562 I teststub: Free memory 852MBytes.
