--------- beginning of system
01-25 16:11:44.890  1167 31106 E SchedPolicy: set_timerslack_ns write failed: Operation not permitted
01-25 16:11:45.215   610   654 I ActivityManager: Start proc 31107:com.zjinnova.zlink/u0a115 for service com.zjinnova.zlink/com.zjinnova.android.zlink.features.service.DaemonService
01-25 16:11:45.337   610  1108 D DisplayManagerService: Display listener for pid 31107 died.
01-25 16:11:45.338   610  1993 I ActivityManager: Process com.zjinnova.zlink (pid 31107) has died: fore SVC 
01-25 16:11:45.338   610  1993 W ActivityManager: Scheduling restart of crashed service com.zjinnova.zlink/com.zjinnova.android.zlink.features.service.DaemonService in 4000ms
01-25 16:11:46.209   610   654 I ActivityManager: Start proc 31134:com.zjinnova.zlink/u0a115 for service com.zjinnova.zlink/com.zjinnova.android.zlink.features.service.DaemonService
01-25 16:11:46.384   610  1993 D DisplayManagerService: Display listener for pid 31134 died.
01-25 16:11:46.384   610  1992 I ActivityManager: Process com.zjinnova.zlink (pid 31134) has died: fore SVC 
01-25 16:11:46.384   610  1992 W ActivityManager: Canceling start item Intent { act=zjinnova.android.intent.action.ZLINK_SERVICE } in service ComponentInfo{com.zjinnova.zlink/com.zjinnova.android.zlink.features.service.DaemonService}
01-25 16:11:46.384   610  1992 W ActivityManager: Scheduling restart of crashed service com.zjinnova.zlink/com.zjinnova.android.zlink.features.service.DaemonService in 1000ms
01-25 16:11:47.163   610   652 W BroadcastQueue: Background execution not allowed: receiving Intent { act=android.bluetooth.adapter.action.CONNECTION_STATE_CHANGED flg=0x4000010 (has extras) } to com.google.android.gms/.chimera.GmsIntentOperationService$PersistentTrustedReceiver
01-25 16:11:47.397   610   654 I ActivityManager: Start proc 31153:com.zjinnova.zlink/u0a115 for service com.zjinnova.zlink/com.zjinnova.android.zlink.features.service.DaemonService
01-25 16:11:47.538   610  1992 D DisplayManagerService: Display listener for pid 31153 died.
01-25 16:11:47.538   610  1953 I ActivityManager: Process com.zjinnova.zlink (pid 31153) has died: fore SVC 
01-25 16:11:47.539   610  1953 W ActivityManager: Scheduling restart of crashed service com.zjinnova.zlink/com.zjinnova.android.zlink.features.service.DaemonService in 4000ms
01-25 16:11:48.353   610   654 I ActivityManager: Start proc 31189:com.zjinnova.zlink/u0a115 for service com.zjinnova.zlink/com.zjinnova.android.zlink.features.service.DaemonService
01-25 16:11:48.488   610  1953 D DisplayManagerService: Display listener for pid 31189 died.
01-25 16:11:48.488   610  1561 I ActivityManager: Process com.zjinnova.zlink (pid 31189) has died: fore SVC 
01-25 16:11:48.488   610  1561 W ActivityManager: Canceling start item Intent { act=zjinnova.android.intent.action.ZLINK_SERVICE } in service ComponentInfo{com.zjinnova.zlink/com.zjinnova.android.zlink.features.service.DaemonService}
01-25 16:11:48.488   610  1561 W ActivityManager: Scheduling restart of crashed service com.zjinnova.zlink/com.zjinnova.android.zlink.features.service.DaemonService in 1000ms
01-25 16:11:49.535   610   654 I ActivityManager: Start proc 31206:com.zjinnova.zlink/u0a115 for service com.zjinnova.zlink/com.zjinnova.android.zlink.features.service.DaemonService
01-25 16:11:49.747   610  1561 D DisplayManagerService: Display listener for pid 31206 died.
01-25 16:11:49.748   610  1108 I ActivityManager: Process com.zjinnova.zlink (pid 31206) has died: fore SVC 
01-25 16:11:49.748   610  1108 W ActivityManager: Scheduling restart of crashed service com.zjinnova.zlink/com.zjinnova.android.zlink.features.service.DaemonService in 4000ms
01-25 16:11:50.501   610   654 I ActivityManager: Start proc 31235:com.zjinnova.zlink/u0a115 for service com.zjinnova.zlink/com.zjinnova.android.zlink.features.service.DaemonService
01-25 16:11:50.671   610  1992 D DisplayManagerService: Display listener for pid 31235 died.
01-25 16:11:50.671   610  1993 I ActivityManager: Process com.zjinnova.zlink (pid 31235) has died: fore SVC 
01-25 16:11:50.671   610  1993 W ActivityManager: Canceling start item Intent { act=zjinnova.android.intent.action.ZLINK_SERVICE } in service ComponentInfo{com.zjinnova.zlink/com.zjinnova.android.zlink.features.service.DaemonService}
01-25 16:11:50.671   610  1993 W ActivityManager: Scheduling restart of crashed service com.zjinnova.zlink/com.zjinnova.android.zlink.features.service.DaemonService in 1000ms
01-25 16:11:51.523   610  1993 V SettingsProvider: name : screen_brightness_mode appId : 10105
01-25 16:11:51.524   610  1993 V SettingsProvider: name : screen_brightness appId : 10105
01-25 16:11:51.684   610   654 I ActivityManager: Start proc 31256:com.zjinnova.zlink/u0a115 for service com.zjinnova.zlink/com.zjinnova.android.zlink.features.service.DaemonService
01-25 16:11:51.824   610  1992 D DisplayManagerService: Display listener for pid 31256 died.
01-25 16:11:51.824   610  1993 I ActivityManager: Process com.zjinnova.zlink (pid 31256) has died: fore SVC 
01-25 16:11:51.824   610  1993 W ActivityManager: Scheduling restart of crashed service com.zjinnova.zlink/com.zjinnova.android.zlink.features.service.DaemonService in 4000ms
01-25 16:11:52.779   610   654 I ActivityManager: Start proc 31283:com.zjinnova.zlink/u0a115 for service com.zjinnova.zlink/com.zjinnova.android.zlink.features.service.DaemonService
01-25 16:11:52.904   610  1993 D DisplayManagerService: Display listener for pid 31283 died.
01-25 16:11:52.905   610  1561 I ActivityManager: Process com.zjinnova.zlink (pid 31283) has died: fore SVC 
01-25 16:11:52.905   610  1561 W ActivityManager: Canceling start item Intent { act=zjinnova.android.intent.action.ZLINK_SERVICE } in service ComponentInfo{com.zjinnova.zlink/com.zjinnova.android.zlink.features.service.DaemonService}
01-25 16:11:52.905   610  1561 W ActivityManager: Scheduling restart of crashed service com.zjinnova.zlink/com.zjinnova.android.zlink.features.service.DaemonService in 1000ms
01-25 16:11:53.918   610   654 I ActivityManager: Start proc 31300:com.zjinnova.zlink/u0a115 for service com.zjinnova.zlink/com.zjinnova.android.zlink.features.service.DaemonService
01-25 16:11:54.057   610  1992 D DisplayManagerService: Display listener for pid 31300 died.
01-25 16:11:54.057   610  1561 I ActivityManager: Process com.zjinnova.zlink (pid 31300) has died: fore SVC 
01-25 16:11:54.058   610  1561 W ActivityManager: Scheduling restart of crashed service com.zjinnova.zlink/com.zjinnova.android.zlink.features.service.DaemonService in 4000ms
01-25 16:11:54.851  1158  1158 E BluetoothTetheringNetworkFactory: attempted to stop reverse tether with nothing tethered
01-25 16:11:54.994   610   654 I ActivityManager: Start proc 31332:com.zjinnova.zlink/u0a115 for service com.zjinnova.zlink/com.zjinnova.android.zlink.features.service.DaemonService
01-25 16:11:55.151   610  1992 D DisplayManagerService: Display listener for pid 31332 died.
01-25 16:11:55.151   610  1561 I ActivityManager: Process com.zjinnova.zlink (pid 31332) has died: fore SVC 
01-25 16:11:55.151   610  1561 W ActivityManager: Canceling start item Intent { act=zjinnova.android.intent.action.ZLINK_SERVICE } in service ComponentInfo{com.zjinnova.zlink/com.zjinnova.android.zlink.features.service.DaemonService}
01-25 16:11:55.151   610  1561 W ActivityManager: Scheduling restart of crashed service com.zjinnova.zlink/com.zjinnova.android.zlink.features.service.DaemonService in 1000ms
01-25 16:11:56.163   610   654 I ActivityManager: Start proc 31348:com.zjinnova.zlink/u0a115 for service com.zjinnova.zlink/com.zjinnova.android.zlink.features.service.DaemonService
01-25 16:11:56.304   610  1992 D DisplayManagerService: Display listener for pid 31348 died.
01-25 16:11:56.304   610  1561 I ActivityManager: Process com.zjinnova.zlink (pid 31348) has died: fore SVC 
01-25 16:11:56.305   610  1561 W ActivityManager: Scheduling restart of crashed service com.zjinnova.zlink/com.zjinnova.android.zlink.features.service.DaemonService in 4000ms
01-25 16:11:57.127   610   654 I ActivityManager: Start proc 31375:com.zjinnova.zlink/u0a115 for service com.zjinnova.zlink/com.zjinnova.android.zlink.features.service.DaemonService
01-25 16:11:57.203   610   652 W BroadcastQueue: Background execution not allowed: receiving Intent { act=android.bluetooth.adapter.action.CONNECTION_STATE_CHANGED flg=0x4000010 (has extras) } to com.google.android.gms/.chimera.GmsIntentOperationService$PersistentTrustedReceiver
01-25 16:11:57.344   610  1561 D DisplayManagerService: Display listener for pid 31375 died.
01-25 16:11:57.344   610  1992 I ActivityManager: Process com.zjinnova.zlink (pid 31375) has died: fore SVC 
01-25 16:11:57.344   610  1992 W ActivityManager: Canceling start item Intent { act=zjinnova.android.intent.action.ZLINK_SERVICE } in service ComponentInfo{com.zjinnova.zlink/com.zjinnova.android.zlink.features.service.DaemonService}
01-25 16:11:57.345   610  1992 W ActivityManager: Scheduling restart of crashed service com.zjinnova.zlink/com.zjinnova.android.zlink.features.service.DaemonService in 1000ms
01-25 16:11:58.356   610   654 I ActivityManager: Start proc 31398:com.zjinnova.zlink/u0a115 for service com.zjinnova.zlink/com.zjinnova.android.zlink.features.service.DaemonService
01-25 16:11:58.511   610  1993 D DisplayManagerService: Display listener for pid 31398 died.
01-25 16:11:58.511   610  1992 I ActivityManager: Process com.zjinnova.zlink (pid 31398) has died: fore SVC 
01-25 16:11:58.512   610  1992 W ActivityManager: Scheduling restart of crashed service com.zjinnova.zlink/com.zjinnova.android.zlink.features.service.DaemonService in 4000ms
01-25 16:11:59.269   610   654 I ActivityManager: Start proc 31426:com.zjinnova.zlink/u0a115 for service com.zjinnova.zlink/com.zjinnova.android.zlink.features.service.DaemonService
01-25 16:11:59.431   610  1992 D DisplayManagerService: Display listener for pid 31426 died.
01-25 16:11:59.431   610  1953 I ActivityManager: Process com.zjinnova.zlink (pid 31426) has died: fore SVC 
01-25 16:11:59.432   610  1953 W ActivityManager: Canceling start item Intent { act=zjinnova.android.intent.action.ZLINK_SERVICE } in service ComponentInfo{com.zjinnova.zlink/com.zjinnova.android.zlink.features.service.DaemonService}
01-25 16:11:59.432   610  1953 W ActivityManager: Scheduling restart of crashed service com.zjinnova.zlink/com.zjinnova.android.zlink.features.service.DaemonService in 1000ms
01-25 16:12:00.445   610   654 I ActivityManager: Start proc 31442:com.zjinnova.zlink/u0a115 for service com.zjinnova.zlink/com.zjinnova.android.zlink.features.service.DaemonService
01-25 16:12:00.664   610   764 D DisplayManagerService: Display listener for pid 31442 died.
01-25 16:12:00.664   610  1953 I ActivityManager: Process com.zjinnova.zlink (pid 31442) has died: fore SVC 
01-25 16:12:00.664   610  1953 W ActivityManager: Scheduling restart of crashed service com.zjinnova.zlink/com.zjinnova.android.zlink.features.service.DaemonService in 4000ms
01-25 16:12:01.411   610   654 I ActivityManager: Start proc 31474:com.zjinnova.zlink/u0a115 for service com.zjinnova.zlink/com.zjinnova.android.zlink.features.service.DaemonService
01-25 16:12:01.544   610   764 D DisplayManagerService: Display listener for pid 31474 died.
01-25 16:12:01.544   610  1953 I ActivityManager: Process com.zjinnova.zlink (pid 31474) has died: fore SVC 
01-25 16:12:01.545   610  1953 W ActivityManager: Canceling start item Intent { act=zjinnova.android.intent.action.ZLINK_SERVICE } in service ComponentInfo{com.zjinnova.zlink/com.zjinnova.android.zlink.features.service.DaemonService}
01-25 16:12:01.545   610  1953 W ActivityManager: Scheduling restart of crashed service com.zjinnova.zlink/com.zjinnova.android.zlink.features.service.DaemonService in 1000ms
01-25 16:12:02.556   610   652 W BroadcastQueue: Background execution not allowed: receiving Intent { act=android.bluetooth.adapter.action.CONNECTION_STATE_CHANGED flg=0x4000010 (has extras) } to com.google.android.gms/.chimera.GmsIntentOperationService$PersistentTrustedReceiver
01-25 16:12:02.569   610   654 I ActivityManager: Start proc 31490:com.zjinnova.zlink/u0a115 for service com.zjinnova.zlink/com.zjinnova.android.zlink.features.service.DaemonService
01-25 16:12:02.731   610  1501 D DisplayManagerService: Display listener for pid 31490 died.
01-25 16:12:02.731   610  1953 I ActivityManager: Process com.zjinnova.zlink (pid 31490) has died: fore SVC 
01-25 16:12:02.731   610  1953 W ActivityManager: Scheduling restart of crashed service com.zjinnova.zlink/com.zjinnova.android.zlink.features.service.DaemonService in 4000ms
01-25 16:12:03.672   610   654 I ActivityManager: Start proc 31522:com.zjinnova.zlink/u0a115 for service com.zjinnova.zlink/com.zjinnova.android.zlink.features.service.DaemonService
01-25 16:12:03.794   610  1953 D DisplayManagerService: Display listener for pid 31522 died.
01-25 16:12:03.795   610  1953 I ActivityManager: Process com.zjinnova.zlink (pid 31522) has died: fore SVC 
01-25 16:12:03.795   610  1953 W ActivityManager: Canceling start item Intent { act=zjinnova.android.intent.action.ZLINK_SERVICE } in service ComponentInfo{com.zjinnova.zlink/com.zjinnova.android.zlink.features.service.DaemonService}
01-25 16:12:03.795   610  1953 W ActivityManager: Scheduling restart of crashed service com.zjinnova.zlink/com.zjinnova.android.zlink.features.service.DaemonService in 1000ms
01-25 16:12:04.807   610   654 I ActivityManager: Start proc 31540:com.zjinnova.zlink/u0a115 for service com.zjinnova.zlink/com.zjinnova.android.zlink.features.service.DaemonService
01-25 16:12:04.951   610  1992 D DisplayManagerService: Display listener for pid 31540 died.
01-25 16:12:04.951   610  1953 I ActivityManager: Process com.zjinnova.zlink (pid 31540) has died: fore SVC 
01-25 16:12:04.951   610  1953 W ActivityManager: Scheduling restart of crashed service com.zjinnova.zlink/com.zjinnova.android.zlink.features.service.DaemonService in 4000ms
01-25 16:12:05.866   610   654 I ActivityManager: Start proc 31567:com.zjinnova.zlink/u0a115 for service com.zjinnova.zlink/com.zjinnova.android.zlink.features.service.DaemonService
01-25 16:12:05.997   610  1992 D DisplayManagerService: Display listener for pid 31567 died.
01-25 16:12:05.998   610  1953 I ActivityManager: Process com.zjinnova.zlink (pid 31567) has died: fore SVC 
01-25 16:12:05.998   610  1953 W ActivityManager: Canceling start item Intent { act=zjinnova.android.intent.action.ZLINK_SERVICE } in service ComponentInfo{com.zjinnova.zlink/com.zjinnova.android.zlink.features.service.DaemonService}
01-25 16:12:05.998   610  1953 W ActivityManager: Scheduling restart of crashed service com.zjinnova.zlink/com.zjinnova.android.zlink.features.service.DaemonService in 1000ms
01-25 16:12:07.010   610   654 I ActivityManager: Start proc 31588:com.zjinnova.zlink/u0a115 for service com.zjinnova.zlink/com.zjinnova.android.zlink.features.service.DaemonService
01-25 16:12:07.141   610  1953 D DisplayManagerService: Display listener for pid 31588 died.
01-25 16:12:07.141   610  1501 I ActivityManager: Process com.zjinnova.zlink (pid 31588) has died: fore SVC 
01-25 16:12:07.141   610  1501 W ActivityManager: Scheduling restart of crashed service com.zjinnova.zlink/com.zjinnova.android.zlink.features.service.DaemonService in 4000ms
01-25 16:12:08.028   610   654 I ActivityManager: Start proc 31615:com.zjinnova.zlink/u0a115 for service com.zjinnova.zlink/com.zjinnova.android.zlink.features.service.DaemonService
01-25 16:12:08.184   610  1501 D DisplayManagerService: Display listener for pid 31615 died.
01-25 16:12:08.184   610  1953 I ActivityManager: Process com.zjinnova.zlink (pid 31615) has died: fore SVC 
01-25 16:12:08.184   610  1953 W ActivityManager: Canceling start item Intent { act=zjinnova.android.intent.action.ZLINK_SERVICE } in service ComponentInfo{com.zjinnova.zlink/com.zjinnova.android.zlink.features.service.DaemonService}
01-25 16:12:08.184   610  1953 W ActivityManager: Scheduling restart of crashed service com.zjinnova.zlink/com.zjinnova.android.zlink.features.service.DaemonService in 1000ms
01-25 16:12:09.197   610   654 I ActivityManager: Start proc 31632:com.zjinnova.zlink/u0a115 for service com.zjinnova.zlink/com.zjinnova.android.zlink.features.service.DaemonService
01-25 16:12:09.334   610  1953 D DisplayManagerService: Display listener for pid 31632 died.
01-25 16:12:09.334   610  1108 I ActivityManager: Process com.zjinnova.zlink (pid 31632) has died: fore SVC 
01-25 16:12:09.334   610  1108 W ActivityManager: Scheduling restart of crashed service com.zjinnova.zlink/com.zjinnova.android.zlink.features.service.DaemonService in 4000ms
01-25 16:12:10.167   610   654 I ActivityManager: Start proc 31663:com.zjinnova.zlink/u0a115 for service com.zjinnova.zlink/com.zjinnova.android.zlink.features.service.DaemonService
01-25 16:12:10.421   610  1108 D DisplayManagerService: Display listener for pid 31663 died.
01-25 16:12:10.421   610  1501 I ActivityManager: Process com.zjinnova.zlink (pid 31663) has died: fore SVC 
01-25 16:12:10.421   610  1501 W ActivityManager: Canceling start item Intent { act=zjinnova.android.intent.action.ZLINK_SERVICE } in service ComponentInfo{com.zjinnova.zlink/com.zjinnova.android.zlink.features.service.DaemonService}
01-25 16:12:10.421   610  1501 W ActivityManager: Scheduling restart of crashed service com.zjinnova.zlink/com.zjinnova.android.zlink.features.service.DaemonService in 1000ms
01-25 16:12:11.433   610   654 I ActivityManager: Start proc 31683:com.zjinnova.zlink/u0a115 for service com.zjinnova.zlink/com.zjinnova.android.zlink.features.service.DaemonService
01-25 16:12:11.557   610  1501 D DisplayManagerService: Display listener for pid 31683 died.
01-25 16:12:11.558   610  1501 I ActivityManager: Process com.zjinnova.zlink (pid 31683) has died: fore SVC 
01-25 16:12:11.559   610  1501 W ActivityManager: Scheduling restart of crashed service com.zjinnova.zlink/com.zjinnova.android.zlink.features.service.DaemonService in 4000ms
01-25 16:12:12.309   610   654 I ActivityManager: Start proc 31710:com.zjinnova.zlink/u0a115 for service com.zjinnova.zlink/com.zjinnova.android.zlink.features.service.DaemonService
01-25 16:12:12.447   610  1501 D DisplayManagerService: Display listener for pid 31710 died.
01-25 16:12:12.448   610  1108 I ActivityManager: Process com.zjinnova.zlink (pid 31710) has died: fore SVC 
01-25 16:12:12.448   610  1108 W ActivityManager: Canceling start item Intent { act=zjinnova.android.intent.action.ZLINK_SERVICE } in service ComponentInfo{com.zjinnova.zlink/com.zjinnova.android.zlink.features.service.DaemonService}
01-25 16:12:12.448   610  1108 W ActivityManager: Scheduling restart of crashed service com.zjinnova.zlink/com.zjinnova.android.zlink.features.service.DaemonService in 1000ms
01-25 16:12:13.461   610   654 I ActivityManager: Start proc 31731:com.zjinnova.zlink/u0a115 for service com.zjinnova.zlink/com.zjinnova.android.zlink.features.service.DaemonService
01-25 16:12:13.694   610  1108 D DisplayManagerService: Display listener for pid 31731 died.
01-25 16:12:13.694   610  1501 I ActivityManager: Process com.zjinnova.zlink (pid 31731) has died: fore SVC 
01-25 16:12:13.695   610  1501 W ActivityManager: Scheduling restart of crashed service com.zjinnova.zlink/com.zjinnova.android.zlink.features.service.DaemonService in 4000ms
01-25 16:12:14.456   610   654 I ActivityManager: Start proc 31759:com.zjinnova.zlink/u0a115 for service com.zjinnova.zlink/com.zjinnova.android.zlink.features.service.DaemonService
01-25 16:12:14.611   610  1501 D DisplayManagerService: Display listener for pid 31759 died.
01-25 16:12:14.611   610   764 I ActivityManager: Process com.zjinnova.zlink (pid 31759) has died: fore SVC 
01-25 16:12:14.611   610   764 W ActivityManager: Canceling start item Intent { act=zjinnova.android.intent.action.ZLINK_SERVICE } in service ComponentInfo{com.zjinnova.zlink/com.zjinnova.android.zlink.features.service.DaemonService}
01-25 16:12:14.611   610   764 W ActivityManager: Scheduling restart of crashed service com.zjinnova.zlink/com.zjinnova.android.zlink.features.service.DaemonService in 1000ms
01-25 16:12:15.626   610   654 I ActivityManager: Start proc 31780:com.zjinnova.zlink/u0a115 for service com.zjinnova.zlink/com.zjinnova.android.zlink.features.service.DaemonService
01-25 16:12:15.777   610   764 D DisplayManagerService: Display listener for pid 31780 died.
01-25 16:12:15.778   610   764 I ActivityManager: Process com.zjinnova.zlink (pid 31780) has died: fore SVC 
01-25 16:12:15.778   610   764 W ActivityManager: Scheduling restart of crashed service com.zjinnova.zlink/com.zjinnova.android.zlink.features.service.DaemonService in 4000ms
01-25 16:12:16.734   610   654 I ActivityManager: Start proc 31810:com.zjinnova.zlink/u0a115 for service com.zjinnova.zlink/com.zjinnova.android.zlink.features.service.DaemonService
01-25 16:12:16.877   610  1992 D DisplayManagerService: Display listener for pid 31810 died.
01-25 16:12:16.878   610   764 I ActivityManager: Process com.zjinnova.zlink (pid 31810) has died: fore SVC 
01-25 16:12:16.878   610   764 W ActivityManager: Canceling start item Intent { act=zjinnova.android.intent.action.ZLINK_SERVICE } in service ComponentInfo{com.zjinnova.zlink/com.zjinnova.android.zlink.features.service.DaemonService}
01-25 16:12:16.878   610   764 W ActivityManager: Scheduling restart of crashed service com.zjinnova.zlink/com.zjinnova.android.zlink.features.service.DaemonService in 1000ms
01-25 16:12:17.172   610   652 W BroadcastQueue: Background execution not allowed: receiving Intent { act=android.bluetooth.adapter.action.CONNECTION_STATE_CHANGED flg=0x4000010 (has extras) } to com.google.android.gms/.chimera.GmsIntentOperationService$PersistentTrustedReceiver
01-25 16:12:17.890   610   654 I ActivityManager: Start proc 31828:com.zjinnova.zlink/u0a115 for service com.zjinnova.zlink/com.zjinnova.android.zlink.features.service.DaemonService
01-25 16:12:18.011   610   764 D DisplayManagerService: Display listener for pid 31828 died.
01-25 16:12:18.011   610  1992 I ActivityManager: Process com.zjinnova.zlink (pid 31828) has died: fore SVC 
01-25 16:12:18.011   610  1992 W ActivityManager: Scheduling restart of crashed service com.zjinnova.zlink/com.zjinnova.android.zlink.features.service.DaemonService in 4000ms
01-25 16:12:18.931   610   654 I ActivityManager: Start proc 31859:com.zjinnova.zlink/u0a115 for service com.zjinnova.zlink/com.zjinnova.android.zlink.features.service.DaemonService
01-25 16:12:19.077   610   764 D DisplayManagerService: Display listener for pid 31859 died.
01-25 16:12:19.078   610  1992 I ActivityManager: Process com.zjinnova.zlink (pid 31859) has died: fore SVC 
01-25 16:12:19.078   610  1992 W ActivityManager: Canceling start item Intent { act=zjinnova.android.intent.action.ZLINK_SERVICE } in service ComponentInfo{com.zjinnova.zlink/com.zjinnova.android.zlink.features.service.DaemonService}
01-25 16:12:19.078   610  1992 W ActivityManager: Scheduling restart of crashed service com.zjinnova.zlink/com.zjinnova.android.zlink.features.service.DaemonService in 1000ms
01-25 16:12:20.091   610   654 I ActivityManager: Start proc 31875:com.zjinnova.zlink/u0a115 for service com.zjinnova.zlink/com.zjinnova.android.zlink.features.service.DaemonService
01-25 16:12:20.204   610  1501 D DisplayManagerService: Display listener for pid 31875 died.
01-25 16:12:20.205   610  1992 I ActivityManager: Process com.zjinnova.zlink (pid 31875) has died: fore SVC 
01-25 16:12:20.205   610  1992 W ActivityManager: Scheduling restart of crashed service com.zjinnova.zlink/com.zjinnova.android.zlink.features.service.DaemonService in 4000ms
01-25 16:12:21.088   610   654 I ActivityManager: Start proc 31903:com.zjinnova.zlink/u0a115 for service com.zjinnova.zlink/com.zjinnova.android.zlink.features.service.DaemonService
01-25 16:12:21.244   610  1992 D DisplayManagerService: Display listener for pid 31903 died.
01-25 16:12:21.245   610   764 I ActivityManager: Process com.zjinnova.zlink (pid 31903) has died: fore SVC 
01-25 16:12:21.245   610   764 W ActivityManager: Canceling start item Intent { act=zjinnova.android.intent.action.ZLINK_SERVICE } in service ComponentInfo{com.zjinnova.zlink/com.zjinnova.android.zlink.features.service.DaemonService}
01-25 16:12:21.245   610   764 W ActivityManager: Scheduling restart of crashed service com.zjinnova.zlink/com.zjinnova.android.zlink.features.service.DaemonService in 1000ms
01-25 16:12:22.257   610   654 I ActivityManager: Start proc 31923:com.zjinnova.zlink/u0a115 for service com.zjinnova.zlink/com.zjinnova.android.zlink.features.service.DaemonService
01-25 16:12:22.394   610   764 D DisplayManagerService: Display listener for pid 31923 died.
01-25 16:12:22.395   610  1501 I ActivityManager: Process com.zjinnova.zlink (pid 31923) has died: fore SVC 
01-25 16:12:22.395   610  1501 W ActivityManager: Scheduling restart of crashed service com.zjinnova.zlink/com.zjinnova.android.zlink.features.service.DaemonService in 4000ms
01-25 16:12:23.244   610   654 I ActivityManager: Start proc 31951:com.zjinnova.zlink/u0a115 for service com.zjinnova.zlink/com.zjinnova.android.zlink.features.service.DaemonService
01-25 16:12:23.427   610  1992 D DisplayManagerService: Display listener for pid 31951 died.
01-25 16:12:23.428   610  1501 I ActivityManager: Process com.zjinnova.zlink (pid 31951) has died: fore SVC 
01-25 16:12:23.428   610  1501 W ActivityManager: Canceling start item Intent { act=zjinnova.android.intent.action.ZLINK_SERVICE } in service ComponentInfo{com.zjinnova.zlink/com.zjinnova.android.zlink.features.service.DaemonService}
01-25 16:12:23.428   610  1501 W ActivityManager: Scheduling restart of crashed service com.zjinnova.zlink/com.zjinnova.android.zlink.features.service.DaemonService in 1000ms
01-25 16:12:24.439   610   654 I ActivityManager: Start proc 31967:com.zjinnova.zlink/u0a115 for service com.zjinnova.zlink/com.zjinnova.android.zlink.features.service.DaemonService
01-25 16:12:24.568   610  1561 D DisplayManagerService: Display listener for pid 31967 died.
01-25 16:12:24.569   610  1501 I ActivityManager: Process com.zjinnova.zlink (pid 31967) has died: fore SVC 
01-25 16:12:24.569   610  1501 W ActivityManager: Scheduling restart of crashed service com.zjinnova.zlink/com.zjinnova.android.zlink.features.service.DaemonService in 4000ms
01-25 16:12:24.852  1158  1158 E BluetoothTetheringNetworkFactory: attempted to stop reverse tether with nothing tethered
01-25 16:12:25.382   610   654 I ActivityManager: Start proc 31999:com.zjinnova.zlink/u0a115 for service com.zjinnova.zlink/com.zjinnova.android.zlink.features.service.DaemonService
01-25 16:12:25.504   610  1992 D DisplayManagerService: Display listener for pid 31999 died.
01-25 16:12:25.504   610  1501 I ActivityManager: Process com.zjinnova.zlink (pid 31999) has died: fore SVC 
01-25 16:12:25.504   610  1501 W ActivityManager: Canceling start item Intent { act=zjinnova.android.intent.action.ZLINK_SERVICE } in service ComponentInfo{com.zjinnova.zlink/com.zjinnova.android.zlink.features.service.DaemonService}
01-25 16:12:25.505   610  1501 W ActivityManager: Scheduling restart of crashed service com.zjinnova.zlink/com.zjinnova.android.zlink.features.service.DaemonService in 1000ms
01-25 16:12:26.523   610   654 I ActivityManager: Start proc 32014:com.zjinnova.zlink/u0a115 for service com.zjinnova.zlink/com.zjinnova.android.zlink.features.service.DaemonService
01-25 16:12:26.761   610  1108 D DisplayManagerService: Display listener for pid 32014 died.
01-25 16:12:26.761   610  1501 I ActivityManager: Process com.zjinnova.zlink (pid 32014) has died: fore SVC 
01-25 16:12:26.761   610  1501 W ActivityManager: Scheduling restart of crashed service com.zjinnova.zlink/com.zjinnova.android.zlink.features.service.DaemonService in 4000ms
01-25 16:12:27.217   610   652 W BroadcastQueue: Background execution not allowed: receiving Intent { act=android.bluetooth.adapter.action.CONNECTION_STATE_CHANGED flg=0x4000010 (has extras) } to com.google.android.gms/.chimera.GmsIntentOperationService$PersistentTrustedReceiver
01-25 16:12:27.558   610   654 I ActivityManager: Start proc 32044:com.zjinnova.zlink/u0a115 for service com.zjinnova.zlink/com.zjinnova.android.zlink.features.service.DaemonService
01-25 16:12:27.714   610  1501 D DisplayManagerService: Display listener for pid 32044 died.
01-25 16:12:27.714   610  1108 I ActivityManager: Process com.zjinnova.zlink (pid 32044) has died: fore SVC 
01-25 16:12:27.714   610  1108 W ActivityManager: Canceling start item Intent { act=zjinnova.android.intent.action.ZLINK_SERVICE } in service ComponentInfo{com.zjinnova.zlink/com.zjinnova.android.zlink.features.service.DaemonService}
01-25 16:12:27.715   610  1108 W ActivityManager: Scheduling restart of crashed service com.zjinnova.zlink/com.zjinnova.android.zlink.features.service.DaemonService in 1000ms
01-25 16:12:28.726   610   654 I ActivityManager: Start proc 32066:com.zjinnova.zlink/u0a115 for service com.zjinnova.zlink/com.zjinnova.android.zlink.features.service.DaemonService
01-25 16:12:28.835   610  1953 D DisplayManagerService: Display listener for pid 32066 died.
01-25 16:12:28.835   610  1501 I ActivityManager: Process com.zjinnova.zlink (pid 32066) has died: fore SVC 
01-25 16:12:28.836   610  1501 W ActivityManager: Scheduling restart of crashed service com.zjinnova.zlink/com.zjinnova.android.zlink.features.service.DaemonService in 4000ms
01-25 16:12:29.800   610   654 I ActivityManager: Start proc 32092:com.zjinnova.zlink/u0a115 for service com.zjinnova.zlink/com.zjinnova.android.zlink.features.service.DaemonService
01-25 16:12:29.944   610  1108 D DisplayManagerService: Display listener for pid 32092 died.
01-25 16:12:29.944   610  1501 I ActivityManager: Process com.zjinnova.zlink (pid 32092) has died: fore SVC 
01-25 16:12:29.945   610  1501 W ActivityManager: Canceling start item Intent { act=zjinnova.android.intent.action.ZLINK_SERVICE } in service ComponentInfo{com.zjinnova.zlink/com.zjinnova.android.zlink.features.service.DaemonService}
01-25 16:12:29.945   610  1501 W ActivityManager: Scheduling restart of crashed service com.zjinnova.zlink/com.zjinnova.android.zlink.features.service.DaemonService in 1000ms
01-25 16:12:30.956   610   654 I ActivityManager: Start proc 32113:com.zjinnova.zlink/u0a115 for service com.zjinnova.zlink/com.zjinnova.android.zlink.features.service.DaemonService
01-25 16:12:31.067   610  1501 D DisplayManagerService: Display listener for pid 32113 died.
01-25 16:12:31.068   610  1561 I ActivityManager: Process com.zjinnova.zlink (pid 32113) has died: fore SVC 
01-25 16:12:31.068   610  1561 W ActivityManager: Scheduling restart of crashed service com.zjinnova.zlink/com.zjinnova.android.zlink.features.service.DaemonService in 4000ms
01-25 16:12:31.990   610   654 I ActivityManager: Start proc 32140:com.zjinnova.zlink/u0a115 for service com.zjinnova.zlink/com.zjinnova.android.zlink.features.service.DaemonService
01-25 16:12:32.141   610  1501 D DisplayManagerService: Display listener for pid 32140 died.
01-25 16:12:32.142   610  1561 I ActivityManager: Process com.zjinnova.zlink (pid 32140) has died: fore SVC 
01-25 16:12:32.142   610  1561 W ActivityManager: Canceling start item Intent { act=zjinnova.android.intent.action.ZLINK_SERVICE } in service ComponentInfo{com.zjinnova.zlink/com.zjinnova.android.zlink.features.service.DaemonService}
01-25 16:12:32.142   610  1561 W ActivityManager: Scheduling restart of crashed service com.zjinnova.zlink/com.zjinnova.android.zlink.features.service.DaemonService in 1000ms
01-25 16:12:32.541   610   652 W BroadcastQueue: Background execution not allowed: receiving Intent { act=android.bluetooth.adapter.action.CONNECTION_STATE_CHANGED flg=0x4000010 (has extras) } to com.google.android.gms/.chimera.GmsIntentOperationService$PersistentTrustedReceiver
01-25 16:12:32.979   485   556 E storaged: getDiskStats failed with result NOT_SUPPORTED and size 0
01-25 16:12:33.153   610   654 I ActivityManager: Start proc 32157:com.zjinnova.zlink/u0a115 for service com.zjinnova.zlink/com.zjinnova.android.zlink.features.service.DaemonService
01-25 16:12:33.284   610  1953 D DisplayManagerService: Display listener for pid 32157 died.
01-25 16:12:33.285   610  1561 I ActivityManager: Process com.zjinnova.zlink (pid 32157) has died: fore SVC 
01-25 16:12:33.285   610  1561 W ActivityManager: Scheduling restart of crashed service com.zjinnova.zlink/com.zjinnova.android.zlink.features.service.DaemonService in 4000ms
01-25 16:12:34.161   610   654 I ActivityManager: Start proc 32188:com.zjinnova.zlink/u0a115 for service com.zjinnova.zlink/com.zjinnova.android.zlink.features.service.DaemonService
01-25 16:12:34.284   610  1501 D DisplayManagerService: Display listener for pid 32188 died.
01-25 16:12:34.284   610  1561 I ActivityManager: Process com.zjinnova.zlink (pid 32188) has died: fore SVC 
01-25 16:12:34.285   610  1561 W ActivityManager: Canceling start item Intent { act=zjinnova.android.intent.action.ZLINK_SERVICE } in service ComponentInfo{com.zjinnova.zlink/com.zjinnova.android.zlink.features.service.DaemonService}
01-25 16:12:34.285   610  1561 W ActivityManager: Scheduling restart of crashed service com.zjinnova.zlink/com.zjinnova.android.zlink.features.service.DaemonService in 1000ms
01-25 16:12:35.297   610   654 I ActivityManager: Start proc 32205:com.zjinnova.zlink/u0a115 for service com.zjinnova.zlink/com.zjinnova.android.zlink.features.service.DaemonService
01-25 16:12:35.417   610  1561 D DisplayManagerService: Display listener for pid 32205 died.
01-25 16:12:35.418   610   764 I ActivityManager: Process com.zjinnova.zlink (pid 32205) has died: fore SVC 
01-25 16:12:35.418   610   764 W ActivityManager: Scheduling restart of crashed service com.zjinnova.zlink/com.zjinnova.android.zlink.features.service.DaemonService in 4000ms
01-25 16:12:36.301   610   654 I ActivityManager: Start proc 32232:com.zjinnova.zlink/u0a115 for service com.zjinnova.zlink/com.zjinnova.android.zlink.features.service.DaemonService
01-25 16:12:36.495   610   764 D DisplayManagerService: Display listener for pid 32232 died.
01-25 16:12:36.495   610  1992 I ActivityManager: Process com.zjinnova.zlink (pid 32232) has died: fore SVC 
01-25 16:12:36.496   610  1992 W ActivityManager: Canceling start item Intent { act=zjinnova.android.intent.action.ZLINK_SERVICE } in service ComponentInfo{com.zjinnova.zlink/com.zjinnova.android.zlink.features.service.DaemonService}
01-25 16:12:36.496   610  1992 W ActivityManager: Scheduling restart of crashed service com.zjinnova.zlink/com.zjinnova.android.zlink.features.service.DaemonService in 1000ms
01-25 16:12:37.509   610   654 I ActivityManager: Start proc 32256:com.zjinnova.zlink/u0a115 for service com.zjinnova.zlink/com.zjinnova.android.zlink.features.service.DaemonService
01-25 16:12:37.651   610  1992 D DisplayManagerService: Display listener for pid 32256 died.
01-25 16:12:37.651   610  1953 I ActivityManager: Process com.zjinnova.zlink (pid 32256) has died: fore SVC 
01-25 16:12:37.651   610  1953 W ActivityManager: Scheduling restart of crashed service com.zjinnova.zlink/com.zjinnova.android.zlink.features.service.DaemonService in 4000ms
01-25 16:12:38.444   610   654 I ActivityManager: Start proc 32283:com.zjinnova.zlink/u0a115 for service com.zjinnova.zlink/com.zjinnova.android.zlink.features.service.DaemonService
01-25 16:12:38.571   610  1992 D DisplayManagerService: Display listener for pid 32283 died.
01-25 16:12:38.572   610  1953 I ActivityManager: Process com.zjinnova.zlink (pid 32283) has died: fore SVC 
01-25 16:12:38.572   610  1953 W ActivityManager: Canceling start item Intent { act=zjinnova.android.intent.action.ZLINK_SERVICE } in service ComponentInfo{com.zjinnova.zlink/com.zjinnova.android.zlink.features.service.DaemonService}
01-25 16:12:38.572   610  1953 W ActivityManager: Scheduling restart of crashed service com.zjinnova.zlink/com.zjinnova.android.zlink.features.service.DaemonService in 1000ms
01-25 16:12:39.602   610   654 I ActivityManager: Start proc 32301:com.zjinnova.zlink/u0a115 for service com.zjinnova.zlink/com.zjinnova.android.zlink.features.service.DaemonService
01-25 16:12:39.817   610  1561 D DisplayManagerService: Display listener for pid 32301 died.
01-25 16:12:39.817   610  1953 I ActivityManager: Process com.zjinnova.zlink (pid 32301) has died: fore SVC 
01-25 16:12:39.818   610  1953 W ActivityManager: Scheduling restart of crashed service com.zjinnova.zlink/com.zjinnova.android.zlink.features.service.DaemonService in 4000ms
01-25 16:12:40.599   610   654 I ActivityManager: Start proc 32333:com.zjinnova.zlink/u0a115 for service com.zjinnova.zlink/com.zjinnova.android.zlink.features.service.DaemonService
01-25 16:12:40.714   610  1561 D DisplayManagerService: Display listener for pid 32333 died.
01-25 16:12:40.714   610  1953 I ActivityManager: Process com.zjinnova.zlink (pid 32333) has died: fore SVC 
01-25 16:12:40.714   610  1953 W ActivityManager: Canceling start item Intent { act=zjinnova.android.intent.action.ZLINK_SERVICE } in service ComponentInfo{com.zjinnova.zlink/com.zjinnova.android.zlink.features.service.DaemonService}
01-25 16:12:40.714   610  1953 W ActivityManager: Scheduling restart of crashed service com.zjinnova.zlink/com.zjinnova.android.zlink.features.service.DaemonService in 1000ms
01-25 16:12:41.727   610   654 I ActivityManager: Start proc 32356:com.zjinnova.zlink/u0a115 for service com.zjinnova.zlink/com.zjinnova.android.zlink.features.service.DaemonService
01-25 16:12:41.834   610  1953 D DisplayManagerService: Display listener for pid 32356 died.
01-25 16:12:41.834   610  1561 I ActivityManager: Process com.zjinnova.zlink (pid 32356) has died: fore SVC 
01-25 16:12:41.834   610  1561 W ActivityManager: Scheduling restart of crashed service com.zjinnova.zlink/com.zjinnova.android.zlink.features.service.DaemonService in 4000ms
01-25 16:12:42.859   610   654 I ActivityManager: Start proc 32388:com.zjinnova.zlink/u0a115 for service com.zjinnova.zlink/com.zjinnova.android.zlink.features.service.DaemonService
01-25 16:12:43.007   610  1561 D DisplayManagerService: Display listener for pid 32388 died.
01-25 16:12:43.008   610  1108 I ActivityManager: Process com.zjinnova.zlink (pid 32388) has died: fore SVC 
01-25 16:12:43.008   610  1108 W ActivityManager: Canceling start item Intent { act=zjinnova.android.intent.action.ZLINK_SERVICE } in service ComponentInfo{com.zjinnova.zlink/com.zjinnova.android.zlink.features.service.DaemonService}
01-25 16:12:43.008   610  1108 W ActivityManager: Scheduling restart of crashed service com.zjinnova.zlink/com.zjinnova.android.zlink.features.service.DaemonService in 1000ms
01-25 16:12:44.019   610   654 I ActivityManager: Start proc 32404:com.zjinnova.zlink/u0a115 for service com.zjinnova.zlink/com.zjinnova.android.zlink.features.service.DaemonService
01-25 16:12:44.171   610  1561 D DisplayManagerService: Display listener for pid 32404 died.
01-25 16:12:44.171   610  1108 I ActivityManager: Process com.zjinnova.zlink (pid 32404) has died: fore SVC 
01-25 16:12:44.171   610  1108 W ActivityManager: Scheduling restart of crashed service com.zjinnova.zlink/com.zjinnova.android.zlink.features.service.DaemonService in 4000ms
01-25 16:12:45.052   610   654 I ActivityManager: Start proc 32432:com.zjinnova.zlink/u0a115 for service com.zjinnova.zlink/com.zjinnova.android.zlink.features.service.DaemonService
01-25 16:12:45.161   610  1561 D DisplayManagerService: Display listener for pid 32432 died.
01-25 16:12:45.161   610  1108 I ActivityManager: Process com.zjinnova.zlink (pid 32432) has died: fore SVC 
01-25 16:12:45.161   610  1108 W ActivityManager: Canceling start item Intent { act=zjinnova.android.intent.action.ZLINK_SERVICE } in service ComponentInfo{com.zjinnova.zlink/com.zjinnova.android.zlink.features.service.DaemonService}
01-25 16:12:45.161   610  1108 W ActivityManager: Scheduling restart of crashed service com.zjinnova.zlink/com.zjinnova.android.zlink.features.service.DaemonService in 1000ms
01-25 16:12:46.174   610   654 I ActivityManager: Start proc 32452:com.zjinnova.zlink/u0a115 for service com.zjinnova.zlink/com.zjinnova.android.zlink.features.service.DaemonService
01-25 16:12:46.324   610  1108 D DisplayManagerService: Display listener for pid 32452 died.
01-25 16:12:46.324   610   764 I ActivityManager: Process com.zjinnova.zlink (pid 32452) has died: fore SVC 
01-25 16:12:46.325   610   764 W ActivityManager: Scheduling restart of crashed service com.zjinnova.zlink/com.zjinnova.android.zlink.features.service.DaemonService in 4000ms
01-25 16:12:47.195   610   652 W BroadcastQueue: Background execution not allowed: receiving Intent { act=android.bluetooth.adapter.action.CONNECTION_STATE_CHANGED flg=0x4000010 (has extras) } to com.google.android.gms/.chimera.GmsIntentOperationService$PersistentTrustedReceiver
01-25 16:12:47.290   610   654 I ActivityManager: Start proc 32482:com.zjinnova.zlink/u0a115 for service com.zjinnova.zlink/com.zjinnova.android.zlink.features.service.DaemonService
01-25 16:12:47.431   610  1108 D DisplayManagerService: Display listener for pid 32482 died.
01-25 16:12:47.431   610   764 I ActivityManager: Process com.zjinnova.zlink (pid 32482) has died: fore SVC 
01-25 16:12:47.431   610   764 W ActivityManager: Canceling start item Intent { act=zjinnova.android.intent.action.ZLINK_SERVICE } in service ComponentInfo{com.zjinnova.zlink/com.zjinnova.android.zlink.features.service.DaemonService}
01-25 16:12:47.431   610   764 W ActivityManager: Scheduling restart of crashed service com.zjinnova.zlink/com.zjinnova.android.zlink.features.service.DaemonService in 1000ms
01-25 16:12:48.444   610   654 I ActivityManager: Start proc 32498:com.zjinnova.zlink/u0a115 for service com.zjinnova.zlink/com.zjinnova.android.zlink.features.service.DaemonService
01-25 16:12:48.564   610  1501 D DisplayManagerService: Display listener for pid 32498 died.
01-25 16:12:48.564   610  1108 I ActivityManager: Process com.zjinnova.zlink (pid 32498) has died: fore SVC 
01-25 16:12:48.564   610  1108 W ActivityManager: Scheduling restart of crashed service com.zjinnova.zlink/com.zjinnova.android.zlink.features.service.DaemonService in 4000ms
01-25 16:12:49.330   610   654 I ActivityManager: Start proc 32530:com.zjinnova.zlink/u0a115 for service com.zjinnova.zlink/com.zjinnova.android.zlink.features.service.DaemonService
01-25 16:12:49.444   610  1108 D DisplayManagerService: Display listener for pid 32530 died.
01-25 16:12:49.444   610  1501 I ActivityManager: Process com.zjinnova.zlink (pid 32530) has died: fore SVC 
01-25 16:12:49.444   610  1501 W ActivityManager: Canceling start item Intent { act=zjinnova.android.intent.action.ZLINK_SERVICE } in service ComponentInfo{com.zjinnova.zlink/com.zjinnova.android.zlink.features.service.DaemonService}
01-25 16:12:49.445   610  1501 W ActivityManager: Scheduling restart of crashed service com.zjinnova.zlink/com.zjinnova.android.zlink.features.service.DaemonService in 1000ms
01-25 16:12:50.462   610   654 I ActivityManager: Start proc 32546:com.zjinnova.zlink/u0a115 for service com.zjinnova.zlink/com.zjinnova.android.zlink.features.service.DaemonService
01-25 16:12:50.671   610  1501 D DisplayManagerService: Display listener for pid 32546 died.
01-25 16:12:50.671   610  1108 I ActivityManager: Process com.zjinnova.zlink (pid 32546) has died: fore SVC 
01-25 16:12:50.672   610  1108 W ActivityManager: Scheduling restart of crashed service com.zjinnova.zlink/com.zjinnova.android.zlink.features.service.DaemonService in 4000ms
01-25 16:12:51.540   610   654 I ActivityManager: Start proc 32574:com.zjinnova.zlink/u0a115 for service com.zjinnova.zlink/com.zjinnova.android.zlink.features.service.DaemonService
01-25 16:12:51.697   610  1108 D DisplayManagerService: Display listener for pid 32574 died.
01-25 16:12:51.698   610  1992 I ActivityManager: Process com.zjinnova.zlink (pid 32574) has died: fore SVC 
01-25 16:12:51.698   610  1992 W ActivityManager: Canceling start item Intent { act=zjinnova.android.intent.action.ZLINK_SERVICE } in service ComponentInfo{com.zjinnova.zlink/com.zjinnova.android.zlink.features.service.DaemonService}
01-25 16:12:51.698   610  1992 W ActivityManager: Scheduling restart of crashed service com.zjinnova.zlink/com.zjinnova.android.zlink.features.service.DaemonService in 1000ms
01-25 16:12:52.715   610   654 I ActivityManager: Start proc 32596:com.zjinnova.zlink/u0a115 for service com.zjinnova.zlink/com.zjinnova.android.zlink.features.service.DaemonService
01-25 16:12:52.844   610  1561 D DisplayManagerService: Display listener for pid 32596 died.
01-25 16:12:52.844   610  1992 I ActivityManager: Process com.zjinnova.zlink (pid 32596) has died: fore SVC 
01-25 16:12:52.844   610  1992 W ActivityManager: Scheduling restart of crashed service com.zjinnova.zlink/com.zjinnova.android.zlink.features.service.DaemonService in 4000ms
01-25 16:12:53.763   610   654 I ActivityManager: Start proc 32623:com.zjinnova.zlink/u0a115 for service com.zjinnova.zlink/com.zjinnova.android.zlink.features.service.DaemonService
01-25 16:12:53.871   610  1992 D DisplayManagerService: Display listener for pid 32623 died.
01-25 16:12:53.871   610  1953 I ActivityManager: Process com.zjinnova.zlink (pid 32623) has died: fore SVC 
01-25 16:12:53.871   610  1953 W ActivityManager: Canceling start item Intent { act=zjinnova.android.intent.action.ZLINK_SERVICE } in service ComponentInfo{com.zjinnova.zlink/com.zjinnova.android.zlink.features.service.DaemonService}
01-25 16:12:53.871   610  1953 W ActivityManager: Scheduling restart of crashed service com.zjinnova.zlink/com.zjinnova.android.zlink.features.service.DaemonService in 1000ms
01-25 16:12:54.871  1158  1158 E BluetoothTetheringNetworkFactory: attempted to stop reverse tether with nothing tethered
01-25 16:12:54.891   610   654 I ActivityManager: Start proc 32640:com.zjinnova.zlink/u0a115 for service com.zjinnova.zlink/com.zjinnova.android.zlink.features.service.DaemonService
01-25 16:12:55.037   610   764 D DisplayManagerService: Display listener for pid 32640 died.
01-25 16:12:55.038   610  1561 I ActivityManager: Process com.zjinnova.zlink (pid 32640) has died: fore SVC 
01-25 16:12:55.038   610  1561 W ActivityManager: Scheduling restart of crashed service com.zjinnova.zlink/com.zjinnova.android.zlink.features.service.DaemonService in 4000ms
01-25 16:12:55.941   610   654 I ActivityManager: Start proc 32671:com.zjinnova.zlink/u0a115 for service com.zjinnova.zlink/com.zjinnova.android.zlink.features.service.DaemonService
01-25 16:12:56.097   610  1561 D DisplayManagerService: Display listener for pid 32671 died.
01-25 16:12:56.098   610  1992 I ActivityManager: Process com.zjinnova.zlink (pid 32671) has died: fore SVC 
01-25 16:12:56.098   610  1992 W ActivityManager: Canceling start item Intent { act=zjinnova.android.intent.action.ZLINK_SERVICE } in service ComponentInfo{com.zjinnova.zlink/com.zjinnova.android.zlink.features.service.DaemonService}
01-25 16:12:56.098   610  1992 W ActivityManager: Scheduling restart of crashed service com.zjinnova.zlink/com.zjinnova.android.zlink.features.service.DaemonService in 1000ms
01-25 16:12:57.110   610   654 I ActivityManager: Start proc 32688:com.zjinnova.zlink/u0a115 for service com.zjinnova.zlink/com.zjinnova.android.zlink.features.service.DaemonService
01-25 16:12:57.258   610  1501 D DisplayManagerService: Display listener for pid 32688 died.
01-25 16:12:57.258   610  1992 I ActivityManager: Process com.zjinnova.zlink (pid 32688) has died: fore SVC 
01-25 16:12:57.258   610  1992 W ActivityManager: Scheduling restart of crashed service com.zjinnova.zlink/com.zjinnova.android.zlink.features.service.DaemonService in 4000ms
01-25 16:12:57.285   610   652 W BroadcastQueue: Background execution not allowed: receiving Intent { act=android.bluetooth.adapter.action.CONNECTION_STATE_CHANGED flg=0x4000010 (has extras) } to com.google.android.gms/.chimera.GmsIntentOperationService$PersistentTrustedReceiver
01-25 16:12:58.099   610   654 I ActivityManager: Start proc 32715:com.zjinnova.zlink/u0a115 for service com.zjinnova.zlink/com.zjinnova.android.zlink.features.service.DaemonService
01-25 16:12:58.234   610  1561 D DisplayManagerService: Display listener for pid 32715 died.
01-25 16:12:58.234   610  1992 I ActivityManager: Process com.zjinnova.zlink (pid 32715) has died: fore SVC 
01-25 16:12:58.234   610  1992 W ActivityManager: Canceling start item Intent { act=zjinnova.android.intent.action.ZLINK_SERVICE } in service ComponentInfo{com.zjinnova.zlink/com.zjinnova.android.zlink.features.service.DaemonService}
01-25 16:12:58.234   610  1992 W ActivityManager: Scheduling restart of crashed service com.zjinnova.zlink/com.zjinnova.android.zlink.features.service.DaemonService in 1000ms
01-25 16:12:59.247   610   654 I ActivityManager: Start proc 32736:com.zjinnova.zlink/u0a115 for service com.zjinnova.zlink/com.zjinnova.android.zlink.features.service.DaemonService
01-25 16:12:59.387   610   764 D DisplayManagerService: Display listener for pid 32736 died.
01-25 16:12:59.388   610  1992 I ActivityManager: Process com.zjinnova.zlink (pid 32736) has died: fore SVC 
01-25 16:12:59.388   610  1992 W ActivityManager: Scheduling restart of crashed service com.zjinnova.zlink/com.zjinnova.android.zlink.features.service.DaemonService in 4000ms
01-25 16:13:00.247   610   654 I ActivityManager: Start proc 32764:com.zjinnova.zlink/u0a115 for service com.zjinnova.zlink/com.zjinnova.android.zlink.features.service.DaemonService
01-25 16:13:00.411   610  1561 D DisplayManagerService: Display listener for pid 32764 died.
01-25 16:13:00.411   610  1992 I ActivityManager: Process com.zjinnova.zlink (pid 32764) has died: fore SVC 
