01-25 16:13:00.412   610  1992 W ActivityManager: Canceling start item Intent { act=zjinnova.android.intent.action.ZLINK_SERVICE } in service ComponentInfo{com.zjinnova.zlink/com.zjinnova.android.zlink.features.service.DaemonService}
01-25 16:13:00.412   610  1992 W ActivityManager: Scheduling restart of crashed service com.zjinnova.zlink/com.zjinnova.android.zlink.features.service.DaemonService in 1000ms
01-25 16:13:01.427   610   654 I ActivityManager: Start proc 316:com.zjinnova.zlink/u0a115 for service com.zjinnova.zlink/com.zjinnova.android.zlink.features.service.DaemonService
01-25 16:13:01.672   610  1953 D DisplayManagerService: Display listener for pid 316 died.
01-25 16:13:01.672   610  1501 I ActivityManager: Process com.zjinnova.zlink (pid 316) has died: fore SVC 
01-25 16:13:01.672   610  1501 W ActivityManager: Scheduling restart of crashed service com.zjinnova.zlink/com.zjinnova.android.zlink.features.service.DaemonService in 4000ms
01-25 16:13:02.415   610   654 I ActivityManager: Start proc 410:com.zjinnova.zlink/u0a115 for service com.zjinnova.zlink/com.zjinnova.android.zlink.features.service.DaemonService
01-25 16:13:02.559   610   652 W BroadcastQueue: Background execution not allowed: receiving Intent { act=android.bluetooth.adapter.action.CONNECTION_STATE_CHANGED flg=0x4000010 (has extras) } to com.google.android.gms/.chimera.GmsIntentOperationService$PersistentTrustedReceiver
01-25 16:13:02.561   610  1561 D DisplayManagerService: Display listener for pid 410 died.
01-25 16:13:02.561   610  1992 I ActivityManager: Process com.zjinnova.zlink (pid 410) has died: fore SVC 
01-25 16:13:02.561   610  1992 W ActivityManager: Canceling start item Intent { act=zjinnova.android.intent.action.ZLINK_SERVICE } in service ComponentInfo{com.zjinnova.zlink/com.zjinnova.android.zlink.features.service.DaemonService}
01-25 16:13:02.561   610  1992 W ActivityManager: Scheduling restart of crashed service com.zjinnova.zlink/com.zjinnova.android.zlink.features.service.DaemonService in 1000ms
01-25 16:13:03.573   610   654 I ActivityManager: Start proc 502:com.zjinnova.zlink/u0a115 for service com.zjinnova.zlink/com.zjinnova.android.zlink.features.service.DaemonService
01-25 16:13:03.737   610  1501 D DisplayManagerService: Display listener for pid 502 died.
01-25 16:13:03.738   610  1501 I ActivityManager: Process com.zjinnova.zlink (pid 502) has died: fore SVC 
01-25 16:13:03.738   610  1501 W ActivityManager: Scheduling restart of crashed service com.zjinnova.zlink/com.zjinnova.android.zlink.features.service.DaemonService in 4000ms
01-25 16:13:04.634   610   654 I ActivityManager: Start proc 586:com.zjinnova.zlink/u0a115 for service com.zjinnova.zlink/com.zjinnova.android.zlink.features.service.DaemonService
01-25 16:13:04.791   610  1501 D DisplayManagerService: Display listener for pid 586 died.
01-25 16:13:04.791   610  1108 I ActivityManager: Process com.zjinnova.zlink (pid 586) has died: fore SVC 
01-25 16:13:04.791   610  1108 W ActivityManager: Canceling start item Intent { act=zjinnova.android.intent.action.ZLINK_SERVICE } in service ComponentInfo{com.zjinnova.zlink/com.zjinnova.android.zlink.features.service.DaemonService}
01-25 16:13:04.791   610  1108 W ActivityManager: Scheduling restart of crashed service com.zjinnova.zlink/com.zjinnova.android.zlink.features.service.DaemonService in 1000ms
01-25 16:13:05.804   610   654 I ActivityManager: Start proc 612:com.zjinnova.zlink/u0a115 for service com.zjinnova.zlink/com.zjinnova.android.zlink.features.service.DaemonService
01-25 16:13:05.914   610  1501 D DisplayManagerService: Display listener for pid 612 died.
01-25 16:13:05.914   610  1108 I ActivityManager: Process com.zjinnova.zlink (pid 612) has died: fore SVC 
01-25 16:13:05.914   610  1108 W ActivityManager: Scheduling restart of crashed service com.zjinnova.zlink/com.zjinnova.android.zlink.features.service.DaemonService in 4000ms
01-25 16:13:06.790   610   654 I ActivityManager: Start proc 648:com.zjinnova.zlink/u0a115 for service com.zjinnova.zlink/com.zjinnova.android.zlink.features.service.DaemonService
01-25 16:13:06.954   610  1108 D DisplayManagerService: Display listener for pid 648 died.
01-25 16:13:06.954   610  1501 I ActivityManager: Process com.zjinnova.zlink (pid 648) has died: fore SVC 
01-25 16:13:06.954   610  1501 W ActivityManager: Canceling start item Intent { act=zjinnova.android.intent.action.ZLINK_SERVICE } in service ComponentInfo{com.zjinnova.zlink/com.zjinnova.android.zlink.features.service.DaemonService}
01-25 16:13:06.954   610  1501 W ActivityManager: Scheduling restart of crashed service com.zjinnova.zlink/com.zjinnova.android.zlink.features.service.DaemonService in 1000ms
01-25 16:13:07.966   610   654 I ActivityManager: Start proc 690:com.zjinnova.zlink/u0a115 for service com.zjinnova.zlink/com.zjinnova.android.zlink.features.service.DaemonService
01-25 16:13:08.114   610  1993 D DisplayManagerService: Display listener for pid 690 died.
01-25 16:13:08.115   610  1993 I ActivityManager: Process com.zjinnova.zlink (pid 690) has died: fore SVC 
01-25 16:13:08.115   610  1993 W ActivityManager: Scheduling restart of crashed service com.zjinnova.zlink/com.zjinnova.android.zlink.features.service.DaemonService in 4000ms
01-25 16:13:08.934   610   654 I ActivityManager: Start proc 796:com.zjinnova.zlink/u0a115 for service com.zjinnova.zlink/com.zjinnova.android.zlink.features.service.DaemonService
01-25 16:13:09.071   610  1993 D DisplayManagerService: Display listener for pid 796 died.
01-25 16:13:09.071   610  1992 I ActivityManager: Process com.zjinnova.zlink (pid 796) has died: fore SVC 
01-25 16:13:09.072   610  1992 W ActivityManager: Canceling start item Intent { act=zjinnova.android.intent.action.ZLINK_SERVICE } in service ComponentInfo{com.zjinnova.zlink/com.zjinnova.android.zlink.features.service.DaemonService}
01-25 16:13:09.072   610  1992 W ActivityManager: Scheduling restart of crashed service com.zjinnova.zlink/com.zjinnova.android.zlink.features.service.DaemonService in 1000ms
01-25 16:13:10.086   610   654 I ActivityManager: Start proc 836:com.zjinnova.zlink/u0a115 for service com.zjinnova.zlink/com.zjinnova.android.zlink.features.service.DaemonService
01-25 16:13:10.251   610  1992 D DisplayManagerService: Display listener for pid 836 died.
01-25 16:13:10.251   610  1992 I ActivityManager: Process com.zjinnova.zlink (pid 836) has died: fore SVC 
01-25 16:13:10.251   610  1992 W ActivityManager: Scheduling restart of crashed service com.zjinnova.zlink/com.zjinnova.android.zlink.features.service.DaemonService in 4000ms
01-25 16:13:11.118   610   654 I ActivityManager: Start proc 884:com.zjinnova.zlink/u0a115 for service com.zjinnova.zlink/com.zjinnova.android.zlink.features.service.DaemonService
01-25 16:13:11.231   610  1501 D DisplayManagerService: Display listener for pid 884 died.
01-25 16:13:11.231   610  1992 I ActivityManager: Process com.zjinnova.zlink (pid 884) has died: fore SVC 
01-25 16:13:11.231   610  1992 W ActivityManager: Canceling start item Intent { act=zjinnova.android.intent.action.ZLINK_SERVICE } in service ComponentInfo{com.zjinnova.zlink/com.zjinnova.android.zlink.features.service.DaemonService}
01-25 16:13:11.231   610  1992 W ActivityManager: Scheduling restart of crashed service com.zjinnova.zlink/com.zjinnova.android.zlink.features.service.DaemonService in 1000ms
01-25 16:13:12.244   610   654 I ActivityManager: Start proc 904:com.zjinnova.zlink/u0a115 for service com.zjinnova.zlink/com.zjinnova.android.zlink.features.service.DaemonService
01-25 16:13:12.371   610  1992 D DisplayManagerService: Display listener for pid 904 died.
01-25 16:13:12.371   610  1108 I ActivityManager: Process com.zjinnova.zlink (pid 904) has died: fore SVC 
01-25 16:13:12.371   610  1108 W ActivityManager: Scheduling restart of crashed service com.zjinnova.zlink/com.zjinnova.android.zlink.features.service.DaemonService in 4000ms
01-25 16:13:13.327   610   654 I ActivityManager: Start proc 935:com.zjinnova.zlink/u0a115 for service com.zjinnova.zlink/com.zjinnova.android.zlink.features.service.DaemonService
01-25 16:13:13.467   610  1501 D DisplayManagerService: Display listener for pid 935 died.
01-25 16:13:13.468   610  1501 I ActivityManager: Process com.zjinnova.zlink (pid 935) has died: fore SVC 
01-25 16:13:13.468   610  1501 W ActivityManager: Canceling start item Intent { act=zjinnova.android.intent.action.ZLINK_SERVICE } in service ComponentInfo{com.zjinnova.zlink/com.zjinnova.android.zlink.features.service.DaemonService}
01-25 16:13:13.468   610  1501 W ActivityManager: Scheduling restart of crashed service com.zjinnova.zlink/com.zjinnova.android.zlink.features.service.DaemonService in 1000ms
01-25 16:13:14.485   610   654 I ActivityManager: Start proc 956:com.zjinnova.zlink/u0a115 for service com.zjinnova.zlink/com.zjinnova.android.zlink.features.service.DaemonService
01-25 16:13:14.618   610  1992 D DisplayManagerService: Display listener for pid 956 died.
01-25 16:13:14.618   610  1992 I ActivityManager: Process com.zjinnova.zlink (pid 956) has died: fore SVC 
01-25 16:13:14.618   610  1992 W ActivityManager: Scheduling restart of crashed service com.zjinnova.zlink/com.zjinnova.android.zlink.features.service.DaemonService in 4000ms
01-25 16:13:15.498   610   654 I ActivityManager: Start proc 990:com.zjinnova.zlink/u0a115 for service com.zjinnova.zlink/com.zjinnova.android.zlink.features.service.DaemonService
01-25 16:13:15.641   610  1108 D DisplayManagerService: Display listener for pid 990 died.
01-25 16:13:15.642   610  1108 I ActivityManager: Process com.zjinnova.zlink (pid 990) has died: fore SVC 
01-25 16:13:15.642   610  1108 W ActivityManager: Canceling start item Intent { act=zjinnova.android.intent.action.ZLINK_SERVICE } in service ComponentInfo{com.zjinnova.zlink/com.zjinnova.android.zlink.features.service.DaemonService}
01-25 16:13:15.642   610  1108 W ActivityManager: Scheduling restart of crashed service com.zjinnova.zlink/com.zjinnova.android.zlink.features.service.DaemonService in 1000ms
01-25 16:13:16.663   610   654 I ActivityManager: Start proc 1029:com.zjinnova.zlink/u0a115 for service com.zjinnova.zlink/com.zjinnova.android.zlink.features.service.DaemonService
01-25 16:13:16.817   610  1108 D DisplayManagerService: Display listener for pid 1029 died.
01-25 16:13:16.818   610  1108 I ActivityManager: Process com.zjinnova.zlink (pid 1029) has died: fore SVC 
01-25 16:13:16.818   610  1108 W ActivityManager: Scheduling restart of crashed service com.zjinnova.zlink/com.zjinnova.android.zlink.features.service.DaemonService in 4000ms
01-25 16:13:17.219   610   652 W BroadcastQueue: Background execution not allowed: receiving Intent { act=android.bluetooth.adapter.action.CONNECTION_STATE_CHANGED flg=0x4000010 (has extras) } to com.google.android.gms/.chimera.GmsIntentOperationService$PersistentTrustedReceiver
01-25 16:13:17.315   610   764 I ActivityManager: Force stopping com.example.openradiofm appid=10125 user=0: from pid 1057
01-25 16:13:17.772   610   654 I ActivityManager: Start proc 1076:com.zjinnova.zlink/u0a115 for service com.zjinnova.zlink/com.zjinnova.android.zlink.features.service.DaemonService
01-25 16:13:17.924   610   764 D DisplayManagerService: Display listener for pid 1076 died.
01-25 16:13:17.924   610  1993 I ActivityManager: Process com.zjinnova.zlink (pid 1076) has died: fore SVC 
01-25 16:13:17.924   610  1993 W ActivityManager: Canceling start item Intent { act=zjinnova.android.intent.action.ZLINK_SERVICE } in service ComponentInfo{com.zjinnova.zlink/com.zjinnova.android.zlink.features.service.DaemonService}
01-25 16:13:17.924   610  1993 W ActivityManager: Scheduling restart of crashed service com.zjinnova.zlink/com.zjinnova.android.zlink.features.service.DaemonService in 1000ms
01-25 16:13:18.137   610   764 I ActivityManager: Force stopping com.example.openradiofm appid=10125 user=0: from pid 1096
01-25 16:13:18.213   610   764 I ActivityManager: START u0 {act=android.intent.action.MAIN cat=[android.intent.category.LAUNCHER] flg=0x10000000 cmp=com.example.openradiofm/.MainActivity} from uid 2000
01-25 16:13:18.276   610   703 V WindowManager: Changing focus from Window{52c09e1 u0 altergames.carlauncher/altergames.carlauncher.MainActivity} to null Callers=com.android.server.wm.WindowManagerService.relayoutWindow:2205 com.android.server.wm.Session.relayout:244 android.view.ViewRootImpl.relayoutWindow:6733 android.view.ViewRootImpl.performTraversals:2073 
01-25 16:13:18.277   610   703 D WindowManager: Input focus has changed to null
01-25 16:13:18.278   610   661 I WindowManager: Focus moving from Window{52c09e1 u0 altergames.carlauncher/altergames.carlauncher.MainActivity} to null
01-25 16:13:18.286   610   654 I ActivityManager: Start proc 1107:com.example.openradiofm/u0a125 for activity com.example.openradiofm/.MainActivity
01-25 16:13:18.361 29248  1119 E SchedPolicy: set_timerslack_ns write failed: Operation not permitted
01-25 16:13:18.393   610  1108 V WindowManager: rotationForOrientationLw(orientation=0, lastRotation=0); mUserRotation=0 USER_ROTATION_LOCKED
01-25 16:13:18.399   610  1108 V WindowManager: Set focused app to: AppWindowToken{da40a84 token=Token{53af897 ActivityRecord{60d5716 u0 com.example.openradiofm/.MainActivity t6106}}} old focus=AppWindowToken{48d4efc token=Token{bd523ef ActivityRecord{94238ce u0 altergames.carlauncher/.MainActivity t2}}} moveFocusNow=true
01-25 16:13:18.423 29248  1119 E SchedPolicy: set_timerslack_ns write failed: Operation not permitted
01-25 16:13:18.436  1167  1136 E SchedPolicy: set_timerslack_ns write failed: Operation not permitted
01-25 16:13:18.440  1167  1138 E SchedPolicy: set_timerslack_ns write failed: Operation not permitted
01-25 16:13:18.938   610   654 I ActivityManager: Start proc 1152:com.zjinnova.zlink/u0a115 for service com.zjinnova.zlink/com.zjinnova.android.zlink.features.service.DaemonService
01-25 16:13:19.101   610   764 D DisplayManagerService: Display listener for pid 1152 died.
01-25 16:13:19.102   610  1501 I ActivityManager: Process com.zjinnova.zlink (pid 1152) has died: fore SVC 
01-25 16:13:19.102   610  1501 W ActivityManager: Scheduling restart of crashed service com.zjinnova.zlink/com.zjinnova.android.zlink.features.service.DaemonService in 4000ms
01-25 16:13:19.948   610   654 I ActivityManager: Start proc 1212:com.zjinnova.zlink/u0a115 for service com.zjinnova.zlink/com.zjinnova.android.zlink.features.service.DaemonService
01-25 16:13:20.114   610  1501 D DisplayManagerService: Display listener for pid 1212 died.
01-25 16:13:20.116   610  1993 I ActivityManager: Process com.zjinnova.zlink (pid 1212) has died: fore SVC 
01-25 16:13:20.116   610  1993 W ActivityManager: Canceling start item Intent { act=zjinnova.android.intent.action.ZLINK_SERVICE } in service ComponentInfo{com.zjinnova.zlink/com.zjinnova.android.zlink.features.service.DaemonService}
01-25 16:13:20.116   610  1993 W ActivityManager: Scheduling restart of crashed service com.zjinnova.zlink/com.zjinnova.android.zlink.features.service.DaemonService in 1000ms
01-25 16:13:20.352 29248  1119 E SchedPolicy: set_timerslack_ns write failed: Operation not permitted
01-25 16:13:21.130   610   654 I ActivityManager: Start proc 1280:com.zjinnova.zlink/u0a115 for service com.zjinnova.zlink/com.zjinnova.android.zlink.features.service.DaemonService
01-25 16:13:21.213   610  1992 V SettingsProvider: packageValueForCallResult, name = enable_gpu_debug_layers, value : Bundle[{_track_generation=android.util.MemoryIntArray@5d, value=0, _generation_index=0, _generation=9}]
01-25 16:13:21.222   610  1992 V SettingsProvider: packageValueForCallResult, name = fake_version, value : Bundle[{_track_generation=android.util.MemoryIntArray@5d, value=13, _generation_index=2, _generation=5}]
01-25 16:13:21.284   610  1993 D DisplayManagerService: Display listener for pid 1280 died.
01-25 16:13:21.284   610  1992 I ActivityManager: Process com.zjinnova.zlink (pid 1280) has died: fore SVC 
01-25 16:13:21.284   610  1992 W ActivityManager: Scheduling restart of crashed service com.zjinnova.zlink/com.zjinnova.android.zlink.features.service.DaemonService in 4000ms
--------- beginning of crash
01-25 16:13:21.412  1107  1107 E AndroidRuntime: FATAL EXCEPTION: main
01-25 16:13:21.412  1107  1107 E AndroidRuntime: Process: com.example.openradiofm, PID: 1107
01-25 16:13:21.412  1107  1107 E AndroidRuntime: java.lang.RuntimeException: Unable to instantiate activity ComponentInfo{com.example.openradiofm/com.example.openradiofm.MainActivity}: java.lang.ClassNotFoundException: Didn't find class "com.example.openradiofm.MainActivity" on path: DexPathList[[zip file "/data/app/com.example.openradiofm-3LSW-boXcIx7sAXwWOJ55g==/base.apk"],nativeLibraryDirectories=[/data/app/com.example.openradiofm-3LSW-boXcIx7sAXwWOJ55g==/lib/arm, /data/app/com.example.openradiofm-3LSW-boXcIx7sAXwWOJ55g==/base.apk!/lib/armeabi-v7a, /system/lib]]
01-25 16:13:21.412  1107  1107 E AndroidRuntime: 	at android.app.ActivityThread.performLaunchActivity(ActivityThread.java:2874)
01-25 16:13:21.412  1107  1107 E AndroidRuntime: 	at android.app.ActivityThread.handleLaunchActivity(ActivityThread.java:3079)
01-25 16:13:21.412  1107  1107 E AndroidRuntime: 	at android.app.servertransaction.LaunchActivityItem.execute(LaunchActivityItem.java:78)
01-25 16:13:21.412  1107  1107 E AndroidRuntime: 	at android.app.servertransaction.TransactionExecutor.executeCallbacks(TransactionExecutor.java:108)
01-25 16:13:21.412  1107  1107 E AndroidRuntime: 	at android.app.servertransaction.TransactionExecutor.execute(TransactionExecutor.java:68)
01-25 16:13:21.412  1107  1107 E AndroidRuntime: 	at android.app.ActivityThread$H.handleMessage(ActivityThread.java:1836)
01-25 16:13:21.412  1107  1107 E AndroidRuntime: 	at android.os.Handler.dispatchMessage(Handler.java:106)
01-25 16:13:21.412  1107  1107 E AndroidRuntime: 	at android.os.Looper.loop(Looper.java:193)
01-25 16:13:21.412  1107  1107 E AndroidRuntime: 	at android.app.ActivityThread.main(ActivityThread.java:6702)
01-25 16:13:21.412  1107  1107 E AndroidRuntime: 	at java.lang.reflect.Method.invoke(Native Method)
01-25 16:13:21.412  1107  1107 E AndroidRuntime: 	at com.android.internal.os.RuntimeInit$MethodAndArgsCaller.run(RuntimeInit.java:493)
01-25 16:13:21.412  1107  1107 E AndroidRuntime: 	at com.android.internal.os.ZygoteInit.main(ZygoteInit.java:911)
01-25 16:13:21.412  1107  1107 E AndroidRuntime: Caused by: java.lang.ClassNotFoundException: Didn't find class "com.example.openradiofm.MainActivity" on path: DexPathList[[zip file "/data/app/com.example.openradiofm-3LSW-boXcIx7sAXwWOJ55g==/base.apk"],nativeLibraryDirectories=[/data/app/com.example.openradiofm-3LSW-boXcIx7sAXwWOJ55g==/lib/arm, /data/app/com.example.openradiofm-3LSW-boXcIx7sAXwWOJ55g==/base.apk!/lib/armeabi-v7a, /system/lib]]
01-25 16:13:21.412  1107  1107 E AndroidRuntime: 	at dalvik.system.BaseDexClassLoader.findClass(BaseDexClassLoader.java:134)
01-25 16:13:21.412  1107  1107 E AndroidRuntime: 	at java.lang.ClassLoader.loadClass(ClassLoader.java:379)
01-25 16:13:21.412  1107  1107 E AndroidRuntime: 	at java.lang.ClassLoader.loadClass(ClassLoader.java:312)
01-25 16:13:21.412  1107  1107 E AndroidRuntime: 	at android.app.AppComponentFactory.instantiateActivity(AppComponentFactory.java:69)
01-25 16:13:21.412  1107  1107 E AndroidRuntime: 	at androidx.core.app.CoreComponentFactory.instantiateActivity(CoreComponentFactory.java:44)
01-25 16:13:21.412  1107  1107 E AndroidRuntime: 	at android.app.Instrumentation.newActivity(Instrumentation.java:1215)
01-25 16:13:21.412  1107  1107 E AndroidRuntime: 	at android.app.ActivityThread.performLaunchActivity(ActivityThread.java:2862)
01-25 16:13:21.412  1107  1107 E AndroidRuntime: 	... 11 more
01-25 16:13:21.418   610  1992 W ActivityManager: crashApplicationInner, com.example.openradiofm
01-25 16:13:21.419   610  1992 W ActivityManager:   Force finishing activity com.example.openradiofm/.MainActivity
01-25 16:13:21.431   610   652 W BroadcastQueue: Background execution not allowed: receiving Intent { act=android.intent.action.DROPBOX_ENTRY_ADDED flg=0x10 (has extras) } to com.google.android.gms/.stats.service.DropBoxEntryAddedReceiver
01-25 16:13:21.453  1167  1322 E SchedPolicy: set_timerslack_ns write failed: Operation not permitted
01-25 16:13:21.925   610   652 W ActivityManager: Activity pause timeout for ActivityRecord{60d5716 u0 com.example.openradiofm/.MainActivity t6106 f}
01-25 16:13:21.934   610   652 V WindowManager: Set focused app to: AppWindowToken{48d4efc token=Token{bd523ef ActivityRecord{94238ce u0 altergames.carlauncher/.MainActivity t2}}} old focus=AppWindowToken{da40a84 token=Token{53af897 ActivityRecord{60d5716 u0 com.example.openradiofm/.MainActivity t6106}}} moveFocusNow=true
01-25 16:13:21.939   610   652 V WindowManager: rotationForOrientationLw(orientation=0, lastRotation=0); mUserRotation=0 USER_ROTATION_LOCKED
01-25 16:13:21.964   610  1501 I WindowManager: Relayout Window{52c09e1 u0 altergames.carlauncher/altergames.carlauncher.MainActivity}: oldVis=8 newVis=0 focusMayChange = true
01-25 16:13:21.970   610  1501 V WindowManager: Changing focus from null to Window{52c09e1 u0 altergames.carlauncher/altergames.carlauncher.MainActivity} Callers=com.android.server.wm.WindowManagerService.relayoutWindow:2205 com.android.server.wm.Session.relayout:244 android.view.IWindowSession$Stub.onTransact:309 com.android.server.wm.Session.onTransact:164 
01-25 16:13:21.970   610  1501 D WindowManager: Input focus has changed to Window{52c09e1 u0 altergames.carlauncher/altergames.carlauncher.MainActivity}
01-25 16:13:21.997   610   661 I WindowManager: Focus moving from null to Window{52c09e1 u0 altergames.carlauncher/altergames.carlauncher.MainActivity}
01-25 16:13:22.007 29248  1119 E SchedPolicy: set_timerslack_ns write failed: Operation not permitted
01-25 16:13:22.156   610   654 I ActivityManager: Start proc 1340:com.zjinnova.zlink/u0a115 for service com.zjinnova.zlink/com.zjinnova.android.zlink.features.service.DaemonService
01-25 16:13:22.324   610  1108 D DisplayManagerService: Display listener for pid 1340 died.
01-25 16:13:22.325   610   764 I ActivityManager: Process com.zjinnova.zlink (pid 1340) has died: fore SVC 
01-25 16:13:22.325   610   764 W ActivityManager: Canceling start item Intent { act=zjinnova.android.intent.action.ZLINK_SERVICE } in service ComponentInfo{com.zjinnova.zlink/com.zjinnova.android.zlink.features.service.DaemonService}
01-25 16:13:22.325   610   764 W ActivityManager: Scheduling restart of crashed service com.zjinnova.zlink/com.zjinnova.android.zlink.features.service.DaemonService in 1000ms
01-25 16:13:23.337   610   654 I ActivityManager: Start proc 1373:com.zjinnova.zlink/u0a115 for service com.zjinnova.zlink/com.zjinnova.android.zlink.features.service.DaemonService
01-25 16:13:23.477   610  1561 D DisplayManagerService: Display listener for pid 1373 died.
01-25 16:13:23.477   610   764 I ActivityManager: Process com.zjinnova.zlink (pid 1373) has died: fore SVC 
01-25 16:13:23.478   610   764 W ActivityManager: Scheduling restart of crashed service com.zjinnova.zlink/com.zjinnova.android.zlink.features.service.DaemonService in 4000ms
01-25 16:13:24.280   610   654 I ActivityManager: Start proc 1402:com.zjinnova.zlink/u0a115 for service com.zjinnova.zlink/com.zjinnova.android.zlink.features.service.DaemonService
01-25 16:13:24.444   610  1561 D DisplayManagerService: Display listener for pid 1402 died.
01-25 16:13:24.445   610   764 I ActivityManager: Process com.zjinnova.zlink (pid 1402) has died: fore SVC 
01-25 16:13:24.445   610   764 W ActivityManager: Canceling start item Intent { act=zjinnova.android.intent.action.ZLINK_SERVICE } in service ComponentInfo{com.zjinnova.zlink/com.zjinnova.android.zlink.features.service.DaemonService}
01-25 16:13:24.445   610   764 W ActivityManager: Scheduling restart of crashed service com.zjinnova.zlink/com.zjinnova.android.zlink.features.service.DaemonService in 1000ms
01-25 16:13:24.899  1158  1158 E BluetoothTetheringNetworkFactory: attempted to stop reverse tether with nothing tethered
01-25 16:13:25.458   610   654 I ActivityManager: Start proc 1422:com.zjinnova.zlink/u0a115 for service com.zjinnova.zlink/com.zjinnova.android.zlink.features.service.DaemonService
01-25 16:13:25.645   610  1953 D DisplayManagerService: Display listener for pid 1422 died.
01-25 16:13:25.646   610  1501 I ActivityManager: Process com.zjinnova.zlink (pid 1422) has died: fore SVC 
01-25 16:13:25.646   610  1501 W ActivityManager: Scheduling restart of crashed service com.zjinnova.zlink/com.zjinnova.android.zlink.features.service.DaemonService in 4000ms
01-25 16:13:26.436   610   654 I ActivityManager: Start proc 1464:com.zjinnova.zlink/u0a115 for service com.zjinnova.zlink/com.zjinnova.android.zlink.features.service.DaemonService
01-25 16:13:26.591   610  1501 D DisplayManagerService: Display listener for pid 1464 died.
01-25 16:13:26.591   610  1108 I ActivityManager: Process com.zjinnova.zlink (pid 1464) has died: fore SVC 
01-25 16:13:26.591   610  1108 W ActivityManager: Canceling start item Intent { act=zjinnova.android.intent.action.ZLINK_SERVICE } in service ComponentInfo{com.zjinnova.zlink/com.zjinnova.android.zlink.features.service.DaemonService}
01-25 16:13:26.592   610  1108 W ActivityManager: Scheduling restart of crashed service com.zjinnova.zlink/com.zjinnova.android.zlink.features.service.DaemonService in 1000ms
01-25 16:13:27.304   610   652 W BroadcastQueue: Background execution not allowed: receiving Intent { act=android.bluetooth.adapter.action.CONNECTION_STATE_CHANGED flg=0x4000010 (has extras) } to com.google.android.gms/.chimera.GmsIntentOperationService$PersistentTrustedReceiver
01-25 16:13:27.604   610   654 I ActivityManager: Start proc 1488:com.zjinnova.zlink/u0a115 for service com.zjinnova.zlink/com.zjinnova.android.zlink.features.service.DaemonService
01-25 16:13:27.774   610  1953 D DisplayManagerService: Display listener for pid 1488 died.
01-25 16:13:27.774   610  1108 I ActivityManager: Process com.zjinnova.zlink (pid 1488) has died: fore SVC 
01-25 16:13:27.775   610  1108 W ActivityManager: Scheduling restart of crashed service com.zjinnova.zlink/com.zjinnova.android.zlink.features.service.DaemonService in 4000ms
01-25 16:13:28.657   610   654 I ActivityManager: Start proc 1523:com.zjinnova.zlink/u0a115 for service com.zjinnova.zlink/com.zjinnova.android.zlink.features.service.DaemonService
01-25 16:13:28.814   610  1501 D DisplayManagerService: Display listener for pid 1523 died.
01-25 16:13:28.814   610  1108 I ActivityManager: Process com.zjinnova.zlink (pid 1523) has died: fore SVC 
01-25 16:13:28.814   610  1108 W ActivityManager: Canceling start item Intent { act=zjinnova.android.intent.action.ZLINK_SERVICE } in service ComponentInfo{com.zjinnova.zlink/com.zjinnova.android.zlink.features.service.DaemonService}
01-25 16:13:28.814   610  1108 W ActivityManager: Scheduling restart of crashed service com.zjinnova.zlink/com.zjinnova.android.zlink.features.service.DaemonService in 1000ms
01-25 16:13:29.827   610   654 I ActivityManager: Start proc 1548:com.zjinnova.zlink/u0a115 for service com.zjinnova.zlink/com.zjinnova.android.zlink.features.service.DaemonService
01-25 16:13:29.937   610  1108 D DisplayManagerService: Display listener for pid 1548 died.
01-25 16:13:29.938   610  1993 I ActivityManager: Process com.zjinnova.zlink (pid 1548) has died: fore SVC 
01-25 16:13:29.938   610  1993 W ActivityManager: Scheduling restart of crashed service com.zjinnova.zlink/com.zjinnova.android.zlink.features.service.DaemonService in 4000ms
01-25 16:13:30.431   610  1992 W ActivityManager:   Force finishing activity com.example.openradiofm/.MainActivity
01-25 16:13:30.438   610  1992 I ActivityManager: Killing 1107:com.example.openradiofm/u0a125 (adj 900): crash
01-25 16:13:30.477   610  1501 D DisplayManagerService: Display listener for pid 1107 died.
01-25 16:13:30.930   610   654 I ActivityManager: Start proc 1587:com.zjinnova.zlink/u0a115 for service com.zjinnova.zlink/com.zjinnova.android.zlink.features.service.DaemonService
01-25 16:13:31.047   610  1993 D DisplayManagerService: Display listener for pid 1587 died.
01-25 16:13:31.047   610   764 I ActivityManager: Process com.zjinnova.zlink (pid 1587) has died: fore SVC 
01-25 16:13:31.048   610   764 W ActivityManager: Canceling start item Intent { act=zjinnova.android.intent.action.ZLINK_SERVICE } in service ComponentInfo{com.zjinnova.zlink/com.zjinnova.android.zlink.features.service.DaemonService}
01-25 16:13:31.048   610   764 W ActivityManager: Scheduling restart of crashed service com.zjinnova.zlink/com.zjinnova.android.zlink.features.service.DaemonService in 1000ms
01-25 16:13:32.060   610   654 I ActivityManager: Start proc 1609:com.zjinnova.zlink/u0a115 for service com.zjinnova.zlink/com.zjinnova.android.zlink.features.service.DaemonService
01-25 16:13:32.214   610  1108 D DisplayManagerService: Display listener for pid 1609 died.
01-25 16:13:32.214   610  1993 I ActivityManager: Process com.zjinnova.zlink (pid 1609) has died: fore SVC 
01-25 16:13:32.215   610  1993 W ActivityManager: Scheduling restart of crashed service com.zjinnova.zlink/com.zjinnova.android.zlink.features.service.DaemonService in 4000ms
01-25 16:13:32.611   610   652 W BroadcastQueue: Background execution not allowed: receiving Intent { act=android.bluetooth.adapter.action.CONNECTION_STATE_CHANGED flg=0x4000010 (has extras) } to com.google.android.gms/.chimera.GmsIntentOperationService$PersistentTrustedReceiver
01-25 16:13:32.979   485   556 E storaged: getDiskStats failed with result NOT_SUPPORTED and size 0
01-25 16:13:33.085   610   654 I ActivityManager: Start proc 1645:com.zjinnova.zlink/u0a115 for service com.zjinnova.zlink/com.zjinnova.android.zlink.features.service.DaemonService
01-25 16:13:33.221   610  1108 D DisplayManagerService: Display listener for pid 1645 died.
01-25 16:13:33.221   610   764 I ActivityManager: Process com.zjinnova.zlink (pid 1645) has died: fore SVC 
01-25 16:13:33.221   610   764 W ActivityManager: Canceling start item Intent { act=zjinnova.android.intent.action.ZLINK_SERVICE } in service ComponentInfo{com.zjinnova.zlink/com.zjinnova.android.zlink.features.service.DaemonService}
01-25 16:13:33.221   610   764 W ActivityManager: Scheduling restart of crashed service com.zjinnova.zlink/com.zjinnova.android.zlink.features.service.DaemonService in 1000ms
01-25 16:13:34.238   610   654 I ActivityManager: Start proc 1662:com.zjinnova.zlink/u0a115 for service com.zjinnova.zlink/com.zjinnova.android.zlink.features.service.DaemonService
01-25 16:13:34.367   610  1501 D DisplayManagerService: Display listener for pid 1662 died.
01-25 16:13:34.368   610   764 I ActivityManager: Process com.zjinnova.zlink (pid 1662) has died: fore SVC 
01-25 16:13:34.368   610   764 W ActivityManager: Scheduling restart of crashed service com.zjinnova.zlink/com.zjinnova.android.zlink.features.service.DaemonService in 4000ms
01-25 16:13:35.225   610   654 I ActivityManager: Start proc 1699:com.zjinnova.zlink/u0a115 for service com.zjinnova.zlink/com.zjinnova.android.zlink.features.service.DaemonService
01-25 16:13:35.361   610  1561 D DisplayManagerService: Display listener for pid 1699 died.
01-25 16:13:35.361   610   764 I ActivityManager: Process com.zjinnova.zlink (pid 1699) has died: fore SVC 
01-25 16:13:35.362   610   764 W ActivityManager: Canceling start item Intent { act=zjinnova.android.intent.action.ZLINK_SERVICE } in service ComponentInfo{com.zjinnova.zlink/com.zjinnova.android.zlink.features.service.DaemonService}
01-25 16:13:35.362   610   764 W ActivityManager: Scheduling restart of crashed service com.zjinnova.zlink/com.zjinnova.android.zlink.features.service.DaemonService in 1000ms
01-25 16:13:36.379   610   654 I ActivityManager: Start proc 1719:com.zjinnova.zlink/u0a115 for service com.zjinnova.zlink/com.zjinnova.android.zlink.features.service.DaemonService
01-25 16:13:36.547   610  1992 D DisplayManagerService: Display listener for pid 1719 died.
01-25 16:13:36.548   610   764 I ActivityManager: Process com.zjinnova.zlink (pid 1719) has died: fore SVC 
01-25 16:13:36.548   610   764 W ActivityManager: Scheduling restart of crashed service com.zjinnova.zlink/com.zjinnova.android.zlink.features.service.DaemonService in 4000ms
01-25 16:13:37.445   610   654 I ActivityManager: Start proc 1767:com.zjinnova.zlink/u0a115 for service com.zjinnova.zlink/com.zjinnova.android.zlink.features.service.DaemonService
01-25 16:13:37.551   610   764 D DisplayManagerService: Display listener for pid 1767 died.
01-25 16:13:37.551   610  1561 I ActivityManager: Process com.zjinnova.zlink (pid 1767) has died: fore SVC 
01-25 16:13:37.551   610  1561 W ActivityManager: Canceling start item Intent { act=zjinnova.android.intent.action.ZLINK_SERVICE } in service ComponentInfo{com.zjinnova.zlink/com.zjinnova.android.zlink.features.service.DaemonService}
01-25 16:13:37.551   610  1561 W ActivityManager: Scheduling restart of crashed service com.zjinnova.zlink/com.zjinnova.android.zlink.features.service.DaemonService in 1000ms
01-25 16:13:38.564   610   654 I ActivityManager: Start proc 1790:com.zjinnova.zlink/u0a115 for service com.zjinnova.zlink/com.zjinnova.android.zlink.features.service.DaemonService
01-25 16:13:38.707   610  1501 D DisplayManagerService: Display listener for pid 1790 died.
01-25 16:13:38.707   610  1561 I ActivityManager: Process com.zjinnova.zlink (pid 1790) has died: fore SVC 
01-25 16:13:38.708   610  1561 W ActivityManager: Scheduling restart of crashed service com.zjinnova.zlink/com.zjinnova.android.zlink.features.service.DaemonService in 4000ms
01-25 16:13:39.579   610   654 I ActivityManager: Start proc 1824:com.zjinnova.zlink/u0a115 for service com.zjinnova.zlink/com.zjinnova.android.zlink.features.service.DaemonService
01-25 16:13:39.771   610   764 D DisplayManagerService: Display listener for pid 1824 died.
01-25 16:13:39.771   610  1561 I ActivityManager: Process com.zjinnova.zlink (pid 1824) has died: fore SVC 
01-25 16:13:39.771   610  1561 W ActivityManager: Canceling start item Intent { act=zjinnova.android.intent.action.ZLINK_SERVICE } in service ComponentInfo{com.zjinnova.zlink/com.zjinnova.android.zlink.features.service.DaemonService}
01-25 16:13:39.771   610  1561 W ActivityManager: Scheduling restart of crashed service com.zjinnova.zlink/com.zjinnova.android.zlink.features.service.DaemonService in 1000ms
01-25 16:13:40.783   610   654 I ActivityManager: Start proc 1848:com.zjinnova.zlink/u0a115 for service com.zjinnova.zlink/com.zjinnova.android.zlink.features.service.DaemonService
01-25 16:13:40.927   610   764 D DisplayManagerService: Display listener for pid 1848 died.
01-25 16:13:40.927   610  1561 I ActivityManager: Process com.zjinnova.zlink (pid 1848) has died: fore SVC 
01-25 16:13:40.928   610  1561 W ActivityManager: Scheduling restart of crashed service com.zjinnova.zlink/com.zjinnova.android.zlink.features.service.DaemonService in 4000ms
--------- beginning of main
01-25 16:13:41.714   383   383 D SurfaceFlinger: [Built-in Screen (type:0)] fps:1.510195,dur:1986.50,max:993.66,min:16.59
01-25 16:13:41.737   456   569 D         : curl_easy_download_quarter_epo: qepo file curl_easy_download res = 0
01-25 16:13:41.737   456   569 D         : is_quarter_epo_valid: The start time of QEPO file is Sun Jan 25 12:00:00 2026
01-25 16:13:41.737   456   569 D         : is_quarter_epo_valid: GPS time: Mon Dec 18 01:56:38 2023
01-25 16:13:41.737   456   569 D         : qepo_file_update_impl: try time is 0, qepo_valid is -1
01-25 16:13:41.738   456   569 W         : qepo_event_hdlr: mnld_qepo_download() after
01-25 16:13:41.738   456   579 D         : mnld_main_thread: main_event_hdlr msg
01-25 16:13:41.738   456   569 D         : qepo_downloader_thread: qepo_downloader_thread wait
01-25 16:13:41.738   456   579 D         : main_event_hdlr: QEPO2MAIN_EVENT_QEPO_DONE  result=-1 started=1
01-25 16:13:41.738   456   579 D         : qepo_update_quarter_epo_file: qdownload_status = 0x30
01-25 16:13:41.761   610   654 I ActivityManager: Start proc 1908:com.zjinnova.zlink/u0a115 for service com.zjinnova.zlink/com.zjinnova.android.zlink.features.service.DaemonService
01-25 16:13:41.795  1908  1908 E .zjinnova.zlin: Not starting debugger since process cannot load the jdwp agent.
01-25 16:13:41.807  4060  1905 I ADB_SERVICES: post waitpid (pid=1904) status=0000
01-25 16:13:41.808  4060  4060 I ADB_SERVICES: for fd 34, revents = 2010
01-25 16:13:41.808  4060  4060 I ADB_SERVICES: for fd 34, revents = 2010
01-25 16:13:41.809  4060  4060 I ADB_SERVICES: ref_cnt != 0 ref_cnt=-1, id=219, peer->id=1495
01-25 16:13:41.840  1908  1908 I .zjinnova.zlin: The ClassLoaderContext is a special shared library.
01-25 16:13:41.846  1908  1908 W .zjinnova.zlin: JIT profile information will not be recorded: profile file does not exits.
01-25 16:13:41.864  1908  1908 W System.err: java.io.FileNotFoundException: /data/user/0/com.zjinnova.zlink/files/prodexdir/tosversion: open failed: EACCES (Permission denied)
01-25 16:13:41.865  1908  1908 W System.err: 	at libcore.io.IoBridge.open(IoBridge.java:485)
01-25 16:13:41.865  1908  1908 W System.err: 	at java.io.RandomAccessFile.<init>(RandomAccessFile.java:288)
01-25 16:13:41.865  1908  1908 W System.err: 	at java.io.RandomAccessFile.<init>(RandomAccessFile.java:151)
01-25 16:13:41.865  1908  1908 W System.err: 	at com.wrapper.proxyapplication.Util.PrepareSecurefiles(Util.java:362)
01-25 16:13:41.865  1908  1908 W System.err: 	at com.zjinnova.zlink.MyWrapperProxyApplication.initProxyApplication(MyWrapperProxyApplication.java:33)
01-25 16:13:41.865  1908  1908 W System.err: 	at com.wrapper.proxyapplication.WrapperProxyApplication.attachBaseContext(WrapperProxyApplication.java:459)
01-25 16:13:41.866  1908  1908 W System.err: 	at android.app.Application.attach(Application.java:212)
01-25 16:13:41.866  1908  1908 W System.err: 	at android.app.Instrumentation.newApplication(Instrumentation.java:1121)
01-25 16:13:41.866  1908  1908 W System.err: 	at android.app.LoadedApk.makeApplication(LoadedApk.java:1064)
01-25 16:13:41.866  1908  1908 W System.err: 	at android.app.ActivityThread.handleBindApplication(ActivityThread.java:5873)
01-25 16:13:41.866  1908  1908 W System.err: 	at android.app.ActivityThread.access$1200(ActivityThread.java:206)
01-25 16:13:41.866  1908  1908 W System.err: 	at android.app.ActivityThread$H.handleMessage(ActivityThread.java:1678)
01-25 16:13:41.866  1908  1908 W System.err: 	at android.os.Handler.dispatchMessage(Handler.java:106)
01-25 16:13:41.866  1908  1908 W System.err: 	at android.os.Looper.loop(Looper.java:193)
01-25 16:13:41.866  1908  1908 W System.err: 	at android.app.ActivityThread.main(ActivityThread.java:6702)
01-25 16:13:41.866  1908  1908 W System.err: 	at java.lang.reflect.Method.invoke(Native Method)
01-25 16:13:41.867  1908  1908 W System.err: 	at com.android.internal.os.RuntimeInit$MethodAndArgsCaller.run(RuntimeInit.java:493)
01-25 16:13:41.867  1908  1908 W System.err: 	at com.android.internal.os.ZygoteInit.main(ZygoteInit.java:911)
01-25 16:13:41.867  1908  1908 W System.err: Caused by: android.system.ErrnoException: open failed: EACCES (Permission denied)
01-25 16:13:41.868  1908  1908 W System.err: 	at libcore.io.Linux.open(Native Method)
01-25 16:13:41.868  1908  1908 W System.err: 	at libcore.io.BlockGuardOs.open(BlockGuardOs.java:210)
01-25 16:13:41.868  1908  1908 W System.err: 	at libcore.io.IoBridge.open(IoBridge.java:471)
01-25 16:13:41.868  1908  1908 W System.err: 	... 17 more
01-25 16:13:41.869  1908  1908 W System.err: java.io.FileNotFoundException: /data/user/0/com.zjinnova.zlink/files/prodexdir/tosversion (Permission denied)
01-25 16:13:41.869  1908  1908 W System.err: 	at java.io.FileOutputStream.open0(Native Method)
01-25 16:13:41.869  1908  1908 W System.err: 	at java.io.FileOutputStream.open(FileOutputStream.java:308)
01-25 16:13:41.870  1908  1908 W System.err: 	at java.io.FileOutputStream.<init>(FileOutputStream.java:238)
01-25 16:13:41.870  1908  1908 W System.err: 	at java.io.FileOutputStream.<init>(FileOutputStream.java:180)
01-25 16:13:41.870  1908  1908 W System.err: 	at com.wrapper.proxyapplication.Util.UnzipFile(Util.java:205)
01-25 16:13:41.870  1908  1908 W System.err: 	at com.wrapper.proxyapplication.Util.PrepareSecurefiles(Util.java:554)
01-25 16:13:41.870  1908  1908 W System.err: 	at com.zjinnova.zlink.MyWrapperProxyApplication.initProxyApplication(MyWrapperProxyApplication.java:33)
01-25 16:13:41.870  1908  1908 W System.err: 	at com.wrapper.proxyapplication.WrapperProxyApplication.attachBaseContext(WrapperProxyApplication.java:459)
01-25 16:13:41.870  1908  1908 W System.err: 	at android.app.Application.attach(Application.java:212)
01-25 16:13:41.870  1908  1908 W System.err: 	at android.app.Instrumentation.newApplication(Instrumentation.java:1121)
01-25 16:13:41.870  1908  1908 W System.err: 	at android.app.LoadedApk.makeApplication(LoadedApk.java:1064)
01-25 16:13:41.870  1908  1908 W System.err: 	at android.app.ActivityThread.handleBindApplication(ActivityThread.java:5873)
01-25 16:13:41.870  1908  1908 W System.err: 	at android.app.ActivityThread.access$1200(ActivityThread.java:206)
01-25 16:13:41.871  1908  1908 W System.err: 	at android.app.ActivityThread$H.handleMessage(ActivityThread.java:1678)
01-25 16:13:41.871  1908  1908 W System.err: 	at android.os.Handler.dispatchMessage(Handler.java:106)
01-25 16:13:41.871  1908  1908 W System.err: 	at android.os.Looper.loop(Looper.java:193)
01-25 16:13:41.871  1908  1908 W System.err: 	at android.app.ActivityThread.main(ActivityThread.java:6702)
01-25 16:13:41.871  1908  1908 W System.err: 	at java.lang.reflect.Method.invoke(Native Method)
01-25 16:13:41.871  1908  1908 W System.err: 	at com.android.internal.os.RuntimeInit$MethodAndArgsCaller.run(RuntimeInit.java:493)
01-25 16:13:41.871  1908  1908 W System.err: 	at com.android.internal.os.ZygoteInit.main(ZygoteInit.java:911)
01-25 16:13:41.908   456  1177 D pseudo  : mtk_gps_sys_nmea_output_to_mnld: received 467 bytes:
01-25 16:13:41.908   456  1177 D pseudo  : mtk_gps_sys_nmea_output_to_app: len:467, [NMEA]$GPGGA,015623.00...
01-25 16:13:41.912   610  4938 I GnssLocationProvider: WakeLock acquired by sendMessage(REPORT_SV_STATUS, 0, com.android.server.location.GnssLocationProvider$SvStatusInfo@6f58694)
01-25 16:13:41.914   610   885 I GnssLocationProvider: WakeLock released by handleMessage(REPORT_SV_STATUS, 0, com.android.server.location.GnssLocationProvider$SvStatusInfo@6f58694)
01-25 16:13:41.915   456  1177 D         : mtk_gps_sys_gps_mnl_callback: msg:0
01-25 16:13:41.915   456  1177 D         : send_active_notify: send clean nmea timer cmd!
01-25 16:13:41.915   456   566 D         : gps_control_thread: gps_control_thread wait
01-25 16:13:41.916   456  1177 D         : mtk_gps_sys_gps_mnl_callback: MTK_GPS_MSG_FIX_READY,GET_RTC_FAIL
01-25 16:13:41.916   456  1177 D pseudo  : mtk_gps_sys_nmea_output_to_app: len:46, [vAGPS_Auto_Req]:g_FirstDbtt:0,u2BitMap:0x12f
01-25 16:13:41.941   610  1992 D DisplayManagerService: Display listener for pid 1908 died.
01-25 16:13:41.941   610  1561 I ActivityManager: Process com.zjinnova.zlink (pid 1908) has died: fore SVC 
01-25 16:13:41.941   610  1561 W ActivityManager: Canceling start item Intent { act=zjinnova.android.intent.action.ZLINK_SERVICE } in service ComponentInfo{com.zjinnova.zlink/com.zjinnova.android.zlink.features.service.DaemonService}
01-25 16:13:41.942   610  1561 W ActivityManager: Scheduling restart of crashed service com.zjinnova.zlink/com.zjinnova.android.zlink.features.service.DaemonService in 1000ms
01-25 16:13:41.942   610   655 W libprocessgroup: kill(-1908, 9) failed: No such process
01-25 16:13:41.944   610   610 I SourceService: Activity DIED(), com.zjinnova.zlink | com.zjinnova.zlink
01-25 16:13:41.987   610   655 W libprocessgroup: kill(-1908, 9) failed: No such process
01-25 16:13:41.987   610   655 I libprocessgroup: Successfully killed process cgroup uid 10115 pid 1908 in 44ms
01-25 16:13:42.680   383   631 D BufferQueueProducer: [altergames.carlauncher/altergames.carlauncher.MainActivity#0](this:0xabcb2000,id:152,api:1,p:1433,c:383) queueBuffer: fps=1.02 dur=1963.81 max=983.08 min=980.74
01-25 16:13:42.907   456  1177 D pseudo  : mtk_gps_sys_nmea_output_to_mnld: received 467 bytes:
01-25 16:13:42.908   456  1177 D pseudo  : mtk_gps_sys_nmea_output_to_app: len:467, [NMEA]$GPGGA,015624.00...
01-25 16:13:42.908   456  1177 D         : mtk_gps_sys_gps_mnl_callback: msg:0
01-25 16:13:42.908   456  1177 D         : send_active_notify: send clean nmea timer cmd!
01-25 16:13:42.908   456  1177 D         : mtk_gps_sys_gps_mnl_callback: MTK_GPS_MSG_FIX_READY,GET_RTC_FAIL
01-25 16:13:42.908   456  1177 D pseudo  : mtk_gps_sys_nmea_output_to_app: len:46, [vAGPS_Auto_Req]:g_FirstDbtt:0,u2BitMap:0x12f
01-25 16:13:42.908   456   566 D         : gps_control_thread: gps_control_thread wait
01-25 16:13:42.910   610   649 I GnssLocationProvider: WakeLock acquired by sendMessage(REPORT_SV_STATUS, 0, com.android.server.location.GnssLocationProvider$SvStatusInfo@3953d)
01-25 16:13:42.911   610   885 I GnssLocationProvider: WakeLock released by handleMessage(REPORT_SV_STATUS, 0, com.android.server.location.GnssLocationProvider$SvStatusInfo@3953d)
01-25 16:13:42.955   610   654 I ActivityManager: Start proc 1926:com.zjinnova.zlink/u0a115 for service com.zjinnova.zlink/com.zjinnova.android.zlink.features.service.DaemonService
01-25 16:13:42.964  1926  1926 E .zjinnova.zlin: Not starting debugger since process cannot load the jdwp agent.
01-25 16:13:42.998  1926  1926 I .zjinnova.zlin: The ClassLoaderContext is a special shared library.
01-25 16:13:43.004  1926  1926 W .zjinnova.zlin: JIT profile information will not be recorded: profile file does not exits.
01-25 16:13:43.018  1926  1926 W System.err: java.io.FileNotFoundException: /data/user/0/com.zjinnova.zlink/files/prodexdir/tosversion: open failed: EACCES (Permission denied)
01-25 16:13:43.019  1926  1926 W System.err: 	at libcore.io.IoBridge.open(IoBridge.java:485)
01-25 16:13:43.019  1926  1926 W System.err: 	at java.io.RandomAccessFile.<init>(RandomAccessFile.java:288)
01-25 16:13:43.019  1926  1926 W System.err: 	at java.io.RandomAccessFile.<init>(RandomAccessFile.java:151)
01-25 16:13:43.019  1926  1926 W System.err: 	at com.wrapper.proxyapplication.Util.PrepareSecurefiles(Util.java:362)
01-25 16:13:43.019  1926  1926 W System.err: 	at com.zjinnova.zlink.MyWrapperProxyApplication.initProxyApplication(MyWrapperProxyApplication.java:33)
01-25 16:13:43.019  1926  1926 W System.err: 	at com.wrapper.proxyapplication.WrapperProxyApplication.attachBaseContext(WrapperProxyApplication.java:459)
01-25 16:13:43.019  1926  1926 W System.err: 	at android.app.Application.attach(Application.java:212)
01-25 16:13:43.019  1926  1926 W System.err: 	at android.app.Instrumentation.newApplication(Instrumentation.java:1121)
01-25 16:13:43.019  1926  1926 W System.err: 	at android.app.LoadedApk.makeApplication(LoadedApk.java:1064)
01-25 16:13:43.019  1926  1926 W System.err: 	at android.app.ActivityThread.handleBindApplication(ActivityThread.java:5873)
01-25 16:13:43.019  1926  1926 W System.err: 	at android.app.ActivityThread.access$1200(ActivityThread.java:206)
01-25 16:13:43.019  1926  1926 W System.err: 	at android.app.ActivityThread$H.handleMessage(ActivityThread.java:1678)
01-25 16:13:43.019  1926  1926 W System.err: 	at android.os.Handler.dispatchMessage(Handler.java:106)
01-25 16:13:43.019  1926  1926 W System.err: 	at android.os.Looper.loop(Looper.java:193)
01-25 16:13:43.019  1926  1926 W System.err: 	at android.app.ActivityThread.main(ActivityThread.java:6702)
01-25 16:13:43.019  1926  1926 W System.err: 	at java.lang.reflect.Method.invoke(Native Method)
01-25 16:13:43.019  1926  1926 W System.err: 	at com.android.internal.os.RuntimeInit$MethodAndArgsCaller.run(RuntimeInit.java:493)
01-25 16:13:43.019  1926  1926 W System.err: 	at com.android.internal.os.ZygoteInit.main(ZygoteInit.java:911)
01-25 16:13:43.019  1926  1926 W System.err: Caused by: android.system.ErrnoException: open failed: EACCES (Permission denied)
01-25 16:13:43.019  1926  1926 W System.err: 	at libcore.io.Linux.open(Native Method)
01-25 16:13:43.019  1926  1926 W System.err: 	at libcore.io.BlockGuardOs.open(BlockGuardOs.java:210)
01-25 16:13:43.019  1926  1926 W System.err: 	at libcore.io.IoBridge.open(IoBridge.java:471)
01-25 16:13:43.019  1926  1926 W System.err: 	... 17 more
01-25 16:13:43.020  1926  1926 W System.err: java.io.FileNotFoundException: /data/user/0/com.zjinnova.zlink/files/prodexdir/tosversion (Permission denied)
01-25 16:13:43.021  1926  1926 W System.err: 	at java.io.FileOutputStream.open0(Native Method)
01-25 16:13:43.021  1926  1926 W System.err: 	at java.io.FileOutputStream.open(FileOutputStream.java:308)
01-25 16:13:43.021  1926  1926 W System.err: 	at java.io.FileOutputStream.<init>(FileOutputStream.java:238)
01-25 16:13:43.021  1926  1926 W System.err: 	at java.io.FileOutputStream.<init>(FileOutputStream.java:180)
01-25 16:13:43.021  1926  1926 W System.err: 	at com.wrapper.proxyapplication.Util.UnzipFile(Util.java:205)
01-25 16:13:43.021  1926  1926 W System.err: 	at com.wrapper.proxyapplication.Util.PrepareSecurefiles(Util.java:554)
01-25 16:13:43.021  1926  1926 W System.err: 	at com.zjinnova.zlink.MyWrapperProxyApplication.initProxyApplication(MyWrapperProxyApplication.java:33)
01-25 16:13:43.021  1926  1926 W System.err: 	at com.wrapper.proxyapplication.WrapperProxyApplication.attachBaseContext(WrapperProxyApplication.java:459)
01-25 16:13:43.021  1926  1926 W System.err: 	at android.app.Application.attach(Application.java:212)
01-25 16:13:43.021  1926  1926 W System.err: 	at android.app.Instrumentation.newApplication(Instrumentation.java:1121)
