--------- beginning of main
--------- beginning of system
02-21 09:13:45.892 E/mcu_services( 5509): MCU2APP : [ff fe fd 03 01 29 6d 45 ff ]
02-21 09:13:45.896 D/K706RadioManager(30366): IMcuListener.onTransact: code=1 flags=16
02-21 09:13:45.898 D/K706RadioManager(30366): >>> IMcuListener.onMcuInfoChanged received! data=29 6D 
02-21 09:13:45.900 D/K706RadioManager(30366): MCU[0x29] len=2 : 29 6D 
02-21 09:13:45.900 D/K706RadioManager(30366): Unknown MCU packet type: 0x29
02-21 09:13:47.880 E/mcu_services( 5509): MCU2APP : [ff fe fd 03 01 29 6d 45 ff ]
02-21 09:13:47.884 D/K706RadioManager(30366): IMcuListener.onTransact: code=1 flags=16
02-21 09:13:47.885 D/K706RadioManager(30366): >>> IMcuListener.onMcuInfoChanged received! data=29 6D 
02-21 09:13:47.886 D/K706RadioManager(30366): MCU[0x29] len=2 : 29 6D 
02-21 09:13:47.886 D/K706RadioManager(30366): Unknown MCU packet type: 0x29
02-21 09:13:49.868 E/mcu_services( 5509): MCU2APP : [ff fe fd 03 01 29 6d 45 ff ]
02-21 09:13:49.871 D/K706RadioManager(30366): IMcuListener.onTransact: code=1 flags=16
02-21 09:13:49.873 D/K706RadioManager(30366): >>> IMcuListener.onMcuInfoChanged received! data=29 6D 
02-21 09:13:49.874 D/K706RadioManager(30366): MCU[0x29] len=2 : 29 6D 
02-21 09:13:49.874 D/K706RadioManager(30366): Unknown MCU packet type: 0x29
02-21 09:13:50.515 D/TunerManagerForExt( 8829): FMRadio main (TunerManagerForExt.java:367) onRadioArea: radioArea: 1
02-21 09:13:50.516 E/mcu_services( 5509): APP2MCU - writeToUartNormal : [ff fd fe 05 01 a0 0a 01 00 aa ff ]
02-21 09:13:50.523 E/mcu_services( 5509): APP2MCU - writeToUartNormal : [ff fd fe 30 01 a1 00 25 da 25 da 2a 30 03 00 00 22 38 22 ce 25 da 23 aa 24 04 24 68 00 00 00 00 00 00 00 00 00 00 00 00 00 00 00 00 00 00 00 00 00 00 00 00 55 ff ]
02-21 09:13:50.527 E/mcu_services( 5509): APP2MCU - writeToUartNormal : [ff fd fe 30 01 a1 08 04 f5 02 0a 00 00 00 01 00 02 0a 02 5b 03 e7 05 7c 06 54 02 0a 02 0a 02 5b 03 e7 05 7c 06 54 02 0a 00 00 00 00 00 00 00 00 00 00 00 00 50 ff ]
02-21 09:13:50.534 E/mcu_services( 5509): MCU2APP : [ff fe fd 03 02 a1 00 a3 ff ]
02-21 09:13:50.538 D/TunerManagerForExt( 8829): FMRadio main (TunerManagerForExt.java:367) onRadioArea: radioArea: 1
02-21 09:13:50.538 E/mcu_services( 5509): APP2MCU - writeToUartNormal : [ff fd fe 05 01 a0 0a 01 00 aa ff ]
02-21 09:13:50.544 E/mcu_services( 5509): MCU2APP : [ff fe fd 03 02 a1 08 ab ff ]
02-21 09:13:50.546 D/FmService( 8829): FMRadio main (FmService.java:842) onStartCommand: ---->>onStartCommand() action: fmradio.enter
02-21 09:13:50.547 D/FmService( 8829): FMRadio main (FmService.java:225) setForceUse: --->>setForceUseSpeaker() isSpeaker: false
02-21 09:13:50.547 D/FmService( 8829): FMRadio main (FmService.java:303) powerUpAsync: ---->>powerUpAsync() frequency: 96.9
02-21 09:13:50.547 D/FmService( 8829): FMRadio main (FmService.java:1049) requestAudioFocus: ---->>requestAudioFocus() mIsAudioFocusHeld: false
02-21 09:13:50.548 D/FmService( 8829): FMRadio FmRadioServiceThread (FmService.java:1711) handlePowerUp: ----->>handlePowerUp() 
02-21 09:13:50.548 D/FmService( 8829): FMRadio FmRadioServiceThread (FmService.java:317) powerUp: ---->>powerUp() frequency: 96.9 mPowerStatus: 2
02-21 09:13:50.548 D/FmService( 8829): FMRadio FmRadioServiceThread (FmService.java:612) setMute: --->>setMute() mute: true
02-21 09:13:50.548 D/FmService( 8829): FMRadio FmRadioServiceThread (FmService.java:1813) setVolume: setVolume(0), new volume=0, max_fm_volume=9, mIsDeviceOpen=true
02-21 09:13:50.548 D/FmService( 8829): FMRadio FmRadioServiceThread (FmService.java:1766) firstPlaying: ---->>firstPlaying()  firstPlaying: 96.9
02-21 09:13:50.549 D/TunerManagerForExt( 8829): FMRadio FmRadioServiceThread (TunerManagerForExt.java:385) onTune: mBand: 0 - freq: 9690
02-21 09:13:50.549 E/mcu_services( 5509): APP2MCU - writeToUartNormal : [ff fd fe 05 01 a0 00 25 da 5e ff ]
02-21 09:13:50.549 D/FmService( 8829): FMRadio FmRadioServiceThread (FmService.java:344) playFrequency: ---->>playFrequency() frequency: 96.9
02-21 09:13:50.550 E/McuManager( 4145): call RPC_SetChannel(2) from 4145
02-21 09:13:50.550 D/FmService( 8829): FMRadio FmRadioServiceThread (FmService.java:901) enableFmAudio: --->>enableFmAudio() enable: true mAudioPatch: null
02-21 09:13:50.550 E/mcu_services( 5509): RPC_SetChannel - mode: 2 fromWhatpid=4145
02-21 09:13:50.550 E/mcu_services( 5509): audio channel change to MPU, current_audio_source=nothing
02-21 09:13:50.550 D/FmService( 8829): FMRadio FmRadioServiceThread (FmService.java:904) enableFmAudio: enableFmAudio, current not available return.mIsAudioFocusHeld:false
02-21 09:13:50.550 E/mcu_services( 5509): setVolType - oldVolType: media_type - newVolType: radio_type - mode: 2 isCallStart=false
02-21 09:13:50.550 D/FmService( 8829): FMRadio FmRadioServiceThread (FmService.java:612) setMute: --->>setMute() mute: false
02-21 09:13:50.551 E/mcu_services( 5509): RPC_SetChannel - type: radio_type - volume: 6
02-21 09:13:50.551 D/FmService( 8829): FMRadio FmRadioServiceThread (FmService.java:617) setMute: ---->>setMute()  volume: 9
02-21 09:13:50.551 D/FmService( 8829): FMRadio FmRadioServiceThread (FmService.java:1813) setVolume: setVolume(9), new volume=9, max_fm_volume=9, mIsDeviceOpen=true
02-21 09:13:50.551 E/mcu_services( 5509): APP2MCU - writeToUartNormal : [ff fd fe 04 01 84 02 06 81 ff ]
02-21 09:13:50.553 D/FmService( 8829): FMRadio main (FmService.java:1067) requestAudioFocus: ---->>requestAudioFocus() audioFocus: 1
02-21 09:13:50.553 D/FmService( 8829): FMRadio main (FmService.java:1015) headSetActive: ---->>onMediaButtonEvent()
02-21 09:13:50.555 D/FmService( 8829): FMRadio main (FmService.java:978) headSetImplApi23: ---->>onMediaButtonEvent()  headSetImplApi23 - mMediaSession: android.media.session.MediaSession@69c732d
02-21 09:13:50.556 D/FmService( 8829): FMRadio main (FmService.java:971) setMediaButtonListener: headsetListen: com.android.fmradio.FmMainActivity$6@3ca65f3
02-21 09:13:50.568 E/mcu_services( 5509): APP2MCU - writeToUart: [ff fd fe 07 01 40 2e c4 01 85 b5 9a ff ]
02-21 09:13:50.569 E/mcu_services( 5509): MCU2APP : [ff fe fd 12 01 b1 00 03 25 da 22 38 22 ce 25 da 23 aa 24 04 24 68 a0 ff ]
02-21 09:13:50.569 E/mcu_services( 5509): MCU2APP : [ff fe fd 03 01 b0 50 e1 ff ]
02-21 09:13:50.569 E/mcu_services( 5509): MCU2APP : [ff fe fd 03 01 b3 0c be ff ]
02-21 09:13:50.570 E/mcu_services( 5509): MCU2APP : [ff fe fd 03 02 84 02 84 ff ]
02-21 09:13:50.570 E/mcu_services( 5509): sendAckSuccess : [ff fd fe 02 02 b3 b1 ff ]
02-21 09:13:50.570 E/mcu_services( 5509): MCU2APP : [ff fe fd 12 01 b1 00 03 25 da 22 38 22 ce 25 da 23 aa 24 04 24 68 a0 ff ]
02-21 09:13:50.570 E/mcu_services( 5509): APP2MCU - writeToUart: [ff fd fe 02 02 b3 b1 ff ]
02-21 09:13:50.570 E/mcu_services( 5509): MCU2APP : [ff fe fd 03 01 b0 50 e1 ff ]
02-21 09:13:50.573 D/TunerPresenter(28266): handleTunerRawData: b1 0 3 25 da 22 38 22 ce 25 da 23 aa 24 4 24 68 
02-21 09:13:50.580 D/K706RadioManager(30366): IMcuListener.onTransact: code=1 flags=16
02-21 09:13:50.583 D/K706RadioManager(30366): >>> IMcuListener.onMcuInfoChanged received! data=B1 00 03 25 DA 22 38 22 CE 25 DA 23 AA 24 04 24 68 
02-21 09:13:50.586 D/K706RadioManager(30366): MCU[0xB1] len=17 : B1 00 03 25 DA 22 38 22 CE 25 DA 23 AA 24 04 24 68 
02-21 09:13:50.586 D/K706RadioManager(30366): PresetList: band=0 presetIdx=3 currentFreq=9690 firstFreq=9690 (offset=9)
02-21 09:13:50.586 D/K706RadioManager(30366): PresetList: band reportada=0 (ignorada, mCurrentBand=0)
02-21 09:13:50.587 D/TunerPresenter( 8829): handleTunerRawData: b1 0 3 25 da 22 38 22 ce 25 da 23 aa 24 4 24 68 
02-21 09:13:50.588 D/TunerManagerForExt( 8829): FMRadio main (TunerManagerForExt.java:147) onTunerPresetListChanged:  - mBand: 0 - mPresetIndex: 3 - mFrequency: 9690 - index: 0 - preset: 8760 - index: 1 - preset: 8910 - index: 2 - preset: 9690 - index: 3 - preset: 9130 - index: 4 - preset: 9220 - index: 5 - preset: 9320
02-21 09:13:50.589 D/TunerPresenter(28266): handleTunerRawData: b0 50 
02-21 09:13:50.589 D/TunerPresenter(28266): handleTunerRawData - saveFlag: 0 - finishTag: 1 - validTag: 0 - playingTag: 1 - stTag: 0 - action: 0
02-21 09:13:50.590 D/K706RadioManager(30366): IMcuListener.onTransact: code=1 flags=16
02-21 09:13:50.591 D/K706RadioManager(30366): >>> IMcuListener.onMcuInfoChanged received! data=B0 50 
02-21 09:13:50.592 D/K706RadioManager(30366): MCU[0xB0] len=2 : B0 50 
02-21 09:13:50.592 D/K706RadioManager(30366): TunerInfo: flags=0x50 save=false AS=false finish=true valid=false ST=true LOC=false seek=false scan=false
02-21 09:13:50.594 D/TunerPresenter(28266): handleTunerRawData: b3 c 
02-21 09:13:50.594 D/TunerPresenter(28266): handleSTInfo - stFlag: 12
02-21 09:13:50.595 D/K706RadioManager(30366): IMcuListener.onTransact: code=1 flags=16
02-21 09:13:50.596 D/K706RadioManager(30366): >>> IMcuListener.onMcuInfoChanged received! data=B3 0C 
02-21 09:13:50.596 D/K706RadioManager(30366): MCU[0xB3] len=2 : B3 0C 
02-21 09:13:50.597 D/K706RadioManager(30366): RDS B3 Flags: 0x0C
02-21 09:13:50.598 D/TunerPresenter(28266): handleTunerRawData: b1 0 3 25 da 22 38 22 ce 25 da 23 aa 24 4 24 68 
02-21 09:13:50.599 D/K706RadioManager(30366): IMcuListener.onTransact: code=1 flags=16
02-21 09:13:50.601 D/K706RadioManager(30366): >>> IMcuListener.onMcuInfoChanged received! data=B1 00 03 25 DA 22 38 22 CE 25 DA 23 AA 24 04 24 68 
02-21 09:13:50.604 D/K706RadioManager(30366): MCU[0xB1] len=17 : B1 00 03 25 DA 22 38 22 CE 25 DA 23 AA 24 04 24 68 
02-21 09:13:50.604 D/K706RadioManager(30366): PresetList: band=0 presetIdx=3 currentFreq=9690 firstFreq=9690 (offset=9)
02-21 09:13:50.604 D/K706RadioManager(30366): PresetList: band reportada=0 (ignorada, mCurrentBand=0)
02-21 09:13:50.607 D/TunerPresenter(28266): handleTunerRawData: b0 50 
02-21 09:13:50.607 D/TunerPresenter(28266): handleTunerRawData - saveFlag: 0 - finishTag: 1 - validTag: 0 - playingTag: 1 - stTag: 0 - action: 0
02-21 09:13:50.607 D/K706RadioManager(30366): IMcuListener.onTransact: code=1 flags=16
02-21 09:13:50.608 D/K706RadioManager(30366): >>> IMcuListener.onMcuInfoChanged received! data=B0 50 
02-21 09:13:50.608 D/TunerPresenter( 8829): handleTunerRawData: b0 50 
02-21 09:13:50.609 D/TunerManagerForExt( 8829): FMRadio main (TunerManagerForExt.java:108) onTunerInfoChanged: onTunerInfoChanged - flag: 80 - asFlag: 0 - psFlag: 0 - scanFlag: 0 - seekFlag: 0 - mStFlag: 1 - mLocFlag: 0 - mIsSearching: false - mTempSearching: false
02-21 09:13:50.609 D/TunerManagerForExt( 8829): FMRadio main (TunerManagerForExt.java:118) onTunerInfoChanged: mIsSearching: false - mTempSearching: false - asFlag: 0 - seekFlag: 0
02-21 09:13:50.609 D/K706RadioManager(30366): MCU[0xB0] len=2 : B0 50 
02-21 09:13:50.609 D/TunerPresenter( 8829): handleTunerRawData: b3 c 
02-21 09:13:50.609 D/K706RadioManager(30366): TunerInfo: flags=0x50 save=false AS=false finish=true valid=false ST=true LOC=false seek=false scan=false
02-21 09:13:50.614 D/TunerManagerForExt( 8829): FMRadio main (TunerManagerForExt.java:174) onTuneRdsInfo: onTuneRdsInfo - flag: 12 - mRdsAFSwitch: 0 - mRdsTASwitch: 0
02-21 09:13:50.615 D/TunerPresenter( 8829): handleTunerRawData: b1 0 3 25 da 22 38 22 ce 25 da 23 aa 24 4 24 68 
02-21 09:13:50.615 D/TunerManagerForExt( 8829): FMRadio main (TunerManagerForExt.java:147) onTunerPresetListChanged:  - mBand: 0 - mPresetIndex: 3 - mFrequency: 9690 - index: 0 - preset: 8760 - index: 1 - preset: 8910 - index: 2 - preset: 9690 - index: 3 - preset: 9130 - index: 4 - preset: 9220 - index: 5 - preset: 9320
02-21 09:13:50.616 D/TunerPresenter( 8829): handleTunerRawData: b0 50 
02-21 09:13:50.616 D/TunerManagerForExt( 8829): FMRadio main (TunerManagerForExt.java:108) onTunerInfoChanged: onTunerInfoChanged - flag: 80 - asFlag: 0 - psFlag: 0 - scanFlag: 0 - seekFlag: 0 - mStFlag: 1 - mLocFlag: 0 - mIsSearching: false - mTempSearching: false
02-21 09:13:50.616 D/TunerManagerForExt( 8829): FMRadio main (TunerManagerForExt.java:118) onTunerInfoChanged: mIsSearching: false - mTempSearching: false - asFlag: 0 - seekFlag: 0
02-21 09:13:50.758 E/mcu_services( 5509): MCU2APP : [ff fe fd 12 01 b1 00 03 25 da 22 38 22 ce 25 da 23 aa 24 04 24 68 a0 ff ]
02-21 09:13:50.758 E/mcu_services( 5509): MCU2APP : [ff fe fd 03 01 b0 50 e1 ff ]
02-21 09:13:50.758 E/mcu_services( 5509): MCU2APP : [ff fe fd 03 01 b3 0c be ff ]
02-21 09:13:50.758 E/mcu_services( 5509): sendAckSuccess : [ff fd fe 02 02 b3 b1 ff ]
02-21 09:13:50.758 E/mcu_services( 5509): APP2MCU - writeToUart: [ff fd fe 02 02 b3 b1 ff ]
02-21 09:13:50.760 D/TunerPresenter(28266): handleTunerRawData: b1 0 3 25 da 22 38 22 ce 25 da 23 aa 24 4 24 68 
02-21 09:13:50.760 D/K706RadioManager(30366): IMcuListener.onTransact: code=1 flags=16
02-21 09:13:50.763 D/K706RadioManager(30366): >>> IMcuListener.onMcuInfoChanged received! data=B1 00 03 25 DA 22 38 22 CE 25 DA 23 AA 24 04 24 68 
02-21 09:13:50.766 D/K706RadioManager(30366): MCU[0xB1] len=17 : B1 00 03 25 DA 22 38 22 CE 25 DA 23 AA 24 04 24 68 
02-21 09:13:50.766 D/K706RadioManager(30366): PresetList: band=0 presetIdx=3 currentFreq=9690 firstFreq=9690 (offset=9)
02-21 09:13:50.766 D/K706RadioManager(30366): PresetList: band reportada=0 (ignorada, mCurrentBand=0)
02-21 09:13:50.767 D/TunerPresenter( 8829): handleTunerRawData: b1 0 3 25 da 22 38 22 ce 25 da 23 aa 24 4 24 68 
02-21 09:13:50.767 D/TunerManagerForExt( 8829): FMRadio main (TunerManagerForExt.java:147) onTunerPresetListChanged:  - mBand: 0 - mPresetIndex: 3 - mFrequency: 9690 - index: 0 - preset: 8760 - index: 1 - preset: 8910 - index: 2 - preset: 9690 - index: 3 - preset: 9130 - index: 4 - preset: 9220 - index: 5 - preset: 9320
02-21 09:13:50.768 D/TunerPresenter(28266): handleTunerRawData: b0 50 
02-21 09:13:50.768 D/TunerPresenter(28266): handleTunerRawData - saveFlag: 0 - finishTag: 1 - validTag: 0 - playingTag: 1 - stTag: 0 - action: 0
02-21 09:13:50.768 D/K706RadioManager(30366): IMcuListener.onTransact: code=1 flags=16
02-21 09:13:50.769 D/K706RadioManager(30366): >>> IMcuListener.onMcuInfoChanged received! data=B0 50 
02-21 09:13:50.770 D/K706RadioManager(30366): MCU[0xB0] len=2 : B0 50 
02-21 09:13:50.770 D/K706RadioManager(30366): TunerInfo: flags=0x50 save=false AS=false finish=true valid=false ST=true LOC=false seek=false scan=false
02-21 09:13:50.771 D/TunerPresenter(28266): handleTunerRawData: b3 c 
02-21 09:13:50.771 D/TunerPresenter(28266): handleSTInfo - stFlag: 12
02-21 09:13:50.772 D/K706RadioManager(30366): IMcuListener.onTransact: code=1 flags=16
02-21 09:13:50.773 D/K706RadioManager(30366): >>> IMcuListener.onMcuInfoChanged received! data=B3 0C 
02-21 09:13:50.773 D/K706RadioManager(30366): MCU[0xB3] len=2 : B3 0C 
02-21 09:13:50.773 D/K706RadioManager(30366): RDS B3 Flags: 0x0C
02-21 09:13:50.781 D/TunerPresenter( 8829): handleTunerRawData: b0 50 
02-21 09:13:50.781 D/TunerManagerForExt( 8829): FMRadio main (TunerManagerForExt.java:108) onTunerInfoChanged: onTunerInfoChanged - flag: 80 - asFlag: 0 - psFlag: 0 - scanFlag: 0 - seekFlag: 0 - mStFlag: 1 - mLocFlag: 0 - mIsSearching: false - mTempSearching: false
02-21 09:13:50.781 D/TunerManagerForExt( 8829): FMRadio main (TunerManagerForExt.java:118) onTunerInfoChanged: mIsSearching: false - mTempSearching: false - asFlag: 0 - seekFlag: 0
02-21 09:13:50.782 D/TunerPresenter( 8829): handleTunerRawData: b3 c 
02-21 09:13:50.786 D/TunerManagerForExt( 8829): FMRadio main (TunerManagerForExt.java:174) onTuneRdsInfo: onTuneRdsInfo - flag: 12 - mRdsAFSwitch: 0 - mRdsTASwitch: 0
02-21 09:13:50.864 E/mcu_services( 5509): MCU2APP : [ff fe fd 03 01 b4 05 b0 ff ]
02-21 09:13:50.864 E/mcu_services( 5509): MCU2APP : [ff fe fd 04 01 b5 00 0a be ff ]
02-21 09:13:50.864 E/mcu_services( 5509): sendAckSuccess : [ff fd fe 02 02 b4 b6 ff ]
02-21 09:13:50.864 E/mcu_services( 5509): APP2MCU - writeToUart: [ff fd fe 02 02 b4 b6 ff ]
02-21 09:13:50.864 E/mcu_services( 5509): sendAckSuccess : [ff fd fe 02 02 b5 b7 ff ]
02-21 09:13:50.864 E/mcu_services( 5509): APP2MCU - writeToUart: [ff fd fe 02 02 b5 b7 ff ]
02-21 09:13:50.866 D/K706RadioManager(30366): IMcuListener.onTransact: code=1 flags=16
02-21 09:13:50.867 D/K706RadioManager(30366): >>> IMcuListener.onMcuInfoChanged received! data=B4 05 
02-21 09:13:50.867 D/K706RadioManager(30366): MCU[0xB4] len=2 : B4 05 
02-21 09:13:50.867 D/K706RadioManager(30366): RDS B4 Flags: 0x05
02-21 09:13:50.868 D/TunerPresenter( 8829): handleTunerRawData: b4 5 
02-21 09:13:50.868 D/TunerManagerForExt( 8829): FMRadio main (TunerManagerForExt.java:195) onTuneRdsIndicateInfo: onTuneRdsIndicateInfo - flag: 5 - mRdsSwitch: 1
02-21 09:13:50.870 D/K706RadioManager(30366): IMcuListener.onTransact: code=1 flags=16
02-21 09:13:50.870 D/K706RadioManager(30366): >>> IMcuListener.onMcuInfoChanged received! data=B5 00 0A 
02-21 09:13:50.871 D/K706RadioManager(30366): MCU[0xB5] len=3 : B5 00 0A 
02-21 09:13:50.871 D/K706RadioManager(30366): RDS PTY (0xB5): 0 (raw=B5 00 0A )
02-21 09:13:50.872 D/TunerPresenter( 8829): handleTunerRawData: b5 0 a 
02-21 09:13:50.872 D/TunerManagerForExt( 8829): FMRadio main (TunerManagerForExt.java:220) onTuneRdsPtyTypeInfo: onTuneRdsPtyTypeInfo - mRdsPtyType: 0
02-21 09:13:50.960 E/mcu_services( 5509): APP2MCU - writeToUart: [ff fd fe 08 01 40 2e c0 02 01 01 3b 96 ff ]
02-21 09:13:51.291 E/mcu_services( 5509): APP2MCU - writeToUart: [ff fd fe 0a 01 40 2e c2 04 01 da 25 03 36 62 ff ]
02-21 09:13:52.145 E/mcu_services( 5509): MCU2APP : [ff fe fd 03 01 29 6d 45 ff ]
02-21 09:13:52.149 D/K706RadioManager(30366): IMcuListener.onTransact: code=1 flags=16
02-21 09:13:52.150 D/K706RadioManager(30366): >>> IMcuListener.onMcuInfoChanged received! data=29 6D 
02-21 09:13:52.150 D/K706RadioManager(30366): MCU[0x29] len=2 : 29 6D 
02-21 09:13:52.151 D/K706RadioManager(30366): Unknown MCU packet type: 0x29
02-21 09:13:52.626 E/mcu_services( 5509): MCU2APP : [ff fe fd 0a 01 b6 20 4c 4f 53 34 30 20 20 c3 ff ]
02-21 09:13:52.626 E/mcu_services( 5509): sendAckSuccess : [ff fd fe 02 02 b6 b4 ff ]
02-21 09:13:52.626 E/mcu_services( 5509): APP2MCU - writeToUart: [ff fd fe 02 02 b6 b4 ff ]
02-21 09:13:52.630 D/K706RadioManager(30366): IMcuListener.onTransact: code=1 flags=16
02-21 09:13:52.632 D/K706RadioManager(30366): >>> IMcuListener.onMcuInfoChanged received! data=B6 20 4C 4F 53 34 30 20 20 
02-21 09:13:52.634 D/K706RadioManager(30366): MCU[0xB6] len=9 : B6 20 4C 4F 53 34 30 20 20 
02-21 09:13:52.634 D/K706RadioManager(30366): RDS PS: 'LOS40'
02-21 09:13:52.636 D/TunerPresenter( 8829): handleTunerRawData: b6 20 4c 4f 53 34 30 20 20 
02-21 09:13:52.636 D/TunerManagerForExt( 8829): FMRadio main (TunerManagerForExt.java:234) onTuneRdsPSInfo: onTuneRdsPSInfo - len: 9 - data: b6 20 4c 4f 53 34 30 20 20 
02-21 09:13:52.636 D/TunerManagerForExt( 8829): FMRadio main (TunerManagerForExt.java:258) onTuneRdsPSInfo: onTuneRdsPSInfo - mRdsPsInfo:  LOS40  
02-21 09:13:53.160 E/mcu_services( 5509): APP2MCU - writeToUart: [ff fd fe 0a 01 40 2e c2 04 01 da 25 03 36 62 ff ]
02-21 09:13:54.134 E/mcu_services( 5509): MCU2APP : [ff fe fd 03 01 29 6d 45 ff ]
02-21 09:13:54.139 D/K706RadioManager(30366): IMcuListener.onTransact: code=1 flags=16
02-21 09:13:54.140 D/K706RadioManager(30366): >>> IMcuListener.onMcuInfoChanged received! data=29 6D 
02-21 09:13:54.140 D/K706RadioManager(30366): MCU[0x29] len=2 : 29 6D 
02-21 09:13:54.141 D/K706RadioManager(30366): Unknown MCU packet type: 0x29
02-21 09:13:56.123 E/mcu_services( 5509): MCU2APP : [ff fe fd 03 01 29 6d 45 ff ]
02-21 09:13:56.127 D/K706RadioManager(30366): IMcuListener.onTransact: code=1 flags=16
02-21 09:13:56.128 D/K706RadioManager(30366): >>> IMcuListener.onMcuInfoChanged received! data=29 6D 
02-21 09:13:56.129 D/K706RadioManager(30366): MCU[0x29] len=2 : 29 6D 
02-21 09:13:56.129 D/K706RadioManager(30366): Unknown MCU packet type: 0x29
02-21 09:13:58.111 E/mcu_services( 5509): MCU2APP : [ff fe fd 03 01 29 6d 45 ff ]
02-21 09:13:58.115 D/K706RadioManager(30366): IMcuListener.onTransact: code=1 flags=16
02-21 09:13:58.117 D/K706RadioManager(30366): >>> IMcuListener.onMcuInfoChanged received! data=29 6D 
02-21 09:13:58.117 D/K706RadioManager(30366): MCU[0x29] len=2 : 29 6D 
02-21 09:13:58.118 D/K706RadioManager(30366): Unknown MCU packet type: 0x29
02-21 09:14:00.099 E/mcu_services( 5509): MCU2APP : [ff fe fd 03 01 29 6d 45 ff ]
02-21 09:14:00.104 D/K706RadioManager(30366): IMcuListener.onTransact: code=1 flags=16
02-21 09:14:00.105 D/K706RadioManager(30366): >>> IMcuListener.onMcuInfoChanged received! data=29 6D 
02-21 09:14:00.107 D/K706RadioManager(30366): MCU[0x29] len=2 : 29 6D 
02-21 09:14:00.107 D/K706RadioManager(30366): Unknown MCU packet type: 0x29
02-21 09:14:02.088 E/mcu_services( 5509): MCU2APP : [ff fe fd 03 01 29 6d 45 ff ]
02-21 09:14:02.093 D/K706RadioManager(30366): IMcuListener.onTransact: code=1 flags=16
02-21 09:14:02.094 D/K706RadioManager(30366): >>> IMcuListener.onMcuInfoChanged received! data=29 6D 
02-21 09:14:02.095 D/K706RadioManager(30366): MCU[0x29] len=2 : 29 6D 
02-21 09:14:02.096 D/K706RadioManager(30366): Unknown MCU packet type: 0x29
02-21 09:14:04.077 E/mcu_services( 5509): MCU2APP : [ff fe fd 03 01 29 6d 45 ff ]
02-21 09:14:04.081 D/K706RadioManager(30366): IMcuListener.onTransact: code=1 flags=16
02-21 09:14:04.083 D/K706RadioManager(30366): >>> IMcuListener.onMcuInfoChanged received! data=29 6D 
02-21 09:14:04.084 D/K706RadioManager(30366): MCU[0x29] len=2 : 29 6D 
02-21 09:14:04.085 D/K706RadioManager(30366): Unknown MCU packet type: 0x29
02-21 09:14:06.066 E/mcu_services( 5509): MCU2APP : [ff fe fd 03 01 29 6d 45 ff ]
02-21 09:14:06.070 D/K706RadioManager(30366): IMcuListener.onTransact: code=1 flags=16
02-21 09:14:06.071 D/K706RadioManager(30366): >>> IMcuListener.onMcuInfoChanged received! data=29 6D 
02-21 09:14:06.072 D/K706RadioManager(30366): MCU[0x29] len=2 : 29 6D 
02-21 09:14:06.073 D/K706RadioManager(30366): Unknown MCU packet type: 0x29
02-21 09:14:08.055 E/mcu_services( 5509): MCU2APP : [ff fe fd 03 01 29 6d 45 ff ]
02-21 09:14:08.060 D/K706RadioManager(30366): IMcuListener.onTransact: code=1 flags=16
02-21 09:14:08.061 D/K706RadioManager(30366): >>> IMcuListener.onMcuInfoChanged received! data=29 6D 
02-21 09:14:08.063 D/K706RadioManager(30366): MCU[0x29] len=2 : 29 6D 
02-21 09:14:08.063 D/K706RadioManager(30366): Unknown MCU packet type: 0x29
02-21 09:14:10.043 E/mcu_services( 5509): MCU2APP : [ff fe fd 03 01 29 6d 45 ff ]
02-21 09:14:10.048 D/K706RadioManager(30366): IMcuListener.onTransact: code=1 flags=16
02-21 09:14:10.050 D/K706RadioManager(30366): >>> IMcuListener.onMcuInfoChanged received! data=29 6D 
02-21 09:14:10.051 D/K706RadioManager(30366): MCU[0x29] len=2 : 29 6D 
02-21 09:14:10.052 D/K706RadioManager(30366): Unknown MCU packet type: 0x29
02-21 09:14:12.032 E/mcu_services( 5509): MCU2APP : [ff fe fd 03 01 29 6d 45 ff ]
02-21 09:14:12.036 D/K706RadioManager(30366): IMcuListener.onTransact: code=1 flags=16
02-21 09:14:12.037 D/K706RadioManager(30366): >>> IMcuListener.onMcuInfoChanged received! data=29 6D 
02-21 09:14:12.038 D/K706RadioManager(30366): MCU[0x29] len=2 : 29 6D 
02-21 09:14:12.039 D/K706RadioManager(30366): Unknown MCU packet type: 0x29
02-21 09:14:14.021 E/mcu_services( 5509): MCU2APP : [ff fe fd 03 01 29 6d 45 ff ]
02-21 09:14:14.025 D/K706RadioManager(30366): IMcuListener.onTransact: code=1 flags=16
02-21 09:14:14.027 D/K706RadioManager(30366): >>> IMcuListener.onMcuInfoChanged received! data=29 6D 
02-21 09:14:14.028 D/K706RadioManager(30366): MCU[0x29] len=2 : 29 6D 
02-21 09:14:14.028 D/K706RadioManager(30366): Unknown MCU packet type: 0x29
